Command line invocation:
    /Applications/Xcode.app/Contents/Developer/usr/bin/xcodebuild -scheme LangoTrace-iOS -destination "platform=iOS Simulator,name=iPhone 17" clean build

Resolve Package Graph


Resolved source packages:
  LangoTraceSpeech: /Users/zibuyu/code/zibuyu/LangoTrace/Packages/LangoTraceSpeech
  LangoTraceData: /Users/zibuyu/code/zibuyu/LangoTrace/Packages/LangoTraceData
  LangoTraceSync: /Users/zibuyu/code/zibuyu/LangoTrace/Packages/LangoTraceSync
  LangoTraceCore: /Users/zibuyu/code/zibuyu/LangoTrace/Packages/LangoTraceCore
  LangoTraceAI: /Users/zibuyu/code/zibuyu/LangoTrace/Packages/LangoTraceAI
  GRDB: https://github.com/groue/GRDB.swift.git @ 7.10.0
  LangoTraceUI: /Users/zibuyu/code/zibuyu/LangoTrace/Packages/LangoTraceUI

CreateBuildRequest

SendProjectDescription

CreateBuildOperation

** CLEAN SUCCEEDED **

ComputePackagePrebuildTargetDependencyGraph

Prepare packages

CreateBuildRequest

SendProjectDescription

CreateBuildOperation

ComputeTargetDependencyGraph
note: Building targets in dependency order
note: Target dependency graph (19 targets)
    Target 'LangoTrace-iOS' in project 'LangoTrace'
        ➜ Explicit dependency on target 'LangoTraceCore' in project 'LangoTraceCore'
        ➜ Explicit dependency on target 'LangoTraceUI' in project 'LangoTraceUI'
        ➜ Explicit dependency on target 'LangoTraceData' in project 'LangoTraceData'
        ➜ Explicit dependency on target 'LangoTraceAI' in project 'LangoTraceAI'
        ➜ Explicit dependency on target 'LangoTraceSpeech' in project 'LangoTraceSpeech'
        ➜ Explicit dependency on target 'LangoTraceSync' in project 'LangoTraceSync'
    Target 'LangoTraceSync' in project 'LangoTraceSync'
        ➜ Explicit dependency on target 'LangoTraceSync' in project 'LangoTraceSync'
        ➜ Explicit dependency on target 'LangoTraceCore' in project 'LangoTraceCore'
    Target 'LangoTraceSync' in project 'LangoTraceSync'
        ➜ Explicit dependency on target 'LangoTraceCore' in project 'LangoTraceCore'
    Target 'LangoTraceSpeech' in project 'LangoTraceSpeech'
        ➜ Explicit dependency on target 'LangoTraceSpeech' in project 'LangoTraceSpeech'
        ➜ Explicit dependency on target 'LangoTraceCore' in project 'LangoTraceCore'
    Target 'LangoTraceSpeech' in project 'LangoTraceSpeech'
        ➜ Explicit dependency on target 'LangoTraceCore' in project 'LangoTraceCore'
    Target 'LangoTraceAI' in project 'LangoTraceAI'
        ➜ Explicit dependency on target 'LangoTraceAI' in project 'LangoTraceAI'
        ➜ Explicit dependency on target 'LangoTraceAI_LangoTraceAI' in project 'LangoTraceAI'
        ➜ Explicit dependency on target 'LangoTraceCore' in project 'LangoTraceCore'
    Target 'LangoTraceAI' in project 'LangoTraceAI'
        ➜ Explicit dependency on target 'LangoTraceAI_LangoTraceAI' in project 'LangoTraceAI'
        ➜ Explicit dependency on target 'LangoTraceCore' in project 'LangoTraceCore'
    Target 'LangoTraceAI_LangoTraceAI' in project 'LangoTraceAI' (no dependencies)
    Target 'LangoTraceUI' in project 'LangoTraceUI'
        ➜ Explicit dependency on target 'LangoTraceUI' in project 'LangoTraceUI'
        ➜ Explicit dependency on target 'LangoTraceUI_LangoTraceUI' in project 'LangoTraceUI'
        ➜ Explicit dependency on target 'LangoTraceCore' in project 'LangoTraceCore'
        ➜ Explicit dependency on target 'LangoTraceData' in project 'LangoTraceData'
    Target 'LangoTraceUI' in project 'LangoTraceUI'
        ➜ Explicit dependency on target 'LangoTraceUI_LangoTraceUI' in project 'LangoTraceUI'
        ➜ Explicit dependency on target 'LangoTraceCore' in project 'LangoTraceCore'
        ➜ Explicit dependency on target 'LangoTraceData' in project 'LangoTraceData'
    Target 'LangoTraceData' in project 'LangoTraceData'
        ➜ Explicit dependency on target 'LangoTraceData' in project 'LangoTraceData'
        ➜ Explicit dependency on target 'LangoTraceCore' in project 'LangoTraceCore'
        ➜ Explicit dependency on target 'GRDB' in project 'GRDB'
    Target 'LangoTraceData' in project 'LangoTraceData'
        ➜ Explicit dependency on target 'LangoTraceCore' in project 'LangoTraceCore'
        ➜ Explicit dependency on target 'GRDB' in project 'GRDB'
    Target 'GRDB' in project 'GRDB'
        ➜ Explicit dependency on target 'GRDB' in project 'GRDB'
        ➜ Explicit dependency on target 'GRDB_GRDB' in project 'GRDB'
    Target 'GRDB' in project 'GRDB'
        ➜ Explicit dependency on target 'GRDB_GRDB' in project 'GRDB'
        ➜ Explicit dependency on target 'GRDBSQLite' in project 'GRDB'
    Target 'GRDBSQLite' in project 'GRDB' (no dependencies)
    Target 'GRDB_GRDB' in project 'GRDB' (no dependencies)
    Target 'LangoTraceUI_LangoTraceUI' in project 'LangoTraceUI' (no dependencies)
    Target 'LangoTraceCore' in project 'LangoTraceCore'
        ➜ Explicit dependency on target 'LangoTraceCore' in project 'LangoTraceCore'
    Target 'LangoTraceCore' in project 'LangoTraceCore' (no dependencies)

GatherProvisioningInputs

CreateBuildDescription

ExecuteExternalTool /Applications/Xcode.app/Contents/Developer/usr/bin/xcstringstool compile --dry-run --output-directory /Users/zibuyu/Library/Developer/Xcode/DerivedData/LangoTrace-hdfadqhothdwgbahopjjqiwrxhky/Build/Intermediates.noindex/LangoTraceUI.build/Debug-iphonesimulator/LangoTraceUI_LangoTraceUI.build /Users/zibuyu/code/zibuyu/LangoTrace/Packages/LangoTraceUI/Sources/LangoTraceUI/Resources/Localizable.xcstrings

ExecuteExternalTool /Applications/Xcode.app/Contents/Developer/Toolchains/XcodeDefault.xctoolchain/usr/bin/swiftc --version

ExecuteExternalTool /Applications/Xcode.app/Contents/Developer/usr/bin/actool --print-asset-tag-combinations --output-format xml1 /Users/zibuyu/code/zibuyu/LangoTrace/LangoTraceApp/Resources/Assets.xcassets

ExecuteExternalTool /Applications/Xcode.app/Contents/Developer/Toolchains/XcodeDefault.xctoolchain/usr/bin/clang -v -E -dM -isysroot /Applications/Xcode.app/Contents/Developer/Platforms/iPhoneSimulator.platform/Developer/SDKs/iPhoneSimulator26.5.sdk -x c -c /dev/null

ExecuteExternalTool /Applications/Xcode.app/Contents/Developer/usr/bin/ibtool --version --output-format xml1

ExecuteExternalTool /Applications/Xcode.app/Contents/Developer/Toolchains/XcodeDefault.xctoolchain/usr/bin/ld -version_details

ReadFileContents /Applications/Xcode.app/Contents/Developer/Toolchains/XcodeDefault.xctoolchain/usr/share/docc/features.json

ExecuteExternalTool /Applications/Xcode.app/Contents/Developer/usr/bin/actool --version --output-format xml1

Build description signature: 7781f81c18f9eb3c7308b1c809437620
Build description path: /Users/zibuyu/Library/Developer/Xcode/DerivedData/LangoTrace-hdfadqhothdwgbahopjjqiwrxhky/Build/Intermediates.noindex/XCBuildData/7781f81c18f9eb3c7308b1c809437620.xcbuilddata
ClangStatCache /Applications/Xcode.app/Contents/Developer/Toolchains/XcodeDefault.xctoolchain/usr/bin/clang-stat-cache /Applications/Xcode.app/Contents/Developer/Platforms/iPhoneSimulator.platform/Developer/SDKs/iPhoneSimulator26.5.sdk /Users/zibuyu/Library/Developer/Xcode/DerivedData/SDKStatCaches.noindex/iphonesimulator26.5-23F73-6cfe768891a92b912361537c460fe42b.sdkstatcache
    cd /Users/zibuyu/code/zibuyu/LangoTrace/LangoTrace.xcodeproj
    /Applications/Xcode.app/Contents/Developer/Toolchains/XcodeDefault.xctoolchain/usr/bin/clang-stat-cache /Applications/Xcode.app/Contents/Developer/Platforms/iPhoneSimulator.platform/Developer/SDKs/iPhoneSimulator26.5.sdk -o /Users/zibuyu/Library/Developer/Xcode/DerivedData/SDKStatCaches.noindex/iphonesimulator26.5-23F73-6cfe768891a92b912361537c460fe42b.sdkstatcache

CreateBuildDirectory /Users/zibuyu/Library/Developer/Xcode/DerivedData/LangoTrace-hdfadqhothdwgbahopjjqiwrxhky/Build/Products
    cd /Users/zibuyu/code/zibuyu/LangoTrace/LangoTrace.xcodeproj
    builtin-create-build-directory /Users/zibuyu/Library/Developer/Xcode/DerivedData/LangoTrace-hdfadqhothdwgbahopjjqiwrxhky/Build/Products

CreateBuildDirectory /Users/zibuyu/Library/Developer/Xcode/DerivedData/LangoTrace-hdfadqhothdwgbahopjjqiwrxhky/Build/Intermediates.noindex
    cd /Users/zibuyu/code/zibuyu/LangoTrace/LangoTrace.xcodeproj
    builtin-create-build-directory /Users/zibuyu/Library/Developer/Xcode/DerivedData/LangoTrace-hdfadqhothdwgbahopjjqiwrxhky/Build/Intermediates.noindex

CreateBuildDirectory /Users/zibuyu/Library/Developer/Xcode/DerivedData/LangoTrace-hdfadqhothdwgbahopjjqiwrxhky/Build/Intermediates.noindex/SwiftExplicitPrecompiledModules
    cd /Users/zibuyu/code/zibuyu/LangoTrace/LangoTrace.xcodeproj
    builtin-create-build-directory /Users/zibuyu/Library/Developer/Xcode/DerivedData/LangoTrace-hdfadqhothdwgbahopjjqiwrxhky/Build/Intermediates.noindex/SwiftExplicitPrecompiledModules

CreateBuildDirectory /Users/zibuyu/Library/Developer/Xcode/DerivedData/LangoTrace-hdfadqhothdwgbahopjjqiwrxhky/Build/Intermediates.noindex/ExplicitPrecompiledModules
    cd /Users/zibuyu/code/zibuyu/LangoTrace/LangoTrace.xcodeproj
    builtin-create-build-directory /Users/zibuyu/Library/Developer/Xcode/DerivedData/LangoTrace-hdfadqhothdwgbahopjjqiwrxhky/Build/Intermediates.noindex/ExplicitPrecompiledModules

CreateBuildDirectory /Users/zibuyu/Library/Developer/Xcode/DerivedData/LangoTrace-hdfadqhothdwgbahopjjqiwrxhky/Build/Products/Debug-iphonesimulator
    cd /Users/zibuyu/code/zibuyu/LangoTrace/LangoTrace.xcodeproj
    builtin-create-build-directory /Users/zibuyu/Library/Developer/Xcode/DerivedData/LangoTrace-hdfadqhothdwgbahopjjqiwrxhky/Build/Products/Debug-iphonesimulator

WriteAuxiliaryFile /Users/zibuyu/Library/Developer/Xcode/DerivedData/LangoTrace-hdfadqhothdwgbahopjjqiwrxhky/Build/Intermediates.noindex/LangoTrace.build/Debug-iphonesimulator/LangoTrace-5d4ae2051b82347347efd81fc70bc72a-VFS-iphonesimulator/all-product-headers.yaml
    cd /Users/zibuyu/code/zibuyu/LangoTrace/LangoTrace.xcodeproj
    write-file /Users/zibuyu/Library/Developer/Xcode/DerivedData/LangoTrace-hdfadqhothdwgbahopjjqiwrxhky/Build/Intermediates.noindex/LangoTrace.build/Debug-iphonesimulator/LangoTrace-5d4ae2051b82347347efd81fc70bc72a-VFS-iphonesimulator/all-product-headers.yaml

CreateBuildDirectory /Users/zibuyu/Library/Developer/Xcode/DerivedData/LangoTrace-hdfadqhothdwgbahopjjqiwrxhky/Build/Intermediates.noindex/EagerLinkingTBDs/Debug-iphonesimulator
    cd /Users/zibuyu/code/zibuyu/LangoTrace/LangoTrace.xcodeproj
    builtin-create-build-directory /Users/zibuyu/Library/Developer/Xcode/DerivedData/LangoTrace-hdfadqhothdwgbahopjjqiwrxhky/Build/Intermediates.noindex/EagerLinkingTBDs/Debug-iphonesimulator

CreateBuildDirectory /Users/zibuyu/Library/Developer/Xcode/DerivedData/LangoTrace-hdfadqhothdwgbahopjjqiwrxhky/Build/Products/Debug-iphonesimulator/PackageFrameworks
    cd /Users/zibuyu/code/zibuyu/LangoTrace/LangoTrace.xcodeproj
    builtin-create-build-directory /Users/zibuyu/Library/Developer/Xcode/DerivedData/LangoTrace-hdfadqhothdwgbahopjjqiwrxhky/Build/Products/Debug-iphonesimulator/PackageFrameworks

MkDir /Users/zibuyu/Library/Developer/Xcode/DerivedData/LangoTrace-hdfadqhothdwgbahopjjqiwrxhky/Build/Products/Debug-iphonesimulator/LangoTraceUI_LangoTraceUI.bundle (in target 'LangoTraceUI_LangoTraceUI' from project 'LangoTraceUI')
    cd /Users/zibuyu/code/zibuyu/LangoTrace/Packages/LangoTraceUI
    /bin/mkdir -p /Users/zibuyu/Library/Developer/Xcode/DerivedData/LangoTrace-hdfadqhothdwgbahopjjqiwrxhky/Build/Products/Debug-iphonesimulator/LangoTraceUI_LangoTraceUI.bundle

WriteAuxiliaryFile /Users/zibuyu/Library/Developer/Xcode/DerivedData/LangoTrace-hdfadqhothdwgbahopjjqiwrxhky/Build/Intermediates.noindex/LangoTraceUI.build/Debug-iphonesimulator/LangoTraceUI_LangoTraceUI.build/LangoTraceUI_LangoTraceUI.DependencyMetadataFileList (in target 'LangoTraceUI_LangoTraceUI' from project 'LangoTraceUI')
    cd /Users/zibuyu/code/zibuyu/LangoTrace/Packages/LangoTraceUI
    write-file /Users/zibuyu/Library/Developer/Xcode/DerivedData/LangoTrace-hdfadqhothdwgbahopjjqiwrxhky/Build/Intermediates.noindex/LangoTraceUI.build/Debug-iphonesimulator/LangoTraceUI_LangoTraceUI.build/LangoTraceUI_LangoTraceUI.DependencyMetadataFileList

WriteAuxiliaryFile /Users/zibuyu/Library/Developer/Xcode/DerivedData/LangoTrace-hdfadqhothdwgbahopjjqiwrxhky/Build/Intermediates.noindex/LangoTraceUI.build/Debug-iphonesimulator/LangoTraceUI_LangoTraceUI.build/LangoTraceUI_LangoTraceUI.DependencyStaticMetadataFileList (in target 'LangoTraceUI_LangoTraceUI' from project 'LangoTraceUI')
    cd /Users/zibuyu/code/zibuyu/LangoTrace/Packages/LangoTraceUI
    write-file /Users/zibuyu/Library/Developer/Xcode/DerivedData/LangoTrace-hdfadqhothdwgbahopjjqiwrxhky/Build/Intermediates.noindex/LangoTraceUI.build/Debug-iphonesimulator/LangoTraceUI_LangoTraceUI.build/LangoTraceUI_LangoTraceUI.DependencyStaticMetadataFileList

WriteAuxiliaryFile /Users/zibuyu/Library/Developer/Xcode/DerivedData/LangoTrace-hdfadqhothdwgbahopjjqiwrxhky/Build/Intermediates.noindex/LangoTraceUI.build/Debug-iphonesimulator/LangoTraceUI_LangoTraceUI.build/empty-LangoTraceUI_LangoTraceUI.plist (in target 'LangoTraceUI_LangoTraceUI' from project 'LangoTraceUI')
    cd /Users/zibuyu/code/zibuyu/LangoTrace/Packages/LangoTraceUI
    write-file /Users/zibuyu/Library/Developer/Xcode/DerivedData/LangoTrace-hdfadqhothdwgbahopjjqiwrxhky/Build/Intermediates.noindex/LangoTraceUI.build/Debug-iphonesimulator/LangoTraceUI_LangoTraceUI.build/empty-LangoTraceUI_LangoTraceUI.plist

WriteAuxiliaryFile /Users/zibuyu/Library/Developer/Xcode/DerivedData/LangoTrace-hdfadqhothdwgbahopjjqiwrxhky/Build/Intermediates.noindex/LangoTraceUI.build/Debug-iphonesimulator/LangoTraceUI.build/Objects-normal/arm64/LangoTraceUI.SwiftFileList (in target 'LangoTraceUI' from project 'LangoTraceUI')
    cd /Users/zibuyu/code/zibuyu/LangoTrace/Packages/LangoTraceUI
    write-file /Users/zibuyu/Library/Developer/Xcode/DerivedData/LangoTrace-hdfadqhothdwgbahopjjqiwrxhky/Build/Intermediates.noindex/LangoTraceUI.build/Debug-iphonesimulator/LangoTraceUI.build/Objects-normal/arm64/LangoTraceUI.SwiftFileList

WriteAuxiliaryFile /Users/zibuyu/Library/Developer/Xcode/DerivedData/LangoTrace-hdfadqhothdwgbahopjjqiwrxhky/Build/Intermediates.noindex/LangoTraceUI.build/Debug-iphonesimulator/LangoTraceUI.build/Objects-normal/arm64/LangoTraceUI_const_extract_protocols.json (in target 'LangoTraceUI' from project 'LangoTraceUI')
    cd /Users/zibuyu/code/zibuyu/LangoTrace/Packages/LangoTraceUI
    write-file /Users/zibuyu/Library/Developer/Xcode/DerivedData/LangoTrace-hdfadqhothdwgbahopjjqiwrxhky/Build/Intermediates.noindex/LangoTraceUI.build/Debug-iphonesimulator/LangoTraceUI.build/Objects-normal/arm64/LangoTraceUI_const_extract_protocols.json

WriteAuxiliaryFile /Users/zibuyu/Library/Developer/Xcode/DerivedData/LangoTrace-hdfadqhothdwgbahopjjqiwrxhky/Build/Intermediates.noindex/LangoTraceUI.build/Debug-iphonesimulator/LangoTraceUI.build/Objects-normal/arm64/LangoTraceUI.SwiftConstValuesFileList (in target 'LangoTraceUI' from project 'LangoTraceUI')
    cd /Users/zibuyu/code/zibuyu/LangoTrace/Packages/LangoTraceUI
    write-file /Users/zibuyu/Library/Developer/Xcode/DerivedData/LangoTrace-hdfadqhothdwgbahopjjqiwrxhky/Build/Intermediates.noindex/LangoTraceUI.build/Debug-iphonesimulator/LangoTraceUI.build/Objects-normal/arm64/LangoTraceUI.SwiftConstValuesFileList

WriteAuxiliaryFile /Users/zibuyu/Library/Developer/Xcode/DerivedData/LangoTrace-hdfadqhothdwgbahopjjqiwrxhky/Build/Intermediates.noindex/LangoTraceUI.build/Debug-iphonesimulator/LangoTraceUI.build/Objects-normal/arm64/LangoTraceUI.LinkFileList (in target 'LangoTraceUI' from project 'LangoTraceUI')
    cd /Users/zibuyu/code/zibuyu/LangoTrace/Packages/LangoTraceUI
    write-file /Users/zibuyu/Library/Developer/Xcode/DerivedData/LangoTrace-hdfadqhothdwgbahopjjqiwrxhky/Build/Intermediates.noindex/LangoTraceUI.build/Debug-iphonesimulator/LangoTraceUI.build/Objects-normal/arm64/LangoTraceUI.LinkFileList

WriteAuxiliaryFile /Users/zibuyu/Library/Developer/Xcode/DerivedData/LangoTrace-hdfadqhothdwgbahopjjqiwrxhky/Build/Intermediates.noindex/LangoTraceUI.build/Debug-iphonesimulator/LangoTraceUI.build/Objects-normal/arm64/LangoTraceUI-OutputFileMap.json (in target 'LangoTraceUI' from project 'LangoTraceUI')
    cd /Users/zibuyu/code/zibuyu/LangoTrace/Packages/LangoTraceUI
    write-file /Users/zibuyu/Library/Developer/Xcode/DerivedData/LangoTrace-hdfadqhothdwgbahopjjqiwrxhky/Build/Intermediates.noindex/LangoTraceUI.build/Debug-iphonesimulator/LangoTraceUI.build/Objects-normal/arm64/LangoTraceUI-OutputFileMap.json

WriteAuxiliaryFile /Users/zibuyu/Library/Developer/Xcode/DerivedData/LangoTrace-hdfadqhothdwgbahopjjqiwrxhky/Build/Intermediates.noindex/LangoTraceUI.build/Debug-iphonesimulator/LangoTraceUI.build/LangoTraceUI.modulemap (in target 'LangoTraceUI' from project 'LangoTraceUI')
    cd /Users/zibuyu/code/zibuyu/LangoTrace/Packages/LangoTraceUI
    write-file /Users/zibuyu/Library/Developer/Xcode/DerivedData/LangoTrace-hdfadqhothdwgbahopjjqiwrxhky/Build/Intermediates.noindex/LangoTraceUI.build/Debug-iphonesimulator/LangoTraceUI.build/LangoTraceUI.modulemap

WriteAuxiliaryFile /Users/zibuyu/Library/Developer/Xcode/DerivedData/LangoTrace-hdfadqhothdwgbahopjjqiwrxhky/Build/Intermediates.noindex/LangoTraceUI.build/Debug-iphonesimulator/LangoTraceUI.build/LangoTraceUI.DependencyStaticMetadataFileList (in target 'LangoTraceUI' from project 'LangoTraceUI')
    cd /Users/zibuyu/code/zibuyu/LangoTrace/Packages/LangoTraceUI
    write-file /Users/zibuyu/Library/Developer/Xcode/DerivedData/LangoTrace-hdfadqhothdwgbahopjjqiwrxhky/Build/Intermediates.noindex/LangoTraceUI.build/Debug-iphonesimulator/LangoTraceUI.build/LangoTraceUI.DependencyStaticMetadataFileList

WriteAuxiliaryFile /Users/zibuyu/Library/Developer/Xcode/DerivedData/LangoTrace-hdfadqhothdwgbahopjjqiwrxhky/Build/Intermediates.noindex/LangoTraceUI.build/Debug-iphonesimulator/LangoTraceUI.build/LangoTraceUI.DependencyMetadataFileList (in target 'LangoTraceUI' from project 'LangoTraceUI')
    cd /Users/zibuyu/code/zibuyu/LangoTrace/Packages/LangoTraceUI
    write-file /Users/zibuyu/Library/Developer/Xcode/DerivedData/LangoTrace-hdfadqhothdwgbahopjjqiwrxhky/Build/Intermediates.noindex/LangoTraceUI.build/Debug-iphonesimulator/LangoTraceUI.build/LangoTraceUI.DependencyMetadataFileList

WriteAuxiliaryFile /Users/zibuyu/Library/Developer/Xcode/DerivedData/LangoTrace-hdfadqhothdwgbahopjjqiwrxhky/Build/Intermediates.noindex/LangoTraceUI.build/Debug-iphonesimulator/LangoTraceUI.build/DerivedSources/resource_bundle_accessor.swift (in target 'LangoTraceUI' from project 'LangoTraceUI')
    cd /Users/zibuyu/code/zibuyu/LangoTrace/Packages/LangoTraceUI
    write-file /Users/zibuyu/Library/Developer/Xcode/DerivedData/LangoTrace-hdfadqhothdwgbahopjjqiwrxhky/Build/Intermediates.noindex/LangoTraceUI.build/Debug-iphonesimulator/LangoTraceUI.build/DerivedSources/resource_bundle_accessor.swift

WriteAuxiliaryFile /Users/zibuyu/Library/Developer/Xcode/DerivedData/LangoTrace-hdfadqhothdwgbahopjjqiwrxhky/Build/Intermediates.noindex/LangoTraceSync.build/Debug-iphonesimulator/LangoTraceSync.build/Objects-normal/arm64/LangoTraceSync.LinkFileList (in target 'LangoTraceSync' from project 'LangoTraceSync')
    cd /Users/zibuyu/code/zibuyu/LangoTrace/Packages/LangoTraceSync
    write-file /Users/zibuyu/Library/Developer/Xcode/DerivedData/LangoTrace-hdfadqhothdwgbahopjjqiwrxhky/Build/Intermediates.noindex/LangoTraceSync.build/Debug-iphonesimulator/LangoTraceSync.build/Objects-normal/arm64/LangoTraceSync.LinkFileList

WriteAuxiliaryFile /Users/zibuyu/Library/Developer/Xcode/DerivedData/LangoTrace-hdfadqhothdwgbahopjjqiwrxhky/Build/Intermediates.noindex/LangoTraceSync.build/Debug-iphonesimulator/LangoTraceSync.build/Objects-normal/arm64/LangoTraceSync.SwiftConstValuesFileList (in target 'LangoTraceSync' from project 'LangoTraceSync')
    cd /Users/zibuyu/code/zibuyu/LangoTrace/Packages/LangoTraceSync
    write-file /Users/zibuyu/Library/Developer/Xcode/DerivedData/LangoTrace-hdfadqhothdwgbahopjjqiwrxhky/Build/Intermediates.noindex/LangoTraceSync.build/Debug-iphonesimulator/LangoTraceSync.build/Objects-normal/arm64/LangoTraceSync.SwiftConstValuesFileList

WriteAuxiliaryFile /Users/zibuyu/Library/Developer/Xcode/DerivedData/LangoTrace-hdfadqhothdwgbahopjjqiwrxhky/Build/Intermediates.noindex/LangoTraceSync.build/Debug-iphonesimulator/LangoTraceSync.build/Objects-normal/arm64/LangoTraceSync_const_extract_protocols.json (in target 'LangoTraceSync' from project 'LangoTraceSync')
    cd /Users/zibuyu/code/zibuyu/LangoTrace/Packages/LangoTraceSync
    write-file /Users/zibuyu/Library/Developer/Xcode/DerivedData/LangoTrace-hdfadqhothdwgbahopjjqiwrxhky/Build/Intermediates.noindex/LangoTraceSync.build/Debug-iphonesimulator/LangoTraceSync.build/Objects-normal/arm64/LangoTraceSync_const_extract_protocols.json

WriteAuxiliaryFile /Users/zibuyu/Library/Developer/Xcode/DerivedData/LangoTrace-hdfadqhothdwgbahopjjqiwrxhky/Build/Intermediates.noindex/LangoTraceSync.build/Debug-iphonesimulator/LangoTraceSync.build/Objects-normal/arm64/LangoTraceSync-OutputFileMap.json (in target 'LangoTraceSync' from project 'LangoTraceSync')
    cd /Users/zibuyu/code/zibuyu/LangoTrace/Packages/LangoTraceSync
    write-file /Users/zibuyu/Library/Developer/Xcode/DerivedData/LangoTrace-hdfadqhothdwgbahopjjqiwrxhky/Build/Intermediates.noindex/LangoTraceSync.build/Debug-iphonesimulator/LangoTraceSync.build/Objects-normal/arm64/LangoTraceSync-OutputFileMap.json

WriteAuxiliaryFile /Users/zibuyu/Library/Developer/Xcode/DerivedData/LangoTrace-hdfadqhothdwgbahopjjqiwrxhky/Build/Intermediates.noindex/LangoTraceSync.build/Debug-iphonesimulator/LangoTraceSync.build/Objects-normal/arm64/LangoTraceSync.SwiftFileList (in target 'LangoTraceSync' from project 'LangoTraceSync')
    cd /Users/zibuyu/code/zibuyu/LangoTrace/Packages/LangoTraceSync
    write-file /Users/zibuyu/Library/Developer/Xcode/DerivedData/LangoTrace-hdfadqhothdwgbahopjjqiwrxhky/Build/Intermediates.noindex/LangoTraceSync.build/Debug-iphonesimulator/LangoTraceSync.build/Objects-normal/arm64/LangoTraceSync.SwiftFileList

WriteAuxiliaryFile /Users/zibuyu/Library/Developer/Xcode/DerivedData/LangoTrace-hdfadqhothdwgbahopjjqiwrxhky/Build/Intermediates.noindex/LangoTraceSync.build/Debug-iphonesimulator/LangoTraceSync.build/LangoTraceSync.modulemap (in target 'LangoTraceSync' from project 'LangoTraceSync')
    cd /Users/zibuyu/code/zibuyu/LangoTrace/Packages/LangoTraceSync
    write-file /Users/zibuyu/Library/Developer/Xcode/DerivedData/LangoTrace-hdfadqhothdwgbahopjjqiwrxhky/Build/Intermediates.noindex/LangoTraceSync.build/Debug-iphonesimulator/LangoTraceSync.build/LangoTraceSync.modulemap

WriteAuxiliaryFile /Users/zibuyu/Library/Developer/Xcode/DerivedData/LangoTrace-hdfadqhothdwgbahopjjqiwrxhky/Build/Intermediates.noindex/LangoTraceSync.build/Debug-iphonesimulator/LangoTraceSync.build/LangoTraceSync.DependencyStaticMetadataFileList (in target 'LangoTraceSync' from project 'LangoTraceSync')
    cd /Users/zibuyu/code/zibuyu/LangoTrace/Packages/LangoTraceSync
    write-file /Users/zibuyu/Library/Developer/Xcode/DerivedData/LangoTrace-hdfadqhothdwgbahopjjqiwrxhky/Build/Intermediates.noindex/LangoTraceSync.build/Debug-iphonesimulator/LangoTraceSync.build/LangoTraceSync.DependencyStaticMetadataFileList

Copy /Users/zibuyu/Library/Developer/Xcode/DerivedData/LangoTrace-hdfadqhothdwgbahopjjqiwrxhky/Build/Intermediates.noindex/GeneratedModuleMaps-iphonesimulator/LangoTraceUI.modulemap /Users/zibuyu/Library/Developer/Xcode/DerivedData/LangoTrace-hdfadqhothdwgbahopjjqiwrxhky/Build/Intermediates.noindex/LangoTraceUI.build/Debug-iphonesimulator/LangoTraceUI.build/LangoTraceUI.modulemap (in target 'LangoTraceUI' from project 'LangoTraceUI')
    cd /Users/zibuyu/code/zibuyu/LangoTrace/Packages/LangoTraceUI
    builtin-copy -exclude .DS_Store -exclude CVS -exclude .svn -exclude .git -exclude .hg -resolve-src-symlinks /Users/zibuyu/Library/Developer/Xcode/DerivedData/LangoTrace-hdfadqhothdwgbahopjjqiwrxhky/Build/Intermediates.noindex/LangoTraceUI.build/Debug-iphonesimulator/LangoTraceUI.build/LangoTraceUI.modulemap /Users/zibuyu/Library/Developer/Xcode/DerivedData/LangoTrace-hdfadqhothdwgbahopjjqiwrxhky/Build/Intermediates.noindex/GeneratedModuleMaps-iphonesimulator

WriteAuxiliaryFile /Users/zibuyu/Library/Developer/Xcode/DerivedData/LangoTrace-hdfadqhothdwgbahopjjqiwrxhky/Build/Intermediates.noindex/LangoTraceSync.build/Debug-iphonesimulator/LangoTraceSync.build/LangoTraceSync.DependencyMetadataFileList (in target 'LangoTraceSync' from project 'LangoTraceSync')
    cd /Users/zibuyu/code/zibuyu/LangoTrace/Packages/LangoTraceSync
    write-file /Users/zibuyu/Library/Developer/Xcode/DerivedData/LangoTrace-hdfadqhothdwgbahopjjqiwrxhky/Build/Intermediates.noindex/LangoTraceSync.build/Debug-iphonesimulator/LangoTraceSync.build/LangoTraceSync.DependencyMetadataFileList

WriteAuxiliaryFile /Users/zibuyu/Library/Developer/Xcode/DerivedData/LangoTrace-hdfadqhothdwgbahopjjqiwrxhky/Build/Intermediates.noindex/LangoTraceSpeech.build/Debug-iphonesimulator/LangoTraceSpeech.build/Objects-normal/arm64/LangoTraceSpeech.SwiftFileList (in target 'LangoTraceSpeech' from project 'LangoTraceSpeech')
    cd /Users/zibuyu/code/zibuyu/LangoTrace/Packages/LangoTraceSpeech
    write-file /Users/zibuyu/Library/Developer/Xcode/DerivedData/LangoTrace-hdfadqhothdwgbahopjjqiwrxhky/Build/Intermediates.noindex/LangoTraceSpeech.build/Debug-iphonesimulator/LangoTraceSpeech.build/Objects-normal/arm64/LangoTraceSpeech.SwiftFileList

WriteAuxiliaryFile /Users/zibuyu/Library/Developer/Xcode/DerivedData/LangoTrace-hdfadqhothdwgbahopjjqiwrxhky/Build/Intermediates.noindex/LangoTraceSpeech.build/Debug-iphonesimulator/LangoTraceSpeech.build/Objects-normal/arm64/LangoTraceSpeech_const_extract_protocols.json (in target 'LangoTraceSpeech' from project 'LangoTraceSpeech')
    cd /Users/zibuyu/code/zibuyu/LangoTrace/Packages/LangoTraceSpeech
    write-file /Users/zibuyu/Library/Developer/Xcode/DerivedData/LangoTrace-hdfadqhothdwgbahopjjqiwrxhky/Build/Intermediates.noindex/LangoTraceSpeech.build/Debug-iphonesimulator/LangoTraceSpeech.build/Objects-normal/arm64/LangoTraceSpeech_const_extract_protocols.json

WriteAuxiliaryFile /Users/zibuyu/Library/Developer/Xcode/DerivedData/LangoTrace-hdfadqhothdwgbahopjjqiwrxhky/Build/Intermediates.noindex/LangoTraceSpeech.build/Debug-iphonesimulator/LangoTraceSpeech.build/Objects-normal/arm64/LangoTraceSpeech.SwiftConstValuesFileList (in target 'LangoTraceSpeech' from project 'LangoTraceSpeech')
    cd /Users/zibuyu/code/zibuyu/LangoTrace/Packages/LangoTraceSpeech
    write-file /Users/zibuyu/Library/Developer/Xcode/DerivedData/LangoTrace-hdfadqhothdwgbahopjjqiwrxhky/Build/Intermediates.noindex/LangoTraceSpeech.build/Debug-iphonesimulator/LangoTraceSpeech.build/Objects-normal/arm64/LangoTraceSpeech.SwiftConstValuesFileList

WriteAuxiliaryFile /Users/zibuyu/Library/Developer/Xcode/DerivedData/LangoTrace-hdfadqhothdwgbahopjjqiwrxhky/Build/Intermediates.noindex/LangoTraceSpeech.build/Debug-iphonesimulator/LangoTraceSpeech.build/Objects-normal/arm64/LangoTraceSpeech.LinkFileList (in target 'LangoTraceSpeech' from project 'LangoTraceSpeech')
    cd /Users/zibuyu/code/zibuyu/LangoTrace/Packages/LangoTraceSpeech
    write-file /Users/zibuyu/Library/Developer/Xcode/DerivedData/LangoTrace-hdfadqhothdwgbahopjjqiwrxhky/Build/Intermediates.noindex/LangoTraceSpeech.build/Debug-iphonesimulator/LangoTraceSpeech.build/Objects-normal/arm64/LangoTraceSpeech.LinkFileList

WriteAuxiliaryFile /Users/zibuyu/Library/Developer/Xcode/DerivedData/LangoTrace-hdfadqhothdwgbahopjjqiwrxhky/Build/Intermediates.noindex/LangoTraceSpeech.build/Debug-iphonesimulator/LangoTraceSpeech.build/Objects-normal/arm64/LangoTraceSpeech-OutputFileMap.json (in target 'LangoTraceSpeech' from project 'LangoTraceSpeech')
    cd /Users/zibuyu/code/zibuyu/LangoTrace/Packages/LangoTraceSpeech
    write-file /Users/zibuyu/Library/Developer/Xcode/DerivedData/LangoTrace-hdfadqhothdwgbahopjjqiwrxhky/Build/Intermediates.noindex/LangoTraceSpeech.build/Debug-iphonesimulator/LangoTraceSpeech.build/Objects-normal/arm64/LangoTraceSpeech-OutputFileMap.json

WriteAuxiliaryFile /Users/zibuyu/Library/Developer/Xcode/DerivedData/LangoTrace-hdfadqhothdwgbahopjjqiwrxhky/Build/Intermediates.noindex/LangoTraceSpeech.build/Debug-iphonesimulator/LangoTraceSpeech.build/LangoTraceSpeech.modulemap (in target 'LangoTraceSpeech' from project 'LangoTraceSpeech')
    cd /Users/zibuyu/code/zibuyu/LangoTrace/Packages/LangoTraceSpeech
    write-file /Users/zibuyu/Library/Developer/Xcode/DerivedData/LangoTrace-hdfadqhothdwgbahopjjqiwrxhky/Build/Intermediates.noindex/LangoTraceSpeech.build/Debug-iphonesimulator/LangoTraceSpeech.build/LangoTraceSpeech.modulemap

Copy /Users/zibuyu/Library/Developer/Xcode/DerivedData/LangoTrace-hdfadqhothdwgbahopjjqiwrxhky/Build/Intermediates.noindex/GeneratedModuleMaps-iphonesimulator/LangoTraceSync.modulemap /Users/zibuyu/Library/Developer/Xcode/DerivedData/LangoTrace-hdfadqhothdwgbahopjjqiwrxhky/Build/Intermediates.noindex/LangoTraceSync.build/Debug-iphonesimulator/LangoTraceSync.build/LangoTraceSync.modulemap (in target 'LangoTraceSync' from project 'LangoTraceSync')
    cd /Users/zibuyu/code/zibuyu/LangoTrace/Packages/LangoTraceSync
    builtin-copy -exclude .DS_Store -exclude CVS -exclude .svn -exclude .git -exclude .hg -resolve-src-symlinks /Users/zibuyu/Library/Developer/Xcode/DerivedData/LangoTrace-hdfadqhothdwgbahopjjqiwrxhky/Build/Intermediates.noindex/LangoTraceSync.build/Debug-iphonesimulator/LangoTraceSync.build/LangoTraceSync.modulemap /Users/zibuyu/Library/Developer/Xcode/DerivedData/LangoTrace-hdfadqhothdwgbahopjjqiwrxhky/Build/Intermediates.noindex/GeneratedModuleMaps-iphonesimulator

WriteAuxiliaryFile /Users/zibuyu/Library/Developer/Xcode/DerivedData/LangoTrace-hdfadqhothdwgbahopjjqiwrxhky/Build/Intermediates.noindex/LangoTraceSpeech.build/Debug-iphonesimulator/LangoTraceSpeech.build/LangoTraceSpeech.DependencyStaticMetadataFileList (in target 'LangoTraceSpeech' from project 'LangoTraceSpeech')
    cd /Users/zibuyu/code/zibuyu/LangoTrace/Packages/LangoTraceSpeech
    write-file /Users/zibuyu/Library/Developer/Xcode/DerivedData/LangoTrace-hdfadqhothdwgbahopjjqiwrxhky/Build/Intermediates.noindex/LangoTraceSpeech.build/Debug-iphonesimulator/LangoTraceSpeech.build/LangoTraceSpeech.DependencyStaticMetadataFileList

WriteAuxiliaryFile /Users/zibuyu/Library/Developer/Xcode/DerivedData/LangoTrace-hdfadqhothdwgbahopjjqiwrxhky/Build/Intermediates.noindex/LangoTraceSpeech.build/Debug-iphonesimulator/LangoTraceSpeech.build/LangoTraceSpeech.DependencyMetadataFileList (in target 'LangoTraceSpeech' from project 'LangoTraceSpeech')
    cd /Users/zibuyu/code/zibuyu/LangoTrace/Packages/LangoTraceSpeech
    write-file /Users/zibuyu/Library/Developer/Xcode/DerivedData/LangoTrace-hdfadqhothdwgbahopjjqiwrxhky/Build/Intermediates.noindex/LangoTraceSpeech.build/Debug-iphonesimulator/LangoTraceSpeech.build/LangoTraceSpeech.DependencyMetadataFileList

WriteAuxiliaryFile /Users/zibuyu/Library/Developer/Xcode/DerivedData/LangoTrace-hdfadqhothdwgbahopjjqiwrxhky/Build/Intermediates.noindex/LangoTraceData.build/Debug-iphonesimulator/LangoTraceData.build/Objects-normal/arm64/LangoTraceData.SwiftFileList (in target 'LangoTraceData' from project 'LangoTraceData')
    cd /Users/zibuyu/code/zibuyu/LangoTrace/Packages/LangoTraceData
    write-file /Users/zibuyu/Library/Developer/Xcode/DerivedData/LangoTrace-hdfadqhothdwgbahopjjqiwrxhky/Build/Intermediates.noindex/LangoTraceData.build/Debug-iphonesimulator/LangoTraceData.build/Objects-normal/arm64/LangoTraceData.SwiftFileList

WriteAuxiliaryFile /Users/zibuyu/Library/Developer/Xcode/DerivedData/LangoTrace-hdfadqhothdwgbahopjjqiwrxhky/Build/Intermediates.noindex/LangoTraceData.build/Debug-iphonesimulator/LangoTraceData.build/Objects-normal/arm64/LangoTraceData_const_extract_protocols.json (in target 'LangoTraceData' from project 'LangoTraceData')
    cd /Users/zibuyu/code/zibuyu/LangoTrace/Packages/LangoTraceData
    write-file /Users/zibuyu/Library/Developer/Xcode/DerivedData/LangoTrace-hdfadqhothdwgbahopjjqiwrxhky/Build/Intermediates.noindex/LangoTraceData.build/Debug-iphonesimulator/LangoTraceData.build/Objects-normal/arm64/LangoTraceData_const_extract_protocols.json

WriteAuxiliaryFile /Users/zibuyu/Library/Developer/Xcode/DerivedData/LangoTrace-hdfadqhothdwgbahopjjqiwrxhky/Build/Intermediates.noindex/LangoTraceData.build/Debug-iphonesimulator/LangoTraceData.build/Objects-normal/arm64/LangoTraceData.SwiftConstValuesFileList (in target 'LangoTraceData' from project 'LangoTraceData')
    cd /Users/zibuyu/code/zibuyu/LangoTrace/Packages/LangoTraceData
    write-file /Users/zibuyu/Library/Developer/Xcode/DerivedData/LangoTrace-hdfadqhothdwgbahopjjqiwrxhky/Build/Intermediates.noindex/LangoTraceData.build/Debug-iphonesimulator/LangoTraceData.build/Objects-normal/arm64/LangoTraceData.SwiftConstValuesFileList

WriteAuxiliaryFile /Users/zibuyu/Library/Developer/Xcode/DerivedData/LangoTrace-hdfadqhothdwgbahopjjqiwrxhky/Build/Intermediates.noindex/LangoTraceData.build/Debug-iphonesimulator/LangoTraceData.build/Objects-normal/arm64/LangoTraceData.LinkFileList (in target 'LangoTraceData' from project 'LangoTraceData')
    cd /Users/zibuyu/code/zibuyu/LangoTrace/Packages/LangoTraceData
    write-file /Users/zibuyu/Library/Developer/Xcode/DerivedData/LangoTrace-hdfadqhothdwgbahopjjqiwrxhky/Build/Intermediates.noindex/LangoTraceData.build/Debug-iphonesimulator/LangoTraceData.build/Objects-normal/arm64/LangoTraceData.LinkFileList

WriteAuxiliaryFile /Users/zibuyu/Library/Developer/Xcode/DerivedData/LangoTrace-hdfadqhothdwgbahopjjqiwrxhky/Build/Intermediates.noindex/LangoTraceData.build/Debug-iphonesimulator/LangoTraceData.build/Objects-normal/arm64/LangoTraceData-OutputFileMap.json (in target 'LangoTraceData' from project 'LangoTraceData')
    cd /Users/zibuyu/code/zibuyu/LangoTrace/Packages/LangoTraceData
    write-file /Users/zibuyu/Library/Developer/Xcode/DerivedData/LangoTrace-hdfadqhothdwgbahopjjqiwrxhky/Build/Intermediates.noindex/LangoTraceData.build/Debug-iphonesimulator/LangoTraceData.build/Objects-normal/arm64/LangoTraceData-OutputFileMap.json

WriteAuxiliaryFile /Users/zibuyu/Library/Developer/Xcode/DerivedData/LangoTrace-hdfadqhothdwgbahopjjqiwrxhky/Build/Intermediates.noindex/LangoTraceData.build/Debug-iphonesimulator/LangoTraceData.build/LangoTraceData.modulemap (in target 'LangoTraceData' from project 'LangoTraceData')
    cd /Users/zibuyu/code/zibuyu/LangoTrace/Packages/LangoTraceData
    write-file /Users/zibuyu/Library/Developer/Xcode/DerivedData/LangoTrace-hdfadqhothdwgbahopjjqiwrxhky/Build/Intermediates.noindex/LangoTraceData.build/Debug-iphonesimulator/LangoTraceData.build/LangoTraceData.modulemap

Copy /Users/zibuyu/Library/Developer/Xcode/DerivedData/LangoTrace-hdfadqhothdwgbahopjjqiwrxhky/Build/Intermediates.noindex/GeneratedModuleMaps-iphonesimulator/LangoTraceSpeech.modulemap /Users/zibuyu/Library/Developer/Xcode/DerivedData/LangoTrace-hdfadqhothdwgbahopjjqiwrxhky/Build/Intermediates.noindex/LangoTraceSpeech.build/Debug-iphonesimulator/LangoTraceSpeech.build/LangoTraceSpeech.modulemap (in target 'LangoTraceSpeech' from project 'LangoTraceSpeech')
    cd /Users/zibuyu/code/zibuyu/LangoTrace/Packages/LangoTraceSpeech
    builtin-copy -exclude .DS_Store -exclude CVS -exclude .svn -exclude .git -exclude .hg -resolve-src-symlinks /Users/zibuyu/Library/Developer/Xcode/DerivedData/LangoTrace-hdfadqhothdwgbahopjjqiwrxhky/Build/Intermediates.noindex/LangoTraceSpeech.build/Debug-iphonesimulator/LangoTraceSpeech.build/LangoTraceSpeech.modulemap /Users/zibuyu/Library/Developer/Xcode/DerivedData/LangoTrace-hdfadqhothdwgbahopjjqiwrxhky/Build/Intermediates.noindex/GeneratedModuleMaps-iphonesimulator

WriteAuxiliaryFile /Users/zibuyu/Library/Developer/Xcode/DerivedData/LangoTrace-hdfadqhothdwgbahopjjqiwrxhky/Build/Intermediates.noindex/LangoTraceData.build/Debug-iphonesimulator/LangoTraceData.build/LangoTraceData.DependencyStaticMetadataFileList (in target 'LangoTraceData' from project 'LangoTraceData')
    cd /Users/zibuyu/code/zibuyu/LangoTrace/Packages/LangoTraceData
    write-file /Users/zibuyu/Library/Developer/Xcode/DerivedData/LangoTrace-hdfadqhothdwgbahopjjqiwrxhky/Build/Intermediates.noindex/LangoTraceData.build/Debug-iphonesimulator/LangoTraceData.build/LangoTraceData.DependencyStaticMetadataFileList

WriteAuxiliaryFile /Users/zibuyu/Library/Developer/Xcode/DerivedData/LangoTrace-hdfadqhothdwgbahopjjqiwrxhky/Build/Intermediates.noindex/LangoTraceData.build/Debug-iphonesimulator/LangoTraceData.build/LangoTraceData.DependencyMetadataFileList (in target 'LangoTraceData' from project 'LangoTraceData')
    cd /Users/zibuyu/code/zibuyu/LangoTrace/Packages/LangoTraceData
    write-file /Users/zibuyu/Library/Developer/Xcode/DerivedData/LangoTrace-hdfadqhothdwgbahopjjqiwrxhky/Build/Intermediates.noindex/LangoTraceData.build/Debug-iphonesimulator/LangoTraceData.build/LangoTraceData.DependencyMetadataFileList

WriteAuxiliaryFile /Users/zibuyu/Library/Developer/Xcode/DerivedData/LangoTrace-hdfadqhothdwgbahopjjqiwrxhky/Build/Intermediates.noindex/LangoTraceCore.build/Debug-iphonesimulator/LangoTraceCore.build/Objects-normal/arm64/LangoTraceCore_const_extract_protocols.json (in target 'LangoTraceCore' from project 'LangoTraceCore')
    cd /Users/zibuyu/code/zibuyu/LangoTrace/Packages/LangoTraceCore
    write-file /Users/zibuyu/Library/Developer/Xcode/DerivedData/LangoTrace-hdfadqhothdwgbahopjjqiwrxhky/Build/Intermediates.noindex/LangoTraceCore.build/Debug-iphonesimulator/LangoTraceCore.build/Objects-normal/arm64/LangoTraceCore_const_extract_protocols.json

WriteAuxiliaryFile /Users/zibuyu/Library/Developer/Xcode/DerivedData/LangoTrace-hdfadqhothdwgbahopjjqiwrxhky/Build/Intermediates.noindex/LangoTraceCore.build/Debug-iphonesimulator/LangoTraceCore.build/Objects-normal/arm64/LangoTraceCore.SwiftConstValuesFileList (in target 'LangoTraceCore' from project 'LangoTraceCore')
    cd /Users/zibuyu/code/zibuyu/LangoTrace/Packages/LangoTraceCore
    write-file /Users/zibuyu/Library/Developer/Xcode/DerivedData/LangoTrace-hdfadqhothdwgbahopjjqiwrxhky/Build/Intermediates.noindex/LangoTraceCore.build/Debug-iphonesimulator/LangoTraceCore.build/Objects-normal/arm64/LangoTraceCore.SwiftConstValuesFileList

WriteAuxiliaryFile /Users/zibuyu/Library/Developer/Xcode/DerivedData/LangoTrace-hdfadqhothdwgbahopjjqiwrxhky/Build/Intermediates.noindex/LangoTraceCore.build/Debug-iphonesimulator/LangoTraceCore.build/Objects-normal/arm64/LangoTraceCore.SwiftFileList (in target 'LangoTraceCore' from project 'LangoTraceCore')
    cd /Users/zibuyu/code/zibuyu/LangoTrace/Packages/LangoTraceCore
    write-file /Users/zibuyu/Library/Developer/Xcode/DerivedData/LangoTrace-hdfadqhothdwgbahopjjqiwrxhky/Build/Intermediates.noindex/LangoTraceCore.build/Debug-iphonesimulator/LangoTraceCore.build/Objects-normal/arm64/LangoTraceCore.SwiftFileList

WriteAuxiliaryFile /Users/zibuyu/Library/Developer/Xcode/DerivedData/LangoTrace-hdfadqhothdwgbahopjjqiwrxhky/Build/Intermediates.noindex/LangoTraceCore.build/Debug-iphonesimulator/LangoTraceCore.build/Objects-normal/arm64/LangoTraceCore.LinkFileList (in target 'LangoTraceCore' from project 'LangoTraceCore')
    cd /Users/zibuyu/code/zibuyu/LangoTrace/Packages/LangoTraceCore
    write-file /Users/zibuyu/Library/Developer/Xcode/DerivedData/LangoTrace-hdfadqhothdwgbahopjjqiwrxhky/Build/Intermediates.noindex/LangoTraceCore.build/Debug-iphonesimulator/LangoTraceCore.build/Objects-normal/arm64/LangoTraceCore.LinkFileList

WriteAuxiliaryFile /Users/zibuyu/Library/Developer/Xcode/DerivedData/LangoTrace-hdfadqhothdwgbahopjjqiwrxhky/Build/Intermediates.noindex/LangoTraceCore.build/Debug-iphonesimulator/LangoTraceCore.build/Objects-normal/arm64/LangoTraceCore-OutputFileMap.json (in target 'LangoTraceCore' from project 'LangoTraceCore')
    cd /Users/zibuyu/code/zibuyu/LangoTrace/Packages/LangoTraceCore
    write-file /Users/zibuyu/Library/Developer/Xcode/DerivedData/LangoTrace-hdfadqhothdwgbahopjjqiwrxhky/Build/Intermediates.noindex/LangoTraceCore.build/Debug-iphonesimulator/LangoTraceCore.build/Objects-normal/arm64/LangoTraceCore-OutputFileMap.json

Copy /Users/zibuyu/Library/Developer/Xcode/DerivedData/LangoTrace-hdfadqhothdwgbahopjjqiwrxhky/Build/Intermediates.noindex/GeneratedModuleMaps-iphonesimulator/LangoTraceData.modulemap /Users/zibuyu/Library/Developer/Xcode/DerivedData/LangoTrace-hdfadqhothdwgbahopjjqiwrxhky/Build/Intermediates.noindex/LangoTraceData.build/Debug-iphonesimulator/LangoTraceData.build/LangoTraceData.modulemap (in target 'LangoTraceData' from project 'LangoTraceData')
    cd /Users/zibuyu/code/zibuyu/LangoTrace/Packages/LangoTraceData
    builtin-copy -exclude .DS_Store -exclude CVS -exclude .svn -exclude .git -exclude .hg -resolve-src-symlinks /Users/zibuyu/Library/Developer/Xcode/DerivedData/LangoTrace-hdfadqhothdwgbahopjjqiwrxhky/Build/Intermediates.noindex/LangoTraceData.build/Debug-iphonesimulator/LangoTraceData.build/LangoTraceData.modulemap /Users/zibuyu/Library/Developer/Xcode/DerivedData/LangoTrace-hdfadqhothdwgbahopjjqiwrxhky/Build/Intermediates.noindex/GeneratedModuleMaps-iphonesimulator

WriteAuxiliaryFile /Users/zibuyu/Library/Developer/Xcode/DerivedData/LangoTrace-hdfadqhothdwgbahopjjqiwrxhky/Build/Intermediates.noindex/LangoTraceCore.build/Debug-iphonesimulator/LangoTraceCore.build/LangoTraceCore.modulemap (in target 'LangoTraceCore' from project 'LangoTraceCore')
    cd /Users/zibuyu/code/zibuyu/LangoTrace/Packages/LangoTraceCore
    write-file /Users/zibuyu/Library/Developer/Xcode/DerivedData/LangoTrace-hdfadqhothdwgbahopjjqiwrxhky/Build/Intermediates.noindex/LangoTraceCore.build/Debug-iphonesimulator/LangoTraceCore.build/LangoTraceCore.modulemap

WriteAuxiliaryFile /Users/zibuyu/Library/Developer/Xcode/DerivedData/LangoTrace-hdfadqhothdwgbahopjjqiwrxhky/Build/Intermediates.noindex/LangoTraceCore.build/Debug-iphonesimulator/LangoTraceCore.build/LangoTraceCore.DependencyStaticMetadataFileList (in target 'LangoTraceCore' from project 'LangoTraceCore')
    cd /Users/zibuyu/code/zibuyu/LangoTrace/Packages/LangoTraceCore
    write-file /Users/zibuyu/Library/Developer/Xcode/DerivedData/LangoTrace-hdfadqhothdwgbahopjjqiwrxhky/Build/Intermediates.noindex/LangoTraceCore.build/Debug-iphonesimulator/LangoTraceCore.build/LangoTraceCore.DependencyStaticMetadataFileList

WriteAuxiliaryFile /Users/zibuyu/Library/Developer/Xcode/DerivedData/LangoTrace-hdfadqhothdwgbahopjjqiwrxhky/Build/Intermediates.noindex/LangoTraceCore.build/Debug-iphonesimulator/LangoTraceCore.build/LangoTraceCore.DependencyMetadataFileList (in target 'LangoTraceCore' from project 'LangoTraceCore')
    cd /Users/zibuyu/code/zibuyu/LangoTrace/Packages/LangoTraceCore
    write-file /Users/zibuyu/Library/Developer/Xcode/DerivedData/LangoTrace-hdfadqhothdwgbahopjjqiwrxhky/Build/Intermediates.noindex/LangoTraceCore.build/Debug-iphonesimulator/LangoTraceCore.build/LangoTraceCore.DependencyMetadataFileList

WriteAuxiliaryFile /Users/zibuyu/Library/Developer/Xcode/DerivedData/LangoTrace-hdfadqhothdwgbahopjjqiwrxhky/Build/Intermediates.noindex/LangoTraceAI.build/Debug-iphonesimulator/LangoTraceAI_LangoTraceAI.build/LangoTraceAI_LangoTraceAI.DependencyStaticMetadataFileList (in target 'LangoTraceAI_LangoTraceAI' from project 'LangoTraceAI')
    cd /Users/zibuyu/code/zibuyu/LangoTrace/Packages/LangoTraceAI
    write-file /Users/zibuyu/Library/Developer/Xcode/DerivedData/LangoTrace-hdfadqhothdwgbahopjjqiwrxhky/Build/Intermediates.noindex/LangoTraceAI.build/Debug-iphonesimulator/LangoTraceAI_LangoTraceAI.build/LangoTraceAI_LangoTraceAI.DependencyStaticMetadataFileList

WriteAuxiliaryFile /Users/zibuyu/Library/Developer/Xcode/DerivedData/LangoTrace-hdfadqhothdwgbahopjjqiwrxhky/Build/Intermediates.noindex/LangoTraceAI.build/Debug-iphonesimulator/LangoTraceAI_LangoTraceAI.build/LangoTraceAI_LangoTraceAI.DependencyMetadataFileList (in target 'LangoTraceAI_LangoTraceAI' from project 'LangoTraceAI')
    cd /Users/zibuyu/code/zibuyu/LangoTrace/Packages/LangoTraceAI
    write-file /Users/zibuyu/Library/Developer/Xcode/DerivedData/LangoTrace-hdfadqhothdwgbahopjjqiwrxhky/Build/Intermediates.noindex/LangoTraceAI.build/Debug-iphonesimulator/LangoTraceAI_LangoTraceAI.build/LangoTraceAI_LangoTraceAI.DependencyMetadataFileList

WriteAuxiliaryFile /Users/zibuyu/Library/Developer/Xcode/DerivedData/LangoTrace-hdfadqhothdwgbahopjjqiwrxhky/Build/Intermediates.noindex/LangoTraceAI.build/Debug-iphonesimulator/LangoTraceAI_LangoTraceAI.build/empty-LangoTraceAI_LangoTraceAI.plist (in target 'LangoTraceAI_LangoTraceAI' from project 'LangoTraceAI')
    cd /Users/zibuyu/code/zibuyu/LangoTrace/Packages/LangoTraceAI
    write-file /Users/zibuyu/Library/Developer/Xcode/DerivedData/LangoTrace-hdfadqhothdwgbahopjjqiwrxhky/Build/Intermediates.noindex/LangoTraceAI.build/Debug-iphonesimulator/LangoTraceAI_LangoTraceAI.build/empty-LangoTraceAI_LangoTraceAI.plist

WriteAuxiliaryFile /Users/zibuyu/Library/Developer/Xcode/DerivedData/LangoTrace-hdfadqhothdwgbahopjjqiwrxhky/Build/Intermediates.noindex/GRDB.build/Debug-iphonesimulator/GRDB_GRDB.build/empty-GRDB_GRDB.plist (in target 'GRDB_GRDB' from project 'GRDB')
    cd /Users/zibuyu/Library/Developer/Xcode/DerivedData/LangoTrace-hdfadqhothdwgbahopjjqiwrxhky/SourcePackages/checkouts/GRDB.swift
    write-file /Users/zibuyu/Library/Developer/Xcode/DerivedData/LangoTrace-hdfadqhothdwgbahopjjqiwrxhky/Build/Intermediates.noindex/GRDB.build/Debug-iphonesimulator/GRDB_GRDB.build/empty-GRDB_GRDB.plist

WriteAuxiliaryFile /Users/zibuyu/Library/Developer/Xcode/DerivedData/LangoTrace-hdfadqhothdwgbahopjjqiwrxhky/Build/Intermediates.noindex/GRDB.build/Debug-iphonesimulator/GRDB_GRDB.build/GRDB_GRDB.DependencyStaticMetadataFileList (in target 'GRDB_GRDB' from project 'GRDB')
    cd /Users/zibuyu/Library/Developer/Xcode/DerivedData/LangoTrace-hdfadqhothdwgbahopjjqiwrxhky/SourcePackages/checkouts/GRDB.swift
    write-file /Users/zibuyu/Library/Developer/Xcode/DerivedData/LangoTrace-hdfadqhothdwgbahopjjqiwrxhky/Build/Intermediates.noindex/GRDB.build/Debug-iphonesimulator/GRDB_GRDB.build/GRDB_GRDB.DependencyStaticMetadataFileList

WriteAuxiliaryFile /Users/zibuyu/Library/Developer/Xcode/DerivedData/LangoTrace-hdfadqhothdwgbahopjjqiwrxhky/Build/Intermediates.noindex/GRDB.build/Debug-iphonesimulator/GRDB_GRDB.build/GRDB_GRDB.DependencyMetadataFileList (in target 'GRDB_GRDB' from project 'GRDB')
    cd /Users/zibuyu/Library/Developer/Xcode/DerivedData/LangoTrace-hdfadqhothdwgbahopjjqiwrxhky/SourcePackages/checkouts/GRDB.swift
    write-file /Users/zibuyu/Library/Developer/Xcode/DerivedData/LangoTrace-hdfadqhothdwgbahopjjqiwrxhky/Build/Intermediates.noindex/GRDB.build/Debug-iphonesimulator/GRDB_GRDB.build/GRDB_GRDB.DependencyMetadataFileList

Copy /Users/zibuyu/Library/Developer/Xcode/DerivedData/LangoTrace-hdfadqhothdwgbahopjjqiwrxhky/Build/Intermediates.noindex/GeneratedModuleMaps-iphonesimulator/LangoTraceCore.modulemap /Users/zibuyu/Library/Developer/Xcode/DerivedData/LangoTrace-hdfadqhothdwgbahopjjqiwrxhky/Build/Intermediates.noindex/LangoTraceCore.build/Debug-iphonesimulator/LangoTraceCore.build/LangoTraceCore.modulemap (in target 'LangoTraceCore' from project 'LangoTraceCore')
    cd /Users/zibuyu/code/zibuyu/LangoTrace/Packages/LangoTraceCore
    builtin-copy -exclude .DS_Store -exclude CVS -exclude .svn -exclude .git -exclude .hg -resolve-src-symlinks /Users/zibuyu/Library/Developer/Xcode/DerivedData/LangoTrace-hdfadqhothdwgbahopjjqiwrxhky/Build/Intermediates.noindex/LangoTraceCore.build/Debug-iphonesimulator/LangoTraceCore.build/LangoTraceCore.modulemap /Users/zibuyu/Library/Developer/Xcode/DerivedData/LangoTrace-hdfadqhothdwgbahopjjqiwrxhky/Build/Intermediates.noindex/GeneratedModuleMaps-iphonesimulator

MkDir /Users/zibuyu/Library/Developer/Xcode/DerivedData/LangoTrace-hdfadqhothdwgbahopjjqiwrxhky/Build/Products/Debug-iphonesimulator/LangoTraceAI_LangoTraceAI.bundle (in target 'LangoTraceAI_LangoTraceAI' from project 'LangoTraceAI')
    cd /Users/zibuyu/code/zibuyu/LangoTrace/Packages/LangoTraceAI
    /bin/mkdir -p /Users/zibuyu/Library/Developer/Xcode/DerivedData/LangoTrace-hdfadqhothdwgbahopjjqiwrxhky/Build/Products/Debug-iphonesimulator/LangoTraceAI_LangoTraceAI.bundle

MkDir /Users/zibuyu/Library/Developer/Xcode/DerivedData/LangoTrace-hdfadqhothdwgbahopjjqiwrxhky/Build/Products/Debug-iphonesimulator/GRDB_GRDB.bundle (in target 'GRDB_GRDB' from project 'GRDB')
    cd /Users/zibuyu/Library/Developer/Xcode/DerivedData/LangoTrace-hdfadqhothdwgbahopjjqiwrxhky/SourcePackages/checkouts/GRDB.swift
    /bin/mkdir -p /Users/zibuyu/Library/Developer/Xcode/DerivedData/LangoTrace-hdfadqhothdwgbahopjjqiwrxhky/Build/Products/Debug-iphonesimulator/GRDB_GRDB.bundle

WriteAuxiliaryFile /Users/zibuyu/Library/Developer/Xcode/DerivedData/LangoTrace-hdfadqhothdwgbahopjjqiwrxhky/Build/Intermediates.noindex/LangoTraceAI.build/Debug-iphonesimulator/LangoTraceAI.build/Objects-normal/arm64/LangoTraceAI.SwiftFileList (in target 'LangoTraceAI' from project 'LangoTraceAI')
    cd /Users/zibuyu/code/zibuyu/LangoTrace/Packages/LangoTraceAI
    write-file /Users/zibuyu/Library/Developer/Xcode/DerivedData/LangoTrace-hdfadqhothdwgbahopjjqiwrxhky/Build/Intermediates.noindex/LangoTraceAI.build/Debug-iphonesimulator/LangoTraceAI.build/Objects-normal/arm64/LangoTraceAI.SwiftFileList

WriteAuxiliaryFile /Users/zibuyu/Library/Developer/Xcode/DerivedData/LangoTrace-hdfadqhothdwgbahopjjqiwrxhky/Build/Intermediates.noindex/LangoTraceAI.build/Debug-iphonesimulator/LangoTraceAI.build/Objects-normal/arm64/LangoTraceAI_const_extract_protocols.json (in target 'LangoTraceAI' from project 'LangoTraceAI')
    cd /Users/zibuyu/code/zibuyu/LangoTrace/Packages/LangoTraceAI
    write-file /Users/zibuyu/Library/Developer/Xcode/DerivedData/LangoTrace-hdfadqhothdwgbahopjjqiwrxhky/Build/Intermediates.noindex/LangoTraceAI.build/Debug-iphonesimulator/LangoTraceAI.build/Objects-normal/arm64/LangoTraceAI_const_extract_protocols.json

WriteAuxiliaryFile /Users/zibuyu/Library/Developer/Xcode/DerivedData/LangoTrace-hdfadqhothdwgbahopjjqiwrxhky/Build/Intermediates.noindex/LangoTraceAI.build/Debug-iphonesimulator/LangoTraceAI.build/Objects-normal/arm64/LangoTraceAI.SwiftConstValuesFileList (in target 'LangoTraceAI' from project 'LangoTraceAI')
    cd /Users/zibuyu/code/zibuyu/LangoTrace/Packages/LangoTraceAI
    write-file /Users/zibuyu/Library/Developer/Xcode/DerivedData/LangoTrace-hdfadqhothdwgbahopjjqiwrxhky/Build/Intermediates.noindex/LangoTraceAI.build/Debug-iphonesimulator/LangoTraceAI.build/Objects-normal/arm64/LangoTraceAI.SwiftConstValuesFileList

WriteAuxiliaryFile /Users/zibuyu/Library/Developer/Xcode/DerivedData/LangoTrace-hdfadqhothdwgbahopjjqiwrxhky/Build/Intermediates.noindex/LangoTraceAI.build/Debug-iphonesimulator/LangoTraceAI.build/Objects-normal/arm64/LangoTraceAI-OutputFileMap.json (in target 'LangoTraceAI' from project 'LangoTraceAI')
    cd /Users/zibuyu/code/zibuyu/LangoTrace/Packages/LangoTraceAI
    write-file /Users/zibuyu/Library/Developer/Xcode/DerivedData/LangoTrace-hdfadqhothdwgbahopjjqiwrxhky/Build/Intermediates.noindex/LangoTraceAI.build/Debug-iphonesimulator/LangoTraceAI.build/Objects-normal/arm64/LangoTraceAI-OutputFileMap.json

WriteAuxiliaryFile /Users/zibuyu/Library/Developer/Xcode/DerivedData/LangoTrace-hdfadqhothdwgbahopjjqiwrxhky/Build/Intermediates.noindex/LangoTraceAI.build/Debug-iphonesimulator/LangoTraceAI.build/Objects-normal/arm64/LangoTraceAI.LinkFileList (in target 'LangoTraceAI' from project 'LangoTraceAI')
    cd /Users/zibuyu/code/zibuyu/LangoTrace/Packages/LangoTraceAI
    write-file /Users/zibuyu/Library/Developer/Xcode/DerivedData/LangoTrace-hdfadqhothdwgbahopjjqiwrxhky/Build/Intermediates.noindex/LangoTraceAI.build/Debug-iphonesimulator/LangoTraceAI.build/Objects-normal/arm64/LangoTraceAI.LinkFileList

WriteAuxiliaryFile /Users/zibuyu/Library/Developer/Xcode/DerivedData/LangoTrace-hdfadqhothdwgbahopjjqiwrxhky/Build/Intermediates.noindex/LangoTraceAI.build/Debug-iphonesimulator/LangoTraceAI.build/LangoTraceAI.modulemap (in target 'LangoTraceAI' from project 'LangoTraceAI')
    cd /Users/zibuyu/code/zibuyu/LangoTrace/Packages/LangoTraceAI
    write-file /Users/zibuyu/Library/Developer/Xcode/DerivedData/LangoTrace-hdfadqhothdwgbahopjjqiwrxhky/Build/Intermediates.noindex/LangoTraceAI.build/Debug-iphonesimulator/LangoTraceAI.build/LangoTraceAI.modulemap

WriteAuxiliaryFile /Users/zibuyu/Library/Developer/Xcode/DerivedData/LangoTrace-hdfadqhothdwgbahopjjqiwrxhky/Build/Intermediates.noindex/LangoTraceAI.build/Debug-iphonesimulator/LangoTraceAI.build/LangoTraceAI.DependencyStaticMetadataFileList (in target 'LangoTraceAI' from project 'LangoTraceAI')
    cd /Users/zibuyu/code/zibuyu/LangoTrace/Packages/LangoTraceAI
    write-file /Users/zibuyu/Library/Developer/Xcode/DerivedData/LangoTrace-hdfadqhothdwgbahopjjqiwrxhky/Build/Intermediates.noindex/LangoTraceAI.build/Debug-iphonesimulator/LangoTraceAI.build/LangoTraceAI.DependencyStaticMetadataFileList

WriteAuxiliaryFile /Users/zibuyu/Library/Developer/Xcode/DerivedData/LangoTrace-hdfadqhothdwgbahopjjqiwrxhky/Build/Intermediates.noindex/LangoTraceAI.build/Debug-iphonesimulator/LangoTraceAI.build/LangoTraceAI.DependencyMetadataFileList (in target 'LangoTraceAI' from project 'LangoTraceAI')
    cd /Users/zibuyu/code/zibuyu/LangoTrace/Packages/LangoTraceAI
    write-file /Users/zibuyu/Library/Developer/Xcode/DerivedData/LangoTrace-hdfadqhothdwgbahopjjqiwrxhky/Build/Intermediates.noindex/LangoTraceAI.build/Debug-iphonesimulator/LangoTraceAI.build/LangoTraceAI.DependencyMetadataFileList

WriteAuxiliaryFile /Users/zibuyu/Library/Developer/Xcode/DerivedData/LangoTrace-hdfadqhothdwgbahopjjqiwrxhky/Build/Intermediates.noindex/LangoTraceAI.build/Debug-iphonesimulator/LangoTraceAI.build/DerivedSources/resource_bundle_accessor.swift (in target 'LangoTraceAI' from project 'LangoTraceAI')
    cd /Users/zibuyu/code/zibuyu/LangoTrace/Packages/LangoTraceAI
    write-file /Users/zibuyu/Library/Developer/Xcode/DerivedData/LangoTrace-hdfadqhothdwgbahopjjqiwrxhky/Build/Intermediates.noindex/LangoTraceAI.build/Debug-iphonesimulator/LangoTraceAI.build/DerivedSources/resource_bundle_accessor.swift

WriteAuxiliaryFile /Users/zibuyu/Library/Developer/Xcode/DerivedData/LangoTrace-hdfadqhothdwgbahopjjqiwrxhky/Build/Intermediates.noindex/LangoTrace.build/Debug-iphonesimulator/LangoTrace-iOS.build/Objects-normal/arm64/LangoTrace.LinkFileList (in target 'LangoTrace-iOS' from project 'LangoTrace')
    cd /Users/zibuyu/code/zibuyu/LangoTrace
    write-file /Users/zibuyu/Library/Developer/Xcode/DerivedData/LangoTrace-hdfadqhothdwgbahopjjqiwrxhky/Build/Intermediates.noindex/LangoTrace.build/Debug-iphonesimulator/LangoTrace-iOS.build/Objects-normal/arm64/LangoTrace.LinkFileList

WriteAuxiliaryFile /Users/zibuyu/Library/Developer/Xcode/DerivedData/LangoTrace-hdfadqhothdwgbahopjjqiwrxhky/Build/Intermediates.noindex/LangoTrace.build/Debug-iphonesimulator/LangoTrace-iOS.build/Objects-normal/arm64/LangoTrace.SwiftFileList (in target 'LangoTrace-iOS' from project 'LangoTrace')
    cd /Users/zibuyu/code/zibuyu/LangoTrace
    write-file /Users/zibuyu/Library/Developer/Xcode/DerivedData/LangoTrace-hdfadqhothdwgbahopjjqiwrxhky/Build/Intermediates.noindex/LangoTrace.build/Debug-iphonesimulator/LangoTrace-iOS.build/Objects-normal/arm64/LangoTrace.SwiftFileList

WriteAuxiliaryFile /Users/zibuyu/Library/Developer/Xcode/DerivedData/LangoTrace-hdfadqhothdwgbahopjjqiwrxhky/Build/Intermediates.noindex/LangoTrace.build/Debug-iphonesimulator/LangoTrace-iOS.build/Objects-normal/arm64/LangoTrace-iOS-OutputFileMap.json (in target 'LangoTrace-iOS' from project 'LangoTrace')
    cd /Users/zibuyu/code/zibuyu/LangoTrace
    write-file /Users/zibuyu/Library/Developer/Xcode/DerivedData/LangoTrace-hdfadqhothdwgbahopjjqiwrxhky/Build/Intermediates.noindex/LangoTrace.build/Debug-iphonesimulator/LangoTrace-iOS.build/Objects-normal/arm64/LangoTrace-iOS-OutputFileMap.json

WriteAuxiliaryFile /Users/zibuyu/Library/Developer/Xcode/DerivedData/LangoTrace-hdfadqhothdwgbahopjjqiwrxhky/Build/Intermediates.noindex/LangoTrace.build/Debug-iphonesimulator/LangoTrace-iOS.build/Objects-normal/arm64/LangoTrace-iOS_const_extract_protocols.json (in target 'LangoTrace-iOS' from project 'LangoTrace')
    cd /Users/zibuyu/code/zibuyu/LangoTrace
    write-file /Users/zibuyu/Library/Developer/Xcode/DerivedData/LangoTrace-hdfadqhothdwgbahopjjqiwrxhky/Build/Intermediates.noindex/LangoTrace.build/Debug-iphonesimulator/LangoTrace-iOS.build/Objects-normal/arm64/LangoTrace-iOS_const_extract_protocols.json

WriteAuxiliaryFile /Users/zibuyu/Library/Developer/Xcode/DerivedData/LangoTrace-hdfadqhothdwgbahopjjqiwrxhky/Build/Intermediates.noindex/LangoTrace.build/Debug-iphonesimulator/LangoTrace-iOS.build/Objects-normal/arm64/LangoTrace.SwiftConstValuesFileList (in target 'LangoTrace-iOS' from project 'LangoTrace')
    cd /Users/zibuyu/code/zibuyu/LangoTrace
    write-file /Users/zibuyu/Library/Developer/Xcode/DerivedData/LangoTrace-hdfadqhothdwgbahopjjqiwrxhky/Build/Intermediates.noindex/LangoTrace.build/Debug-iphonesimulator/LangoTrace-iOS.build/Objects-normal/arm64/LangoTrace.SwiftConstValuesFileList

WriteAuxiliaryFile /Users/zibuyu/Library/Developer/Xcode/DerivedData/LangoTrace-hdfadqhothdwgbahopjjqiwrxhky/Build/Intermediates.noindex/LangoTrace.build/Debug-iphonesimulator/LangoTrace-iOS.build/LangoTrace.hmap (in target 'LangoTrace-iOS' from project 'LangoTrace')
    cd /Users/zibuyu/code/zibuyu/LangoTrace
    write-file /Users/zibuyu/Library/Developer/Xcode/DerivedData/LangoTrace-hdfadqhothdwgbahopjjqiwrxhky/Build/Intermediates.noindex/LangoTrace.build/Debug-iphonesimulator/LangoTrace-iOS.build/LangoTrace.hmap

WriteAuxiliaryFile /Users/zibuyu/Library/Developer/Xcode/DerivedData/LangoTrace-hdfadqhothdwgbahopjjqiwrxhky/Build/Intermediates.noindex/LangoTrace.build/Debug-iphonesimulator/LangoTrace-iOS.build/LangoTrace.DependencyStaticMetadataFileList (in target 'LangoTrace-iOS' from project 'LangoTrace')
    cd /Users/zibuyu/code/zibuyu/LangoTrace
    write-file /Users/zibuyu/Library/Developer/Xcode/DerivedData/LangoTrace-hdfadqhothdwgbahopjjqiwrxhky/Build/Intermediates.noindex/LangoTrace.build/Debug-iphonesimulator/LangoTrace-iOS.build/LangoTrace.DependencyStaticMetadataFileList

WriteAuxiliaryFile /Users/zibuyu/Library/Developer/Xcode/DerivedData/LangoTrace-hdfadqhothdwgbahopjjqiwrxhky/Build/Intermediates.noindex/LangoTrace.build/Debug-iphonesimulator/LangoTrace-iOS.build/LangoTrace.DependencyMetadataFileList (in target 'LangoTrace-iOS' from project 'LangoTrace')
    cd /Users/zibuyu/code/zibuyu/LangoTrace
    write-file /Users/zibuyu/Library/Developer/Xcode/DerivedData/LangoTrace-hdfadqhothdwgbahopjjqiwrxhky/Build/Intermediates.noindex/LangoTrace.build/Debug-iphonesimulator/LangoTrace-iOS.build/LangoTrace.DependencyMetadataFileList

Copy /Users/zibuyu/Library/Developer/Xcode/DerivedData/LangoTrace-hdfadqhothdwgbahopjjqiwrxhky/Build/Intermediates.noindex/GeneratedModuleMaps-iphonesimulator/LangoTraceAI.modulemap /Users/zibuyu/Library/Developer/Xcode/DerivedData/LangoTrace-hdfadqhothdwgbahopjjqiwrxhky/Build/Intermediates.noindex/LangoTraceAI.build/Debug-iphonesimulator/LangoTraceAI.build/LangoTraceAI.modulemap (in target 'LangoTraceAI' from project 'LangoTraceAI')
    cd /Users/zibuyu/code/zibuyu/LangoTrace/Packages/LangoTraceAI
    builtin-copy -exclude .DS_Store -exclude CVS -exclude .svn -exclude .git -exclude .hg -resolve-src-symlinks /Users/zibuyu/Library/Developer/Xcode/DerivedData/LangoTrace-hdfadqhothdwgbahopjjqiwrxhky/Build/Intermediates.noindex/LangoTraceAI.build/Debug-iphonesimulator/LangoTraceAI.build/LangoTraceAI.modulemap /Users/zibuyu/Library/Developer/Xcode/DerivedData/LangoTrace-hdfadqhothdwgbahopjjqiwrxhky/Build/Intermediates.noindex/GeneratedModuleMaps-iphonesimulator

WriteAuxiliaryFile /Users/zibuyu/Library/Developer/Xcode/DerivedData/LangoTrace-hdfadqhothdwgbahopjjqiwrxhky/Build/Intermediates.noindex/LangoTrace.build/Debug-iphonesimulator/LangoTrace-iOS.build/LangoTrace-project-headers.hmap (in target 'LangoTrace-iOS' from project 'LangoTrace')
    cd /Users/zibuyu/code/zibuyu/LangoTrace
    write-file /Users/zibuyu/Library/Developer/Xcode/DerivedData/LangoTrace-hdfadqhothdwgbahopjjqiwrxhky/Build/Intermediates.noindex/LangoTrace.build/Debug-iphonesimulator/LangoTrace-iOS.build/LangoTrace-project-headers.hmap

WriteAuxiliaryFile /Users/zibuyu/Library/Developer/Xcode/DerivedData/LangoTrace-hdfadqhothdwgbahopjjqiwrxhky/Build/Intermediates.noindex/LangoTrace.build/Debug-iphonesimulator/LangoTrace-iOS.build/LangoTrace-generated-files.hmap (in target 'LangoTrace-iOS' from project 'LangoTrace')
    cd /Users/zibuyu/code/zibuyu/LangoTrace
    write-file /Users/zibuyu/Library/Developer/Xcode/DerivedData/LangoTrace-hdfadqhothdwgbahopjjqiwrxhky/Build/Intermediates.noindex/LangoTrace.build/Debug-iphonesimulator/LangoTrace-iOS.build/LangoTrace-generated-files.hmap

WriteAuxiliaryFile /Users/zibuyu/Library/Developer/Xcode/DerivedData/LangoTrace-hdfadqhothdwgbahopjjqiwrxhky/Build/Intermediates.noindex/LangoTrace.build/Debug-iphonesimulator/LangoTrace-iOS.build/LangoTrace-own-target-headers.hmap (in target 'LangoTrace-iOS' from project 'LangoTrace')
    cd /Users/zibuyu/code/zibuyu/LangoTrace
    write-file /Users/zibuyu/Library/Developer/Xcode/DerivedData/LangoTrace-hdfadqhothdwgbahopjjqiwrxhky/Build/Intermediates.noindex/LangoTrace.build/Debug-iphonesimulator/LangoTrace-iOS.build/LangoTrace-own-target-headers.hmap

WriteAuxiliaryFile /Users/zibuyu/Library/Developer/Xcode/DerivedData/LangoTrace-hdfadqhothdwgbahopjjqiwrxhky/Build/Intermediates.noindex/LangoTrace.build/Debug-iphonesimulator/LangoTrace-iOS.build/LangoTrace-all-target-headers.hmap (in target 'LangoTrace-iOS' from project 'LangoTrace')
    cd /Users/zibuyu/code/zibuyu/LangoTrace
    write-file /Users/zibuyu/Library/Developer/Xcode/DerivedData/LangoTrace-hdfadqhothdwgbahopjjqiwrxhky/Build/Intermediates.noindex/LangoTrace.build/Debug-iphonesimulator/LangoTrace-iOS.build/LangoTrace-all-target-headers.hmap

WriteAuxiliaryFile /Users/zibuyu/Library/Developer/Xcode/DerivedData/LangoTrace-hdfadqhothdwgbahopjjqiwrxhky/Build/Intermediates.noindex/LangoTrace.build/Debug-iphonesimulator/LangoTrace-iOS.build/LangoTrace-all-non-framework-target-headers.hmap (in target 'LangoTrace-iOS' from project 'LangoTrace')
    cd /Users/zibuyu/code/zibuyu/LangoTrace
    write-file /Users/zibuyu/Library/Developer/Xcode/DerivedData/LangoTrace-hdfadqhothdwgbahopjjqiwrxhky/Build/Intermediates.noindex/LangoTrace.build/Debug-iphonesimulator/LangoTrace-iOS.build/LangoTrace-all-non-framework-target-headers.hmap

WriteAuxiliaryFile /Users/zibuyu/Library/Developer/Xcode/DerivedData/LangoTrace-hdfadqhothdwgbahopjjqiwrxhky/Build/Intermediates.noindex/LangoTrace.build/Debug-iphonesimulator/LangoTrace-iOS.build/LangoTrace-DebugDylibPath-normal-arm64.txt (in target 'LangoTrace-iOS' from project 'LangoTrace')
    cd /Users/zibuyu/code/zibuyu/LangoTrace
    write-file /Users/zibuyu/Library/Developer/Xcode/DerivedData/LangoTrace-hdfadqhothdwgbahopjjqiwrxhky/Build/Intermediates.noindex/LangoTrace.build/Debug-iphonesimulator/LangoTrace-iOS.build/LangoTrace-DebugDylibPath-normal-arm64.txt

WriteAuxiliaryFile /Users/zibuyu/Library/Developer/Xcode/DerivedData/LangoTrace-hdfadqhothdwgbahopjjqiwrxhky/Build/Intermediates.noindex/LangoTrace.build/Debug-iphonesimulator/LangoTrace-iOS.build/LangoTrace-DebugDylibInstallName-normal-arm64.txt (in target 'LangoTrace-iOS' from project 'LangoTrace')
    cd /Users/zibuyu/code/zibuyu/LangoTrace
    write-file /Users/zibuyu/Library/Developer/Xcode/DerivedData/LangoTrace-hdfadqhothdwgbahopjjqiwrxhky/Build/Intermediates.noindex/LangoTrace.build/Debug-iphonesimulator/LangoTrace-iOS.build/LangoTrace-DebugDylibInstallName-normal-arm64.txt

WriteAuxiliaryFile /Users/zibuyu/Library/Developer/Xcode/DerivedData/LangoTrace-hdfadqhothdwgbahopjjqiwrxhky/Build/Intermediates.noindex/LangoTrace.build/Debug-iphonesimulator/LangoTrace-iOS.build/DerivedSources/Entitlements-Simulated.plist (in target 'LangoTrace-iOS' from project 'LangoTrace')
    cd /Users/zibuyu/code/zibuyu/LangoTrace
    write-file /Users/zibuyu/Library/Developer/Xcode/DerivedData/LangoTrace-hdfadqhothdwgbahopjjqiwrxhky/Build/Intermediates.noindex/LangoTrace.build/Debug-iphonesimulator/LangoTrace-iOS.build/DerivedSources/Entitlements-Simulated.plist

WriteAuxiliaryFile /Users/zibuyu/Library/Developer/Xcode/DerivedData/LangoTrace-hdfadqhothdwgbahopjjqiwrxhky/Build/Intermediates.noindex/GRDB.build/Debug-iphonesimulator/GRDB.build/Objects-normal/arm64/GRDB.LinkFileList (in target 'GRDB' from project 'GRDB')
    cd /Users/zibuyu/Library/Developer/Xcode/DerivedData/LangoTrace-hdfadqhothdwgbahopjjqiwrxhky/SourcePackages/checkouts/GRDB.swift
    write-file /Users/zibuyu/Library/Developer/Xcode/DerivedData/LangoTrace-hdfadqhothdwgbahopjjqiwrxhky/Build/Intermediates.noindex/GRDB.build/Debug-iphonesimulator/GRDB.build/Objects-normal/arm64/GRDB.LinkFileList

WriteAuxiliaryFile /Users/zibuyu/Library/Developer/Xcode/DerivedData/LangoTrace-hdfadqhothdwgbahopjjqiwrxhky/Build/Intermediates.noindex/GRDB.build/Debug-iphonesimulator/GRDB.build/Objects-normal/arm64/GRDB-OutputFileMap.json (in target 'GRDB' from project 'GRDB')
    cd /Users/zibuyu/Library/Developer/Xcode/DerivedData/LangoTrace-hdfadqhothdwgbahopjjqiwrxhky/SourcePackages/checkouts/GRDB.swift
    write-file /Users/zibuyu/Library/Developer/Xcode/DerivedData/LangoTrace-hdfadqhothdwgbahopjjqiwrxhky/Build/Intermediates.noindex/GRDB.build/Debug-iphonesimulator/GRDB.build/Objects-normal/arm64/GRDB-OutputFileMap.json

WriteAuxiliaryFile /Users/zibuyu/Library/Developer/Xcode/DerivedData/LangoTrace-hdfadqhothdwgbahopjjqiwrxhky/Build/Intermediates.noindex/GRDB.build/Debug-iphonesimulator/GRDB.build/Objects-normal/arm64/GRDB.SwiftFileList (in target 'GRDB' from project 'GRDB')
    cd /Users/zibuyu/Library/Developer/Xcode/DerivedData/LangoTrace-hdfadqhothdwgbahopjjqiwrxhky/SourcePackages/checkouts/GRDB.swift
    write-file /Users/zibuyu/Library/Developer/Xcode/DerivedData/LangoTrace-hdfadqhothdwgbahopjjqiwrxhky/Build/Intermediates.noindex/GRDB.build/Debug-iphonesimulator/GRDB.build/Objects-normal/arm64/GRDB.SwiftFileList

WriteAuxiliaryFile /Users/zibuyu/Library/Developer/Xcode/DerivedData/LangoTrace-hdfadqhothdwgbahopjjqiwrxhky/Build/Intermediates.noindex/GRDB.build/Debug-iphonesimulator/GRDB.build/GRDB.modulemap (in target 'GRDB' from project 'GRDB')
    cd /Users/zibuyu/Library/Developer/Xcode/DerivedData/LangoTrace-hdfadqhothdwgbahopjjqiwrxhky/SourcePackages/checkouts/GRDB.swift
    write-file /Users/zibuyu/Library/Developer/Xcode/DerivedData/LangoTrace-hdfadqhothdwgbahopjjqiwrxhky/Build/Intermediates.noindex/GRDB.build/Debug-iphonesimulator/GRDB.build/GRDB.modulemap

WriteAuxiliaryFile /Users/zibuyu/Library/Developer/Xcode/DerivedData/LangoTrace-hdfadqhothdwgbahopjjqiwrxhky/Build/Intermediates.noindex/GRDB.build/Debug-iphonesimulator/GRDB.build/GRDB.DependencyStaticMetadataFileList (in target 'GRDB' from project 'GRDB')
    cd /Users/zibuyu/Library/Developer/Xcode/DerivedData/LangoTrace-hdfadqhothdwgbahopjjqiwrxhky/SourcePackages/checkouts/GRDB.swift
    write-file /Users/zibuyu/Library/Developer/Xcode/DerivedData/LangoTrace-hdfadqhothdwgbahopjjqiwrxhky/Build/Intermediates.noindex/GRDB.build/Debug-iphonesimulator/GRDB.build/GRDB.DependencyStaticMetadataFileList

WriteAuxiliaryFile /Users/zibuyu/Library/Developer/Xcode/DerivedData/LangoTrace-hdfadqhothdwgbahopjjqiwrxhky/Build/Intermediates.noindex/GRDB.build/Debug-iphonesimulator/GRDB.build/Objects-normal/arm64/GRDB.SwiftConstValuesFileList (in target 'GRDB' from project 'GRDB')
    cd /Users/zibuyu/Library/Developer/Xcode/DerivedData/LangoTrace-hdfadqhothdwgbahopjjqiwrxhky/SourcePackages/checkouts/GRDB.swift
    write-file /Users/zibuyu/Library/Developer/Xcode/DerivedData/LangoTrace-hdfadqhothdwgbahopjjqiwrxhky/Build/Intermediates.noindex/GRDB.build/Debug-iphonesimulator/GRDB.build/Objects-normal/arm64/GRDB.SwiftConstValuesFileList

WriteAuxiliaryFile /Users/zibuyu/Library/Developer/Xcode/DerivedData/LangoTrace-hdfadqhothdwgbahopjjqiwrxhky/Build/Intermediates.noindex/GRDB.build/Debug-iphonesimulator/GRDB.build/Objects-normal/arm64/GRDB_const_extract_protocols.json (in target 'GRDB' from project 'GRDB')
    cd /Users/zibuyu/Library/Developer/Xcode/DerivedData/LangoTrace-hdfadqhothdwgbahopjjqiwrxhky/SourcePackages/checkouts/GRDB.swift
    write-file /Users/zibuyu/Library/Developer/Xcode/DerivedData/LangoTrace-hdfadqhothdwgbahopjjqiwrxhky/Build/Intermediates.noindex/GRDB.build/Debug-iphonesimulator/GRDB.build/Objects-normal/arm64/GRDB_const_extract_protocols.json

WriteAuxiliaryFile /Users/zibuyu/Library/Developer/Xcode/DerivedData/LangoTrace-hdfadqhothdwgbahopjjqiwrxhky/Build/Intermediates.noindex/GRDB.build/Debug-iphonesimulator/GRDB.build/GRDB.DependencyMetadataFileList (in target 'GRDB' from project 'GRDB')
    cd /Users/zibuyu/Library/Developer/Xcode/DerivedData/LangoTrace-hdfadqhothdwgbahopjjqiwrxhky/SourcePackages/checkouts/GRDB.swift
    write-file /Users/zibuyu/Library/Developer/Xcode/DerivedData/LangoTrace-hdfadqhothdwgbahopjjqiwrxhky/Build/Intermediates.noindex/GRDB.build/Debug-iphonesimulator/GRDB.build/GRDB.DependencyMetadataFileList

MkDir /Users/zibuyu/Library/Developer/Xcode/DerivedData/LangoTrace-hdfadqhothdwgbahopjjqiwrxhky/Build/Products/Debug-iphonesimulator/LangoTrace.app (in target 'LangoTrace-iOS' from project 'LangoTrace')
    cd /Users/zibuyu/code/zibuyu/LangoTrace
    /bin/mkdir -p /Users/zibuyu/Library/Developer/Xcode/DerivedData/LangoTrace-hdfadqhothdwgbahopjjqiwrxhky/Build/Products/Debug-iphonesimulator/LangoTrace.app

WriteAuxiliaryFile /Users/zibuyu/Library/Developer/Xcode/DerivedData/LangoTrace-hdfadqhothdwgbahopjjqiwrxhky/Build/Intermediates.noindex/GRDB.build/Debug-iphonesimulator/GRDB.build/DerivedSources/resource_bundle_accessor.swift (in target 'GRDB' from project 'GRDB')
    cd /Users/zibuyu/Library/Developer/Xcode/DerivedData/LangoTrace-hdfadqhothdwgbahopjjqiwrxhky/SourcePackages/checkouts/GRDB.swift
    write-file /Users/zibuyu/Library/Developer/Xcode/DerivedData/LangoTrace-hdfadqhothdwgbahopjjqiwrxhky/Build/Intermediates.noindex/GRDB.build/Debug-iphonesimulator/GRDB.build/DerivedSources/resource_bundle_accessor.swift

Copy /Users/zibuyu/Library/Developer/Xcode/DerivedData/LangoTrace-hdfadqhothdwgbahopjjqiwrxhky/Build/Intermediates.noindex/GeneratedModuleMaps-iphonesimulator/GRDB.modulemap /Users/zibuyu/Library/Developer/Xcode/DerivedData/LangoTrace-hdfadqhothdwgbahopjjqiwrxhky/Build/Intermediates.noindex/GRDB.build/Debug-iphonesimulator/GRDB.build/GRDB.modulemap (in target 'GRDB' from project 'GRDB')
    cd /Users/zibuyu/Library/Developer/Xcode/DerivedData/LangoTrace-hdfadqhothdwgbahopjjqiwrxhky/SourcePackages/checkouts/GRDB.swift
    builtin-copy -exclude .DS_Store -exclude CVS -exclude .svn -exclude .git -exclude .hg -resolve-src-symlinks /Users/zibuyu/Library/Developer/Xcode/DerivedData/LangoTrace-hdfadqhothdwgbahopjjqiwrxhky/Build/Intermediates.noindex/GRDB.build/Debug-iphonesimulator/GRDB.build/GRDB.modulemap /Users/zibuyu/Library/Developer/Xcode/DerivedData/LangoTrace-hdfadqhothdwgbahopjjqiwrxhky/Build/Intermediates.noindex/GeneratedModuleMaps-iphonesimulator

ProcessInfoPlistFile /Users/zibuyu/Library/Developer/Xcode/DerivedData/LangoTrace-hdfadqhothdwgbahopjjqiwrxhky/Build/Products/Debug-iphonesimulator/LangoTraceUI_LangoTraceUI.bundle/Info.plist /Users/zibuyu/Library/Developer/Xcode/DerivedData/LangoTrace-hdfadqhothdwgbahopjjqiwrxhky/Build/Intermediates.noindex/LangoTraceUI.build/Debug-iphonesimulator/LangoTraceUI_LangoTraceUI.build/empty-LangoTraceUI_LangoTraceUI.plist (in target 'LangoTraceUI_LangoTraceUI' from project 'LangoTraceUI')
    cd /Users/zibuyu/code/zibuyu/LangoTrace/Packages/LangoTraceUI
    builtin-infoPlistUtility /Users/zibuyu/Library/Developer/Xcode/DerivedData/LangoTrace-hdfadqhothdwgbahopjjqiwrxhky/Build/Intermediates.noindex/LangoTraceUI.build/Debug-iphonesimulator/LangoTraceUI_LangoTraceUI.build/empty-LangoTraceUI_LangoTraceUI.plist -producttype com.apple.product-type.bundle -expandbuildsettings -format binary -platform iphonesimulator -o /Users/zibuyu/Library/Developer/Xcode/DerivedData/LangoTrace-hdfadqhothdwgbahopjjqiwrxhky/Build/Products/Debug-iphonesimulator/LangoTraceUI_LangoTraceUI.bundle/Info.plist

CpResource /Users/zibuyu/Library/Developer/Xcode/DerivedData/LangoTrace-hdfadqhothdwgbahopjjqiwrxhky/Build/Products/Debug-iphonesimulator/LangoTraceAI_LangoTraceAI.bundle/blue-square.png /Users/zibuyu/code/zibuyu/LangoTrace/Packages/LangoTraceAI/Sources/LangoTraceAI/Resources/AIProviderProbe/blue-square.png (in target 'LangoTraceAI_LangoTraceAI' from project 'LangoTraceAI')
    cd /Users/zibuyu/code/zibuyu/LangoTrace/Packages/LangoTraceAI
    builtin-copy -exclude .DS_Store -exclude CVS -exclude .svn -exclude .git -exclude .hg -resolve-src-symlinks /Users/zibuyu/code/zibuyu/LangoTrace/Packages/LangoTraceAI/Sources/LangoTraceAI/Resources/AIProviderProbe/blue-square.png /Users/zibuyu/Library/Developer/Xcode/DerivedData/LangoTrace-hdfadqhothdwgbahopjjqiwrxhky/Build/Products/Debug-iphonesimulator/LangoTraceAI_LangoTraceAI.bundle

ProcessInfoPlistFile /Users/zibuyu/Library/Developer/Xcode/DerivedData/LangoTrace-hdfadqhothdwgbahopjjqiwrxhky/Build/Products/Debug-iphonesimulator/LangoTraceAI_LangoTraceAI.bundle/Info.plist /Users/zibuyu/Library/Developer/Xcode/DerivedData/LangoTrace-hdfadqhothdwgbahopjjqiwrxhky/Build/Intermediates.noindex/LangoTraceAI.build/Debug-iphonesimulator/LangoTraceAI_LangoTraceAI.build/empty-LangoTraceAI_LangoTraceAI.plist (in target 'LangoTraceAI_LangoTraceAI' from project 'LangoTraceAI')
    cd /Users/zibuyu/code/zibuyu/LangoTrace/Packages/LangoTraceAI
    builtin-infoPlistUtility /Users/zibuyu/Library/Developer/Xcode/DerivedData/LangoTrace-hdfadqhothdwgbahopjjqiwrxhky/Build/Intermediates.noindex/LangoTraceAI.build/Debug-iphonesimulator/LangoTraceAI_LangoTraceAI.build/empty-LangoTraceAI_LangoTraceAI.plist -producttype com.apple.product-type.bundle -expandbuildsettings -format binary -platform iphonesimulator -o /Users/zibuyu/Library/Developer/Xcode/DerivedData/LangoTrace-hdfadqhothdwgbahopjjqiwrxhky/Build/Products/Debug-iphonesimulator/LangoTraceAI_LangoTraceAI.bundle/Info.plist

CompileXCStrings /Users/zibuyu/Library/Developer/Xcode/DerivedData/LangoTrace-hdfadqhothdwgbahopjjqiwrxhky/Build/Intermediates.noindex/LangoTraceUI.build/Debug-iphonesimulator/LangoTraceUI_LangoTraceUI.build/ /Users/zibuyu/code/zibuyu/LangoTrace/Packages/LangoTraceUI/Sources/LangoTraceUI/Resources/Localizable.xcstrings (in target 'LangoTraceUI_LangoTraceUI' from project 'LangoTraceUI')
    cd /Users/zibuyu/code/zibuyu/LangoTrace/Packages/LangoTraceUI
    /Applications/Xcode.app/Contents/Developer/usr/bin/xcstringstool compile --output-directory /Users/zibuyu/Library/Developer/Xcode/DerivedData/LangoTrace-hdfadqhothdwgbahopjjqiwrxhky/Build/Intermediates.noindex/LangoTraceUI.build/Debug-iphonesimulator/LangoTraceUI_LangoTraceUI.build /Users/zibuyu/code/zibuyu/LangoTrace/Packages/LangoTraceUI/Sources/LangoTraceUI/Resources/Localizable.xcstrings

ProcessInfoPlistFile /Users/zibuyu/Library/Developer/Xcode/DerivedData/LangoTrace-hdfadqhothdwgbahopjjqiwrxhky/Build/Products/Debug-iphonesimulator/GRDB_GRDB.bundle/Info.plist /Users/zibuyu/Library/Developer/Xcode/DerivedData/LangoTrace-hdfadqhothdwgbahopjjqiwrxhky/Build/Intermediates.noindex/GRDB.build/Debug-iphonesimulator/GRDB_GRDB.build/empty-GRDB_GRDB.plist (in target 'GRDB_GRDB' from project 'GRDB')
    cd /Users/zibuyu/Library/Developer/Xcode/DerivedData/LangoTrace-hdfadqhothdwgbahopjjqiwrxhky/SourcePackages/checkouts/GRDB.swift
    builtin-infoPlistUtility /Users/zibuyu/Library/Developer/Xcode/DerivedData/LangoTrace-hdfadqhothdwgbahopjjqiwrxhky/Build/Intermediates.noindex/GRDB.build/Debug-iphonesimulator/GRDB_GRDB.build/empty-GRDB_GRDB.plist -producttype com.apple.product-type.bundle -expandbuildsettings -format binary -platform iphonesimulator -o /Users/zibuyu/Library/Developer/Xcode/DerivedData/LangoTrace-hdfadqhothdwgbahopjjqiwrxhky/Build/Products/Debug-iphonesimulator/GRDB_GRDB.bundle/Info.plist

CpResource /Users/zibuyu/Library/Developer/Xcode/DerivedData/LangoTrace-hdfadqhothdwgbahopjjqiwrxhky/Build/Products/Debug-iphonesimulator/GRDB_GRDB.bundle/PrivacyInfo.xcprivacy /Users/zibuyu/Library/Developer/Xcode/DerivedData/LangoTrace-hdfadqhothdwgbahopjjqiwrxhky/SourcePackages/checkouts/GRDB.swift/GRDB/PrivacyInfo.xcprivacy (in target 'GRDB_GRDB' from project 'GRDB')
    cd /Users/zibuyu/Library/Developer/Xcode/DerivedData/LangoTrace-hdfadqhothdwgbahopjjqiwrxhky/SourcePackages/checkouts/GRDB.swift
    builtin-copy -exclude .DS_Store -exclude CVS -exclude .svn -exclude .git -exclude .hg -resolve-src-symlinks /Users/zibuyu/Library/Developer/Xcode/DerivedData/LangoTrace-hdfadqhothdwgbahopjjqiwrxhky/SourcePackages/checkouts/GRDB.swift/GRDB/PrivacyInfo.xcprivacy /Users/zibuyu/Library/Developer/Xcode/DerivedData/LangoTrace-hdfadqhothdwgbahopjjqiwrxhky/Build/Products/Debug-iphonesimulator/GRDB_GRDB.bundle

CodeSign /Users/zibuyu/Library/Developer/Xcode/DerivedData/LangoTrace-hdfadqhothdwgbahopjjqiwrxhky/Build/Products/Debug-iphonesimulator/LangoTraceAI_LangoTraceAI.bundle (in target 'LangoTraceAI_LangoTraceAI' from project 'LangoTraceAI')
    cd /Users/zibuyu/code/zibuyu/LangoTrace/Packages/LangoTraceAI
    
    Signing Identity:     "Sign to Run Locally"
    
    /usr/bin/codesign --force --sign - --timestamp\=none --generate-entitlement-der /Users/zibuyu/Library/Developer/Xcode/DerivedData/LangoTrace-hdfadqhothdwgbahopjjqiwrxhky/Build/Products/Debug-iphonesimulator/LangoTraceAI_LangoTraceAI.bundle

CodeSign /Users/zibuyu/Library/Developer/Xcode/DerivedData/LangoTrace-hdfadqhothdwgbahopjjqiwrxhky/Build/Products/Debug-iphonesimulator/GRDB_GRDB.bundle (in target 'GRDB_GRDB' from project 'GRDB')
    cd /Users/zibuyu/Library/Developer/Xcode/DerivedData/LangoTrace-hdfadqhothdwgbahopjjqiwrxhky/SourcePackages/checkouts/GRDB.swift
    
    Signing Identity:     "Sign to Run Locally"
    
    /usr/bin/codesign --force --sign - --timestamp\=none --generate-entitlement-der /Users/zibuyu/Library/Developer/Xcode/DerivedData/LangoTrace-hdfadqhothdwgbahopjjqiwrxhky/Build/Products/Debug-iphonesimulator/GRDB_GRDB.bundle

RegisterExecutionPolicyException /Users/zibuyu/Library/Developer/Xcode/DerivedData/LangoTrace-hdfadqhothdwgbahopjjqiwrxhky/Build/Products/Debug-iphonesimulator/LangoTraceAI_LangoTraceAI.bundle (in target 'LangoTraceAI_LangoTraceAI' from project 'LangoTraceAI')
    cd /Users/zibuyu/code/zibuyu/LangoTrace/Packages/LangoTraceAI
    builtin-RegisterExecutionPolicyException /Users/zibuyu/Library/Developer/Xcode/DerivedData/LangoTrace-hdfadqhothdwgbahopjjqiwrxhky/Build/Products/Debug-iphonesimulator/LangoTraceAI_LangoTraceAI.bundle

RegisterExecutionPolicyException /Users/zibuyu/Library/Developer/Xcode/DerivedData/LangoTrace-hdfadqhothdwgbahopjjqiwrxhky/Build/Products/Debug-iphonesimulator/GRDB_GRDB.bundle (in target 'GRDB_GRDB' from project 'GRDB')
    cd /Users/zibuyu/Library/Developer/Xcode/DerivedData/LangoTrace-hdfadqhothdwgbahopjjqiwrxhky/SourcePackages/checkouts/GRDB.swift
    builtin-RegisterExecutionPolicyException /Users/zibuyu/Library/Developer/Xcode/DerivedData/LangoTrace-hdfadqhothdwgbahopjjqiwrxhky/Build/Products/Debug-iphonesimulator/GRDB_GRDB.bundle

Touch /Users/zibuyu/Library/Developer/Xcode/DerivedData/LangoTrace-hdfadqhothdwgbahopjjqiwrxhky/Build/Products/Debug-iphonesimulator/GRDB_GRDB.bundle (in target 'GRDB_GRDB' from project 'GRDB')
    cd /Users/zibuyu/Library/Developer/Xcode/DerivedData/LangoTrace-hdfadqhothdwgbahopjjqiwrxhky/SourcePackages/checkouts/GRDB.swift
    /usr/bin/touch -c /Users/zibuyu/Library/Developer/Xcode/DerivedData/LangoTrace-hdfadqhothdwgbahopjjqiwrxhky/Build/Products/Debug-iphonesimulator/GRDB_GRDB.bundle

Touch /Users/zibuyu/Library/Developer/Xcode/DerivedData/LangoTrace-hdfadqhothdwgbahopjjqiwrxhky/Build/Products/Debug-iphonesimulator/LangoTraceAI_LangoTraceAI.bundle (in target 'LangoTraceAI_LangoTraceAI' from project 'LangoTraceAI')
    cd /Users/zibuyu/code/zibuyu/LangoTrace/Packages/LangoTraceAI
    /usr/bin/touch -c /Users/zibuyu/Library/Developer/Xcode/DerivedData/LangoTrace-hdfadqhothdwgbahopjjqiwrxhky/Build/Products/Debug-iphonesimulator/LangoTraceAI_LangoTraceAI.bundle

CopyStringsFile /Users/zibuyu/Library/Developer/Xcode/DerivedData/LangoTrace-hdfadqhothdwgbahopjjqiwrxhky/Build/Products/Debug-iphonesimulator/LangoTraceUI_LangoTraceUI.bundle/ru.lproj/Localizable.strings /Users/zibuyu/Library/Developer/Xcode/DerivedData/LangoTrace-hdfadqhothdwgbahopjjqiwrxhky/Build/Intermediates.noindex/LangoTraceUI.build/Debug-iphonesimulator/LangoTraceUI_LangoTraceUI.build/ru.lproj/Localizable.strings (in target 'LangoTraceUI_LangoTraceUI' from project 'LangoTraceUI')
    cd /Users/zibuyu/code/zibuyu/LangoTrace/Packages/LangoTraceUI
    builtin-copyStrings --validate --outputencoding binary --outfilename Localizable.strings --outdir /Users/zibuyu/Library/Developer/Xcode/DerivedData/LangoTrace-hdfadqhothdwgbahopjjqiwrxhky/Build/Products/Debug-iphonesimulator/LangoTraceUI_LangoTraceUI.bundle/ru.lproj -- /Users/zibuyu/Library/Developer/Xcode/DerivedData/LangoTrace-hdfadqhothdwgbahopjjqiwrxhky/Build/Intermediates.noindex/LangoTraceUI.build/Debug-iphonesimulator/LangoTraceUI_LangoTraceUI.build/ru.lproj/Localizable.strings
/Users/zibuyu/Library/Developer/Xcode/DerivedData/LangoTrace-hdfadqhothdwgbahopjjqiwrxhky/Build/Intermediates.noindex/LangoTraceUI.build/Debug-iphonesimulator/LangoTraceUI_LangoTraceUI.build/ru.lproj/Localizable.strings:1:1: note: detected encoding of input file as Unicode (UTF-8) (in target 'LangoTraceUI_LangoTraceUI' from project 'LangoTraceUI')

CopyStringsFile /Users/zibuyu/Library/Developer/Xcode/DerivedData/LangoTrace-hdfadqhothdwgbahopjjqiwrxhky/Build/Products/Debug-iphonesimulator/LangoTraceUI_LangoTraceUI.bundle/ja.lproj/Localizable.strings /Users/zibuyu/Library/Developer/Xcode/DerivedData/LangoTrace-hdfadqhothdwgbahopjjqiwrxhky/Build/Intermediates.noindex/LangoTraceUI.build/Debug-iphonesimulator/LangoTraceUI_LangoTraceUI.build/ja.lproj/Localizable.strings (in target 'LangoTraceUI_LangoTraceUI' from project 'LangoTraceUI')
    cd /Users/zibuyu/code/zibuyu/LangoTrace/Packages/LangoTraceUI
    builtin-copyStrings --validate --outputencoding binary --outfilename Localizable.strings --outdir /Users/zibuyu/Library/Developer/Xcode/DerivedData/LangoTrace-hdfadqhothdwgbahopjjqiwrxhky/Build/Products/Debug-iphonesimulator/LangoTraceUI_LangoTraceUI.bundle/ja.lproj -- /Users/zibuyu/Library/Developer/Xcode/DerivedData/LangoTrace-hdfadqhothdwgbahopjjqiwrxhky/Build/Intermediates.noindex/LangoTraceUI.build/Debug-iphonesimulator/LangoTraceUI_LangoTraceUI.build/ja.lproj/Localizable.strings
/Users/zibuyu/Library/Developer/Xcode/DerivedData/LangoTrace-hdfadqhothdwgbahopjjqiwrxhky/Build/Intermediates.noindex/LangoTraceUI.build/Debug-iphonesimulator/LangoTraceUI_LangoTraceUI.build/ja.lproj/Localizable.strings:1:1: note: detected encoding of input file as Unicode (UTF-8) (in target 'LangoTraceUI_LangoTraceUI' from project 'LangoTraceUI')

CopyStringsFile /Users/zibuyu/Library/Developer/Xcode/DerivedData/LangoTrace-hdfadqhothdwgbahopjjqiwrxhky/Build/Products/Debug-iphonesimulator/LangoTraceUI_LangoTraceUI.bundle/fr.lproj/Localizable.strings /Users/zibuyu/Library/Developer/Xcode/DerivedData/LangoTrace-hdfadqhothdwgbahopjjqiwrxhky/Build/Intermediates.noindex/LangoTraceUI.build/Debug-iphonesimulator/LangoTraceUI_LangoTraceUI.build/fr.lproj/Localizable.strings (in target 'LangoTraceUI_LangoTraceUI' from project 'LangoTraceUI')
    cd /Users/zibuyu/code/zibuyu/LangoTrace/Packages/LangoTraceUI
    builtin-copyStrings --validate --outputencoding binary --outfilename Localizable.strings --outdir /Users/zibuyu/Library/Developer/Xcode/DerivedData/LangoTrace-hdfadqhothdwgbahopjjqiwrxhky/Build/Products/Debug-iphonesimulator/LangoTraceUI_LangoTraceUI.bundle/fr.lproj -- /Users/zibuyu/Library/Developer/Xcode/DerivedData/LangoTrace-hdfadqhothdwgbahopjjqiwrxhky/Build/Intermediates.noindex/LangoTraceUI.build/Debug-iphonesimulator/LangoTraceUI_LangoTraceUI.build/fr.lproj/Localizable.strings
/Users/zibuyu/Library/Developer/Xcode/DerivedData/LangoTrace-hdfadqhothdwgbahopjjqiwrxhky/Build/Intermediates.noindex/LangoTraceUI.build/Debug-iphonesimulator/LangoTraceUI_LangoTraceUI.build/fr.lproj/Localizable.strings:1:1: note: detected encoding of input file as Unicode (UTF-8) (in target 'LangoTraceUI_LangoTraceUI' from project 'LangoTraceUI')

CopyStringsFile /Users/zibuyu/Library/Developer/Xcode/DerivedData/LangoTrace-hdfadqhothdwgbahopjjqiwrxhky/Build/Products/Debug-iphonesimulator/LangoTraceUI_LangoTraceUI.bundle/ko.lproj/Localizable.strings /Users/zibuyu/Library/Developer/Xcode/DerivedData/LangoTrace-hdfadqhothdwgbahopjjqiwrxhky/Build/Intermediates.noindex/LangoTraceUI.build/Debug-iphonesimulator/LangoTraceUI_LangoTraceUI.build/ko.lproj/Localizable.strings (in target 'LangoTraceUI_LangoTraceUI' from project 'LangoTraceUI')
    cd /Users/zibuyu/code/zibuyu/LangoTrace/Packages/LangoTraceUI
    builtin-copyStrings --validate --outputencoding binary --outfilename Localizable.strings --outdir /Users/zibuyu/Library/Developer/Xcode/DerivedData/LangoTrace-hdfadqhothdwgbahopjjqiwrxhky/Build/Products/Debug-iphonesimulator/LangoTraceUI_LangoTraceUI.bundle/ko.lproj -- /Users/zibuyu/Library/Developer/Xcode/DerivedData/LangoTrace-hdfadqhothdwgbahopjjqiwrxhky/Build/Intermediates.noindex/LangoTraceUI.build/Debug-iphonesimulator/LangoTraceUI_LangoTraceUI.build/ko.lproj/Localizable.strings
/Users/zibuyu/Library/Developer/Xcode/DerivedData/LangoTrace-hdfadqhothdwgbahopjjqiwrxhky/Build/Intermediates.noindex/LangoTraceUI.build/Debug-iphonesimulator/LangoTraceUI_LangoTraceUI.build/ko.lproj/Localizable.strings:1:1: note: detected encoding of input file as Unicode (UTF-8) (in target 'LangoTraceUI_LangoTraceUI' from project 'LangoTraceUI')

CopyStringsFile /Users/zibuyu/Library/Developer/Xcode/DerivedData/LangoTrace-hdfadqhothdwgbahopjjqiwrxhky/Build/Products/Debug-iphonesimulator/LangoTraceUI_LangoTraceUI.bundle/zh-Hans.lproj/Localizable.strings /Users/zibuyu/Library/Developer/Xcode/DerivedData/LangoTrace-hdfadqhothdwgbahopjjqiwrxhky/Build/Intermediates.noindex/LangoTraceUI.build/Debug-iphonesimulator/LangoTraceUI_LangoTraceUI.build/zh-Hans.lproj/Localizable.strings (in target 'LangoTraceUI_LangoTraceUI' from project 'LangoTraceUI')
    cd /Users/zibuyu/code/zibuyu/LangoTrace/Packages/LangoTraceUI
    builtin-copyStrings --validate --outputencoding binary --outfilename Localizable.strings --outdir /Users/zibuyu/Library/Developer/Xcode/DerivedData/LangoTrace-hdfadqhothdwgbahopjjqiwrxhky/Build/Products/Debug-iphonesimulator/LangoTraceUI_LangoTraceUI.bundle/zh-Hans.lproj -- /Users/zibuyu/Library/Developer/Xcode/DerivedData/LangoTrace-hdfadqhothdwgbahopjjqiwrxhky/Build/Intermediates.noindex/LangoTraceUI.build/Debug-iphonesimulator/LangoTraceUI_LangoTraceUI.build/zh-Hans.lproj/Localizable.strings
/Users/zibuyu/Library/Developer/Xcode/DerivedData/LangoTrace-hdfadqhothdwgbahopjjqiwrxhky/Build/Intermediates.noindex/LangoTraceUI.build/Debug-iphonesimulator/LangoTraceUI_LangoTraceUI.build/zh-Hans.lproj/Localizable.strings:1:1: note: detected encoding of input file as Unicode (UTF-8) (in target 'LangoTraceUI_LangoTraceUI' from project 'LangoTraceUI')

CopyStringsFile /Users/zibuyu/Library/Developer/Xcode/DerivedData/LangoTrace-hdfadqhothdwgbahopjjqiwrxhky/Build/Products/Debug-iphonesimulator/LangoTraceUI_LangoTraceUI.bundle/en.lproj/Localizable.strings /Users/zibuyu/Library/Developer/Xcode/DerivedData/LangoTrace-hdfadqhothdwgbahopjjqiwrxhky/Build/Intermediates.noindex/LangoTraceUI.build/Debug-iphonesimulator/LangoTraceUI_LangoTraceUI.build/en.lproj/Localizable.strings (in target 'LangoTraceUI_LangoTraceUI' from project 'LangoTraceUI')
    cd /Users/zibuyu/code/zibuyu/LangoTrace/Packages/LangoTraceUI
    builtin-copyStrings --validate --outputencoding binary --outfilename Localizable.strings --outdir /Users/zibuyu/Library/Developer/Xcode/DerivedData/LangoTrace-hdfadqhothdwgbahopjjqiwrxhky/Build/Products/Debug-iphonesimulator/LangoTraceUI_LangoTraceUI.bundle/en.lproj -- /Users/zibuyu/Library/Developer/Xcode/DerivedData/LangoTrace-hdfadqhothdwgbahopjjqiwrxhky/Build/Intermediates.noindex/LangoTraceUI.build/Debug-iphonesimulator/LangoTraceUI_LangoTraceUI.build/en.lproj/Localizable.strings
/Users/zibuyu/Library/Developer/Xcode/DerivedData/LangoTrace-hdfadqhothdwgbahopjjqiwrxhky/Build/Intermediates.noindex/LangoTraceUI.build/Debug-iphonesimulator/LangoTraceUI_LangoTraceUI.build/en.lproj/Localizable.strings:1:1: note: detected encoding of input file as Unicode (UTF-8) (in target 'LangoTraceUI_LangoTraceUI' from project 'LangoTraceUI')

CopyStringsFile /Users/zibuyu/Library/Developer/Xcode/DerivedData/LangoTrace-hdfadqhothdwgbahopjjqiwrxhky/Build/Products/Debug-iphonesimulator/LangoTraceUI_LangoTraceUI.bundle/es.lproj/Localizable.strings /Users/zibuyu/Library/Developer/Xcode/DerivedData/LangoTrace-hdfadqhothdwgbahopjjqiwrxhky/Build/Intermediates.noindex/LangoTraceUI.build/Debug-iphonesimulator/LangoTraceUI_LangoTraceUI.build/es.lproj/Localizable.strings (in target 'LangoTraceUI_LangoTraceUI' from project 'LangoTraceUI')
    cd /Users/zibuyu/code/zibuyu/LangoTrace/Packages/LangoTraceUI
    builtin-copyStrings --validate --outputencoding binary --outfilename Localizable.strings --outdir /Users/zibuyu/Library/Developer/Xcode/DerivedData/LangoTrace-hdfadqhothdwgbahopjjqiwrxhky/Build/Products/Debug-iphonesimulator/LangoTraceUI_LangoTraceUI.bundle/es.lproj -- /Users/zibuyu/Library/Developer/Xcode/DerivedData/LangoTrace-hdfadqhothdwgbahopjjqiwrxhky/Build/Intermediates.noindex/LangoTraceUI.build/Debug-iphonesimulator/LangoTraceUI_LangoTraceUI.build/es.lproj/Localizable.strings
/Users/zibuyu/Library/Developer/Xcode/DerivedData/LangoTrace-hdfadqhothdwgbahopjjqiwrxhky/Build/Intermediates.noindex/LangoTraceUI.build/Debug-iphonesimulator/LangoTraceUI_LangoTraceUI.build/es.lproj/Localizable.strings:1:1: note: detected encoding of input file as Unicode (UTF-8) (in target 'LangoTraceUI_LangoTraceUI' from project 'LangoTraceUI')

CopyStringsFile /Users/zibuyu/Library/Developer/Xcode/DerivedData/LangoTrace-hdfadqhothdwgbahopjjqiwrxhky/Build/Products/Debug-iphonesimulator/LangoTraceUI_LangoTraceUI.bundle/de.lproj/Localizable.strings /Users/zibuyu/Library/Developer/Xcode/DerivedData/LangoTrace-hdfadqhothdwgbahopjjqiwrxhky/Build/Intermediates.noindex/LangoTraceUI.build/Debug-iphonesimulator/LangoTraceUI_LangoTraceUI.build/de.lproj/Localizable.strings (in target 'LangoTraceUI_LangoTraceUI' from project 'LangoTraceUI')
    cd /Users/zibuyu/code/zibuyu/LangoTrace/Packages/LangoTraceUI
    builtin-copyStrings --validate --outputencoding binary --outfilename Localizable.strings --outdir /Users/zibuyu/Library/Developer/Xcode/DerivedData/LangoTrace-hdfadqhothdwgbahopjjqiwrxhky/Build/Products/Debug-iphonesimulator/LangoTraceUI_LangoTraceUI.bundle/de.lproj -- /Users/zibuyu/Library/Developer/Xcode/DerivedData/LangoTrace-hdfadqhothdwgbahopjjqiwrxhky/Build/Intermediates.noindex/LangoTraceUI.build/Debug-iphonesimulator/LangoTraceUI_LangoTraceUI.build/de.lproj/Localizable.strings
/Users/zibuyu/Library/Developer/Xcode/DerivedData/LangoTrace-hdfadqhothdwgbahopjjqiwrxhky/Build/Intermediates.noindex/LangoTraceUI.build/Debug-iphonesimulator/LangoTraceUI_LangoTraceUI.build/de.lproj/Localizable.strings:1:1: note: detected encoding of input file as Unicode (UTF-8) (in target 'LangoTraceUI_LangoTraceUI' from project 'LangoTraceUI')

CodeSign /Users/zibuyu/Library/Developer/Xcode/DerivedData/LangoTrace-hdfadqhothdwgbahopjjqiwrxhky/Build/Products/Debug-iphonesimulator/LangoTraceUI_LangoTraceUI.bundle (in target 'LangoTraceUI_LangoTraceUI' from project 'LangoTraceUI')
    cd /Users/zibuyu/code/zibuyu/LangoTrace/Packages/LangoTraceUI
    
    Signing Identity:     "Sign to Run Locally"
    
    /usr/bin/codesign --force --sign - --timestamp\=none --generate-entitlement-der /Users/zibuyu/Library/Developer/Xcode/DerivedData/LangoTrace-hdfadqhothdwgbahopjjqiwrxhky/Build/Products/Debug-iphonesimulator/LangoTraceUI_LangoTraceUI.bundle

RegisterExecutionPolicyException /Users/zibuyu/Library/Developer/Xcode/DerivedData/LangoTrace-hdfadqhothdwgbahopjjqiwrxhky/Build/Products/Debug-iphonesimulator/LangoTraceUI_LangoTraceUI.bundle (in target 'LangoTraceUI_LangoTraceUI' from project 'LangoTraceUI')
    cd /Users/zibuyu/code/zibuyu/LangoTrace/Packages/LangoTraceUI
    builtin-RegisterExecutionPolicyException /Users/zibuyu/Library/Developer/Xcode/DerivedData/LangoTrace-hdfadqhothdwgbahopjjqiwrxhky/Build/Products/Debug-iphonesimulator/LangoTraceUI_LangoTraceUI.bundle

Touch /Users/zibuyu/Library/Developer/Xcode/DerivedData/LangoTrace-hdfadqhothdwgbahopjjqiwrxhky/Build/Products/Debug-iphonesimulator/LangoTraceUI_LangoTraceUI.bundle (in target 'LangoTraceUI_LangoTraceUI' from project 'LangoTraceUI')
    cd /Users/zibuyu/code/zibuyu/LangoTrace/Packages/LangoTraceUI
    /usr/bin/touch -c /Users/zibuyu/Library/Developer/Xcode/DerivedData/LangoTrace-hdfadqhothdwgbahopjjqiwrxhky/Build/Products/Debug-iphonesimulator/LangoTraceUI_LangoTraceUI.bundle

SwiftDriver LangoTraceCore normal arm64 com.apple.xcode.tools.swift.compiler (in target 'LangoTraceCore' from project 'LangoTraceCore')
    cd /Users/zibuyu/code/zibuyu/LangoTrace/LangoTrace.xcodeproj
    builtin-SwiftDriver -- /Applications/Xcode.app/Contents/Developer/Toolchains/XcodeDefault.xctoolchain/usr/bin/swiftc -module-name LangoTraceCore -Onone @/Users/zibuyu/Library/Developer/Xcode/DerivedData/LangoTrace-hdfadqhothdwgbahopjjqiwrxhky/Build/Intermediates.noindex/LangoTraceCore.build/Debug-iphonesimulator/LangoTraceCore.build/Objects-normal/arm64/LangoTraceCore.SwiftFileList -DSWIFT_PACKAGE -DDEBUG -DSWIFT_MODULE_RESOURCE_BUNDLE_UNAVAILABLE -DXcode -plugin-path /Applications/Xcode.app/Contents/Developer/Toolchains/XcodeDefault.xctoolchain/usr/lib/swift/host/plugins/testing -enable-experimental-feature DebugDescriptionMacro -sdk /Applications/Xcode.app/Contents/Developer/Platforms/iPhoneSimulator.platform/Developer/SDKs/iPhoneSimulator26.5.sdk -target arm64-apple-ios18.0-simulator -g -module-cache-path /Users/zibuyu/Library/Developer/Xcode/DerivedData/ModuleCache.noindex -Xfrontend -serialize-debugging-options -profile-coverage-mapping -profile-generate -enable-testing -index-store-path /Users/zibuyu/Library/Developer/Xcode/DerivedData/LangoTrace-hdfadqhothdwgbahopjjqiwrxhky/Index.noindex/DataStore -Xcc -D_LIBCPP_HARDENING_MODE\=_LIBCPP_HARDENING_MODE_DEBUG -swift-version 6 -I /Users/zibuyu/Library/Developer/Xcode/DerivedData/LangoTrace-hdfadqhothdwgbahopjjqiwrxhky/Build/Products/Debug-iphonesimulator -Isystem /Applications/Xcode.app/Contents/Developer/Platforms/iPhoneSimulator.platform/Developer/usr/lib -F /Users/zibuyu/Library/Developer/Xcode/DerivedData/LangoTrace-hdfadqhothdwgbahopjjqiwrxhky/Build/Products/Debug-iphonesimulator -F /Applications/Xcode.app/Contents/Developer/Platforms/iPhoneSimulator.platform/Developer/Library/Frameworks -F /Applications/Xcode.app/Contents/Developer/Platforms/iPhoneSimulator.platform/Developer/SDKs/iPhoneSimulator26.5.sdk/Developer/Library/Frameworks -c -j10 -enable-batch-mode -incremental -Xcc -ivfsstatcache -Xcc /Users/zibuyu/Library/Developer/Xcode/DerivedData/SDKStatCaches.noindex/iphonesimulator26.5-23F73-6cfe768891a92b912361537c460fe42b.sdkstatcache -output-file-map /Users/zibuyu/Library/Developer/Xcode/DerivedData/LangoTrace-hdfadqhothdwgbahopjjqiwrxhky/Build/Intermediates.noindex/LangoTraceCore.build/Debug-iphonesimulator/LangoTraceCore.build/Objects-normal/arm64/LangoTraceCore-OutputFileMap.json -use-frontend-parseable-output -save-temps -no-color-diagnostics -explicit-module-build -module-cache-path /Users/zibuyu/Library/Developer/Xcode/DerivedData/LangoTrace-hdfadqhothdwgbahopjjqiwrxhky/Build/Intermediates.noindex/SwiftExplicitPrecompiledModules -clang-scanner-module-cache-path /Users/zibuyu/Library/Developer/Xcode/DerivedData/ModuleCache.noindex -sdk-module-cache-path /Users/zibuyu/Library/Developer/Xcode/DerivedData/ModuleCache.noindex -serialize-diagnostics -emit-dependencies -emit-module -emit-module-path /Users/zibuyu/Library/Developer/Xcode/DerivedData/LangoTrace-hdfadqhothdwgbahopjjqiwrxhky/Build/Intermediates.noindex/LangoTraceCore.build/Debug-iphonesimulator/LangoTraceCore.build/Objects-normal/arm64/LangoTraceCore.swiftmodule -validate-clang-modules-once -clang-build-session-file /Users/zibuyu/Library/Developer/Xcode/DerivedData/ModuleCache.noindex/Session.modulevalidation -package-name langotracecore -Xcc -I/Users/zibuyu/Library/Developer/Xcode/DerivedData/LangoTrace-hdfadqhothdwgbahopjjqiwrxhky/Build/Intermediates.noindex/LangoTraceCore.build/Debug-iphonesimulator/LangoTraceCore.build/swift-overrides.hmap -emit-const-values -Xfrontend -const-gather-protocols-file -Xfrontend /Users/zibuyu/Library/Developer/Xcode/DerivedData/LangoTrace-hdfadqhothdwgbahopjjqiwrxhky/Build/Intermediates.noindex/LangoTraceCore.build/Debug-iphonesimulator/LangoTraceCore.build/Objects-normal/arm64/LangoTraceCore_const_extract_protocols.json -Xcc -I/Users/zibuyu/Library/Developer/Xcode/DerivedData/LangoTrace-hdfadqhothdwgbahopjjqiwrxhky/Build/Products/Debug-iphonesimulator/include -Xcc -I/Users/zibuyu/Library/Developer/Xcode/DerivedData/LangoTrace-hdfadqhothdwgbahopjjqiwrxhky/Build/Intermediates.noindex/LangoTraceCore.build/Debug-iphonesimulator/LangoTraceCore.build/DerivedSources-normal/arm64 -Xcc -I/Users/zibuyu/Library/Developer/Xcode/DerivedData/LangoTrace-hdfadqhothdwgbahopjjqiwrxhky/Build/Intermediates.noindex/LangoTraceCore.build/Debug-iphonesimulator/LangoTraceCore.build/DerivedSources/arm64 -Xcc -I/Users/zibuyu/Library/Developer/Xcode/DerivedData/LangoTrace-hdfadqhothdwgbahopjjqiwrxhky/Build/Intermediates.noindex/LangoTraceCore.build/Debug-iphonesimulator/LangoTraceCore.build/DerivedSources -Xcc -DSWIFT_PACKAGE -Xcc -DDEBUG\=1 -emit-objc-header -emit-objc-header-path /Users/zibuyu/Library/Developer/Xcode/DerivedData/LangoTrace-hdfadqhothdwgbahopjjqiwrxhky/Build/Intermediates.noindex/LangoTraceCore.build/Debug-iphonesimulator/LangoTraceCore.build/Objects-normal/arm64/LangoTraceCore-Swift.h -working-directory /Users/zibuyu/code/zibuyu/LangoTrace/LangoTrace.xcodeproj -experimental-emit-module-separately -disable-cmo

SwiftDriver GRDB normal arm64 com.apple.xcode.tools.swift.compiler (in target 'GRDB' from project 'GRDB')
    cd /Users/zibuyu/code/zibuyu/LangoTrace/LangoTrace.xcodeproj
    builtin-SwiftDriver -- /Applications/Xcode.app/Contents/Developer/Toolchains/XcodeDefault.xctoolchain/usr/bin/swiftc -module-name GRDB -Onone @/Users/zibuyu/Library/Developer/Xcode/DerivedData/LangoTrace-hdfadqhothdwgbahopjjqiwrxhky/Build/Intermediates.noindex/GRDB.build/Debug-iphonesimulator/GRDB.build/Objects-normal/arm64/GRDB.SwiftFileList -DSWIFT_PACKAGE -DDEBUG -DSWIFT_MODULE_RESOURCE_BUNDLE_AVAILABLE -DSQLITE_ENABLE_FTS5 -DSQLITE_ENABLE_SNAPSHOT -Xcc -fmodule-map-file\=/Users/zibuyu/Library/Developer/Xcode/DerivedData/LangoTrace-hdfadqhothdwgbahopjjqiwrxhky/SourcePackages/checkouts/GRDB.swift/Sources/GRDBSQLite/module.modulemap -DXcode -plugin-path /Applications/Xcode.app/Contents/Developer/Toolchains/XcodeDefault.xctoolchain/usr/lib/swift/host/plugins/testing -enable-experimental-feature DebugDescriptionMacro -sdk /Applications/Xcode.app/Contents/Developer/Platforms/iPhoneSimulator.platform/Developer/SDKs/iPhoneSimulator26.5.sdk -target arm64-apple-ios13.0-simulator -g -module-cache-path /Users/zibuyu/Library/Developer/Xcode/DerivedData/ModuleCache.noindex -Xfrontend -serialize-debugging-options -profile-coverage-mapping -profile-generate -enable-testing -suppress-warnings -index-store-path /Users/zibuyu/Library/Developer/Xcode/DerivedData/LangoTrace-hdfadqhothdwgbahopjjqiwrxhky/Index.noindex/DataStore -Xcc -D_LIBCPP_HARDENING_MODE\=_LIBCPP_HARDENING_MODE_DEBUG -swift-version 6 -I /Users/zibuyu/Library/Developer/Xcode/DerivedData/LangoTrace-hdfadqhothdwgbahopjjqiwrxhky/Build/Products/Debug-iphonesimulator -Isystem /Applications/Xcode.app/Contents/Developer/Platforms/iPhoneSimulator.platform/Developer/usr/lib -F /Users/zibuyu/Library/Developer/Xcode/DerivedData/LangoTrace-hdfadqhothdwgbahopjjqiwrxhky/Build/Products/Debug-iphonesimulator -F /Applications/Xcode.app/Contents/Developer/Platforms/iPhoneSimulator.platform/Developer/Library/Frameworks -F /Applications/Xcode.app/Contents/Developer/Platforms/iPhoneSimulator.platform/Developer/SDKs/iPhoneSimulator26.5.sdk/Developer/Library/Frameworks -emit-localized-strings -emit-localized-strings-path /Users/zibuyu/Library/Developer/Xcode/DerivedData/LangoTrace-hdfadqhothdwgbahopjjqiwrxhky/Build/Intermediates.noindex/GRDB.build/Debug-iphonesimulator/GRDB.build/Objects-normal/arm64 -c -j10 -enable-batch-mode -incremental -Xcc -ivfsstatcache -Xcc /Users/zibuyu/Library/Developer/Xcode/DerivedData/SDKStatCaches.noindex/iphonesimulator26.5-23F73-6cfe768891a92b912361537c460fe42b.sdkstatcache -output-file-map /Users/zibuyu/Library/Developer/Xcode/DerivedData/LangoTrace-hdfadqhothdwgbahopjjqiwrxhky/Build/Intermediates.noindex/GRDB.build/Debug-iphonesimulator/GRDB.build/Objects-normal/arm64/GRDB-OutputFileMap.json -use-frontend-parseable-output -save-temps -no-color-diagnostics -explicit-module-build -module-cache-path /Users/zibuyu/Library/Developer/Xcode/DerivedData/LangoTrace-hdfadqhothdwgbahopjjqiwrxhky/Build/Intermediates.noindex/SwiftExplicitPrecompiledModules -clang-scanner-module-cache-path /Users/zibuyu/Library/Developer/Xcode/DerivedData/ModuleCache.noindex -sdk-module-cache-path /Users/zibuyu/Library/Developer/Xcode/DerivedData/ModuleCache.noindex -serialize-diagnostics -emit-dependencies -emit-module -emit-module-path /Users/zibuyu/Library/Developer/Xcode/DerivedData/LangoTrace-hdfadqhothdwgbahopjjqiwrxhky/Build/Intermediates.noindex/GRDB.build/Debug-iphonesimulator/GRDB.build/Objects-normal/arm64/GRDB.swiftmodule -user-module-version 7.10.0 -validate-clang-modules-once -clang-build-session-file /Users/zibuyu/Library/Developer/Xcode/DerivedData/ModuleCache.noindex/Session.modulevalidation -package-name grdb_swift -Xcc -I/Users/zibuyu/Library/Developer/Xcode/DerivedData/LangoTrace-hdfadqhothdwgbahopjjqiwrxhky/Build/Intermediates.noindex/GRDB.build/Debug-iphonesimulator/GRDB.build/swift-overrides.hmap -emit-const-values -Xfrontend -const-gather-protocols-file -Xfrontend /Users/zibuyu/Library/Developer/Xcode/DerivedData/LangoTrace-hdfadqhothdwgbahopjjqiwrxhky/Build/Intermediates.noindex/GRDB.build/Debug-iphonesimulator/GRDB.build/Objects-normal/arm64/GRDB_const_extract_protocols.json -Xcc -I/Users/zibuyu/Library/Developer/Xcode/DerivedData/LangoTrace-hdfadqhothdwgbahopjjqiwrxhky/Build/Products/Debug-iphonesimulator/include -Xcc -I/Users/zibuyu/Library/Developer/Xcode/DerivedData/LangoTrace-hdfadqhothdwgbahopjjqiwrxhky/Build/Intermediates.noindex/GRDB.build/Debug-iphonesimulator/GRDB.build/DerivedSources-normal/arm64 -Xcc -I/Users/zibuyu/Library/Developer/Xcode/DerivedData/LangoTrace-hdfadqhothdwgbahopjjqiwrxhky/Build/Intermediates.noindex/GRDB.build/Debug-iphonesimulator/GRDB.build/DerivedSources/arm64 -Xcc -I/Users/zibuyu/Library/Developer/Xcode/DerivedData/LangoTrace-hdfadqhothdwgbahopjjqiwrxhky/Build/Intermediates.noindex/GRDB.build/Debug-iphonesimulator/GRDB.build/DerivedSources -Xcc -DSWIFT_PACKAGE -Xcc -DDEBUG\=1 -emit-objc-header -emit-objc-header-path /Users/zibuyu/Library/Developer/Xcode/DerivedData/LangoTrace-hdfadqhothdwgbahopjjqiwrxhky/Build/Intermediates.noindex/GRDB.build/Debug-iphonesimulator/GRDB.build/Objects-normal/arm64/GRDB-Swift.h -working-directory /Users/zibuyu/code/zibuyu/LangoTrace/LangoTrace.xcodeproj -experimental-emit-module-separately -disable-cmo

SwiftEmitModule normal arm64 Emitting\ module\ for\ LangoTraceCore (in target 'LangoTraceCore' from project 'LangoTraceCore')
EmitSwiftModule normal arm64 (in target 'LangoTraceCore' from project 'LangoTraceCore')
    cd /Users/zibuyu/code/zibuyu/LangoTrace/LangoTrace.xcodeproj
    

SwiftCompile normal arm64 Compiling\ ProductIdentity.swift,\ ReadingAIExplanation.swift,\ ReadingAppearance.swift,\ ReadingDictionaryLookup.swift /Users/zibuyu/code/zibuyu/LangoTrace/Packages/LangoTraceCore/Sources/LangoTraceCore/ProductIdentity.swift /Users/zibuyu/code/zibuyu/LangoTrace/Packages/LangoTraceCore/Sources/LangoTraceCore/ReadingAIExplanation.swift /Users/zibuyu/code/zibuyu/LangoTrace/Packages/LangoTraceCore/Sources/LangoTraceCore/ReadingAppearance.swift /Users/zibuyu/code/zibuyu/LangoTrace/Packages/LangoTraceCore/Sources/LangoTraceCore/ReadingDictionaryLookup.swift (in target 'LangoTraceCore' from project 'LangoTraceCore')

SwiftCompile normal arm64 /Users/zibuyu/code/zibuyu/LangoTrace/Packages/LangoTraceCore/Sources/LangoTraceCore/ProductIdentity.swift (in target 'LangoTraceCore' from project 'LangoTraceCore')
    cd /Users/zibuyu/code/zibuyu/LangoTrace/LangoTrace.xcodeproj
    

SwiftCompile normal arm64 /Users/zibuyu/code/zibuyu/LangoTrace/Packages/LangoTraceCore/Sources/LangoTraceCore/ReadingAIExplanation.swift (in target 'LangoTraceCore' from project 'LangoTraceCore')
    cd /Users/zibuyu/code/zibuyu/LangoTrace/LangoTrace.xcodeproj
    

SwiftCompile normal arm64 /Users/zibuyu/code/zibuyu/LangoTrace/Packages/LangoTraceCore/Sources/LangoTraceCore/ReadingAppearance.swift (in target 'LangoTraceCore' from project 'LangoTraceCore')
    cd /Users/zibuyu/code/zibuyu/LangoTrace/LangoTrace.xcodeproj
    

SwiftCompile normal arm64 /Users/zibuyu/code/zibuyu/LangoTrace/Packages/LangoTraceCore/Sources/LangoTraceCore/ReadingDictionaryLookup.swift (in target 'LangoTraceCore' from project 'LangoTraceCore')
    cd /Users/zibuyu/code/zibuyu/LangoTrace/LangoTrace.xcodeproj
    

SwiftCompile normal arm64 Compiling\ LanguageSpace.swift,\ LanguageSpacePreview.swift,\ LaunchRoute.swift,\ LearningLanguage.swift,\ LearningMaterialGenerationModels.swift /Users/zibuyu/code/zibuyu/LangoTrace/Packages/LangoTraceCore/Sources/LangoTraceCore/LanguageSpace.swift /Users/zibuyu/code/zibuyu/LangoTrace/Packages/LangoTraceCore/Sources/LangoTraceCore/LanguageSpacePreview.swift /Users/zibuyu/code/zibuyu/LangoTrace/Packages/LangoTraceCore/Sources/LangoTraceCore/LaunchRoute.swift /Users/zibuyu/code/zibuyu/LangoTrace/Packages/LangoTraceCore/Sources/LangoTraceCore/LearningLanguage.swift /Users/zibuyu/code/zibuyu/LangoTrace/Packages/LangoTraceCore/Sources/LangoTraceCore/LearningMaterialGenerationModels.swift (in target 'LangoTraceCore' from project 'LangoTraceCore')
SwiftCompile normal arm64 /Users/zibuyu/code/zibuyu/LangoTrace/Packages/LangoTraceCore/Sources/LangoTraceCore/LanguageSpace.swift (in target 'LangoTraceCore' from project 'LangoTraceCore')
    cd /Users/zibuyu/code/zibuyu/LangoTrace/LangoTrace.xcodeproj
    

SwiftCompile normal arm64 /Users/zibuyu/code/zibuyu/LangoTrace/Packages/LangoTraceCore/Sources/LangoTraceCore/LanguageSpacePreview.swift (in target 'LangoTraceCore' from project 'LangoTraceCore')
    cd /Users/zibuyu/code/zibuyu/LangoTrace/LangoTrace.xcodeproj
    

SwiftCompile normal arm64 /Users/zibuyu/code/zibuyu/LangoTrace/Packages/LangoTraceCore/Sources/LangoTraceCore/LaunchRoute.swift (in target 'LangoTraceCore' from project 'LangoTraceCore')
    cd /Users/zibuyu/code/zibuyu/LangoTrace/LangoTrace.xcodeproj
    

SwiftCompile normal arm64 /Users/zibuyu/code/zibuyu/LangoTrace/Packages/LangoTraceCore/Sources/LangoTraceCore/LearningLanguage.swift (in target 'LangoTraceCore' from project 'LangoTraceCore')
    cd /Users/zibuyu/code/zibuyu/LangoTrace/LangoTrace.xcodeproj
    

SwiftCompile normal arm64 /Users/zibuyu/code/zibuyu/LangoTrace/Packages/LangoTraceCore/Sources/LangoTraceCore/LearningMaterialGenerationModels.swift (in target 'LangoTraceCore' from project 'LangoTraceCore')
    cd /Users/zibuyu/code/zibuyu/LangoTrace/LangoTrace.xcodeproj
    

SwiftCompile normal arm64 Compiling\ ReadingLifecycle.swift,\ ReadingMarkdown.swift,\ ReadingSearch.swift,\ ReadingSourceAnchor.swift /Users/zibuyu/code/zibuyu/LangoTrace/Packages/LangoTraceCore/Sources/LangoTraceCore/ReadingLifecycle.swift /Users/zibuyu/code/zibuyu/LangoTrace/Packages/LangoTraceCore/Sources/LangoTraceCore/ReadingMarkdown.swift /Users/zibuyu/code/zibuyu/LangoTrace/Packages/LangoTraceCore/Sources/LangoTraceCore/ReadingSearch.swift /Users/zibuyu/code/zibuyu/LangoTrace/Packages/LangoTraceCore/Sources/LangoTraceCore/ReadingSourceAnchor.swift (in target 'LangoTraceCore' from project 'LangoTraceCore')

SwiftCompile normal arm64 /Users/zibuyu/code/zibuyu/LangoTrace/Packages/LangoTraceCore/Sources/LangoTraceCore/ReadingLifecycle.swift (in target 'LangoTraceCore' from project 'LangoTraceCore')
    cd /Users/zibuyu/code/zibuyu/LangoTrace/LangoTrace.xcodeproj
    

SwiftCompile normal arm64 /Users/zibuyu/code/zibuyu/LangoTrace/Packages/LangoTraceCore/Sources/LangoTraceCore/ReadingMarkdown.swift (in target 'LangoTraceCore' from project 'LangoTraceCore')
    cd /Users/zibuyu/code/zibuyu/LangoTrace/LangoTrace.xcodeproj
    

SwiftCompile normal arm64 /Users/zibuyu/code/zibuyu/LangoTrace/Packages/LangoTraceCore/Sources/LangoTraceCore/ReadingSearch.swift (in target 'LangoTraceCore' from project 'LangoTraceCore')
    cd /Users/zibuyu/code/zibuyu/LangoTrace/LangoTrace.xcodeproj
    

SwiftCompile normal arm64 /Users/zibuyu/code/zibuyu/LangoTrace/Packages/LangoTraceCore/Sources/LangoTraceCore/ReadingSourceAnchor.swift (in target 'LangoTraceCore' from project 'LangoTraceCore')
    cd /Users/zibuyu/code/zibuyu/LangoTrace/LangoTrace.xcodeproj
    

SwiftCompile normal arm64 Compiling\ MediaArtifact.swift,\ ModuleMarker.swift,\ OnboardingDraft.swift,\ PhoneRootTab.swift,\ PlatformRole.swift /Users/zibuyu/code/zibuyu/LangoTrace/Packages/LangoTraceCore/Sources/LangoTraceCore/MediaArtifact.swift /Users/zibuyu/code/zibuyu/LangoTrace/Packages/LangoTraceCore/Sources/LangoTraceCore/ModuleMarker.swift /Users/zibuyu/code/zibuyu/LangoTrace/Packages/LangoTraceCore/Sources/LangoTraceCore/OnboardingDraft.swift /Users/zibuyu/code/zibuyu/LangoTrace/Packages/LangoTraceCore/Sources/LangoTraceCore/PhoneRootTab.swift /Users/zibuyu/code/zibuyu/LangoTrace/Packages/LangoTraceCore/Sources/LangoTraceCore/PlatformRole.swift (in target 'LangoTraceCore' from project 'LangoTraceCore')

SwiftCompile normal arm64 /Users/zibuyu/code/zibuyu/LangoTrace/Packages/LangoTraceCore/Sources/LangoTraceCore/MediaArtifact.swift (in target 'LangoTraceCore' from project 'LangoTraceCore')
    cd /Users/zibuyu/code/zibuyu/LangoTrace/LangoTrace.xcodeproj
    

SwiftCompile normal arm64 /Users/zibuyu/code/zibuyu/LangoTrace/Packages/LangoTraceCore/Sources/LangoTraceCore/ModuleMarker.swift (in target 'LangoTraceCore' from project 'LangoTraceCore')
    cd /Users/zibuyu/code/zibuyu/LangoTrace/LangoTrace.xcodeproj
    

SwiftCompile normal arm64 /Users/zibuyu/code/zibuyu/LangoTrace/Packages/LangoTraceCore/Sources/LangoTraceCore/OnboardingDraft.swift (in target 'LangoTraceCore' from project 'LangoTraceCore')
    cd /Users/zibuyu/code/zibuyu/LangoTrace/LangoTrace.xcodeproj
    

SwiftCompile normal arm64 /Users/zibuyu/code/zibuyu/LangoTrace/Packages/LangoTraceCore/Sources/LangoTraceCore/PhoneRootTab.swift (in target 'LangoTraceCore' from project 'LangoTraceCore')
    cd /Users/zibuyu/code/zibuyu/LangoTrace/LangoTrace.xcodeproj
    

SwiftCompile normal arm64 /Users/zibuyu/code/zibuyu/LangoTrace/Packages/LangoTraceCore/Sources/LangoTraceCore/PlatformRole.swift (in target 'LangoTraceCore' from project 'LangoTraceCore')
    cd /Users/zibuyu/code/zibuyu/LangoTrace/LangoTrace.xcodeproj
    

SwiftCompile normal arm64 Compiling\ ReadingExplanationCache.swift,\ ReadingImport.swift,\ ReadingImportRegistry.swift,\ ReadingLibrary.swift /Users/zibuyu/code/zibuyu/LangoTrace/Packages/LangoTraceCore/Sources/LangoTraceCore/ReadingExplanationCache.swift /Users/zibuyu/code/zibuyu/LangoTrace/Packages/LangoTraceCore/Sources/LangoTraceCore/ReadingImport.swift /Users/zibuyu/code/zibuyu/LangoTrace/Packages/LangoTraceCore/Sources/LangoTraceCore/ReadingImportRegistry.swift /Users/zibuyu/code/zibuyu/LangoTrace/Packages/LangoTraceCore/Sources/LangoTraceCore/ReadingLibrary.swift (in target 'LangoTraceCore' from project 'LangoTraceCore')

SwiftCompile normal arm64 /Users/zibuyu/code/zibuyu/LangoTrace/Packages/LangoTraceCore/Sources/LangoTraceCore/ReadingExplanationCache.swift (in target 'LangoTraceCore' from project 'LangoTraceCore')
    cd /Users/zibuyu/code/zibuyu/LangoTrace/LangoTrace.xcodeproj
    

SwiftCompile normal arm64 /Users/zibuyu/code/zibuyu/LangoTrace/Packages/LangoTraceCore/Sources/LangoTraceCore/ReadingImport.swift (in target 'LangoTraceCore' from project 'LangoTraceCore')
    cd /Users/zibuyu/code/zibuyu/LangoTrace/LangoTrace.xcodeproj
    

SwiftCompile normal arm64 /Users/zibuyu/code/zibuyu/LangoTrace/Packages/LangoTraceCore/Sources/LangoTraceCore/ReadingImportRegistry.swift (in target 'LangoTraceCore' from project 'LangoTraceCore')
    cd /Users/zibuyu/code/zibuyu/LangoTrace/LangoTrace.xcodeproj
    

SwiftCompile normal arm64 /Users/zibuyu/code/zibuyu/LangoTrace/Packages/LangoTraceCore/Sources/LangoTraceCore/ReadingLibrary.swift (in target 'LangoTraceCore' from project 'LangoTraceCore')
    cd /Users/zibuyu/code/zibuyu/LangoTrace/LangoTrace.xcodeproj
    

SwiftCompile normal arm64 Compiling\ PracticeAudioCoordination.swift,\ PracticeRecordingArtifact.swift,\ PracticeSession.swift,\ PracticeSessionReducer.swift,\ PrivacyStatus.swift /Users/zibuyu/code/zibuyu/LangoTrace/Packages/LangoTraceCore/Sources/LangoTraceCore/PracticeAudioCoordination.swift /Users/zibuyu/code/zibuyu/LangoTrace/Packages/LangoTraceCore/Sources/LangoTraceCore/PracticeRecordingArtifact.swift /Users/zibuyu/code/zibuyu/LangoTrace/Packages/LangoTraceCore/Sources/LangoTraceCore/PracticeSession.swift /Users/zibuyu/code/zibuyu/LangoTrace/Packages/LangoTraceCore/Sources/LangoTraceCore/PracticeSessionReducer.swift /Users/zibuyu/code/zibuyu/LangoTrace/Packages/LangoTraceCore/Sources/LangoTraceCore/PrivacyStatus.swift (in target 'LangoTraceCore' from project 'LangoTraceCore')

SwiftCompile normal arm64 /Users/zibuyu/code/zibuyu/LangoTrace/Packages/LangoTraceCore/Sources/LangoTraceCore/PracticeAudioCoordination.swift (in target 'LangoTraceCore' from project 'LangoTraceCore')
    cd /Users/zibuyu/code/zibuyu/LangoTrace/LangoTrace.xcodeproj
    

SwiftCompile normal arm64 /Users/zibuyu/code/zibuyu/LangoTrace/Packages/LangoTraceCore/Sources/LangoTraceCore/PracticeRecordingArtifact.swift (in target 'LangoTraceCore' from project 'LangoTraceCore')
    cd /Users/zibuyu/code/zibuyu/LangoTrace/LangoTrace.xcodeproj
    

SwiftCompile normal arm64 /Users/zibuyu/code/zibuyu/LangoTrace/Packages/LangoTraceCore/Sources/LangoTraceCore/PracticeSession.swift (in target 'LangoTraceCore' from project 'LangoTraceCore')
    cd /Users/zibuyu/code/zibuyu/LangoTrace/LangoTrace.xcodeproj
    

SwiftCompile normal arm64 /Users/zibuyu/code/zibuyu/LangoTrace/Packages/LangoTraceCore/Sources/LangoTraceCore/PracticeSessionReducer.swift (in target 'LangoTraceCore' from project 'LangoTraceCore')
    cd /Users/zibuyu/code/zibuyu/LangoTrace/LangoTrace.xcodeproj
    

SwiftCompile normal arm64 /Users/zibuyu/code/zibuyu/LangoTrace/Packages/LangoTraceCore/Sources/LangoTraceCore/PrivacyStatus.swift (in target 'LangoTraceCore' from project 'LangoTraceCore')
    cd /Users/zibuyu/code/zibuyu/LangoTrace/LangoTrace.xcodeproj
    

SwiftCompile normal arm64 Compiling\ DiagnosticLogger.swift,\ ExplanationLanguageMode.swift,\ InterfaceLanguagePreference.swift,\ InterfaceLanguagePreferenceStore.swift,\ LanguageLevel.swift /Users/zibuyu/code/zibuyu/LangoTrace/Packages/LangoTraceCore/Sources/LangoTraceCore/DiagnosticLogger.swift /Users/zibuyu/code/zibuyu/LangoTrace/Packages/LangoTraceCore/Sources/LangoTraceCore/ExplanationLanguageMode.swift /Users/zibuyu/code/zibuyu/LangoTrace/Packages/LangoTraceCore/Sources/LangoTraceCore/InterfaceLanguagePreference.swift /Users/zibuyu/code/zibuyu/LangoTrace/Packages/LangoTraceCore/Sources/LangoTraceCore/InterfaceLanguagePreferenceStore.swift /Users/zibuyu/code/zibuyu/LangoTrace/Packages/LangoTraceCore/Sources/LangoTraceCore/LanguageLevel.swift (in target 'LangoTraceCore' from project 'LangoTraceCore')

SwiftCompile normal arm64 /Users/zibuyu/code/zibuyu/LangoTrace/Packages/LangoTraceCore/Sources/LangoTraceCore/DiagnosticLogger.swift (in target 'LangoTraceCore' from project 'LangoTraceCore')
    cd /Users/zibuyu/code/zibuyu/LangoTrace/LangoTrace.xcodeproj
    

SwiftCompile normal arm64 /Users/zibuyu/code/zibuyu/LangoTrace/Packages/LangoTraceCore/Sources/LangoTraceCore/ExplanationLanguageMode.swift (in target 'LangoTraceCore' from project 'LangoTraceCore')
    cd /Users/zibuyu/code/zibuyu/LangoTrace/LangoTrace.xcodeproj
    

SwiftCompile normal arm64 /Users/zibuyu/code/zibuyu/LangoTrace/Packages/LangoTraceCore/Sources/LangoTraceCore/InterfaceLanguagePreference.swift (in target 'LangoTraceCore' from project 'LangoTraceCore')
    cd /Users/zibuyu/code/zibuyu/LangoTrace/LangoTrace.xcodeproj
    

SwiftCompile normal arm64 /Users/zibuyu/code/zibuyu/LangoTrace/Packages/LangoTraceCore/Sources/LangoTraceCore/InterfaceLanguagePreferenceStore.swift (in target 'LangoTraceCore' from project 'LangoTraceCore')
    cd /Users/zibuyu/code/zibuyu/LangoTrace/LangoTrace.xcodeproj
    

SwiftCompile normal arm64 /Users/zibuyu/code/zibuyu/LangoTrace/Packages/LangoTraceCore/Sources/LangoTraceCore/LanguageLevel.swift (in target 'LangoTraceCore' from project 'LangoTraceCore')
    cd /Users/zibuyu/code/zibuyu/LangoTrace/LangoTrace.xcodeproj
    

SwiftCompile normal arm64 Compiling\ AIProviderConfiguration.swift,\ AIProviderConfigurationSaveFailure.swift,\ AppearancePreference.swift,\ AppearancePreferenceStore.swift,\ DiagnosticEvent.swift /Users/zibuyu/code/zibuyu/LangoTrace/Packages/LangoTraceCore/Sources/LangoTraceCore/AIProviderConfiguration.swift /Users/zibuyu/code/zibuyu/LangoTrace/Packages/LangoTraceCore/Sources/LangoTraceCore/AIProviderConfigurationSaveFailure.swift /Users/zibuyu/code/zibuyu/LangoTrace/Packages/LangoTraceCore/Sources/LangoTraceCore/AppearancePreference.swift /Users/zibuyu/code/zibuyu/LangoTrace/Packages/LangoTraceCore/Sources/LangoTraceCore/AppearancePreferenceStore.swift /Users/zibuyu/code/zibuyu/LangoTrace/Packages/LangoTraceCore/Sources/LangoTraceCore/DiagnosticEvent.swift (in target 'LangoTraceCore' from project 'LangoTraceCore')
SwiftCompile normal arm64 /Users/zibuyu/code/zibuyu/LangoTrace/Packages/LangoTraceCore/Sources/LangoTraceCore/AIProviderConfiguration.swift (in target 'LangoTraceCore' from project 'LangoTraceCore')
    cd /Users/zibuyu/code/zibuyu/LangoTrace/LangoTrace.xcodeproj
    

SwiftCompile normal arm64 /Users/zibuyu/code/zibuyu/LangoTrace/Packages/LangoTraceCore/Sources/LangoTraceCore/AIProviderConfigurationSaveFailure.swift (in target 'LangoTraceCore' from project 'LangoTraceCore')
    cd /Users/zibuyu/code/zibuyu/LangoTrace/LangoTrace.xcodeproj
    

SwiftCompile normal arm64 /Users/zibuyu/code/zibuyu/LangoTrace/Packages/LangoTraceCore/Sources/LangoTraceCore/AppearancePreference.swift (in target 'LangoTraceCore' from project 'LangoTraceCore')
    cd /Users/zibuyu/code/zibuyu/LangoTrace/LangoTrace.xcodeproj
    

SwiftCompile normal arm64 /Users/zibuyu/code/zibuyu/LangoTrace/Packages/LangoTraceCore/Sources/LangoTraceCore/AppearancePreferenceStore.swift (in target 'LangoTraceCore' from project 'LangoTraceCore')
    cd /Users/zibuyu/code/zibuyu/LangoTrace/LangoTrace.xcodeproj
    

SwiftCompile normal arm64 /Users/zibuyu/code/zibuyu/LangoTrace/Packages/LangoTraceCore/Sources/LangoTraceCore/DiagnosticEvent.swift (in target 'LangoTraceCore' from project 'LangoTraceCore')
    cd /Users/zibuyu/code/zibuyu/LangoTrace/LangoTrace.xcodeproj
    

SwiftCompile normal arm64 Compiling\ TTSAudioArtifact.swift,\ TTSAudioFileValidation.swift,\ TTSAudioValidation.swift,\ TTSProviderConfiguration.swift /Users/zibuyu/code/zibuyu/LangoTrace/Packages/LangoTraceCore/Sources/LangoTraceCore/TTSAudioArtifact.swift /Users/zibuyu/code/zibuyu/LangoTrace/Packages/LangoTraceCore/Sources/LangoTraceCore/TTSAudioFileValidation.swift /Users/zibuyu/code/zibuyu/LangoTrace/Packages/LangoTraceCore/Sources/LangoTraceCore/TTSAudioValidation.swift /Users/zibuyu/code/zibuyu/LangoTrace/Packages/LangoTraceCore/Sources/LangoTraceCore/TTSProviderConfiguration.swift (in target 'LangoTraceCore' from project 'LangoTraceCore')

SwiftCompile normal arm64 /Users/zibuyu/code/zibuyu/LangoTrace/Packages/LangoTraceCore/Sources/LangoTraceCore/TTSAudioArtifact.swift (in target 'LangoTraceCore' from project 'LangoTraceCore')
    cd /Users/zibuyu/code/zibuyu/LangoTrace/LangoTrace.xcodeproj
    

SwiftCompile normal arm64 /Users/zibuyu/code/zibuyu/LangoTrace/Packages/LangoTraceCore/Sources/LangoTraceCore/TTSAudioFileValidation.swift (in target 'LangoTraceCore' from project 'LangoTraceCore')
    cd /Users/zibuyu/code/zibuyu/LangoTrace/LangoTrace.xcodeproj
    

SwiftCompile normal arm64 /Users/zibuyu/code/zibuyu/LangoTrace/Packages/LangoTraceCore/Sources/LangoTraceCore/TTSAudioValidation.swift (in target 'LangoTraceCore' from project 'LangoTraceCore')
    cd /Users/zibuyu/code/zibuyu/LangoTrace/LangoTrace.xcodeproj
    

SwiftCompile normal arm64 /Users/zibuyu/code/zibuyu/LangoTrace/Packages/LangoTraceCore/Sources/LangoTraceCore/TTSProviderConfiguration.swift (in target 'LangoTraceCore' from project 'LangoTraceCore')
    cd /Users/zibuyu/code/zibuyu/LangoTrace/LangoTrace.xcodeproj
    

SwiftExplicitDependencyGeneratePcm arm64 /Users/zibuyu/Library/Developer/Xcode/DerivedData/LangoTrace-hdfadqhothdwgbahopjjqiwrxhky/Build/Intermediates.noindex/SwiftExplicitPrecompiledModules/GRDBSQLite-73SL416SD8W7XYWNB094NKYMK.pcm

SwiftDriverJobDiscovery normal arm64 Compiling DiagnosticLogger.swift, ExplanationLanguageMode.swift, InterfaceLanguagePreference.swift, InterfaceLanguagePreferenceStore.swift, LanguageLevel.swift (in target 'LangoTraceCore' from project 'LangoTraceCore')

SwiftCompile normal arm64 Compiling\ ReadingTextSegmentation.swift,\ SentenceAudioPlayback.swift,\ SentenceAudioPlaybackCoordinator.swift,\ SentenceTTSGeneration.swift /Users/zibuyu/code/zibuyu/LangoTrace/Packages/LangoTraceCore/Sources/LangoTraceCore/ReadingTextSegmentation.swift /Users/zibuyu/code/zibuyu/LangoTrace/Packages/LangoTraceCore/Sources/LangoTraceCore/SentenceAudioPlayback.swift /Users/zibuyu/code/zibuyu/LangoTrace/Packages/LangoTraceCore/Sources/LangoTraceCore/SentenceAudioPlaybackCoordinator.swift /Users/zibuyu/code/zibuyu/LangoTrace/Packages/LangoTraceCore/Sources/LangoTraceCore/SentenceTTSGeneration.swift (in target 'LangoTraceCore' from project 'LangoTraceCore')
SwiftCompile normal arm64 /Users/zibuyu/code/zibuyu/LangoTrace/Packages/LangoTraceCore/Sources/LangoTraceCore/ReadingTextSegmentation.swift (in target 'LangoTraceCore' from project 'LangoTraceCore')
    cd /Users/zibuyu/code/zibuyu/LangoTrace/LangoTrace.xcodeproj
    

SwiftCompile normal arm64 /Users/zibuyu/code/zibuyu/LangoTrace/Packages/LangoTraceCore/Sources/LangoTraceCore/SentenceAudioPlayback.swift (in target 'LangoTraceCore' from project 'LangoTraceCore')
    cd /Users/zibuyu/code/zibuyu/LangoTrace/LangoTrace.xcodeproj
    

SwiftCompile normal arm64 /Users/zibuyu/code/zibuyu/LangoTrace/Packages/LangoTraceCore/Sources/LangoTraceCore/SentenceAudioPlaybackCoordinator.swift (in target 'LangoTraceCore' from project 'LangoTraceCore')
    cd /Users/zibuyu/code/zibuyu/LangoTrace/LangoTrace.xcodeproj
    

SwiftCompile normal arm64 /Users/zibuyu/code/zibuyu/LangoTrace/Packages/LangoTraceCore/Sources/LangoTraceCore/SentenceTTSGeneration.swift (in target 'LangoTraceCore' from project 'LangoTraceCore')
    cd /Users/zibuyu/code/zibuyu/LangoTrace/LangoTrace.xcodeproj
    

SwiftDriverJobDiscovery normal arm64 Compiling ProductIdentity.swift, ReadingAIExplanation.swift, ReadingAppearance.swift, ReadingDictionaryLookup.swift (in target 'LangoTraceCore' from project 'LangoTraceCore')

SwiftDriverJobDiscovery normal arm64 Compiling ReadingLifecycle.swift, ReadingMarkdown.swift, ReadingSearch.swift, ReadingSourceAnchor.swift (in target 'LangoTraceCore' from project 'LangoTraceCore')

SwiftCompile normal arm64 Compiling\ SQLExpression.swift,\ SQLForeignKeyRequest.swift,\ SQLFunctions.swift,\ SQLOperators.swift,\ SQLOrdering.swift,\ SQLRelation.swift,\ SQLSelection.swift,\ SQLSubquery.swift,\ Table.swift,\ SQLColumnGenerator.swift,\ SQLGenerationContext.swift,\ SQLIndexGenerator.swift,\ SQLQueryGenerator.swift,\ SQLTableAlterationGenerator.swift,\ SQLTableGenerator.swift,\ TableAlias.swift,\ SQLInterpolation+QueryInterface.swift /Users/zibuyu/Library/Developer/Xcode/DerivedData/LangoTrace-hdfadqhothdwgbahopjjqiwrxhky/SourcePackages/checkouts/GRDB.swift/GRDB/QueryInterface/SQL/SQLExpression.swift /Users/zibuyu/Library/Developer/Xcode/DerivedData/LangoTrace-hdfadqhothdwgbahopjjqiwrxhky/SourcePackages/checkouts/GRDB.swift/GRDB/QueryInterface/SQL/SQLForeignKeyRequest.swift /Users/zibuyu/Library/Developer/Xcode/DerivedData/LangoTrace-hdfadqhothdwgbahopjjqiwrxhky/SourcePackages/checkouts/GRDB.swift/GRDB/QueryInterface/SQL/SQLFunctions.swift /Users/zibuyu/Library/Developer/Xcode/DerivedData/LangoTrace-hdfadqhothdwgbahopjjqiwrxhky/SourcePackages/checkouts/GRDB.swift/GRDB/QueryInterface/SQL/SQLOperators.swift /Users/zibuyu/Library/Developer/Xcode/DerivedData/LangoTrace-hdfadqhothdwgbahopjjqiwrxhky/SourcePackages/checkouts/GRDB.swift/GRDB/QueryInterface/SQL/SQLOrdering.swift /Users/zibuyu/Library/Developer/Xcode/DerivedData/LangoTrace-hdfadqhothdwgbahopjjqiwrxhky/SourcePackages/checkouts/GRDB.swift/GRDB/QueryInterface/SQL/SQLRelation.swift /Users/zibuyu/Library/Developer/Xcode/DerivedData/LangoTrace-hdfadqhothdwgbahopjjqiwrxhky/SourcePackages/checkouts/GRDB.swift/GRDB/QueryInterface/SQL/SQLSelection.swift /Users/zibuyu/Library/Developer/Xcode/DerivedData/LangoTrace-hdfadqhothdwgbahopjjqiwrxhky/SourcePackages/checkouts/GRDB.swift/GRDB/QueryInterface/SQL/SQLSubquery.swift /Users/zibuyu/Library/Developer/Xcode/DerivedData/LangoTrace-hdfadqhothdwgbahopjjqiwrxhky/SourcePackages/checkouts/GRDB.swift/GRDB/QueryInterface/SQL/Table.swift /Users/zibuyu/Library/Developer/Xcode/DerivedData/LangoTrace-hdfadqhothdwgbahopjjqiwrxhky/SourcePackages/checkouts/GRDB.swift/GRDB/QueryInterface/SQLGeneration/SQLColumnGenerator.swift /Users/zibuyu/Library/Developer/Xcode/DerivedData/LangoTrace-hdfadqhothdwgbahopjjqiwrxhky/SourcePackages/checkouts/GRDB.swift/GRDB/QueryInterface/SQLGeneration/SQLGenerationContext.swift /Users/zibuyu/Library/Developer/Xcode/DerivedData/LangoTrace-hdfadqhothdwgbahopjjqiwrxhky/SourcePackages/checkouts/GRDB.swift/GRDB/QueryInterface/SQLGeneration/SQLIndexGenerator.swift /Users/zibuyu/Library/Developer/Xcode/DerivedData/LangoTrace-hdfadqhothdwgbahopjjqiwrxhky/SourcePackages/checkouts/GRDB.swift/GRDB/QueryInterface/SQLGeneration/SQLQueryGenerator.swift /Users/zibuyu/Library/Developer/Xcode/DerivedData/LangoTrace-hdfadqhothdwgbahopjjqiwrxhky/SourcePackages/checkouts/GRDB.swift/GRDB/QueryInterface/SQLGeneration/SQLTableAlterationGenerator.swift /Users/zibuyu/Library/Developer/Xcode/DerivedData/LangoTrace-hdfadqhothdwgbahopjjqiwrxhky/SourcePackages/checkouts/GRDB.swift/GRDB/QueryInterface/SQLGeneration/SQLTableGenerator.swift /Users/zibuyu/Library/Developer/Xcode/DerivedData/LangoTrace-hdfadqhothdwgbahopjjqiwrxhky/SourcePackages/checkouts/GRDB.swift/GRDB/QueryInterface/SQLGeneration/TableAlias.swift /Users/zibuyu/Library/Developer/Xcode/DerivedData/LangoTrace-hdfadqhothdwgbahopjjqiwrxhky/SourcePackages/checkouts/GRDB.swift/GRDB/QueryInterface/SQLInterpolation+QueryInterface.swift (in target 'GRDB' from project 'GRDB')
SwiftCompile normal arm64 /Users/zibuyu/Library/Developer/Xcode/DerivedData/LangoTrace-hdfadqhothdwgbahopjjqiwrxhky/SourcePackages/checkouts/GRDB.swift/GRDB/QueryInterface/SQL/SQLExpression.swift (in target 'GRDB' from project 'GRDB')
    cd /Users/zibuyu/code/zibuyu/LangoTrace/LangoTrace.xcodeproj
    

SwiftCompile normal arm64 /Users/zibuyu/Library/Developer/Xcode/DerivedData/LangoTrace-hdfadqhothdwgbahopjjqiwrxhky/SourcePackages/checkouts/GRDB.swift/GRDB/QueryInterface/SQL/SQLForeignKeyRequest.swift (in target 'GRDB' from project 'GRDB')
    cd /Users/zibuyu/code/zibuyu/LangoTrace/LangoTrace.xcodeproj
    

SwiftCompile normal arm64 /Users/zibuyu/Library/Developer/Xcode/DerivedData/LangoTrace-hdfadqhothdwgbahopjjqiwrxhky/SourcePackages/checkouts/GRDB.swift/GRDB/QueryInterface/SQL/SQLFunctions.swift (in target 'GRDB' from project 'GRDB')
    cd /Users/zibuyu/code/zibuyu/LangoTrace/LangoTrace.xcodeproj
    

SwiftCompile normal arm64 /Users/zibuyu/Library/Developer/Xcode/DerivedData/LangoTrace-hdfadqhothdwgbahopjjqiwrxhky/SourcePackages/checkouts/GRDB.swift/GRDB/QueryInterface/SQL/SQLOperators.swift (in target 'GRDB' from project 'GRDB')
    cd /Users/zibuyu/code/zibuyu/LangoTrace/LangoTrace.xcodeproj
    

SwiftCompile normal arm64 /Users/zibuyu/Library/Developer/Xcode/DerivedData/LangoTrace-hdfadqhothdwgbahopjjqiwrxhky/SourcePackages/checkouts/GRDB.swift/GRDB/QueryInterface/SQL/SQLOrdering.swift (in target 'GRDB' from project 'GRDB')
    cd /Users/zibuyu/code/zibuyu/LangoTrace/LangoTrace.xcodeproj
    

SwiftCompile normal arm64 /Users/zibuyu/Library/Developer/Xcode/DerivedData/LangoTrace-hdfadqhothdwgbahopjjqiwrxhky/SourcePackages/checkouts/GRDB.swift/GRDB/QueryInterface/SQL/SQLRelation.swift (in target 'GRDB' from project 'GRDB')
    cd /Users/zibuyu/code/zibuyu/LangoTrace/LangoTrace.xcodeproj
    

SwiftCompile normal arm64 /Users/zibuyu/Library/Developer/Xcode/DerivedData/LangoTrace-hdfadqhothdwgbahopjjqiwrxhky/SourcePackages/checkouts/GRDB.swift/GRDB/QueryInterface/SQL/SQLSelection.swift (in target 'GRDB' from project 'GRDB')
    cd /Users/zibuyu/code/zibuyu/LangoTrace/LangoTrace.xcodeproj
    

SwiftCompile normal arm64 /Users/zibuyu/Library/Developer/Xcode/DerivedData/LangoTrace-hdfadqhothdwgbahopjjqiwrxhky/SourcePackages/checkouts/GRDB.swift/GRDB/QueryInterface/SQL/SQLSubquery.swift (in target 'GRDB' from project 'GRDB')
    cd /Users/zibuyu/code/zibuyu/LangoTrace/LangoTrace.xcodeproj
    

SwiftCompile normal arm64 /Users/zibuyu/Library/Developer/Xcode/DerivedData/LangoTrace-hdfadqhothdwgbahopjjqiwrxhky/SourcePackages/checkouts/GRDB.swift/GRDB/QueryInterface/SQL/Table.swift (in target 'GRDB' from project 'GRDB')
    cd /Users/zibuyu/code/zibuyu/LangoTrace/LangoTrace.xcodeproj
    

SwiftCompile normal arm64 /Users/zibuyu/Library/Developer/Xcode/DerivedData/LangoTrace-hdfadqhothdwgbahopjjqiwrxhky/SourcePackages/checkouts/GRDB.swift/GRDB/QueryInterface/SQLGeneration/SQLColumnGenerator.swift (in target 'GRDB' from project 'GRDB')
    cd /Users/zibuyu/code/zibuyu/LangoTrace/LangoTrace.xcodeproj
    

SwiftCompile normal arm64 /Users/zibuyu/Library/Developer/Xcode/DerivedData/LangoTrace-hdfadqhothdwgbahopjjqiwrxhky/SourcePackages/checkouts/GRDB.swift/GRDB/QueryInterface/SQLGeneration/SQLGenerationContext.swift (in target 'GRDB' from project 'GRDB')
    cd /Users/zibuyu/code/zibuyu/LangoTrace/LangoTrace.xcodeproj
    

SwiftCompile normal arm64 /Users/zibuyu/Library/Developer/Xcode/DerivedData/LangoTrace-hdfadqhothdwgbahopjjqiwrxhky/SourcePackages/checkouts/GRDB.swift/GRDB/QueryInterface/SQLGeneration/SQLIndexGenerator.swift (in target 'GRDB' from project 'GRDB')
    cd /Users/zibuyu/code/zibuyu/LangoTrace/LangoTrace.xcodeproj
    

SwiftCompile normal arm64 /Users/zibuyu/Library/Developer/Xcode/DerivedData/LangoTrace-hdfadqhothdwgbahopjjqiwrxhky/SourcePackages/checkouts/GRDB.swift/GRDB/QueryInterface/SQLGeneration/SQLQueryGenerator.swift (in target 'GRDB' from project 'GRDB')
    cd /Users/zibuyu/code/zibuyu/LangoTrace/LangoTrace.xcodeproj
    

SwiftCompile normal arm64 /Users/zibuyu/Library/Developer/Xcode/DerivedData/LangoTrace-hdfadqhothdwgbahopjjqiwrxhky/SourcePackages/checkouts/GRDB.swift/GRDB/QueryInterface/SQLGeneration/SQLTableAlterationGenerator.swift (in target 'GRDB' from project 'GRDB')
    cd /Users/zibuyu/code/zibuyu/LangoTrace/LangoTrace.xcodeproj
    

SwiftCompile normal arm64 /Users/zibuyu/Library/Developer/Xcode/DerivedData/LangoTrace-hdfadqhothdwgbahopjjqiwrxhky/SourcePackages/checkouts/GRDB.swift/GRDB/QueryInterface/SQLGeneration/SQLTableGenerator.swift (in target 'GRDB' from project 'GRDB')
    cd /Users/zibuyu/code/zibuyu/LangoTrace/LangoTrace.xcodeproj
    

SwiftCompile normal arm64 /Users/zibuyu/Library/Developer/Xcode/DerivedData/LangoTrace-hdfadqhothdwgbahopjjqiwrxhky/SourcePackages/checkouts/GRDB.swift/GRDB/QueryInterface/SQLGeneration/TableAlias.swift (in target 'GRDB' from project 'GRDB')
    cd /Users/zibuyu/code/zibuyu/LangoTrace/LangoTrace.xcodeproj
    

SwiftCompile normal arm64 /Users/zibuyu/Library/Developer/Xcode/DerivedData/LangoTrace-hdfadqhothdwgbahopjjqiwrxhky/SourcePackages/checkouts/GRDB.swift/GRDB/QueryInterface/SQLInterpolation+QueryInterface.swift (in target 'GRDB' from project 'GRDB')
    cd /Users/zibuyu/code/zibuyu/LangoTrace/LangoTrace.xcodeproj
    

SwiftEmitModule normal arm64 Emitting\ module\ for\ GRDB (in target 'GRDB' from project 'GRDB')

EmitSwiftModule normal arm64 (in target 'GRDB' from project 'GRDB')
    cd /Users/zibuyu/code/zibuyu/LangoTrace/LangoTrace.xcodeproj
    

SwiftCompile normal arm64 Compiling\ Statement.swift,\ StatementAuthorizer.swift,\ StatementColumnConvertible.swift,\ CGFloat.swift,\ Data.swift,\ DatabaseDateComponents.swift,\ DatabaseValueConvertible+ReferenceConvertible.swift,\ Date.swift,\ Decimal.swift,\ NSData.swift,\ NSNull.swift,\ NSNumber.swift,\ NSString.swift,\ SQLiteDateParser.swift,\ URL.swift,\ UUID.swift,\ DatabaseValueConvertible+Decodable.swift /Users/zibuyu/Library/Developer/Xcode/DerivedData/LangoTrace-hdfadqhothdwgbahopjjqiwrxhky/SourcePackages/checkouts/GRDB.swift/GRDB/Core/Statement.swift /Users/zibuyu/Library/Developer/Xcode/DerivedData/LangoTrace-hdfadqhothdwgbahopjjqiwrxhky/SourcePackages/checkouts/GRDB.swift/GRDB/Core/StatementAuthorizer.swift /Users/zibuyu/Library/Developer/Xcode/DerivedData/LangoTrace-hdfadqhothdwgbahopjjqiwrxhky/SourcePackages/checkouts/GRDB.swift/GRDB/Core/StatementColumnConvertible.swift /Users/zibuyu/Library/Developer/Xcode/DerivedData/LangoTrace-hdfadqhothdwgbahopjjqiwrxhky/SourcePackages/checkouts/GRDB.swift/GRDB/Core/Support/CoreGraphics/CGFloat.swift /Users/zibuyu/Library/Developer/Xcode/DerivedData/LangoTrace-hdfadqhothdwgbahopjjqiwrxhky/SourcePackages/checkouts/GRDB.swift/GRDB/Core/Support/Foundation/Data.swift /Users/zibuyu/Library/Developer/Xcode/DerivedData/LangoTrace-hdfadqhothdwgbahopjjqiwrxhky/SourcePackages/checkouts/GRDB.swift/GRDB/Core/Support/Foundation/DatabaseDateComponents.swift /Users/zibuyu/Library/Developer/Xcode/DerivedData/LangoTrace-hdfadqhothdwgbahopjjqiwrxhky/SourcePackages/checkouts/GRDB.swift/GRDB/Core/Support/Foundation/DatabaseValueConvertible+ReferenceConvertible.swift /Users/zibuyu/Library/Developer/Xcode/DerivedData/LangoTrace-hdfadqhothdwgbahopjjqiwrxhky/SourcePackages/checkouts/GRDB.swift/GRDB/Core/Support/Foundation/Date.swift /Users/zibuyu/Library/Developer/Xcode/DerivedData/LangoTrace-hdfadqhothdwgbahopjjqiwrxhky/SourcePackages/checkouts/GRDB.swift/GRDB/Core/Support/Foundation/Decimal.swift /Users/zibuyu/Library/Developer/Xcode/DerivedData/LangoTrace-hdfadqhothdwgbahopjjqiwrxhky/SourcePackages/checkouts/GRDB.swift/GRDB/Core/Support/Foundation/NSData.swift /Users/zibuyu/Library/Developer/Xcode/DerivedData/LangoTrace-hdfadqhothdwgbahopjjqiwrxhky/SourcePackages/checkouts/GRDB.swift/GRDB/Core/Support/Foundation/NSNull.swift /Users/zibuyu/Library/Developer/Xcode/DerivedData/LangoTrace-hdfadqhothdwgbahopjjqiwrxhky/SourcePackages/checkouts/GRDB.swift/GRDB/Core/Support/Foundation/NSNumber.swift /Users/zibuyu/Library/Developer/Xcode/DerivedData/LangoTrace-hdfadqhothdwgbahopjjqiwrxhky/SourcePackages/checkouts/GRDB.swift/GRDB/Core/Support/Foundation/NSString.swift /Users/zibuyu/Library/Developer/Xcode/DerivedData/LangoTrace-hdfadqhothdwgbahopjjqiwrxhky/SourcePackages/checkouts/GRDB.swift/GRDB/Core/Support/Foundation/SQLiteDateParser.swift /Users/zibuyu/Library/Developer/Xcode/DerivedData/LangoTrace-hdfadqhothdwgbahopjjqiwrxhky/SourcePackages/checkouts/GRDB.swift/GRDB/Core/Support/Foundation/URL.swift /Users/zibuyu/Library/Developer/Xcode/DerivedData/LangoTrace-hdfadqhothdwgbahopjjqiwrxhky/SourcePackages/checkouts/GRDB.swift/GRDB/Core/Support/Foundation/UUID.swift /Users/zibuyu/Library/Developer/Xcode/DerivedData/LangoTrace-hdfadqhothdwgbahopjjqiwrxhky/SourcePackages/checkouts/GRDB.swift/GRDB/Core/Support/StandardLibrary/DatabaseValueConvertible+Decodable.swift (in target 'GRDB' from project 'GRDB')

SwiftCompile normal arm64 /Users/zibuyu/Library/Developer/Xcode/DerivedData/LangoTrace-hdfadqhothdwgbahopjjqiwrxhky/SourcePackages/checkouts/GRDB.swift/GRDB/Core/Statement.swift (in target 'GRDB' from project 'GRDB')
    cd /Users/zibuyu/code/zibuyu/LangoTrace/LangoTrace.xcodeproj
    

SwiftCompile normal arm64 /Users/zibuyu/Library/Developer/Xcode/DerivedData/LangoTrace-hdfadqhothdwgbahopjjqiwrxhky/SourcePackages/checkouts/GRDB.swift/GRDB/Core/StatementAuthorizer.swift (in target 'GRDB' from project 'GRDB')
    cd /Users/zibuyu/code/zibuyu/LangoTrace/LangoTrace.xcodeproj
    

SwiftCompile normal arm64 /Users/zibuyu/Library/Developer/Xcode/DerivedData/LangoTrace-hdfadqhothdwgbahopjjqiwrxhky/SourcePackages/checkouts/GRDB.swift/GRDB/Core/StatementColumnConvertible.swift (in target 'GRDB' from project 'GRDB')
    cd /Users/zibuyu/code/zibuyu/LangoTrace/LangoTrace.xcodeproj
    

SwiftCompile normal arm64 /Users/zibuyu/Library/Developer/Xcode/DerivedData/LangoTrace-hdfadqhothdwgbahopjjqiwrxhky/SourcePackages/checkouts/GRDB.swift/GRDB/Core/Support/CoreGraphics/CGFloat.swift (in target 'GRDB' from project 'GRDB')
    cd /Users/zibuyu/code/zibuyu/LangoTrace/LangoTrace.xcodeproj
    

SwiftCompile normal arm64 /Users/zibuyu/Library/Developer/Xcode/DerivedData/LangoTrace-hdfadqhothdwgbahopjjqiwrxhky/SourcePackages/checkouts/GRDB.swift/GRDB/Core/Support/Foundation/Data.swift (in target 'GRDB' from project 'GRDB')
    cd /Users/zibuyu/code/zibuyu/LangoTrace/LangoTrace.xcodeproj
    

SwiftCompile normal arm64 /Users/zibuyu/Library/Developer/Xcode/DerivedData/LangoTrace-hdfadqhothdwgbahopjjqiwrxhky/SourcePackages/checkouts/GRDB.swift/GRDB/Core/Support/Foundation/DatabaseDateComponents.swift (in target 'GRDB' from project 'GRDB')
    cd /Users/zibuyu/code/zibuyu/LangoTrace/LangoTrace.xcodeproj
    

SwiftCompile normal arm64 /Users/zibuyu/Library/Developer/Xcode/DerivedData/LangoTrace-hdfadqhothdwgbahopjjqiwrxhky/SourcePackages/checkouts/GRDB.swift/GRDB/Core/Support/Foundation/DatabaseValueConvertible+ReferenceConvertible.swift (in target 'GRDB' from project 'GRDB')
    cd /Users/zibuyu/code/zibuyu/LangoTrace/LangoTrace.xcodeproj
    

SwiftCompile normal arm64 /Users/zibuyu/Library/Developer/Xcode/DerivedData/LangoTrace-hdfadqhothdwgbahopjjqiwrxhky/SourcePackages/checkouts/GRDB.swift/GRDB/Core/Support/Foundation/Date.swift (in target 'GRDB' from project 'GRDB')
    cd /Users/zibuyu/code/zibuyu/LangoTrace/LangoTrace.xcodeproj
    

SwiftCompile normal arm64 /Users/zibuyu/Library/Developer/Xcode/DerivedData/LangoTrace-hdfadqhothdwgbahopjjqiwrxhky/SourcePackages/checkouts/GRDB.swift/GRDB/Core/Support/Foundation/Decimal.swift (in target 'GRDB' from project 'GRDB')
    cd /Users/zibuyu/code/zibuyu/LangoTrace/LangoTrace.xcodeproj
    

SwiftCompile normal arm64 /Users/zibuyu/Library/Developer/Xcode/DerivedData/LangoTrace-hdfadqhothdwgbahopjjqiwrxhky/SourcePackages/checkouts/GRDB.swift/GRDB/Core/Support/Foundation/NSData.swift (in target 'GRDB' from project 'GRDB')
    cd /Users/zibuyu/code/zibuyu/LangoTrace/LangoTrace.xcodeproj
    

SwiftCompile normal arm64 /Users/zibuyu/Library/Developer/Xcode/DerivedData/LangoTrace-hdfadqhothdwgbahopjjqiwrxhky/SourcePackages/checkouts/GRDB.swift/GRDB/Core/Support/Foundation/NSNull.swift (in target 'GRDB' from project 'GRDB')
    cd /Users/zibuyu/code/zibuyu/LangoTrace/LangoTrace.xcodeproj
    

SwiftCompile normal arm64 /Users/zibuyu/Library/Developer/Xcode/DerivedData/LangoTrace-hdfadqhothdwgbahopjjqiwrxhky/SourcePackages/checkouts/GRDB.swift/GRDB/Core/Support/Foundation/NSNumber.swift (in target 'GRDB' from project 'GRDB')
    cd /Users/zibuyu/code/zibuyu/LangoTrace/LangoTrace.xcodeproj
    

SwiftCompile normal arm64 /Users/zibuyu/Library/Developer/Xcode/DerivedData/LangoTrace-hdfadqhothdwgbahopjjqiwrxhky/SourcePackages/checkouts/GRDB.swift/GRDB/Core/Support/Foundation/NSString.swift (in target 'GRDB' from project 'GRDB')
    cd /Users/zibuyu/code/zibuyu/LangoTrace/LangoTrace.xcodeproj
    

SwiftCompile normal arm64 /Users/zibuyu/Library/Developer/Xcode/DerivedData/LangoTrace-hdfadqhothdwgbahopjjqiwrxhky/SourcePackages/checkouts/GRDB.swift/GRDB/Core/Support/Foundation/SQLiteDateParser.swift (in target 'GRDB' from project 'GRDB')
    cd /Users/zibuyu/code/zibuyu/LangoTrace/LangoTrace.xcodeproj
    

SwiftCompile normal arm64 /Users/zibuyu/Library/Developer/Xcode/DerivedData/LangoTrace-hdfadqhothdwgbahopjjqiwrxhky/SourcePackages/checkouts/GRDB.swift/GRDB/Core/Support/Foundation/URL.swift (in target 'GRDB' from project 'GRDB')
    cd /Users/zibuyu/code/zibuyu/LangoTrace/LangoTrace.xcodeproj
    

SwiftCompile normal arm64 /Users/zibuyu/Library/Developer/Xcode/DerivedData/LangoTrace-hdfadqhothdwgbahopjjqiwrxhky/SourcePackages/checkouts/GRDB.swift/GRDB/Core/Support/Foundation/UUID.swift (in target 'GRDB' from project 'GRDB')
    cd /Users/zibuyu/code/zibuyu/LangoTrace/LangoTrace.xcodeproj
    

SwiftCompile normal arm64 /Users/zibuyu/Library/Developer/Xcode/DerivedData/LangoTrace-hdfadqhothdwgbahopjjqiwrxhky/SourcePackages/checkouts/GRDB.swift/GRDB/Core/Support/StandardLibrary/DatabaseValueConvertible+Decodable.swift (in target 'GRDB' from project 'GRDB')
    cd /Users/zibuyu/code/zibuyu/LangoTrace/LangoTrace.xcodeproj
    

SwiftDriverJobDiscovery normal arm64 Compiling MediaArtifact.swift, ModuleMarker.swift, OnboardingDraft.swift, PhoneRootTab.swift, PlatformRole.swift (in target 'LangoTraceCore' from project 'LangoTraceCore')

SwiftCompile normal arm64 Compiling\ ColumnDefinition.swift,\ Database+SchemaDefinition.swift,\ ForeignKeyDefinition.swift,\ IndexDefinition.swift,\ TableAlteration.swift,\ TableDefinition.swift,\ VirtualTableModule.swift,\ TableRecord+Association.swift,\ TableRecord+QueryInterfaceRequest.swift,\ EncodableRecord+Encodable.swift,\ EncodableRecord.swift,\ FetchableRecord+Decodable.swift,\ FetchableRecord+TableRecord.swift,\ FetchableRecord.swift,\ MutablePersistableRecord+DAO.swift,\ MutablePersistableRecord+Delete.swift,\ MutablePersistableRecord+Insert.swift /Users/zibuyu/Library/Developer/Xcode/DerivedData/LangoTrace-hdfadqhothdwgbahopjjqiwrxhky/SourcePackages/checkouts/GRDB.swift/GRDB/QueryInterface/Schema/ColumnDefinition.swift /Users/zibuyu/Library/Developer/Xcode/DerivedData/LangoTrace-hdfadqhothdwgbahopjjqiwrxhky/SourcePackages/checkouts/GRDB.swift/GRDB/QueryInterface/Schema/Database+SchemaDefinition.swift /Users/zibuyu/Library/Developer/Xcode/DerivedData/LangoTrace-hdfadqhothdwgbahopjjqiwrxhky/SourcePackages/checkouts/GRDB.swift/GRDB/QueryInterface/Schema/ForeignKeyDefinition.swift /Users/zibuyu/Library/Developer/Xcode/DerivedData/LangoTrace-hdfadqhothdwgbahopjjqiwrxhky/SourcePackages/checkouts/GRDB.swift/GRDB/QueryInterface/Schema/IndexDefinition.swift /Users/zibuyu/Library/Developer/Xcode/DerivedData/LangoTrace-hdfadqhothdwgbahopjjqiwrxhky/SourcePackages/checkouts/GRDB.swift/GRDB/QueryInterface/Schema/TableAlteration.swift /Users/zibuyu/Library/Developer/Xcode/DerivedData/LangoTrace-hdfadqhothdwgbahopjjqiwrxhky/SourcePackages/checkouts/GRDB.swift/GRDB/QueryInterface/Schema/TableDefinition.swift /Users/zibuyu/Library/Developer/Xcode/DerivedData/LangoTrace-hdfadqhothdwgbahopjjqiwrxhky/SourcePackages/checkouts/GRDB.swift/GRDB/QueryInterface/Schema/VirtualTableModule.swift /Users/zibuyu/Library/Developer/Xcode/DerivedData/LangoTrace-hdfadqhothdwgbahopjjqiwrxhky/SourcePackages/checkouts/GRDB.swift/GRDB/QueryInterface/TableRecord+Association.swift /Users/zibuyu/Library/Developer/Xcode/DerivedData/LangoTrace-hdfadqhothdwgbahopjjqiwrxhky/SourcePackages/checkouts/GRDB.swift/GRDB/QueryInterface/TableRecord+QueryInterfaceRequest.swift /Users/zibuyu/Library/Developer/Xcode/DerivedData/LangoTrace-hdfadqhothdwgbahopjjqiwrxhky/SourcePackages/checkouts/GRDB.swift/GRDB/Record/EncodableRecord+Encodable.swift /Users/zibuyu/Library/Developer/Xcode/DerivedData/LangoTrace-hdfadqhothdwgbahopjjqiwrxhky/SourcePackages/checkouts/GRDB.swift/GRDB/Record/EncodableRecord.swift /Users/zibuyu/Library/Developer/Xcode/DerivedData/LangoTrace-hdfadqhothdwgbahopjjqiwrxhky/SourcePackages/checkouts/GRDB.swift/GRDB/Record/FetchableRecord+Decodable.swift /Users/zibuyu/Library/Developer/Xcode/DerivedData/LangoTrace-hdfadqhothdwgbahopjjqiwrxhky/SourcePackages/checkouts/GRDB.swift/GRDB/Record/FetchableRecord+TableRecord.swift /Users/zibuyu/Library/Developer/Xcode/DerivedData/LangoTrace-hdfadqhothdwgbahopjjqiwrxhky/SourcePackages/checkouts/GRDB.swift/GRDB/Record/FetchableRecord.swift /Users/zibuyu/Library/Developer/Xcode/DerivedData/LangoTrace-hdfadqhothdwgbahopjjqiwrxhky/SourcePackages/checkouts/GRDB.swift/GRDB/Record/MutablePersistableRecord+DAO.swift /Users/zibuyu/Library/Developer/Xcode/DerivedData/LangoTrace-hdfadqhothdwgbahopjjqiwrxhky/SourcePackages/checkouts/GRDB.swift/GRDB/Record/MutablePersistableRecord+Delete.swift /Users/zibuyu/Library/Developer/Xcode/DerivedData/LangoTrace-hdfadqhothdwgbahopjjqiwrxhky/SourcePackages/checkouts/GRDB.swift/GRDB/Record/MutablePersistableRecord+Insert.swift (in target 'GRDB' from project 'GRDB')

SwiftCompile normal arm64 /Users/zibuyu/Library/Developer/Xcode/DerivedData/LangoTrace-hdfadqhothdwgbahopjjqiwrxhky/SourcePackages/checkouts/GRDB.swift/GRDB/QueryInterface/Schema/ColumnDefinition.swift (in target 'GRDB' from project 'GRDB')
    cd /Users/zibuyu/code/zibuyu/LangoTrace/LangoTrace.xcodeproj
    

SwiftCompile normal arm64 /Users/zibuyu/Library/Developer/Xcode/DerivedData/LangoTrace-hdfadqhothdwgbahopjjqiwrxhky/SourcePackages/checkouts/GRDB.swift/GRDB/QueryInterface/Schema/Database+SchemaDefinition.swift (in target 'GRDB' from project 'GRDB')
    cd /Users/zibuyu/code/zibuyu/LangoTrace/LangoTrace.xcodeproj
    

SwiftCompile normal arm64 /Users/zibuyu/Library/Developer/Xcode/DerivedData/LangoTrace-hdfadqhothdwgbahopjjqiwrxhky/SourcePackages/checkouts/GRDB.swift/GRDB/QueryInterface/Schema/ForeignKeyDefinition.swift (in target 'GRDB' from project 'GRDB')
    cd /Users/zibuyu/code/zibuyu/LangoTrace/LangoTrace.xcodeproj
    

SwiftCompile normal arm64 /Users/zibuyu/Library/Developer/Xcode/DerivedData/LangoTrace-hdfadqhothdwgbahopjjqiwrxhky/SourcePackages/checkouts/GRDB.swift/GRDB/QueryInterface/Schema/IndexDefinition.swift (in target 'GRDB' from project 'GRDB')
    cd /Users/zibuyu/code/zibuyu/LangoTrace/LangoTrace.xcodeproj
    

SwiftCompile normal arm64 /Users/zibuyu/Library/Developer/Xcode/DerivedData/LangoTrace-hdfadqhothdwgbahopjjqiwrxhky/SourcePackages/checkouts/GRDB.swift/GRDB/QueryInterface/Schema/TableAlteration.swift (in target 'GRDB' from project 'GRDB')
    cd /Users/zibuyu/code/zibuyu/LangoTrace/LangoTrace.xcodeproj
    

SwiftCompile normal arm64 /Users/zibuyu/Library/Developer/Xcode/DerivedData/LangoTrace-hdfadqhothdwgbahopjjqiwrxhky/SourcePackages/checkouts/GRDB.swift/GRDB/QueryInterface/Schema/TableDefinition.swift (in target 'GRDB' from project 'GRDB')
    cd /Users/zibuyu/code/zibuyu/LangoTrace/LangoTrace.xcodeproj
    

SwiftCompile normal arm64 /Users/zibuyu/Library/Developer/Xcode/DerivedData/LangoTrace-hdfadqhothdwgbahopjjqiwrxhky/SourcePackages/checkouts/GRDB.swift/GRDB/QueryInterface/Schema/VirtualTableModule.swift (in target 'GRDB' from project 'GRDB')
    cd /Users/zibuyu/code/zibuyu/LangoTrace/LangoTrace.xcodeproj
    

SwiftCompile normal arm64 /Users/zibuyu/Library/Developer/Xcode/DerivedData/LangoTrace-hdfadqhothdwgbahopjjqiwrxhky/SourcePackages/checkouts/GRDB.swift/GRDB/QueryInterface/TableRecord+Association.swift (in target 'GRDB' from project 'GRDB')
    cd /Users/zibuyu/code/zibuyu/LangoTrace/LangoTrace.xcodeproj
    

SwiftCompile normal arm64 /Users/zibuyu/Library/Developer/Xcode/DerivedData/LangoTrace-hdfadqhothdwgbahopjjqiwrxhky/SourcePackages/checkouts/GRDB.swift/GRDB/QueryInterface/TableRecord+QueryInterfaceRequest.swift (in target 'GRDB' from project 'GRDB')
    cd /Users/zibuyu/code/zibuyu/LangoTrace/LangoTrace.xcodeproj
    

SwiftCompile normal arm64 /Users/zibuyu/Library/Developer/Xcode/DerivedData/LangoTrace-hdfadqhothdwgbahopjjqiwrxhky/SourcePackages/checkouts/GRDB.swift/GRDB/Record/EncodableRecord+Encodable.swift (in target 'GRDB' from project 'GRDB')
    cd /Users/zibuyu/code/zibuyu/LangoTrace/LangoTrace.xcodeproj
    

SwiftCompile normal arm64 /Users/zibuyu/Library/Developer/Xcode/DerivedData/LangoTrace-hdfadqhothdwgbahopjjqiwrxhky/SourcePackages/checkouts/GRDB.swift/GRDB/Record/EncodableRecord.swift (in target 'GRDB' from project 'GRDB')
    cd /Users/zibuyu/code/zibuyu/LangoTrace/LangoTrace.xcodeproj
    

SwiftCompile normal arm64 /Users/zibuyu/Library/Developer/Xcode/DerivedData/LangoTrace-hdfadqhothdwgbahopjjqiwrxhky/SourcePackages/checkouts/GRDB.swift/GRDB/Record/FetchableRecord+Decodable.swift (in target 'GRDB' from project 'GRDB')
    cd /Users/zibuyu/code/zibuyu/LangoTrace/LangoTrace.xcodeproj
    

SwiftCompile normal arm64 /Users/zibuyu/Library/Developer/Xcode/DerivedData/LangoTrace-hdfadqhothdwgbahopjjqiwrxhky/SourcePackages/checkouts/GRDB.swift/GRDB/Record/FetchableRecord+TableRecord.swift (in target 'GRDB' from project 'GRDB')
    cd /Users/zibuyu/code/zibuyu/LangoTrace/LangoTrace.xcodeproj
    

SwiftCompile normal arm64 /Users/zibuyu/Library/Developer/Xcode/DerivedData/LangoTrace-hdfadqhothdwgbahopjjqiwrxhky/SourcePackages/checkouts/GRDB.swift/GRDB/Record/FetchableRecord.swift (in target 'GRDB' from project 'GRDB')
    cd /Users/zibuyu/code/zibuyu/LangoTrace/LangoTrace.xcodeproj
    

SwiftCompile normal arm64 /Users/zibuyu/Library/Developer/Xcode/DerivedData/LangoTrace-hdfadqhothdwgbahopjjqiwrxhky/SourcePackages/checkouts/GRDB.swift/GRDB/Record/MutablePersistableRecord+DAO.swift (in target 'GRDB' from project 'GRDB')
    cd /Users/zibuyu/code/zibuyu/LangoTrace/LangoTrace.xcodeproj
    

SwiftCompile normal arm64 /Users/zibuyu/Library/Developer/Xcode/DerivedData/LangoTrace-hdfadqhothdwgbahopjjqiwrxhky/SourcePackages/checkouts/GRDB.swift/GRDB/Record/MutablePersistableRecord+Delete.swift (in target 'GRDB' from project 'GRDB')
    cd /Users/zibuyu/code/zibuyu/LangoTrace/LangoTrace.xcodeproj
    

SwiftCompile normal arm64 /Users/zibuyu/Library/Developer/Xcode/DerivedData/LangoTrace-hdfadqhothdwgbahopjjqiwrxhky/SourcePackages/checkouts/GRDB.swift/GRDB/Record/MutablePersistableRecord+Insert.swift (in target 'GRDB' from project 'GRDB')
    cd /Users/zibuyu/code/zibuyu/LangoTrace/LangoTrace.xcodeproj
    

SwiftDriverJobDiscovery normal arm64 Compiling PracticeAudioCoordination.swift, PracticeRecordingArtifact.swift, PracticeSession.swift, PracticeSessionReducer.swift, PrivacyStatus.swift (in target 'LangoTraceCore' from project 'LangoTraceCore')

SwiftCompile normal arm64 Compiling\ Pool.swift,\ ReadWriteLock.swift,\ ReceiveValuesOn.swift,\ Refinable.swift,\ Utils.swift,\ DatabaseCancellable.swift,\ ValueConcurrentObserver.swift,\ ValueWriteOnlyObserver.swift,\ Fetch.swift,\ Map.swift,\ RemoveDuplicates.swift,\ Trace.swift,\ ValueReducer.swift,\ SharedValueObservation.swift,\ ValueObservation.swift,\ ValueObservationScheduler.swift /Users/zibuyu/Library/Developer/Xcode/DerivedData/LangoTrace-hdfadqhothdwgbahopjjqiwrxhky/SourcePackages/checkouts/GRDB.swift/GRDB/Utils/Pool.swift /Users/zibuyu/Library/Developer/Xcode/DerivedData/LangoTrace-hdfadqhothdwgbahopjjqiwrxhky/SourcePackages/checkouts/GRDB.swift/GRDB/Utils/ReadWriteLock.swift /Users/zibuyu/Library/Developer/Xcode/DerivedData/LangoTrace-hdfadqhothdwgbahopjjqiwrxhky/SourcePackages/checkouts/GRDB.swift/GRDB/Utils/ReceiveValuesOn.swift /Users/zibuyu/Library/Developer/Xcode/DerivedData/LangoTrace-hdfadqhothdwgbahopjjqiwrxhky/SourcePackages/checkouts/GRDB.swift/GRDB/Utils/Refinable.swift /Users/zibuyu/Library/Developer/Xcode/DerivedData/LangoTrace-hdfadqhothdwgbahopjjqiwrxhky/SourcePackages/checkouts/GRDB.swift/GRDB/Utils/Utils.swift /Users/zibuyu/Library/Developer/Xcode/DerivedData/LangoTrace-hdfadqhothdwgbahopjjqiwrxhky/SourcePackages/checkouts/GRDB.swift/GRDB/ValueObservation/DatabaseCancellable.swift /Users/zibuyu/Library/Developer/Xcode/DerivedData/LangoTrace-hdfadqhothdwgbahopjjqiwrxhky/SourcePackages/checkouts/GRDB.swift/GRDB/ValueObservation/Observers/ValueConcurrentObserver.swift /Users/zibuyu/Library/Developer/Xcode/DerivedData/LangoTrace-hdfadqhothdwgbahopjjqiwrxhky/SourcePackages/checkouts/GRDB.swift/GRDB/ValueObservation/Observers/ValueWriteOnlyObserver.swift /Users/zibuyu/Library/Developer/Xcode/DerivedData/LangoTrace-hdfadqhothdwgbahopjjqiwrxhky/SourcePackages/checkouts/GRDB.swift/GRDB/ValueObservation/Reducers/Fetch.swift /Users/zibuyu/Library/Developer/Xcode/DerivedData/LangoTrace-hdfadqhothdwgbahopjjqiwrxhky/SourcePackages/checkouts/GRDB.swift/GRDB/ValueObservation/Reducers/Map.swift /Users/zibuyu/Library/Developer/Xcode/DerivedData/LangoTrace-hdfadqhothdwgbahopjjqiwrxhky/SourcePackages/checkouts/GRDB.swift/GRDB/ValueObservation/Reducers/RemoveDuplicates.swift /Users/zibuyu/Library/Developer/Xcode/DerivedData/LangoTrace-hdfadqhothdwgbahopjjqiwrxhky/SourcePackages/checkouts/GRDB.swift/GRDB/ValueObservation/Reducers/Trace.swift /Users/zibuyu/Library/Developer/Xcode/DerivedData/LangoTrace-hdfadqhothdwgbahopjjqiwrxhky/SourcePackages/checkouts/GRDB.swift/GRDB/ValueObservation/Reducers/ValueReducer.swift /Users/zibuyu/Library/Developer/Xcode/DerivedData/LangoTrace-hdfadqhothdwgbahopjjqiwrxhky/SourcePackages/checkouts/GRDB.swift/GRDB/ValueObservation/SharedValueObservation.swift /Users/zibuyu/Library/Developer/Xcode/DerivedData/LangoTrace-hdfadqhothdwgbahopjjqiwrxhky/SourcePackages/checkouts/GRDB.swift/GRDB/ValueObservation/ValueObservation.swift /Users/zibuyu/Library/Developer/Xcode/DerivedData/LangoTrace-hdfadqhothdwgbahopjjqiwrxhky/SourcePackages/checkouts/GRDB.swift/GRDB/ValueObservation/ValueObservationScheduler.swift (in target 'GRDB' from project 'GRDB')

SwiftCompile normal arm64 /Users/zibuyu/Library/Developer/Xcode/DerivedData/LangoTrace-hdfadqhothdwgbahopjjqiwrxhky/SourcePackages/checkouts/GRDB.swift/GRDB/Utils/Pool.swift (in target 'GRDB' from project 'GRDB')
    cd /Users/zibuyu/code/zibuyu/LangoTrace/LangoTrace.xcodeproj
    

SwiftCompile normal arm64 /Users/zibuyu/Library/Developer/Xcode/DerivedData/LangoTrace-hdfadqhothdwgbahopjjqiwrxhky/SourcePackages/checkouts/GRDB.swift/GRDB/Utils/ReadWriteLock.swift (in target 'GRDB' from project 'GRDB')
    cd /Users/zibuyu/code/zibuyu/LangoTrace/LangoTrace.xcodeproj
    

SwiftCompile normal arm64 /Users/zibuyu/Library/Developer/Xcode/DerivedData/LangoTrace-hdfadqhothdwgbahopjjqiwrxhky/SourcePackages/checkouts/GRDB.swift/GRDB/Utils/ReceiveValuesOn.swift (in target 'GRDB' from project 'GRDB')
    cd /Users/zibuyu/code/zibuyu/LangoTrace/LangoTrace.xcodeproj
    

SwiftCompile normal arm64 /Users/zibuyu/Library/Developer/Xcode/DerivedData/LangoTrace-hdfadqhothdwgbahopjjqiwrxhky/SourcePackages/checkouts/GRDB.swift/GRDB/Utils/Refinable.swift (in target 'GRDB' from project 'GRDB')
    cd /Users/zibuyu/code/zibuyu/LangoTrace/LangoTrace.xcodeproj
    

SwiftCompile normal arm64 /Users/zibuyu/Library/Developer/Xcode/DerivedData/LangoTrace-hdfadqhothdwgbahopjjqiwrxhky/SourcePackages/checkouts/GRDB.swift/GRDB/Utils/Utils.swift (in target 'GRDB' from project 'GRDB')
    cd /Users/zibuyu/code/zibuyu/LangoTrace/LangoTrace.xcodeproj
    

SwiftCompile normal arm64 /Users/zibuyu/Library/Developer/Xcode/DerivedData/LangoTrace-hdfadqhothdwgbahopjjqiwrxhky/SourcePackages/checkouts/GRDB.swift/GRDB/ValueObservation/DatabaseCancellable.swift (in target 'GRDB' from project 'GRDB')
    cd /Users/zibuyu/code/zibuyu/LangoTrace/LangoTrace.xcodeproj
    

SwiftCompile normal arm64 /Users/zibuyu/Library/Developer/Xcode/DerivedData/LangoTrace-hdfadqhothdwgbahopjjqiwrxhky/SourcePackages/checkouts/GRDB.swift/GRDB/ValueObservation/Observers/ValueConcurrentObserver.swift (in target 'GRDB' from project 'GRDB')
    cd /Users/zibuyu/code/zibuyu/LangoTrace/LangoTrace.xcodeproj
    

SwiftCompile normal arm64 /Users/zibuyu/Library/Developer/Xcode/DerivedData/LangoTrace-hdfadqhothdwgbahopjjqiwrxhky/SourcePackages/checkouts/GRDB.swift/GRDB/ValueObservation/Observers/ValueWriteOnlyObserver.swift (in target 'GRDB' from project 'GRDB')
    cd /Users/zibuyu/code/zibuyu/LangoTrace/LangoTrace.xcodeproj
    

SwiftCompile normal arm64 /Users/zibuyu/Library/Developer/Xcode/DerivedData/LangoTrace-hdfadqhothdwgbahopjjqiwrxhky/SourcePackages/checkouts/GRDB.swift/GRDB/ValueObservation/Reducers/Fetch.swift (in target 'GRDB' from project 'GRDB')
    cd /Users/zibuyu/code/zibuyu/LangoTrace/LangoTrace.xcodeproj
    

SwiftCompile normal arm64 /Users/zibuyu/Library/Developer/Xcode/DerivedData/LangoTrace-hdfadqhothdwgbahopjjqiwrxhky/SourcePackages/checkouts/GRDB.swift/GRDB/ValueObservation/Reducers/Map.swift (in target 'GRDB' from project 'GRDB')
    cd /Users/zibuyu/code/zibuyu/LangoTrace/LangoTrace.xcodeproj
    

SwiftCompile normal arm64 /Users/zibuyu/Library/Developer/Xcode/DerivedData/LangoTrace-hdfadqhothdwgbahopjjqiwrxhky/SourcePackages/checkouts/GRDB.swift/GRDB/ValueObservation/Reducers/RemoveDuplicates.swift (in target 'GRDB' from project 'GRDB')
    cd /Users/zibuyu/code/zibuyu/LangoTrace/LangoTrace.xcodeproj
    

SwiftCompile normal arm64 /Users/zibuyu/Library/Developer/Xcode/DerivedData/LangoTrace-hdfadqhothdwgbahopjjqiwrxhky/SourcePackages/checkouts/GRDB.swift/GRDB/ValueObservation/Reducers/Trace.swift (in target 'GRDB' from project 'GRDB')
    cd /Users/zibuyu/code/zibuyu/LangoTrace/LangoTrace.xcodeproj
    

SwiftCompile normal arm64 /Users/zibuyu/Library/Developer/Xcode/DerivedData/LangoTrace-hdfadqhothdwgbahopjjqiwrxhky/SourcePackages/checkouts/GRDB.swift/GRDB/ValueObservation/Reducers/ValueReducer.swift (in target 'GRDB' from project 'GRDB')
    cd /Users/zibuyu/code/zibuyu/LangoTrace/LangoTrace.xcodeproj
    

SwiftCompile normal arm64 /Users/zibuyu/Library/Developer/Xcode/DerivedData/LangoTrace-hdfadqhothdwgbahopjjqiwrxhky/SourcePackages/checkouts/GRDB.swift/GRDB/ValueObservation/SharedValueObservation.swift (in target 'GRDB' from project 'GRDB')
    cd /Users/zibuyu/code/zibuyu/LangoTrace/LangoTrace.xcodeproj
    

SwiftCompile normal arm64 /Users/zibuyu/Library/Developer/Xcode/DerivedData/LangoTrace-hdfadqhothdwgbahopjjqiwrxhky/SourcePackages/checkouts/GRDB.swift/GRDB/ValueObservation/ValueObservation.swift (in target 'GRDB' from project 'GRDB')
    cd /Users/zibuyu/code/zibuyu/LangoTrace/LangoTrace.xcodeproj
    

SwiftCompile normal arm64 /Users/zibuyu/Library/Developer/Xcode/DerivedData/LangoTrace-hdfadqhothdwgbahopjjqiwrxhky/SourcePackages/checkouts/GRDB.swift/GRDB/ValueObservation/ValueObservationScheduler.swift (in target 'GRDB' from project 'GRDB')
    cd /Users/zibuyu/code/zibuyu/LangoTrace/LangoTrace.xcodeproj
    

SwiftDriverJobDiscovery normal arm64 Compiling ReadingExplanationCache.swift, ReadingImport.swift, ReadingImportRegistry.swift, ReadingLibrary.swift (in target 'LangoTraceCore' from project 'LangoTraceCore')

SwiftCompile normal arm64 Compiling\ DatabaseSchemaCache.swift,\ DatabaseSchemaSource.swift,\ DatabaseSnapshot.swift,\ DatabaseSnapshotPool.swift,\ DatabaseValue.swift,\ DatabaseValueConvertible.swift,\ DatabaseWriter.swift,\ DispatchQueueActor.swift,\ FetchRequest.swift,\ Row.swift,\ RowAdapter.swift,\ RowDecodingError.swift,\ SQL.swift,\ SQLInterpolation.swift,\ SQLRequest.swift,\ SchedulingWatchdog.swift,\ SerializedDatabase.swift /Users/zibuyu/Library/Developer/Xcode/DerivedData/LangoTrace-hdfadqhothdwgbahopjjqiwrxhky/SourcePackages/checkouts/GRDB.swift/GRDB/Core/DatabaseSchemaCache.swift /Users/zibuyu/Library/Developer/Xcode/DerivedData/LangoTrace-hdfadqhothdwgbahopjjqiwrxhky/SourcePackages/checkouts/GRDB.swift/GRDB/Core/DatabaseSchemaSource.swift /Users/zibuyu/Library/Developer/Xcode/DerivedData/LangoTrace-hdfadqhothdwgbahopjjqiwrxhky/SourcePackages/checkouts/GRDB.swift/GRDB/Core/DatabaseSnapshot.swift /Users/zibuyu/Library/Developer/Xcode/DerivedData/LangoTrace-hdfadqhothdwgbahopjjqiwrxhky/SourcePackages/checkouts/GRDB.swift/GRDB/Core/DatabaseSnapshotPool.swift /Users/zibuyu/Library/Developer/Xcode/DerivedData/LangoTrace-hdfadqhothdwgbahopjjqiwrxhky/SourcePackages/checkouts/GRDB.swift/GRDB/Core/DatabaseValue.swift /Users/zibuyu/Library/Developer/Xcode/DerivedData/LangoTrace-hdfadqhothdwgbahopjjqiwrxhky/SourcePackages/checkouts/GRDB.swift/GRDB/Core/DatabaseValueConvertible.swift /Users/zibuyu/Library/Developer/Xcode/DerivedData/LangoTrace-hdfadqhothdwgbahopjjqiwrxhky/SourcePackages/checkouts/GRDB.swift/GRDB/Core/DatabaseWriter.swift /Users/zibuyu/Library/Developer/Xcode/DerivedData/LangoTrace-hdfadqhothdwgbahopjjqiwrxhky/SourcePackages/checkouts/GRDB.swift/GRDB/Core/DispatchQueueActor.swift /Users/zibuyu/Library/Developer/Xcode/DerivedData/LangoTrace-hdfadqhothdwgbahopjjqiwrxhky/SourcePackages/checkouts/GRDB.swift/GRDB/Core/FetchRequest.swift /Users/zibuyu/Library/Developer/Xcode/DerivedData/LangoTrace-hdfadqhothdwgbahopjjqiwrxhky/SourcePackages/checkouts/GRDB.swift/GRDB/Core/Row.swift /Users/zibuyu/Library/Developer/Xcode/DerivedData/LangoTrace-hdfadqhothdwgbahopjjqiwrxhky/SourcePackages/checkouts/GRDB.swift/GRDB/Core/RowAdapter.swift /Users/zibuyu/Library/Developer/Xcode/DerivedData/LangoTrace-hdfadqhothdwgbahopjjqiwrxhky/SourcePackages/checkouts/GRDB.swift/GRDB/Core/RowDecodingError.swift /Users/zibuyu/Library/Developer/Xcode/DerivedData/LangoTrace-hdfadqhothdwgbahopjjqiwrxhky/SourcePackages/checkouts/GRDB.swift/GRDB/Core/SQL.swift /Users/zibuyu/Library/Developer/Xcode/DerivedData/LangoTrace-hdfadqhothdwgbahopjjqiwrxhky/SourcePackages/checkouts/GRDB.swift/GRDB/Core/SQLInterpolation.swift /Users/zibuyu/Library/Developer/Xcode/DerivedData/LangoTrace-hdfadqhothdwgbahopjjqiwrxhky/SourcePackages/checkouts/GRDB.swift/GRDB/Core/SQLRequest.swift /Users/zibuyu/Library/Developer/Xcode/DerivedData/LangoTrace-hdfadqhothdwgbahopjjqiwrxhky/SourcePackages/checkouts/GRDB.swift/GRDB/Core/SchedulingWatchdog.swift /Users/zibuyu/Library/Developer/Xcode/DerivedData/LangoTrace-hdfadqhothdwgbahopjjqiwrxhky/SourcePackages/checkouts/GRDB.swift/GRDB/Core/SerializedDatabase.swift (in target 'GRDB' from project 'GRDB')

SwiftCompile normal arm64 /Users/zibuyu/Library/Developer/Xcode/DerivedData/LangoTrace-hdfadqhothdwgbahopjjqiwrxhky/SourcePackages/checkouts/GRDB.swift/GRDB/Core/DatabaseSchemaCache.swift (in target 'GRDB' from project 'GRDB')
    cd /Users/zibuyu/code/zibuyu/LangoTrace/LangoTrace.xcodeproj
    

SwiftCompile normal arm64 /Users/zibuyu/Library/Developer/Xcode/DerivedData/LangoTrace-hdfadqhothdwgbahopjjqiwrxhky/SourcePackages/checkouts/GRDB.swift/GRDB/Core/DatabaseSchemaSource.swift (in target 'GRDB' from project 'GRDB')
    cd /Users/zibuyu/code/zibuyu/LangoTrace/LangoTrace.xcodeproj
    

SwiftCompile normal arm64 /Users/zibuyu/Library/Developer/Xcode/DerivedData/LangoTrace-hdfadqhothdwgbahopjjqiwrxhky/SourcePackages/checkouts/GRDB.swift/GRDB/Core/DatabaseSnapshot.swift (in target 'GRDB' from project 'GRDB')
    cd /Users/zibuyu/code/zibuyu/LangoTrace/LangoTrace.xcodeproj
    

SwiftCompile normal arm64 /Users/zibuyu/Library/Developer/Xcode/DerivedData/LangoTrace-hdfadqhothdwgbahopjjqiwrxhky/SourcePackages/checkouts/GRDB.swift/GRDB/Core/DatabaseSnapshotPool.swift (in target 'GRDB' from project 'GRDB')
    cd /Users/zibuyu/code/zibuyu/LangoTrace/LangoTrace.xcodeproj
    

SwiftCompile normal arm64 /Users/zibuyu/Library/Developer/Xcode/DerivedData/LangoTrace-hdfadqhothdwgbahopjjqiwrxhky/SourcePackages/checkouts/GRDB.swift/GRDB/Core/DatabaseValue.swift (in target 'GRDB' from project 'GRDB')
    cd /Users/zibuyu/code/zibuyu/LangoTrace/LangoTrace.xcodeproj
    

SwiftCompile normal arm64 /Users/zibuyu/Library/Developer/Xcode/DerivedData/LangoTrace-hdfadqhothdwgbahopjjqiwrxhky/SourcePackages/checkouts/GRDB.swift/GRDB/Core/DatabaseValueConvertible.swift (in target 'GRDB' from project 'GRDB')
    cd /Users/zibuyu/code/zibuyu/LangoTrace/LangoTrace.xcodeproj
    

SwiftCompile normal arm64 /Users/zibuyu/Library/Developer/Xcode/DerivedData/LangoTrace-hdfadqhothdwgbahopjjqiwrxhky/SourcePackages/checkouts/GRDB.swift/GRDB/Core/DatabaseWriter.swift (in target 'GRDB' from project 'GRDB')
    cd /Users/zibuyu/code/zibuyu/LangoTrace/LangoTrace.xcodeproj
    

SwiftCompile normal arm64 /Users/zibuyu/Library/Developer/Xcode/DerivedData/LangoTrace-hdfadqhothdwgbahopjjqiwrxhky/SourcePackages/checkouts/GRDB.swift/GRDB/Core/DispatchQueueActor.swift (in target 'GRDB' from project 'GRDB')
    cd /Users/zibuyu/code/zibuyu/LangoTrace/LangoTrace.xcodeproj
    

SwiftCompile normal arm64 /Users/zibuyu/Library/Developer/Xcode/DerivedData/LangoTrace-hdfadqhothdwgbahopjjqiwrxhky/SourcePackages/checkouts/GRDB.swift/GRDB/Core/FetchRequest.swift (in target 'GRDB' from project 'GRDB')
    cd /Users/zibuyu/code/zibuyu/LangoTrace/LangoTrace.xcodeproj
    

SwiftCompile normal arm64 /Users/zibuyu/Library/Developer/Xcode/DerivedData/LangoTrace-hdfadqhothdwgbahopjjqiwrxhky/SourcePackages/checkouts/GRDB.swift/GRDB/Core/Row.swift (in target 'GRDB' from project 'GRDB')
    cd /Users/zibuyu/code/zibuyu/LangoTrace/LangoTrace.xcodeproj
    

SwiftCompile normal arm64 /Users/zibuyu/Library/Developer/Xcode/DerivedData/LangoTrace-hdfadqhothdwgbahopjjqiwrxhky/SourcePackages/checkouts/GRDB.swift/GRDB/Core/RowAdapter.swift (in target 'GRDB' from project 'GRDB')
    cd /Users/zibuyu/code/zibuyu/LangoTrace/LangoTrace.xcodeproj
    

SwiftCompile normal arm64 /Users/zibuyu/Library/Developer/Xcode/DerivedData/LangoTrace-hdfadqhothdwgbahopjjqiwrxhky/SourcePackages/checkouts/GRDB.swift/GRDB/Core/RowDecodingError.swift (in target 'GRDB' from project 'GRDB')
    cd /Users/zibuyu/code/zibuyu/LangoTrace/LangoTrace.xcodeproj
    

SwiftCompile normal arm64 /Users/zibuyu/Library/Developer/Xcode/DerivedData/LangoTrace-hdfadqhothdwgbahopjjqiwrxhky/SourcePackages/checkouts/GRDB.swift/GRDB/Core/SQL.swift (in target 'GRDB' from project 'GRDB')
    cd /Users/zibuyu/code/zibuyu/LangoTrace/LangoTrace.xcodeproj
    

SwiftCompile normal arm64 /Users/zibuyu/Library/Developer/Xcode/DerivedData/LangoTrace-hdfadqhothdwgbahopjjqiwrxhky/SourcePackages/checkouts/GRDB.swift/GRDB/Core/SQLInterpolation.swift (in target 'GRDB' from project 'GRDB')
    cd /Users/zibuyu/code/zibuyu/LangoTrace/LangoTrace.xcodeproj
    

SwiftCompile normal arm64 /Users/zibuyu/Library/Developer/Xcode/DerivedData/LangoTrace-hdfadqhothdwgbahopjjqiwrxhky/SourcePackages/checkouts/GRDB.swift/GRDB/Core/SQLRequest.swift (in target 'GRDB' from project 'GRDB')
    cd /Users/zibuyu/code/zibuyu/LangoTrace/LangoTrace.xcodeproj
    

SwiftCompile normal arm64 /Users/zibuyu/Library/Developer/Xcode/DerivedData/LangoTrace-hdfadqhothdwgbahopjjqiwrxhky/SourcePackages/checkouts/GRDB.swift/GRDB/Core/SchedulingWatchdog.swift (in target 'GRDB' from project 'GRDB')
    cd /Users/zibuyu/code/zibuyu/LangoTrace/LangoTrace.xcodeproj
    

SwiftCompile normal arm64 /Users/zibuyu/Library/Developer/Xcode/DerivedData/LangoTrace-hdfadqhothdwgbahopjjqiwrxhky/SourcePackages/checkouts/GRDB.swift/GRDB/Core/SerializedDatabase.swift (in target 'GRDB' from project 'GRDB')
    cd /Users/zibuyu/code/zibuyu/LangoTrace/LangoTrace.xcodeproj
    

SwiftDriverJobDiscovery normal arm64 Emitting module for LangoTraceCore (in target 'LangoTraceCore' from project 'LangoTraceCore')

SwiftDriver\ Compilation\ Requirements LangoTraceCore normal arm64 com.apple.xcode.tools.swift.compiler (in target 'LangoTraceCore' from project 'LangoTraceCore')
    cd /Users/zibuyu/code/zibuyu/LangoTrace/LangoTrace.xcodeproj
    builtin-Swift-Compilation-Requirements -- /Applications/Xcode.app/Contents/Developer/Toolchains/XcodeDefault.xctoolchain/usr/bin/swiftc -module-name LangoTraceCore -Onone @/Users/zibuyu/Library/Developer/Xcode/DerivedData/LangoTrace-hdfadqhothdwgbahopjjqiwrxhky/Build/Intermediates.noindex/LangoTraceCore.build/Debug-iphonesimulator/LangoTraceCore.build/Objects-normal/arm64/LangoTraceCore.SwiftFileList -DSWIFT_PACKAGE -DDEBUG -DSWIFT_MODULE_RESOURCE_BUNDLE_UNAVAILABLE -DXcode -plugin-path /Applications/Xcode.app/Contents/Developer/Toolchains/XcodeDefault.xctoolchain/usr/lib/swift/host/plugins/testing -enable-experimental-feature DebugDescriptionMacro -sdk /Applications/Xcode.app/Contents/Developer/Platforms/iPhoneSimulator.platform/Developer/SDKs/iPhoneSimulator26.5.sdk -target arm64-apple-ios18.0-simulator -g -module-cache-path /Users/zibuyu/Library/Developer/Xcode/DerivedData/ModuleCache.noindex -Xfrontend -serialize-debugging-options -profile-coverage-mapping -profile-generate -enable-testing -index-store-path /Users/zibuyu/Library/Developer/Xcode/DerivedData/LangoTrace-hdfadqhothdwgbahopjjqiwrxhky/Index.noindex/DataStore -Xcc -D_LIBCPP_HARDENING_MODE\=_LIBCPP_HARDENING_MODE_DEBUG -swift-version 6 -I /Users/zibuyu/Library/Developer/Xcode/DerivedData/LangoTrace-hdfadqhothdwgbahopjjqiwrxhky/Build/Products/Debug-iphonesimulator -Isystem /Applications/Xcode.app/Contents/Developer/Platforms/iPhoneSimulator.platform/Developer/usr/lib -F /Users/zibuyu/Library/Developer/Xcode/DerivedData/LangoTrace-hdfadqhothdwgbahopjjqiwrxhky/Build/Products/Debug-iphonesimulator -F /Applications/Xcode.app/Contents/Developer/Platforms/iPhoneSimulator.platform/Developer/Library/Frameworks -F /Applications/Xcode.app/Contents/Developer/Platforms/iPhoneSimulator.platform/Developer/SDKs/iPhoneSimulator26.5.sdk/Developer/Library/Frameworks -c -j10 -enable-batch-mode -incremental -Xcc -ivfsstatcache -Xcc /Users/zibuyu/Library/Developer/Xcode/DerivedData/SDKStatCaches.noindex/iphonesimulator26.5-23F73-6cfe768891a92b912361537c460fe42b.sdkstatcache -output-file-map /Users/zibuyu/Library/Developer/Xcode/DerivedData/LangoTrace-hdfadqhothdwgbahopjjqiwrxhky/Build/Intermediates.noindex/LangoTraceCore.build/Debug-iphonesimulator/LangoTraceCore.build/Objects-normal/arm64/LangoTraceCore-OutputFileMap.json -use-frontend-parseable-output -save-temps -no-color-diagnostics -explicit-module-build -module-cache-path /Users/zibuyu/Library/Developer/Xcode/DerivedData/LangoTrace-hdfadqhothdwgbahopjjqiwrxhky/Build/Intermediates.noindex/SwiftExplicitPrecompiledModules -clang-scanner-module-cache-path /Users/zibuyu/Library/Developer/Xcode/DerivedData/ModuleCache.noindex -sdk-module-cache-path /Users/zibuyu/Library/Developer/Xcode/DerivedData/ModuleCache.noindex -serialize-diagnostics -emit-dependencies -emit-module -emit-module-path /Users/zibuyu/Library/Developer/Xcode/DerivedData/LangoTrace-hdfadqhothdwgbahopjjqiwrxhky/Build/Intermediates.noindex/LangoTraceCore.build/Debug-iphonesimulator/LangoTraceCore.build/Objects-normal/arm64/LangoTraceCore.swiftmodule -validate-clang-modules-once -clang-build-session-file /Users/zibuyu/Library/Developer/Xcode/DerivedData/ModuleCache.noindex/Session.modulevalidation -package-name langotracecore -Xcc -I/Users/zibuyu/Library/Developer/Xcode/DerivedData/LangoTrace-hdfadqhothdwgbahopjjqiwrxhky/Build/Intermediates.noindex/LangoTraceCore.build/Debug-iphonesimulator/LangoTraceCore.build/swift-overrides.hmap -emit-const-values -Xfrontend -const-gather-protocols-file -Xfrontend /Users/zibuyu/Library/Developer/Xcode/DerivedData/LangoTrace-hdfadqhothdwgbahopjjqiwrxhky/Build/Intermediates.noindex/LangoTraceCore.build/Debug-iphonesimulator/LangoTraceCore.build/Objects-normal/arm64/LangoTraceCore_const_extract_protocols.json -Xcc -I/Users/zibuyu/Library/Developer/Xcode/DerivedData/LangoTrace-hdfadqhothdwgbahopjjqiwrxhky/Build/Products/Debug-iphonesimulator/include -Xcc -I/Users/zibuyu/Library/Developer/Xcode/DerivedData/LangoTrace-hdfadqhothdwgbahopjjqiwrxhky/Build/Intermediates.noindex/LangoTraceCore.build/Debug-iphonesimulator/LangoTraceCore.build/DerivedSources-normal/arm64 -Xcc -I/Users/zibuyu/Library/Developer/Xcode/DerivedData/LangoTrace-hdfadqhothdwgbahopjjqiwrxhky/Build/Intermediates.noindex/LangoTraceCore.build/Debug-iphonesimulator/LangoTraceCore.build/DerivedSources/arm64 -Xcc -I/Users/zibuyu/Library/Developer/Xcode/DerivedData/LangoTrace-hdfadqhothdwgbahopjjqiwrxhky/Build/Intermediates.noindex/LangoTraceCore.build/Debug-iphonesimulator/LangoTraceCore.build/DerivedSources -Xcc -DSWIFT_PACKAGE -Xcc -DDEBUG\=1 -emit-objc-header -emit-objc-header-path /Users/zibuyu/Library/Developer/Xcode/DerivedData/LangoTrace-hdfadqhothdwgbahopjjqiwrxhky/Build/Intermediates.noindex/LangoTraceCore.build/Debug-iphonesimulator/LangoTraceCore.build/Objects-normal/arm64/LangoTraceCore-Swift.h -working-directory /Users/zibuyu/code/zibuyu/LangoTrace/LangoTrace.xcodeproj -experimental-emit-module-separately -disable-cmo

SwiftCompile normal arm64 Compiling\ FTS5+QueryInterface.swift,\ ForeignKey.swift,\ Association.swift,\ AssociationAggregate.swift,\ BelongsToAssociation.swift,\ HasManyAssociation.swift,\ HasManyThroughAssociation.swift,\ HasOneAssociation.swift,\ HasOneThroughAssociation.swift,\ JoinAssociation.swift,\ CommonTableExpression.swift,\ QueryInterfaceRequest.swift,\ RequestProtocols.swift,\ Column.swift,\ DatabasePromise.swift,\ SQLAssociation.swift,\ SQLCollection.swift /Users/zibuyu/Library/Developer/Xcode/DerivedData/LangoTrace-hdfadqhothdwgbahopjjqiwrxhky/SourcePackages/checkouts/GRDB.swift/GRDB/QueryInterface/FTS5+QueryInterface.swift /Users/zibuyu/Library/Developer/Xcode/DerivedData/LangoTrace-hdfadqhothdwgbahopjjqiwrxhky/SourcePackages/checkouts/GRDB.swift/GRDB/QueryInterface/ForeignKey.swift /Users/zibuyu/Library/Developer/Xcode/DerivedData/LangoTrace-hdfadqhothdwgbahopjjqiwrxhky/SourcePackages/checkouts/GRDB.swift/GRDB/QueryInterface/Request/Association/Association.swift /Users/zibuyu/Library/Developer/Xcode/DerivedData/LangoTrace-hdfadqhothdwgbahopjjqiwrxhky/SourcePackages/checkouts/GRDB.swift/GRDB/QueryInterface/Request/Association/AssociationAggregate.swift /Users/zibuyu/Library/Developer/Xcode/DerivedData/LangoTrace-hdfadqhothdwgbahopjjqiwrxhky/SourcePackages/checkouts/GRDB.swift/GRDB/QueryInterface/Request/Association/BelongsToAssociation.swift /Users/zibuyu/Library/Developer/Xcode/DerivedData/LangoTrace-hdfadqhothdwgbahopjjqiwrxhky/SourcePackages/checkouts/GRDB.swift/GRDB/QueryInterface/Request/Association/HasManyAssociation.swift /Users/zibuyu/Library/Developer/Xcode/DerivedData/LangoTrace-hdfadqhothdwgbahopjjqiwrxhky/SourcePackages/checkouts/GRDB.swift/GRDB/QueryInterface/Request/Association/HasManyThroughAssociation.swift /Users/zibuyu/Library/Developer/Xcode/DerivedData/LangoTrace-hdfadqhothdwgbahopjjqiwrxhky/SourcePackages/checkouts/GRDB.swift/GRDB/QueryInterface/Request/Association/HasOneAssociation.swift /Users/zibuyu/Library/Developer/Xcode/DerivedData/LangoTrace-hdfadqhothdwgbahopjjqiwrxhky/SourcePackages/checkouts/GRDB.swift/GRDB/QueryInterface/Request/Association/HasOneThroughAssociation.swift /Users/zibuyu/Library/Developer/Xcode/DerivedData/LangoTrace-hdfadqhothdwgbahopjjqiwrxhky/SourcePackages/checkouts/GRDB.swift/GRDB/QueryInterface/Request/Association/JoinAssociation.swift /Users/zibuyu/Library/Developer/Xcode/DerivedData/LangoTrace-hdfadqhothdwgbahopjjqiwrxhky/SourcePackages/checkouts/GRDB.swift/GRDB/QueryInterface/Request/CommonTableExpression.swift /Users/zibuyu/Library/Developer/Xcode/DerivedData/LangoTrace-hdfadqhothdwgbahopjjqiwrxhky/SourcePackages/checkouts/GRDB.swift/GRDB/QueryInterface/Request/QueryInterfaceRequest.swift /Users/zibuyu/Library/Developer/Xcode/DerivedData/LangoTrace-hdfadqhothdwgbahopjjqiwrxhky/SourcePackages/checkouts/GRDB.swift/GRDB/QueryInterface/Request/RequestProtocols.swift /Users/zibuyu/Library/Developer/Xcode/DerivedData/LangoTrace-hdfadqhothdwgbahopjjqiwrxhky/SourcePackages/checkouts/GRDB.swift/GRDB/QueryInterface/SQL/Column.swift /Users/zibuyu/Library/Developer/Xcode/DerivedData/LangoTrace-hdfadqhothdwgbahopjjqiwrxhky/SourcePackages/checkouts/GRDB.swift/GRDB/QueryInterface/SQL/DatabasePromise.swift /Users/zibuyu/Library/Developer/Xcode/DerivedData/LangoTrace-hdfadqhothdwgbahopjjqiwrxhky/SourcePackages/checkouts/GRDB.swift/GRDB/QueryInterface/SQL/SQLAssociation.swift /Users/zibuyu/Library/Developer/Xcode/DerivedData/LangoTrace-hdfadqhothdwgbahopjjqiwrxhky/SourcePackages/checkouts/GRDB.swift/GRDB/QueryInterface/SQL/SQLCollection.swift (in target 'GRDB' from project 'GRDB')

SwiftCompile normal arm64 /Users/zibuyu/Library/Developer/Xcode/DerivedData/LangoTrace-hdfadqhothdwgbahopjjqiwrxhky/SourcePackages/checkouts/GRDB.swift/GRDB/QueryInterface/FTS5+QueryInterface.swift (in target 'GRDB' from project 'GRDB')
    cd /Users/zibuyu/code/zibuyu/LangoTrace/LangoTrace.xcodeproj
    

SwiftCompile normal arm64 /Users/zibuyu/Library/Developer/Xcode/DerivedData/LangoTrace-hdfadqhothdwgbahopjjqiwrxhky/SourcePackages/checkouts/GRDB.swift/GRDB/QueryInterface/ForeignKey.swift (in target 'GRDB' from project 'GRDB')
    cd /Users/zibuyu/code/zibuyu/LangoTrace/LangoTrace.xcodeproj
    

SwiftCompile normal arm64 /Users/zibuyu/Library/Developer/Xcode/DerivedData/LangoTrace-hdfadqhothdwgbahopjjqiwrxhky/SourcePackages/checkouts/GRDB.swift/GRDB/QueryInterface/Request/Association/Association.swift (in target 'GRDB' from project 'GRDB')
    cd /Users/zibuyu/code/zibuyu/LangoTrace/LangoTrace.xcodeproj
    

SwiftCompile normal arm64 /Users/zibuyu/Library/Developer/Xcode/DerivedData/LangoTrace-hdfadqhothdwgbahopjjqiwrxhky/SourcePackages/checkouts/GRDB.swift/GRDB/QueryInterface/Request/Association/AssociationAggregate.swift (in target 'GRDB' from project 'GRDB')
    cd /Users/zibuyu/code/zibuyu/LangoTrace/LangoTrace.xcodeproj
    

SwiftCompile normal arm64 /Users/zibuyu/Library/Developer/Xcode/DerivedData/LangoTrace-hdfadqhothdwgbahopjjqiwrxhky/SourcePackages/checkouts/GRDB.swift/GRDB/QueryInterface/Request/Association/BelongsToAssociation.swift (in target 'GRDB' from project 'GRDB')
    cd /Users/zibuyu/code/zibuyu/LangoTrace/LangoTrace.xcodeproj
    

SwiftCompile normal arm64 /Users/zibuyu/Library/Developer/Xcode/DerivedData/LangoTrace-hdfadqhothdwgbahopjjqiwrxhky/SourcePackages/checkouts/GRDB.swift/GRDB/QueryInterface/Request/Association/HasManyAssociation.swift (in target 'GRDB' from project 'GRDB')
    cd /Users/zibuyu/code/zibuyu/LangoTrace/LangoTrace.xcodeproj
    

SwiftCompile normal arm64 /Users/zibuyu/Library/Developer/Xcode/DerivedData/LangoTrace-hdfadqhothdwgbahopjjqiwrxhky/SourcePackages/checkouts/GRDB.swift/GRDB/QueryInterface/Request/Association/HasManyThroughAssociation.swift (in target 'GRDB' from project 'GRDB')
    cd /Users/zibuyu/code/zibuyu/LangoTrace/LangoTrace.xcodeproj
    

SwiftCompile normal arm64 /Users/zibuyu/Library/Developer/Xcode/DerivedData/LangoTrace-hdfadqhothdwgbahopjjqiwrxhky/SourcePackages/checkouts/GRDB.swift/GRDB/QueryInterface/Request/Association/HasOneAssociation.swift (in target 'GRDB' from project 'GRDB')
    cd /Users/zibuyu/code/zibuyu/LangoTrace/LangoTrace.xcodeproj
    

SwiftCompile normal arm64 /Users/zibuyu/Library/Developer/Xcode/DerivedData/LangoTrace-hdfadqhothdwgbahopjjqiwrxhky/SourcePackages/checkouts/GRDB.swift/GRDB/QueryInterface/Request/Association/HasOneThroughAssociation.swift (in target 'GRDB' from project 'GRDB')
    cd /Users/zibuyu/code/zibuyu/LangoTrace/LangoTrace.xcodeproj
    

SwiftCompile normal arm64 /Users/zibuyu/Library/Developer/Xcode/DerivedData/LangoTrace-hdfadqhothdwgbahopjjqiwrxhky/SourcePackages/checkouts/GRDB.swift/GRDB/QueryInterface/Request/Association/JoinAssociation.swift (in target 'GRDB' from project 'GRDB')
    cd /Users/zibuyu/code/zibuyu/LangoTrace/LangoTrace.xcodeproj
    

SwiftCompile normal arm64 /Users/zibuyu/Library/Developer/Xcode/DerivedData/LangoTrace-hdfadqhothdwgbahopjjqiwrxhky/SourcePackages/checkouts/GRDB.swift/GRDB/QueryInterface/Request/CommonTableExpression.swift (in target 'GRDB' from project 'GRDB')
    cd /Users/zibuyu/code/zibuyu/LangoTrace/LangoTrace.xcodeproj
    

SwiftCompile normal arm64 /Users/zibuyu/Library/Developer/Xcode/DerivedData/LangoTrace-hdfadqhothdwgbahopjjqiwrxhky/SourcePackages/checkouts/GRDB.swift/GRDB/QueryInterface/Request/QueryInterfaceRequest.swift (in target 'GRDB' from project 'GRDB')
    cd /Users/zibuyu/code/zibuyu/LangoTrace/LangoTrace.xcodeproj
    

SwiftCompile normal arm64 /Users/zibuyu/Library/Developer/Xcode/DerivedData/LangoTrace-hdfadqhothdwgbahopjjqiwrxhky/SourcePackages/checkouts/GRDB.swift/GRDB/QueryInterface/Request/RequestProtocols.swift (in target 'GRDB' from project 'GRDB')
    cd /Users/zibuyu/code/zibuyu/LangoTrace/LangoTrace.xcodeproj
    

SwiftCompile normal arm64 /Users/zibuyu/Library/Developer/Xcode/DerivedData/LangoTrace-hdfadqhothdwgbahopjjqiwrxhky/SourcePackages/checkouts/GRDB.swift/GRDB/QueryInterface/SQL/Column.swift (in target 'GRDB' from project 'GRDB')
    cd /Users/zibuyu/code/zibuyu/LangoTrace/LangoTrace.xcodeproj
    

SwiftCompile normal arm64 /Users/zibuyu/Library/Developer/Xcode/DerivedData/LangoTrace-hdfadqhothdwgbahopjjqiwrxhky/SourcePackages/checkouts/GRDB.swift/GRDB/QueryInterface/SQL/DatabasePromise.swift (in target 'GRDB' from project 'GRDB')
    cd /Users/zibuyu/code/zibuyu/LangoTrace/LangoTrace.xcodeproj
    

SwiftCompile normal arm64 /Users/zibuyu/Library/Developer/Xcode/DerivedData/LangoTrace-hdfadqhothdwgbahopjjqiwrxhky/SourcePackages/checkouts/GRDB.swift/GRDB/QueryInterface/SQL/SQLAssociation.swift (in target 'GRDB' from project 'GRDB')
    cd /Users/zibuyu/code/zibuyu/LangoTrace/LangoTrace.xcodeproj
    

SwiftCompile normal arm64 /Users/zibuyu/Library/Developer/Xcode/DerivedData/LangoTrace-hdfadqhothdwgbahopjjqiwrxhky/SourcePackages/checkouts/GRDB.swift/GRDB/QueryInterface/SQL/SQLCollection.swift (in target 'GRDB' from project 'GRDB')
    cd /Users/zibuyu/code/zibuyu/LangoTrace/LangoTrace.xcodeproj
    

SwiftDriverJobDiscovery normal arm64 Compiling LanguageSpace.swift, LanguageSpacePreview.swift, LaunchRoute.swift, LearningLanguage.swift, LearningMaterialGenerationModels.swift (in target 'LangoTraceCore' from project 'LangoTraceCore')

SwiftMergeGeneratedHeaders /Users/zibuyu/Library/Developer/Xcode/DerivedData/LangoTrace-hdfadqhothdwgbahopjjqiwrxhky/Build/Intermediates.noindex/GeneratedModuleMaps-iphonesimulator/LangoTraceCore-Swift.h /Users/zibuyu/Library/Developer/Xcode/DerivedData/LangoTrace-hdfadqhothdwgbahopjjqiwrxhky/Build/Intermediates.noindex/LangoTraceCore.build/Debug-iphonesimulator/LangoTraceCore.build/Objects-normal/arm64/LangoTraceCore-Swift.h (in target 'LangoTraceCore' from project 'LangoTraceCore')
    cd /Users/zibuyu/code/zibuyu/LangoTrace/Packages/LangoTraceCore
    builtin-swiftHeaderTool -arch arm64 /Users/zibuyu/Library/Developer/Xcode/DerivedData/LangoTrace-hdfadqhothdwgbahopjjqiwrxhky/Build/Intermediates.noindex/LangoTraceCore.build/Debug-iphonesimulator/LangoTraceCore.build/Objects-normal/arm64/LangoTraceCore-Swift.h -o /Users/zibuyu/Library/Developer/Xcode/DerivedData/LangoTrace-hdfadqhothdwgbahopjjqiwrxhky/Build/Intermediates.noindex/GeneratedModuleMaps-iphonesimulator/LangoTraceCore-Swift.h

Copy /Users/zibuyu/Library/Developer/Xcode/DerivedData/LangoTrace-hdfadqhothdwgbahopjjqiwrxhky/Build/Products/Debug-iphonesimulator/LangoTraceCore.swiftmodule/arm64-apple-ios-simulator.swiftmodule /Users/zibuyu/Library/Developer/Xcode/DerivedData/LangoTrace-hdfadqhothdwgbahopjjqiwrxhky/Build/Intermediates.noindex/LangoTraceCore.build/Debug-iphonesimulator/LangoTraceCore.build/Objects-normal/arm64/LangoTraceCore.swiftmodule (in target 'LangoTraceCore' from project 'LangoTraceCore')
    cd /Users/zibuyu/code/zibuyu/LangoTrace/Packages/LangoTraceCore
    builtin-copy -exclude .DS_Store -exclude CVS -exclude .svn -exclude .git -exclude .hg -resolve-src-symlinks -rename /Users/zibuyu/Library/Developer/Xcode/DerivedData/LangoTrace-hdfadqhothdwgbahopjjqiwrxhky/Build/Intermediates.noindex/LangoTraceCore.build/Debug-iphonesimulator/LangoTraceCore.build/Objects-normal/arm64/LangoTraceCore.swiftmodule /Users/zibuyu/Library/Developer/Xcode/DerivedData/LangoTrace-hdfadqhothdwgbahopjjqiwrxhky/Build/Products/Debug-iphonesimulator/LangoTraceCore.swiftmodule/arm64-apple-ios-simulator.swiftmodule

SwiftDriverJobDiscovery normal arm64 Compiling TTSAudioArtifact.swift, TTSAudioFileValidation.swift, TTSAudioValidation.swift, TTSProviderConfiguration.swift (in target 'LangoTraceCore' from project 'LangoTraceCore')

Copy /Users/zibuyu/Library/Developer/Xcode/DerivedData/LangoTrace-hdfadqhothdwgbahopjjqiwrxhky/Build/Products/Debug-iphonesimulator/LangoTraceCore.swiftmodule/arm64-apple-ios-simulator.swiftdoc /Users/zibuyu/Library/Developer/Xcode/DerivedData/LangoTrace-hdfadqhothdwgbahopjjqiwrxhky/Build/Intermediates.noindex/LangoTraceCore.build/Debug-iphonesimulator/LangoTraceCore.build/Objects-normal/arm64/LangoTraceCore.swiftdoc (in target 'LangoTraceCore' from project 'LangoTraceCore')
    cd /Users/zibuyu/code/zibuyu/LangoTrace/Packages/LangoTraceCore
    builtin-copy -exclude .DS_Store -exclude CVS -exclude .svn -exclude .git -exclude .hg -resolve-src-symlinks -rename /Users/zibuyu/Library/Developer/Xcode/DerivedData/LangoTrace-hdfadqhothdwgbahopjjqiwrxhky/Build/Intermediates.noindex/LangoTraceCore.build/Debug-iphonesimulator/LangoTraceCore.build/Objects-normal/arm64/LangoTraceCore.swiftdoc /Users/zibuyu/Library/Developer/Xcode/DerivedData/LangoTrace-hdfadqhothdwgbahopjjqiwrxhky/Build/Products/Debug-iphonesimulator/LangoTraceCore.swiftmodule/arm64-apple-ios-simulator.swiftdoc

Copy /Users/zibuyu/Library/Developer/Xcode/DerivedData/LangoTrace-hdfadqhothdwgbahopjjqiwrxhky/Build/Products/Debug-iphonesimulator/LangoTraceCore.swiftmodule/arm64-apple-ios-simulator.abi.json /Users/zibuyu/Library/Developer/Xcode/DerivedData/LangoTrace-hdfadqhothdwgbahopjjqiwrxhky/Build/Intermediates.noindex/LangoTraceCore.build/Debug-iphonesimulator/LangoTraceCore.build/Objects-normal/arm64/LangoTraceCore.abi.json (in target 'LangoTraceCore' from project 'LangoTraceCore')
    cd /Users/zibuyu/code/zibuyu/LangoTrace/Packages/LangoTraceCore
    builtin-copy -exclude .DS_Store -exclude CVS -exclude .svn -exclude .git -exclude .hg -resolve-src-symlinks -rename /Users/zibuyu/Library/Developer/Xcode/DerivedData/LangoTrace-hdfadqhothdwgbahopjjqiwrxhky/Build/Intermediates.noindex/LangoTraceCore.build/Debug-iphonesimulator/LangoTraceCore.build/Objects-normal/arm64/LangoTraceCore.abi.json /Users/zibuyu/Library/Developer/Xcode/DerivedData/LangoTrace-hdfadqhothdwgbahopjjqiwrxhky/Build/Products/Debug-iphonesimulator/LangoTraceCore.swiftmodule/arm64-apple-ios-simulator.abi.json

Copy /Users/zibuyu/Library/Developer/Xcode/DerivedData/LangoTrace-hdfadqhothdwgbahopjjqiwrxhky/Build/Products/Debug-iphonesimulator/LangoTraceCore.swiftmodule/Project/arm64-apple-ios-simulator.swiftsourceinfo /Users/zibuyu/Library/Developer/Xcode/DerivedData/LangoTrace-hdfadqhothdwgbahopjjqiwrxhky/Build/Intermediates.noindex/LangoTraceCore.build/Debug-iphonesimulator/LangoTraceCore.build/Objects-normal/arm64/LangoTraceCore.swiftsourceinfo (in target 'LangoTraceCore' from project 'LangoTraceCore')
    cd /Users/zibuyu/code/zibuyu/LangoTrace/Packages/LangoTraceCore
    builtin-copy -exclude .DS_Store -exclude CVS -exclude .svn -exclude .git -exclude .hg -resolve-src-symlinks -rename /Users/zibuyu/Library/Developer/Xcode/DerivedData/LangoTrace-hdfadqhothdwgbahopjjqiwrxhky/Build/Intermediates.noindex/LangoTraceCore.build/Debug-iphonesimulator/LangoTraceCore.build/Objects-normal/arm64/LangoTraceCore.swiftsourceinfo /Users/zibuyu/Library/Developer/Xcode/DerivedData/LangoTrace-hdfadqhothdwgbahopjjqiwrxhky/Build/Products/Debug-iphonesimulator/LangoTraceCore.swiftmodule/Project/arm64-apple-ios-simulator.swiftsourceinfo

SwiftCompile normal arm64 Compiling\ resource_bundle_accessor.swift,\ Configuration.swift,\ Cursor.swift,\ Database+SQLCipher.swift,\ Database+Schema.swift,\ Database+Statements.swift,\ Database.swift,\ DatabaseBackupProgress.swift,\ DatabaseCollation.swift,\ DatabaseError.swift,\ DatabaseFunction.swift,\ DatabasePool.swift,\ DatabasePublishers.swift,\ DatabaseQueue.swift,\ DatabaseReader.swift,\ DatabaseRegion.swift,\ DatabaseRegionObservation.swift /Users/zibuyu/Library/Developer/Xcode/DerivedData/LangoTrace-hdfadqhothdwgbahopjjqiwrxhky/Build/Intermediates.noindex/GRDB.build/Debug-iphonesimulator/GRDB.build/DerivedSources/resource_bundle_accessor.swift /Users/zibuyu/Library/Developer/Xcode/DerivedData/LangoTrace-hdfadqhothdwgbahopjjqiwrxhky/SourcePackages/checkouts/GRDB.swift/GRDB/Core/Configuration.swift /Users/zibuyu/Library/Developer/Xcode/DerivedData/LangoTrace-hdfadqhothdwgbahopjjqiwrxhky/SourcePackages/checkouts/GRDB.swift/GRDB/Core/Cursor.swift /Users/zibuyu/Library/Developer/Xcode/DerivedData/LangoTrace-hdfadqhothdwgbahopjjqiwrxhky/SourcePackages/checkouts/GRDB.swift/GRDB/Core/Database+SQLCipher.swift /Users/zibuyu/Library/Developer/Xcode/DerivedData/LangoTrace-hdfadqhothdwgbahopjjqiwrxhky/SourcePackages/checkouts/GRDB.swift/GRDB/Core/Database+Schema.swift /Users/zibuyu/Library/Developer/Xcode/DerivedData/LangoTrace-hdfadqhothdwgbahopjjqiwrxhky/SourcePackages/checkouts/GRDB.swift/GRDB/Core/Database+Statements.swift /Users/zibuyu/Library/Developer/Xcode/DerivedData/LangoTrace-hdfadqhothdwgbahopjjqiwrxhky/SourcePackages/checkouts/GRDB.swift/GRDB/Core/Database.swift /Users/zibuyu/Library/Developer/Xcode/DerivedData/LangoTrace-hdfadqhothdwgbahopjjqiwrxhky/SourcePackages/checkouts/GRDB.swift/GRDB/Core/DatabaseBackupProgress.swift /Users/zibuyu/Library/Developer/Xcode/DerivedData/LangoTrace-hdfadqhothdwgbahopjjqiwrxhky/SourcePackages/checkouts/GRDB.swift/GRDB/Core/DatabaseCollation.swift /Users/zibuyu/Library/Developer/Xcode/DerivedData/LangoTrace-hdfadqhothdwgbahopjjqiwrxhky/SourcePackages/checkouts/GRDB.swift/GRDB/Core/DatabaseError.swift /Users/zibuyu/Library/Developer/Xcode/DerivedData/LangoTrace-hdfadqhothdwgbahopjjqiwrxhky/SourcePackages/checkouts/GRDB.swift/GRDB/Core/DatabaseFunction.swift /Users/zibuyu/Library/Developer/Xcode/DerivedData/LangoTrace-hdfadqhothdwgbahopjjqiwrxhky/SourcePackages/checkouts/GRDB.swift/GRDB/Core/DatabasePool.swift /Users/zibuyu/Library/Developer/Xcode/DerivedData/LangoTrace-hdfadqhothdwgbahopjjqiwrxhky/SourcePackages/checkouts/GRDB.swift/GRDB/Core/DatabasePublishers.swift /Users/zibuyu/Library/Developer/Xcode/DerivedData/LangoTrace-hdfadqhothdwgbahopjjqiwrxhky/SourcePackages/checkouts/GRDB.swift/GRDB/Core/DatabaseQueue.swift /Users/zibuyu/Library/Developer/Xcode/DerivedData/LangoTrace-hdfadqhothdwgbahopjjqiwrxhky/SourcePackages/checkouts/GRDB.swift/GRDB/Core/DatabaseReader.swift /Users/zibuyu/Library/Developer/Xcode/DerivedData/LangoTrace-hdfadqhothdwgbahopjjqiwrxhky/SourcePackages/checkouts/GRDB.swift/GRDB/Core/DatabaseRegion.swift /Users/zibuyu/Library/Developer/Xcode/DerivedData/LangoTrace-hdfadqhothdwgbahopjjqiwrxhky/SourcePackages/checkouts/GRDB.swift/GRDB/Core/DatabaseRegionObservation.swift (in target 'GRDB' from project 'GRDB')
SwiftCompile normal arm64 /Users/zibuyu/Library/Developer/Xcode/DerivedData/LangoTrace-hdfadqhothdwgbahopjjqiwrxhky/Build/Intermediates.noindex/GRDB.build/Debug-iphonesimulator/GRDB.build/DerivedSources/resource_bundle_accessor.swift (in target 'GRDB' from project 'GRDB')
    cd /Users/zibuyu/code/zibuyu/LangoTrace/LangoTrace.xcodeproj
    

SwiftCompile normal arm64 /Users/zibuyu/Library/Developer/Xcode/DerivedData/LangoTrace-hdfadqhothdwgbahopjjqiwrxhky/SourcePackages/checkouts/GRDB.swift/GRDB/Core/Configuration.swift (in target 'GRDB' from project 'GRDB')
    cd /Users/zibuyu/code/zibuyu/LangoTrace/LangoTrace.xcodeproj
    

SwiftCompile normal arm64 /Users/zibuyu/Library/Developer/Xcode/DerivedData/LangoTrace-hdfadqhothdwgbahopjjqiwrxhky/SourcePackages/checkouts/GRDB.swift/GRDB/Core/Cursor.swift (in target 'GRDB' from project 'GRDB')
    cd /Users/zibuyu/code/zibuyu/LangoTrace/LangoTrace.xcodeproj
    

SwiftCompile normal arm64 /Users/zibuyu/Library/Developer/Xcode/DerivedData/LangoTrace-hdfadqhothdwgbahopjjqiwrxhky/SourcePackages/checkouts/GRDB.swift/GRDB/Core/Database+SQLCipher.swift (in target 'GRDB' from project 'GRDB')
    cd /Users/zibuyu/code/zibuyu/LangoTrace/LangoTrace.xcodeproj
    

SwiftCompile normal arm64 /Users/zibuyu/Library/Developer/Xcode/DerivedData/LangoTrace-hdfadqhothdwgbahopjjqiwrxhky/SourcePackages/checkouts/GRDB.swift/GRDB/Core/Database+Schema.swift (in target 'GRDB' from project 'GRDB')
    cd /Users/zibuyu/code/zibuyu/LangoTrace/LangoTrace.xcodeproj
    

SwiftCompile normal arm64 /Users/zibuyu/Library/Developer/Xcode/DerivedData/LangoTrace-hdfadqhothdwgbahopjjqiwrxhky/SourcePackages/checkouts/GRDB.swift/GRDB/Core/Database+Statements.swift (in target 'GRDB' from project 'GRDB')
    cd /Users/zibuyu/code/zibuyu/LangoTrace/LangoTrace.xcodeproj
    

SwiftCompile normal arm64 /Users/zibuyu/Library/Developer/Xcode/DerivedData/LangoTrace-hdfadqhothdwgbahopjjqiwrxhky/SourcePackages/checkouts/GRDB.swift/GRDB/Core/Database.swift (in target 'GRDB' from project 'GRDB')
    cd /Users/zibuyu/code/zibuyu/LangoTrace/LangoTrace.xcodeproj
    

SwiftCompile normal arm64 /Users/zibuyu/Library/Developer/Xcode/DerivedData/LangoTrace-hdfadqhothdwgbahopjjqiwrxhky/SourcePackages/checkouts/GRDB.swift/GRDB/Core/DatabaseBackupProgress.swift (in target 'GRDB' from project 'GRDB')
    cd /Users/zibuyu/code/zibuyu/LangoTrace/LangoTrace.xcodeproj
    

SwiftCompile normal arm64 /Users/zibuyu/Library/Developer/Xcode/DerivedData/LangoTrace-hdfadqhothdwgbahopjjqiwrxhky/SourcePackages/checkouts/GRDB.swift/GRDB/Core/DatabaseCollation.swift (in target 'GRDB' from project 'GRDB')
    cd /Users/zibuyu/code/zibuyu/LangoTrace/LangoTrace.xcodeproj
    

SwiftCompile normal arm64 /Users/zibuyu/Library/Developer/Xcode/DerivedData/LangoTrace-hdfadqhothdwgbahopjjqiwrxhky/SourcePackages/checkouts/GRDB.swift/GRDB/Core/DatabaseError.swift (in target 'GRDB' from project 'GRDB')
    cd /Users/zibuyu/code/zibuyu/LangoTrace/LangoTrace.xcodeproj
    

SwiftCompile normal arm64 /Users/zibuyu/Library/Developer/Xcode/DerivedData/LangoTrace-hdfadqhothdwgbahopjjqiwrxhky/SourcePackages/checkouts/GRDB.swift/GRDB/Core/DatabaseFunction.swift (in target 'GRDB' from project 'GRDB')
    cd /Users/zibuyu/code/zibuyu/LangoTrace/LangoTrace.xcodeproj
    

SwiftCompile normal arm64 /Users/zibuyu/Library/Developer/Xcode/DerivedData/LangoTrace-hdfadqhothdwgbahopjjqiwrxhky/SourcePackages/checkouts/GRDB.swift/GRDB/Core/DatabasePool.swift (in target 'GRDB' from project 'GRDB')
    cd /Users/zibuyu/code/zibuyu/LangoTrace/LangoTrace.xcodeproj
    

SwiftCompile normal arm64 /Users/zibuyu/Library/Developer/Xcode/DerivedData/LangoTrace-hdfadqhothdwgbahopjjqiwrxhky/SourcePackages/checkouts/GRDB.swift/GRDB/Core/DatabasePublishers.swift (in target 'GRDB' from project 'GRDB')
    cd /Users/zibuyu/code/zibuyu/LangoTrace/LangoTrace.xcodeproj
    

SwiftCompile normal arm64 /Users/zibuyu/Library/Developer/Xcode/DerivedData/LangoTrace-hdfadqhothdwgbahopjjqiwrxhky/SourcePackages/checkouts/GRDB.swift/GRDB/Core/DatabaseQueue.swift (in target 'GRDB' from project 'GRDB')
    cd /Users/zibuyu/code/zibuyu/LangoTrace/LangoTrace.xcodeproj
    

SwiftCompile normal arm64 /Users/zibuyu/Library/Developer/Xcode/DerivedData/LangoTrace-hdfadqhothdwgbahopjjqiwrxhky/SourcePackages/checkouts/GRDB.swift/GRDB/Core/DatabaseReader.swift (in target 'GRDB' from project 'GRDB')
    cd /Users/zibuyu/code/zibuyu/LangoTrace/LangoTrace.xcodeproj
    

SwiftCompile normal arm64 /Users/zibuyu/Library/Developer/Xcode/DerivedData/LangoTrace-hdfadqhothdwgbahopjjqiwrxhky/SourcePackages/checkouts/GRDB.swift/GRDB/Core/DatabaseRegion.swift (in target 'GRDB' from project 'GRDB')
    cd /Users/zibuyu/code/zibuyu/LangoTrace/LangoTrace.xcodeproj
    

SwiftCompile normal arm64 /Users/zibuyu/Library/Developer/Xcode/DerivedData/LangoTrace-hdfadqhothdwgbahopjjqiwrxhky/SourcePackages/checkouts/GRDB.swift/GRDB/Core/DatabaseRegionObservation.swift (in target 'GRDB' from project 'GRDB')
    cd /Users/zibuyu/code/zibuyu/LangoTrace/LangoTrace.xcodeproj
    

SwiftDriverJobDiscovery normal arm64 Compiling AIProviderConfiguration.swift, AIProviderConfigurationSaveFailure.swift, AppearancePreference.swift, AppearancePreferenceStore.swift, DiagnosticEvent.swift (in target 'LangoTraceCore' from project 'LangoTraceCore')

SwiftCompile normal arm64 Compiling\ MutablePersistableRecord+Save.swift,\ MutablePersistableRecord+Update.swift,\ MutablePersistableRecord+Upsert.swift,\ MutablePersistableRecord.swift,\ PersistableRecord+Insert.swift,\ PersistableRecord+Save.swift,\ PersistableRecord+Upsert.swift,\ PersistableRecord.swift,\ Record.swift,\ TableRecord.swift,\ CaseInsensitiveIdentifier.swift,\ Inflections+English.swift,\ Inflections.swift,\ Mutex.swift,\ OnDemandFuture.swift,\ OrderedDictionary.swift /Users/zibuyu/Library/Developer/Xcode/DerivedData/LangoTrace-hdfadqhothdwgbahopjjqiwrxhky/SourcePackages/checkouts/GRDB.swift/GRDB/Record/MutablePersistableRecord+Save.swift /Users/zibuyu/Library/Developer/Xcode/DerivedData/LangoTrace-hdfadqhothdwgbahopjjqiwrxhky/SourcePackages/checkouts/GRDB.swift/GRDB/Record/MutablePersistableRecord+Update.swift /Users/zibuyu/Library/Developer/Xcode/DerivedData/LangoTrace-hdfadqhothdwgbahopjjqiwrxhky/SourcePackages/checkouts/GRDB.swift/GRDB/Record/MutablePersistableRecord+Upsert.swift /Users/zibuyu/Library/Developer/Xcode/DerivedData/LangoTrace-hdfadqhothdwgbahopjjqiwrxhky/SourcePackages/checkouts/GRDB.swift/GRDB/Record/MutablePersistableRecord.swift /Users/zibuyu/Library/Developer/Xcode/DerivedData/LangoTrace-hdfadqhothdwgbahopjjqiwrxhky/SourcePackages/checkouts/GRDB.swift/GRDB/Record/PersistableRecord+Insert.swift /Users/zibuyu/Library/Developer/Xcode/DerivedData/LangoTrace-hdfadqhothdwgbahopjjqiwrxhky/SourcePackages/checkouts/GRDB.swift/GRDB/Record/PersistableRecord+Save.swift /Users/zibuyu/Library/Developer/Xcode/DerivedData/LangoTrace-hdfadqhothdwgbahopjjqiwrxhky/SourcePackages/checkouts/GRDB.swift/GRDB/Record/PersistableRecord+Upsert.swift /Users/zibuyu/Library/Developer/Xcode/DerivedData/LangoTrace-hdfadqhothdwgbahopjjqiwrxhky/SourcePackages/checkouts/GRDB.swift/GRDB/Record/PersistableRecord.swift /Users/zibuyu/Library/Developer/Xcode/DerivedData/LangoTrace-hdfadqhothdwgbahopjjqiwrxhky/SourcePackages/checkouts/GRDB.swift/GRDB/Record/Record.swift /Users/zibuyu/Library/Developer/Xcode/DerivedData/LangoTrace-hdfadqhothdwgbahopjjqiwrxhky/SourcePackages/checkouts/GRDB.swift/GRDB/Record/TableRecord.swift /Users/zibuyu/Library/Developer/Xcode/DerivedData/LangoTrace-hdfadqhothdwgbahopjjqiwrxhky/SourcePackages/checkouts/GRDB.swift/GRDB/Utils/CaseInsensitiveIdentifier.swift /Users/zibuyu/Library/Developer/Xcode/DerivedData/LangoTrace-hdfadqhothdwgbahopjjqiwrxhky/SourcePackages/checkouts/GRDB.swift/GRDB/Utils/Inflections+English.swift /Users/zibuyu/Library/Developer/Xcode/DerivedData/LangoTrace-hdfadqhothdwgbahopjjqiwrxhky/SourcePackages/checkouts/GRDB.swift/GRDB/Utils/Inflections.swift /Users/zibuyu/Library/Developer/Xcode/DerivedData/LangoTrace-hdfadqhothdwgbahopjjqiwrxhky/SourcePackages/checkouts/GRDB.swift/GRDB/Utils/Mutex.swift /Users/zibuyu/Library/Developer/Xcode/DerivedData/LangoTrace-hdfadqhothdwgbahopjjqiwrxhky/SourcePackages/checkouts/GRDB.swift/GRDB/Utils/OnDemandFuture.swift /Users/zibuyu/Library/Developer/Xcode/DerivedData/LangoTrace-hdfadqhothdwgbahopjjqiwrxhky/SourcePackages/checkouts/GRDB.swift/GRDB/Utils/OrderedDictionary.swift (in target 'GRDB' from project 'GRDB')

SwiftCompile normal arm64 /Users/zibuyu/Library/Developer/Xcode/DerivedData/LangoTrace-hdfadqhothdwgbahopjjqiwrxhky/SourcePackages/checkouts/GRDB.swift/GRDB/Record/MutablePersistableRecord+Save.swift (in target 'GRDB' from project 'GRDB')
    cd /Users/zibuyu/code/zibuyu/LangoTrace/LangoTrace.xcodeproj
    

SwiftCompile normal arm64 /Users/zibuyu/Library/Developer/Xcode/DerivedData/LangoTrace-hdfadqhothdwgbahopjjqiwrxhky/SourcePackages/checkouts/GRDB.swift/GRDB/Record/MutablePersistableRecord+Update.swift (in target 'GRDB' from project 'GRDB')
    cd /Users/zibuyu/code/zibuyu/LangoTrace/LangoTrace.xcodeproj
    

SwiftCompile normal arm64 /Users/zibuyu/Library/Developer/Xcode/DerivedData/LangoTrace-hdfadqhothdwgbahopjjqiwrxhky/SourcePackages/checkouts/GRDB.swift/GRDB/Record/MutablePersistableRecord+Upsert.swift (in target 'GRDB' from project 'GRDB')
    cd /Users/zibuyu/code/zibuyu/LangoTrace/LangoTrace.xcodeproj
    

SwiftCompile normal arm64 /Users/zibuyu/Library/Developer/Xcode/DerivedData/LangoTrace-hdfadqhothdwgbahopjjqiwrxhky/SourcePackages/checkouts/GRDB.swift/GRDB/Record/MutablePersistableRecord.swift (in target 'GRDB' from project 'GRDB')
    cd /Users/zibuyu/code/zibuyu/LangoTrace/LangoTrace.xcodeproj
    

SwiftCompile normal arm64 /Users/zibuyu/Library/Developer/Xcode/DerivedData/LangoTrace-hdfadqhothdwgbahopjjqiwrxhky/SourcePackages/checkouts/GRDB.swift/GRDB/Record/PersistableRecord+Insert.swift (in target 'GRDB' from project 'GRDB')
    cd /Users/zibuyu/code/zibuyu/LangoTrace/LangoTrace.xcodeproj
    

SwiftCompile normal arm64 /Users/zibuyu/Library/Developer/Xcode/DerivedData/LangoTrace-hdfadqhothdwgbahopjjqiwrxhky/SourcePackages/checkouts/GRDB.swift/GRDB/Record/PersistableRecord+Save.swift (in target 'GRDB' from project 'GRDB')
    cd /Users/zibuyu/code/zibuyu/LangoTrace/LangoTrace.xcodeproj
    

SwiftCompile normal arm64 /Users/zibuyu/Library/Developer/Xcode/DerivedData/LangoTrace-hdfadqhothdwgbahopjjqiwrxhky/SourcePackages/checkouts/GRDB.swift/GRDB/Record/PersistableRecord+Upsert.swift (in target 'GRDB' from project 'GRDB')
    cd /Users/zibuyu/code/zibuyu/LangoTrace/LangoTrace.xcodeproj
    

SwiftCompile normal arm64 /Users/zibuyu/Library/Developer/Xcode/DerivedData/LangoTrace-hdfadqhothdwgbahopjjqiwrxhky/SourcePackages/checkouts/GRDB.swift/GRDB/Record/PersistableRecord.swift (in target 'GRDB' from project 'GRDB')
    cd /Users/zibuyu/code/zibuyu/LangoTrace/LangoTrace.xcodeproj
    

SwiftCompile normal arm64 /Users/zibuyu/Library/Developer/Xcode/DerivedData/LangoTrace-hdfadqhothdwgbahopjjqiwrxhky/SourcePackages/checkouts/GRDB.swift/GRDB/Record/Record.swift (in target 'GRDB' from project 'GRDB')
    cd /Users/zibuyu/code/zibuyu/LangoTrace/LangoTrace.xcodeproj
    

SwiftCompile normal arm64 /Users/zibuyu/Library/Developer/Xcode/DerivedData/LangoTrace-hdfadqhothdwgbahopjjqiwrxhky/SourcePackages/checkouts/GRDB.swift/GRDB/Record/TableRecord.swift (in target 'GRDB' from project 'GRDB')
    cd /Users/zibuyu/code/zibuyu/LangoTrace/LangoTrace.xcodeproj
    

SwiftCompile normal arm64 /Users/zibuyu/Library/Developer/Xcode/DerivedData/LangoTrace-hdfadqhothdwgbahopjjqiwrxhky/SourcePackages/checkouts/GRDB.swift/GRDB/Utils/CaseInsensitiveIdentifier.swift (in target 'GRDB' from project 'GRDB')
    cd /Users/zibuyu/code/zibuyu/LangoTrace/LangoTrace.xcodeproj
    

SwiftCompile normal arm64 /Users/zibuyu/Library/Developer/Xcode/DerivedData/LangoTrace-hdfadqhothdwgbahopjjqiwrxhky/SourcePackages/checkouts/GRDB.swift/GRDB/Utils/Inflections+English.swift (in target 'GRDB' from project 'GRDB')
    cd /Users/zibuyu/code/zibuyu/LangoTrace/LangoTrace.xcodeproj
    

SwiftCompile normal arm64 /Users/zibuyu/Library/Developer/Xcode/DerivedData/LangoTrace-hdfadqhothdwgbahopjjqiwrxhky/SourcePackages/checkouts/GRDB.swift/GRDB/Utils/Inflections.swift (in target 'GRDB' from project 'GRDB')
    cd /Users/zibuyu/code/zibuyu/LangoTrace/LangoTrace.xcodeproj
    

SwiftCompile normal arm64 /Users/zibuyu/Library/Developer/Xcode/DerivedData/LangoTrace-hdfadqhothdwgbahopjjqiwrxhky/SourcePackages/checkouts/GRDB.swift/GRDB/Utils/Mutex.swift (in target 'GRDB' from project 'GRDB')
    cd /Users/zibuyu/code/zibuyu/LangoTrace/LangoTrace.xcodeproj
    

SwiftCompile normal arm64 /Users/zibuyu/Library/Developer/Xcode/DerivedData/LangoTrace-hdfadqhothdwgbahopjjqiwrxhky/SourcePackages/checkouts/GRDB.swift/GRDB/Utils/OnDemandFuture.swift (in target 'GRDB' from project 'GRDB')
    cd /Users/zibuyu/code/zibuyu/LangoTrace/LangoTrace.xcodeproj
    

SwiftCompile normal arm64 /Users/zibuyu/Library/Developer/Xcode/DerivedData/LangoTrace-hdfadqhothdwgbahopjjqiwrxhky/SourcePackages/checkouts/GRDB.swift/GRDB/Utils/OrderedDictionary.swift (in target 'GRDB' from project 'GRDB')
    cd /Users/zibuyu/code/zibuyu/LangoTrace/LangoTrace.xcodeproj
    

SwiftDriverJobDiscovery normal arm64 Compiling ReadingTextSegmentation.swift, SentenceAudioPlayback.swift, SentenceAudioPlaybackCoordinator.swift, SentenceTTSGeneration.swift (in target 'LangoTraceCore' from project 'LangoTraceCore')

SwiftCompile normal arm64 Compiling\ DatabaseValueConvertible+Encodable.swift,\ DatabaseValueConvertible+RawRepresentable.swift,\ JSONRequiredEncoder.swift,\ Optional.swift,\ StandardLibrary.swift,\ TransactionClock.swift,\ TransactionObserver.swift,\ WALSnapshot.swift,\ WALSnapshotTransaction.swift,\ Database+Dump.swift,\ DatabaseReader+dump.swift,\ DumpFormat.swift,\ DebugDumpFormat.swift,\ JSONDumpFormat.swift,\ LineDumpFormat.swift,\ ListDumpFormat.swift,\ QuoteDumpFormat.swift /Users/zibuyu/Library/Developer/Xcode/DerivedData/LangoTrace-hdfadqhothdwgbahopjjqiwrxhky/SourcePackages/checkouts/GRDB.swift/GRDB/Core/Support/StandardLibrary/DatabaseValueConvertible+Encodable.swift /Users/zibuyu/Library/Developer/Xcode/DerivedData/LangoTrace-hdfadqhothdwgbahopjjqiwrxhky/SourcePackages/checkouts/GRDB.swift/GRDB/Core/Support/StandardLibrary/DatabaseValueConvertible+RawRepresentable.swift /Users/zibuyu/Library/Developer/Xcode/DerivedData/LangoTrace-hdfadqhothdwgbahopjjqiwrxhky/SourcePackages/checkouts/GRDB.swift/GRDB/Core/Support/StandardLibrary/JSONRequiredEncoder.swift /Users/zibuyu/Library/Developer/Xcode/DerivedData/LangoTrace-hdfadqhothdwgbahopjjqiwrxhky/SourcePackages/checkouts/GRDB.swift/GRDB/Core/Support/StandardLibrary/Optional.swift /Users/zibuyu/Library/Developer/Xcode/DerivedData/LangoTrace-hdfadqhothdwgbahopjjqiwrxhky/SourcePackages/checkouts/GRDB.swift/GRDB/Core/Support/StandardLibrary/StandardLibrary.swift /Users/zibuyu/Library/Developer/Xcode/DerivedData/LangoTrace-hdfadqhothdwgbahopjjqiwrxhky/SourcePackages/checkouts/GRDB.swift/GRDB/Core/TransactionClock.swift /Users/zibuyu/Library/Developer/Xcode/DerivedData/LangoTrace-hdfadqhothdwgbahopjjqiwrxhky/SourcePackages/checkouts/GRDB.swift/GRDB/Core/TransactionObserver.swift /Users/zibuyu/Library/Developer/Xcode/DerivedData/LangoTrace-hdfadqhothdwgbahopjjqiwrxhky/SourcePackages/checkouts/GRDB.swift/GRDB/Core/WALSnapshot.swift /Users/zibuyu/Library/Developer/Xcode/DerivedData/LangoTrace-hdfadqhothdwgbahopjjqiwrxhky/SourcePackages/checkouts/GRDB.swift/GRDB/Core/WALSnapshotTransaction.swift /Users/zibuyu/Library/Developer/Xcode/DerivedData/LangoTrace-hdfadqhothdwgbahopjjqiwrxhky/SourcePackages/checkouts/GRDB.swift/GRDB/Dump/Database+Dump.swift /Users/zibuyu/Library/Developer/Xcode/DerivedData/LangoTrace-hdfadqhothdwgbahopjjqiwrxhky/SourcePackages/checkouts/GRDB.swift/GRDB/Dump/DatabaseReader+dump.swift /Users/zibuyu/Library/Developer/Xcode/DerivedData/LangoTrace-hdfadqhothdwgbahopjjqiwrxhky/SourcePackages/checkouts/GRDB.swift/GRDB/Dump/DumpFormat.swift /Users/zibuyu/Library/Developer/Xcode/DerivedData/LangoTrace-hdfadqhothdwgbahopjjqiwrxhky/SourcePackages/checkouts/GRDB.swift/GRDB/Dump/DumpFormats/DebugDumpFormat.swift /Users/zibuyu/Library/Developer/Xcode/DerivedData/LangoTrace-hdfadqhothdwgbahopjjqiwrxhky/SourcePackages/checkouts/GRDB.swift/GRDB/Dump/DumpFormats/JSONDumpFormat.swift /Users/zibuyu/Library/Developer/Xcode/DerivedData/LangoTrace-hdfadqhothdwgbahopjjqiwrxhky/SourcePackages/checkouts/GRDB.swift/GRDB/Dump/DumpFormats/LineDumpFormat.swift /Users/zibuyu/Library/Developer/Xcode/DerivedData/LangoTrace-hdfadqhothdwgbahopjjqiwrxhky/SourcePackages/checkouts/GRDB.swift/GRDB/Dump/DumpFormats/ListDumpFormat.swift /Users/zibuyu/Library/Developer/Xcode/DerivedData/LangoTrace-hdfadqhothdwgbahopjjqiwrxhky/SourcePackages/checkouts/GRDB.swift/GRDB/Dump/DumpFormats/QuoteDumpFormat.swift (in target 'GRDB' from project 'GRDB')

SwiftCompile normal arm64 /Users/zibuyu/Library/Developer/Xcode/DerivedData/LangoTrace-hdfadqhothdwgbahopjjqiwrxhky/SourcePackages/checkouts/GRDB.swift/GRDB/Core/Support/StandardLibrary/DatabaseValueConvertible+Encodable.swift (in target 'GRDB' from project 'GRDB')
    cd /Users/zibuyu/code/zibuyu/LangoTrace/LangoTrace.xcodeproj
    

SwiftCompile normal arm64 /Users/zibuyu/Library/Developer/Xcode/DerivedData/LangoTrace-hdfadqhothdwgbahopjjqiwrxhky/SourcePackages/checkouts/GRDB.swift/GRDB/Core/Support/StandardLibrary/DatabaseValueConvertible+RawRepresentable.swift (in target 'GRDB' from project 'GRDB')
    cd /Users/zibuyu/code/zibuyu/LangoTrace/LangoTrace.xcodeproj
    

SwiftCompile normal arm64 /Users/zibuyu/Library/Developer/Xcode/DerivedData/LangoTrace-hdfadqhothdwgbahopjjqiwrxhky/SourcePackages/checkouts/GRDB.swift/GRDB/Core/Support/StandardLibrary/JSONRequiredEncoder.swift (in target 'GRDB' from project 'GRDB')
    cd /Users/zibuyu/code/zibuyu/LangoTrace/LangoTrace.xcodeproj
    

SwiftCompile normal arm64 /Users/zibuyu/Library/Developer/Xcode/DerivedData/LangoTrace-hdfadqhothdwgbahopjjqiwrxhky/SourcePackages/checkouts/GRDB.swift/GRDB/Core/Support/StandardLibrary/Optional.swift (in target 'GRDB' from project 'GRDB')
    cd /Users/zibuyu/code/zibuyu/LangoTrace/LangoTrace.xcodeproj
    

SwiftCompile normal arm64 /Users/zibuyu/Library/Developer/Xcode/DerivedData/LangoTrace-hdfadqhothdwgbahopjjqiwrxhky/SourcePackages/checkouts/GRDB.swift/GRDB/Core/Support/StandardLibrary/StandardLibrary.swift (in target 'GRDB' from project 'GRDB')
    cd /Users/zibuyu/code/zibuyu/LangoTrace/LangoTrace.xcodeproj
    

SwiftCompile normal arm64 /Users/zibuyu/Library/Developer/Xcode/DerivedData/LangoTrace-hdfadqhothdwgbahopjjqiwrxhky/SourcePackages/checkouts/GRDB.swift/GRDB/Core/TransactionClock.swift (in target 'GRDB' from project 'GRDB')
    cd /Users/zibuyu/code/zibuyu/LangoTrace/LangoTrace.xcodeproj
    

SwiftCompile normal arm64 /Users/zibuyu/Library/Developer/Xcode/DerivedData/LangoTrace-hdfadqhothdwgbahopjjqiwrxhky/SourcePackages/checkouts/GRDB.swift/GRDB/Core/TransactionObserver.swift (in target 'GRDB' from project 'GRDB')
    cd /Users/zibuyu/code/zibuyu/LangoTrace/LangoTrace.xcodeproj
    

SwiftCompile normal arm64 /Users/zibuyu/Library/Developer/Xcode/DerivedData/LangoTrace-hdfadqhothdwgbahopjjqiwrxhky/SourcePackages/checkouts/GRDB.swift/GRDB/Core/WALSnapshot.swift (in target 'GRDB' from project 'GRDB')
    cd /Users/zibuyu/code/zibuyu/LangoTrace/LangoTrace.xcodeproj
    

SwiftCompile normal arm64 /Users/zibuyu/Library/Developer/Xcode/DerivedData/LangoTrace-hdfadqhothdwgbahopjjqiwrxhky/SourcePackages/checkouts/GRDB.swift/GRDB/Core/WALSnapshotTransaction.swift (in target 'GRDB' from project 'GRDB')
    cd /Users/zibuyu/code/zibuyu/LangoTrace/LangoTrace.xcodeproj
    

SwiftCompile normal arm64 /Users/zibuyu/Library/Developer/Xcode/DerivedData/LangoTrace-hdfadqhothdwgbahopjjqiwrxhky/SourcePackages/checkouts/GRDB.swift/GRDB/Dump/Database+Dump.swift (in target 'GRDB' from project 'GRDB')
    cd /Users/zibuyu/code/zibuyu/LangoTrace/LangoTrace.xcodeproj
    

SwiftCompile normal arm64 /Users/zibuyu/Library/Developer/Xcode/DerivedData/LangoTrace-hdfadqhothdwgbahopjjqiwrxhky/SourcePackages/checkouts/GRDB.swift/GRDB/Dump/DatabaseReader+dump.swift (in target 'GRDB' from project 'GRDB')
    cd /Users/zibuyu/code/zibuyu/LangoTrace/LangoTrace.xcodeproj
    

SwiftCompile normal arm64 /Users/zibuyu/Library/Developer/Xcode/DerivedData/LangoTrace-hdfadqhothdwgbahopjjqiwrxhky/SourcePackages/checkouts/GRDB.swift/GRDB/Dump/DumpFormat.swift (in target 'GRDB' from project 'GRDB')
    cd /Users/zibuyu/code/zibuyu/LangoTrace/LangoTrace.xcodeproj
    

SwiftCompile normal arm64 /Users/zibuyu/Library/Developer/Xcode/DerivedData/LangoTrace-hdfadqhothdwgbahopjjqiwrxhky/SourcePackages/checkouts/GRDB.swift/GRDB/Dump/DumpFormats/DebugDumpFormat.swift (in target 'GRDB' from project 'GRDB')
    cd /Users/zibuyu/code/zibuyu/LangoTrace/LangoTrace.xcodeproj
    

SwiftCompile normal arm64 /Users/zibuyu/Library/Developer/Xcode/DerivedData/LangoTrace-hdfadqhothdwgbahopjjqiwrxhky/SourcePackages/checkouts/GRDB.swift/GRDB/Dump/DumpFormats/JSONDumpFormat.swift (in target 'GRDB' from project 'GRDB')
    cd /Users/zibuyu/code/zibuyu/LangoTrace/LangoTrace.xcodeproj
    

SwiftCompile normal arm64 /Users/zibuyu/Library/Developer/Xcode/DerivedData/LangoTrace-hdfadqhothdwgbahopjjqiwrxhky/SourcePackages/checkouts/GRDB.swift/GRDB/Dump/DumpFormats/LineDumpFormat.swift (in target 'GRDB' from project 'GRDB')
    cd /Users/zibuyu/code/zibuyu/LangoTrace/LangoTrace.xcodeproj
    

SwiftCompile normal arm64 /Users/zibuyu/Library/Developer/Xcode/DerivedData/LangoTrace-hdfadqhothdwgbahopjjqiwrxhky/SourcePackages/checkouts/GRDB.swift/GRDB/Dump/DumpFormats/ListDumpFormat.swift (in target 'GRDB' from project 'GRDB')
    cd /Users/zibuyu/code/zibuyu/LangoTrace/LangoTrace.xcodeproj
    

SwiftCompile normal arm64 /Users/zibuyu/Library/Developer/Xcode/DerivedData/LangoTrace-hdfadqhothdwgbahopjjqiwrxhky/SourcePackages/checkouts/GRDB.swift/GRDB/Dump/DumpFormats/QuoteDumpFormat.swift (in target 'GRDB' from project 'GRDB')
    cd /Users/zibuyu/code/zibuyu/LangoTrace/LangoTrace.xcodeproj
    

SwiftDriver\ Compilation LangoTraceCore normal arm64 com.apple.xcode.tools.swift.compiler (in target 'LangoTraceCore' from project 'LangoTraceCore')
    cd /Users/zibuyu/code/zibuyu/LangoTrace/LangoTrace.xcodeproj
    builtin-Swift-Compilation -- /Applications/Xcode.app/Contents/Developer/Toolchains/XcodeDefault.xctoolchain/usr/bin/swiftc -module-name LangoTraceCore -Onone @/Users/zibuyu/Library/Developer/Xcode/DerivedData/LangoTrace-hdfadqhothdwgbahopjjqiwrxhky/Build/Intermediates.noindex/LangoTraceCore.build/Debug-iphonesimulator/LangoTraceCore.build/Objects-normal/arm64/LangoTraceCore.SwiftFileList -DSWIFT_PACKAGE -DDEBUG -DSWIFT_MODULE_RESOURCE_BUNDLE_UNAVAILABLE -DXcode -plugin-path /Applications/Xcode.app/Contents/Developer/Toolchains/XcodeDefault.xctoolchain/usr/lib/swift/host/plugins/testing -enable-experimental-feature DebugDescriptionMacro -sdk /Applications/Xcode.app/Contents/Developer/Platforms/iPhoneSimulator.platform/Developer/SDKs/iPhoneSimulator26.5.sdk -target arm64-apple-ios18.0-simulator -g -module-cache-path /Users/zibuyu/Library/Developer/Xcode/DerivedData/ModuleCache.noindex -Xfrontend -serialize-debugging-options -profile-coverage-mapping -profile-generate -enable-testing -index-store-path /Users/zibuyu/Library/Developer/Xcode/DerivedData/LangoTrace-hdfadqhothdwgbahopjjqiwrxhky/Index.noindex/DataStore -Xcc -D_LIBCPP_HARDENING_MODE\=_LIBCPP_HARDENING_MODE_DEBUG -swift-version 6 -I /Users/zibuyu/Library/Developer/Xcode/DerivedData/LangoTrace-hdfadqhothdwgbahopjjqiwrxhky/Build/Products/Debug-iphonesimulator -Isystem /Applications/Xcode.app/Contents/Developer/Platforms/iPhoneSimulator.platform/Developer/usr/lib -F /Users/zibuyu/Library/Developer/Xcode/DerivedData/LangoTrace-hdfadqhothdwgbahopjjqiwrxhky/Build/Products/Debug-iphonesimulator -F /Applications/Xcode.app/Contents/Developer/Platforms/iPhoneSimulator.platform/Developer/Library/Frameworks -F /Applications/Xcode.app/Contents/Developer/Platforms/iPhoneSimulator.platform/Developer/SDKs/iPhoneSimulator26.5.sdk/Developer/Library/Frameworks -c -j10 -enable-batch-mode -incremental -Xcc -ivfsstatcache -Xcc /Users/zibuyu/Library/Developer/Xcode/DerivedData/SDKStatCaches.noindex/iphonesimulator26.5-23F73-6cfe768891a92b912361537c460fe42b.sdkstatcache -output-file-map /Users/zibuyu/Library/Developer/Xcode/DerivedData/LangoTrace-hdfadqhothdwgbahopjjqiwrxhky/Build/Intermediates.noindex/LangoTraceCore.build/Debug-iphonesimulator/LangoTraceCore.build/Objects-normal/arm64/LangoTraceCore-OutputFileMap.json -use-frontend-parseable-output -save-temps -no-color-diagnostics -explicit-module-build -module-cache-path /Users/zibuyu/Library/Developer/Xcode/DerivedData/LangoTrace-hdfadqhothdwgbahopjjqiwrxhky/Build/Intermediates.noindex/SwiftExplicitPrecompiledModules -clang-scanner-module-cache-path /Users/zibuyu/Library/Developer/Xcode/DerivedData/ModuleCache.noindex -sdk-module-cache-path /Users/zibuyu/Library/Developer/Xcode/DerivedData/ModuleCache.noindex -serialize-diagnostics -emit-dependencies -emit-module -emit-module-path /Users/zibuyu/Library/Developer/Xcode/DerivedData/LangoTrace-hdfadqhothdwgbahopjjqiwrxhky/Build/Intermediates.noindex/LangoTraceCore.build/Debug-iphonesimulator/LangoTraceCore.build/Objects-normal/arm64/LangoTraceCore.swiftmodule -validate-clang-modules-once -clang-build-session-file /Users/zibuyu/Library/Developer/Xcode/DerivedData/ModuleCache.noindex/Session.modulevalidation -package-name langotracecore -Xcc -I/Users/zibuyu/Library/Developer/Xcode/DerivedData/LangoTrace-hdfadqhothdwgbahopjjqiwrxhky/Build/Intermediates.noindex/LangoTraceCore.build/Debug-iphonesimulator/LangoTraceCore.build/swift-overrides.hmap -emit-const-values -Xfrontend -const-gather-protocols-file -Xfrontend /Users/zibuyu/Library/Developer/Xcode/DerivedData/LangoTrace-hdfadqhothdwgbahopjjqiwrxhky/Build/Intermediates.noindex/LangoTraceCore.build/Debug-iphonesimulator/LangoTraceCore.build/Objects-normal/arm64/LangoTraceCore_const_extract_protocols.json -Xcc -I/Users/zibuyu/Library/Developer/Xcode/DerivedData/LangoTrace-hdfadqhothdwgbahopjjqiwrxhky/Build/Products/Debug-iphonesimulator/include -Xcc -I/Users/zibuyu/Library/Developer/Xcode/DerivedData/LangoTrace-hdfadqhothdwgbahopjjqiwrxhky/Build/Intermediates.noindex/LangoTraceCore.build/Debug-iphonesimulator/LangoTraceCore.build/DerivedSources-normal/arm64 -Xcc -I/Users/zibuyu/Library/Developer/Xcode/DerivedData/LangoTrace-hdfadqhothdwgbahopjjqiwrxhky/Build/Intermediates.noindex/LangoTraceCore.build/Debug-iphonesimulator/LangoTraceCore.build/DerivedSources/arm64 -Xcc -I/Users/zibuyu/Library/Developer/Xcode/DerivedData/LangoTrace-hdfadqhothdwgbahopjjqiwrxhky/Build/Intermediates.noindex/LangoTraceCore.build/Debug-iphonesimulator/LangoTraceCore.build/DerivedSources -Xcc -DSWIFT_PACKAGE -Xcc -DDEBUG\=1 -emit-objc-header -emit-objc-header-path /Users/zibuyu/Library/Developer/Xcode/DerivedData/LangoTrace-hdfadqhothdwgbahopjjqiwrxhky/Build/Intermediates.noindex/LangoTraceCore.build/Debug-iphonesimulator/LangoTraceCore.build/Objects-normal/arm64/LangoTraceCore-Swift.h -working-directory /Users/zibuyu/code/zibuyu/LangoTrace/LangoTrace.xcodeproj -experimental-emit-module-separately -disable-cmo

SwiftDriverJobDiscovery normal arm64 Compiling Pool.swift, ReadWriteLock.swift, ReceiveValuesOn.swift, Refinable.swift, Utils.swift, DatabaseCancellable.swift, ValueConcurrentObserver.swift, ValueWriteOnlyObserver.swift, Fetch.swift, Map.swift, RemoveDuplicates.swift, Trace.swift, ValueReducer.swift, SharedValueObservation.swift, ValueObservation.swift, ValueObservationScheduler.swift (in target 'GRDB' from project 'GRDB')

SwiftCompile normal arm64 Compiling\ FTS3.swift,\ FTS3Pattern.swift,\ FTS3TokenizerDescriptor.swift,\ FTS4.swift,\ FTS5.swift,\ FTS5CustomTokenizer.swift,\ FTS5Pattern.swift,\ FTS5Tokenizer.swift,\ FTS5TokenizerDescriptor.swift,\ FTS5WrapperTokenizer.swift,\ Fixits.swift,\ JSONColumn.swift,\ SQLJSONExpressible.swift,\ SQLJSONFunctions.swift,\ DatabaseMigrator.swift,\ Migration.swift,\ FTS3+QueryInterface.swift /Users/zibuyu/Library/Developer/Xcode/DerivedData/LangoTrace-hdfadqhothdwgbahopjjqiwrxhky/SourcePackages/checkouts/GRDB.swift/GRDB/FTS/FTS3.swift /Users/zibuyu/Library/Developer/Xcode/DerivedData/LangoTrace-hdfadqhothdwgbahopjjqiwrxhky/SourcePackages/checkouts/GRDB.swift/GRDB/FTS/FTS3Pattern.swift /Users/zibuyu/Library/Developer/Xcode/DerivedData/LangoTrace-hdfadqhothdwgbahopjjqiwrxhky/SourcePackages/checkouts/GRDB.swift/GRDB/FTS/FTS3TokenizerDescriptor.swift /Users/zibuyu/Library/Developer/Xcode/DerivedData/LangoTrace-hdfadqhothdwgbahopjjqiwrxhky/SourcePackages/checkouts/GRDB.swift/GRDB/FTS/FTS4.swift /Users/zibuyu/Library/Developer/Xcode/DerivedData/LangoTrace-hdfadqhothdwgbahopjjqiwrxhky/SourcePackages/checkouts/GRDB.swift/GRDB/FTS/FTS5.swift /Users/zibuyu/Library/Developer/Xcode/DerivedData/LangoTrace-hdfadqhothdwgbahopjjqiwrxhky/SourcePackages/checkouts/GRDB.swift/GRDB/FTS/FTS5CustomTokenizer.swift /Users/zibuyu/Library/Developer/Xcode/DerivedData/LangoTrace-hdfadqhothdwgbahopjjqiwrxhky/SourcePackages/checkouts/GRDB.swift/GRDB/FTS/FTS5Pattern.swift /Users/zibuyu/Library/Developer/Xcode/DerivedData/LangoTrace-hdfadqhothdwgbahopjjqiwrxhky/SourcePackages/checkouts/GRDB.swift/GRDB/FTS/FTS5Tokenizer.swift /Users/zibuyu/Library/Developer/Xcode/DerivedData/LangoTrace-hdfadqhothdwgbahopjjqiwrxhky/SourcePackages/checkouts/GRDB.swift/GRDB/FTS/FTS5TokenizerDescriptor.swift /Users/zibuyu/Library/Developer/Xcode/DerivedData/LangoTrace-hdfadqhothdwgbahopjjqiwrxhky/SourcePackages/checkouts/GRDB.swift/GRDB/FTS/FTS5WrapperTokenizer.swift /Users/zibuyu/Library/Developer/Xcode/DerivedData/LangoTrace-hdfadqhothdwgbahopjjqiwrxhky/SourcePackages/checkouts/GRDB.swift/GRDB/Fixits.swift /Users/zibuyu/Library/Developer/Xcode/DerivedData/LangoTrace-hdfadqhothdwgbahopjjqiwrxhky/SourcePackages/checkouts/GRDB.swift/GRDB/JSON/JSONColumn.swift /Users/zibuyu/Library/Developer/Xcode/DerivedData/LangoTrace-hdfadqhothdwgbahopjjqiwrxhky/SourcePackages/checkouts/GRDB.swift/GRDB/JSON/SQLJSONExpressible.swift /Users/zibuyu/Library/Developer/Xcode/DerivedData/LangoTrace-hdfadqhothdwgbahopjjqiwrxhky/SourcePackages/checkouts/GRDB.swift/GRDB/JSON/SQLJSONFunctions.swift /Users/zibuyu/Library/Developer/Xcode/DerivedData/LangoTrace-hdfadqhothdwgbahopjjqiwrxhky/SourcePackages/checkouts/GRDB.swift/GRDB/Migration/DatabaseMigrator.swift /Users/zibuyu/Library/Developer/Xcode/DerivedData/LangoTrace-hdfadqhothdwgbahopjjqiwrxhky/SourcePackages/checkouts/GRDB.swift/GRDB/Migration/Migration.swift /Users/zibuyu/Library/Developer/Xcode/DerivedData/LangoTrace-hdfadqhothdwgbahopjjqiwrxhky/SourcePackages/checkouts/GRDB.swift/GRDB/QueryInterface/FTS3+QueryInterface.swift (in target 'GRDB' from project 'GRDB')

SwiftCompile normal arm64 /Users/zibuyu/Library/Developer/Xcode/DerivedData/LangoTrace-hdfadqhothdwgbahopjjqiwrxhky/SourcePackages/checkouts/GRDB.swift/GRDB/FTS/FTS3.swift (in target 'GRDB' from project 'GRDB')
    cd /Users/zibuyu/code/zibuyu/LangoTrace/LangoTrace.xcodeproj
    

SwiftCompile normal arm64 /Users/zibuyu/Library/Developer/Xcode/DerivedData/LangoTrace-hdfadqhothdwgbahopjjqiwrxhky/SourcePackages/checkouts/GRDB.swift/GRDB/FTS/FTS3Pattern.swift (in target 'GRDB' from project 'GRDB')
    cd /Users/zibuyu/code/zibuyu/LangoTrace/LangoTrace.xcodeproj
    

SwiftCompile normal arm64 /Users/zibuyu/Library/Developer/Xcode/DerivedData/LangoTrace-hdfadqhothdwgbahopjjqiwrxhky/SourcePackages/checkouts/GRDB.swift/GRDB/FTS/FTS3TokenizerDescriptor.swift (in target 'GRDB' from project 'GRDB')
    cd /Users/zibuyu/code/zibuyu/LangoTrace/LangoTrace.xcodeproj
    

SwiftCompile normal arm64 /Users/zibuyu/Library/Developer/Xcode/DerivedData/LangoTrace-hdfadqhothdwgbahopjjqiwrxhky/SourcePackages/checkouts/GRDB.swift/GRDB/FTS/FTS4.swift (in target 'GRDB' from project 'GRDB')
    cd /Users/zibuyu/code/zibuyu/LangoTrace/LangoTrace.xcodeproj
    

SwiftCompile normal arm64 /Users/zibuyu/Library/Developer/Xcode/DerivedData/LangoTrace-hdfadqhothdwgbahopjjqiwrxhky/SourcePackages/checkouts/GRDB.swift/GRDB/FTS/FTS5.swift (in target 'GRDB' from project 'GRDB')
    cd /Users/zibuyu/code/zibuyu/LangoTrace/LangoTrace.xcodeproj
    

SwiftCompile normal arm64 /Users/zibuyu/Library/Developer/Xcode/DerivedData/LangoTrace-hdfadqhothdwgbahopjjqiwrxhky/SourcePackages/checkouts/GRDB.swift/GRDB/FTS/FTS5CustomTokenizer.swift (in target 'GRDB' from project 'GRDB')
    cd /Users/zibuyu/code/zibuyu/LangoTrace/LangoTrace.xcodeproj
    

SwiftCompile normal arm64 /Users/zibuyu/Library/Developer/Xcode/DerivedData/LangoTrace-hdfadqhothdwgbahopjjqiwrxhky/SourcePackages/checkouts/GRDB.swift/GRDB/FTS/FTS5Pattern.swift (in target 'GRDB' from project 'GRDB')
    cd /Users/zibuyu/code/zibuyu/LangoTrace/LangoTrace.xcodeproj
    

SwiftCompile normal arm64 /Users/zibuyu/Library/Developer/Xcode/DerivedData/LangoTrace-hdfadqhothdwgbahopjjqiwrxhky/SourcePackages/checkouts/GRDB.swift/GRDB/FTS/FTS5Tokenizer.swift (in target 'GRDB' from project 'GRDB')
    cd /Users/zibuyu/code/zibuyu/LangoTrace/LangoTrace.xcodeproj
    

SwiftCompile normal arm64 /Users/zibuyu/Library/Developer/Xcode/DerivedData/LangoTrace-hdfadqhothdwgbahopjjqiwrxhky/SourcePackages/checkouts/GRDB.swift/GRDB/FTS/FTS5TokenizerDescriptor.swift (in target 'GRDB' from project 'GRDB')
    cd /Users/zibuyu/code/zibuyu/LangoTrace/LangoTrace.xcodeproj
    

SwiftCompile normal arm64 /Users/zibuyu/Library/Developer/Xcode/DerivedData/LangoTrace-hdfadqhothdwgbahopjjqiwrxhky/SourcePackages/checkouts/GRDB.swift/GRDB/FTS/FTS5WrapperTokenizer.swift (in target 'GRDB' from project 'GRDB')
    cd /Users/zibuyu/code/zibuyu/LangoTrace/LangoTrace.xcodeproj
    

SwiftCompile normal arm64 /Users/zibuyu/Library/Developer/Xcode/DerivedData/LangoTrace-hdfadqhothdwgbahopjjqiwrxhky/SourcePackages/checkouts/GRDB.swift/GRDB/Fixits.swift (in target 'GRDB' from project 'GRDB')
    cd /Users/zibuyu/code/zibuyu/LangoTrace/LangoTrace.xcodeproj
    

SwiftCompile normal arm64 /Users/zibuyu/Library/Developer/Xcode/DerivedData/LangoTrace-hdfadqhothdwgbahopjjqiwrxhky/SourcePackages/checkouts/GRDB.swift/GRDB/JSON/JSONColumn.swift (in target 'GRDB' from project 'GRDB')
    cd /Users/zibuyu/code/zibuyu/LangoTrace/LangoTrace.xcodeproj
    

SwiftCompile normal arm64 /Users/zibuyu/Library/Developer/Xcode/DerivedData/LangoTrace-hdfadqhothdwgbahopjjqiwrxhky/SourcePackages/checkouts/GRDB.swift/GRDB/JSON/SQLJSONExpressible.swift (in target 'GRDB' from project 'GRDB')
    cd /Users/zibuyu/code/zibuyu/LangoTrace/LangoTrace.xcodeproj
    

SwiftCompile normal arm64 /Users/zibuyu/Library/Developer/Xcode/DerivedData/LangoTrace-hdfadqhothdwgbahopjjqiwrxhky/SourcePackages/checkouts/GRDB.swift/GRDB/JSON/SQLJSONFunctions.swift (in target 'GRDB' from project 'GRDB')
    cd /Users/zibuyu/code/zibuyu/LangoTrace/LangoTrace.xcodeproj
    

SwiftCompile normal arm64 /Users/zibuyu/Library/Developer/Xcode/DerivedData/LangoTrace-hdfadqhothdwgbahopjjqiwrxhky/SourcePackages/checkouts/GRDB.swift/GRDB/Migration/DatabaseMigrator.swift (in target 'GRDB' from project 'GRDB')
    cd /Users/zibuyu/code/zibuyu/LangoTrace/LangoTrace.xcodeproj
    

SwiftCompile normal arm64 /Users/zibuyu/Library/Developer/Xcode/DerivedData/LangoTrace-hdfadqhothdwgbahopjjqiwrxhky/SourcePackages/checkouts/GRDB.swift/GRDB/Migration/Migration.swift (in target 'GRDB' from project 'GRDB')
    cd /Users/zibuyu/code/zibuyu/LangoTrace/LangoTrace.xcodeproj
    

SwiftCompile normal arm64 /Users/zibuyu/Library/Developer/Xcode/DerivedData/LangoTrace-hdfadqhothdwgbahopjjqiwrxhky/SourcePackages/checkouts/GRDB.swift/GRDB/QueryInterface/FTS3+QueryInterface.swift (in target 'GRDB' from project 'GRDB')
    cd /Users/zibuyu/code/zibuyu/LangoTrace/LangoTrace.xcodeproj
    

SwiftDriverJobDiscovery normal arm64 Compiling Statement.swift, StatementAuthorizer.swift, StatementColumnConvertible.swift, CGFloat.swift, Data.swift, DatabaseDateComponents.swift, DatabaseValueConvertible+ReferenceConvertible.swift, Date.swift, Decimal.swift, NSData.swift, NSNull.swift, NSNumber.swift, NSString.swift, SQLiteDateParser.swift, URL.swift, UUID.swift, DatabaseValueConvertible+Decodable.swift (in target 'GRDB' from project 'GRDB')

SwiftDriverJobDiscovery normal arm64 Compiling MutablePersistableRecord+Save.swift, MutablePersistableRecord+Update.swift, MutablePersistableRecord+Upsert.swift, MutablePersistableRecord.swift, PersistableRecord+Insert.swift, PersistableRecord+Save.swift, PersistableRecord+Upsert.swift, PersistableRecord.swift, Record.swift, TableRecord.swift, CaseInsensitiveIdentifier.swift, Inflections+English.swift, Inflections.swift, Mutex.swift, OnDemandFuture.swift, OrderedDictionary.swift (in target 'GRDB' from project 'GRDB')

Ld /Users/zibuyu/Library/Developer/Xcode/DerivedData/LangoTrace-hdfadqhothdwgbahopjjqiwrxhky/Build/Products/Debug-iphonesimulator/LangoTraceCore.o normal (in target 'LangoTraceCore' from project 'LangoTraceCore')
    cd /Users/zibuyu/code/zibuyu/LangoTrace/Packages/LangoTraceCore
    /Applications/Xcode.app/Contents/Developer/Toolchains/XcodeDefault.xctoolchain/usr/bin/clang -Xlinker -reproducible -target arm64-apple-ios18.0-simulator -r -isysroot /Applications/Xcode.app/Contents/Developer/Platforms/iPhoneSimulator.platform/Developer/SDKs/iPhoneSimulator26.5.sdk -O0 -F/Users/zibuyu/Library/Developer/Xcode/DerivedData/LangoTrace-hdfadqhothdwgbahopjjqiwrxhky/Build/Intermediates.noindex/EagerLinkingTBDs/Debug-iphonesimulator -F/Users/zibuyu/Library/Developer/Xcode/DerivedData/LangoTrace-hdfadqhothdwgbahopjjqiwrxhky/Build/Products/Debug-iphonesimulator -iframework /Applications/Xcode.app/Contents/Developer/Platforms/iPhoneSimulator.platform/Developer/Library/Frameworks -iframework /Applications/Xcode.app/Contents/Developer/Platforms/iPhoneSimulator.platform/Developer/SDKs/iPhoneSimulator26.5.sdk/Developer/Library/Frameworks -filelist /Users/zibuyu/Library/Developer/Xcode/DerivedData/LangoTrace-hdfadqhothdwgbahopjjqiwrxhky/Build/Intermediates.noindex/LangoTraceCore.build/Debug-iphonesimulator/LangoTraceCore.build/Objects-normal/arm64/LangoTraceCore.LinkFileList -nostdlib -Xlinker -object_path_lto -Xlinker /Users/zibuyu/Library/Developer/Xcode/DerivedData/LangoTrace-hdfadqhothdwgbahopjjqiwrxhky/Build/Intermediates.noindex/LangoTraceCore.build/Debug-iphonesimulator/LangoTraceCore.build/Objects-normal/arm64/LangoTraceCore_lto.o -Xlinker -no_deduplicate -Xlinker -objc_abi_version -Xlinker 2 -Xlinker -debug_variant -Xlinker -dependency_info -Xlinker /Users/zibuyu/Library/Developer/Xcode/DerivedData/LangoTrace-hdfadqhothdwgbahopjjqiwrxhky/Build/Intermediates.noindex/LangoTraceCore.build/Debug-iphonesimulator/LangoTraceCore.build/Objects-normal/arm64/LangoTraceCore_dependency_info.dat -fobjc-link-runtime -L/Applications/Xcode.app/Contents/Developer/Toolchains/XcodeDefault.xctoolchain/usr/lib/swift/iphonesimulator -L/usr/lib/swift -Xlinker -add_ast_path -Xlinker /Users/zibuyu/Library/Developer/Xcode/DerivedData/LangoTrace-hdfadqhothdwgbahopjjqiwrxhky/Build/Intermediates.noindex/LangoTraceCore.build/Debug-iphonesimulator/LangoTraceCore.build/Objects-normal/arm64/LangoTraceCore.swiftmodule @/Users/zibuyu/Library/Developer/Xcode/DerivedData/LangoTrace-hdfadqhothdwgbahopjjqiwrxhky/Build/Intermediates.noindex/LangoTraceCore.build/Debug-iphonesimulator/LangoTraceCore.build/Objects-normal/arm64/LangoTraceCore-linker-args.resp -o /Users/zibuyu/Library/Developer/Xcode/DerivedData/LangoTrace-hdfadqhothdwgbahopjjqiwrxhky/Build/Products/Debug-iphonesimulator/LangoTraceCore.o

SwiftDriver LangoTraceSync normal arm64 com.apple.xcode.tools.swift.compiler (in target 'LangoTraceSync' from project 'LangoTraceSync')
    cd /Users/zibuyu/code/zibuyu/LangoTrace/LangoTrace.xcodeproj
    builtin-SwiftDriver -- /Applications/Xcode.app/Contents/Developer/Toolchains/XcodeDefault.xctoolchain/usr/bin/swiftc -module-name LangoTraceSync -Onone @/Users/zibuyu/Library/Developer/Xcode/DerivedData/LangoTrace-hdfadqhothdwgbahopjjqiwrxhky/Build/Intermediates.noindex/LangoTraceSync.build/Debug-iphonesimulator/LangoTraceSync.build/Objects-normal/arm64/LangoTraceSync.SwiftFileList -DSWIFT_PACKAGE -DDEBUG -DSWIFT_MODULE_RESOURCE_BUNDLE_UNAVAILABLE -DXcode -plugin-path /Applications/Xcode.app/Contents/Developer/Toolchains/XcodeDefault.xctoolchain/usr/lib/swift/host/plugins/testing -enable-experimental-feature DebugDescriptionMacro -sdk /Applications/Xcode.app/Contents/Developer/Platforms/iPhoneSimulator.platform/Developer/SDKs/iPhoneSimulator26.5.sdk -target arm64-apple-ios18.0-simulator -g -module-cache-path /Users/zibuyu/Library/Developer/Xcode/DerivedData/ModuleCache.noindex -Xfrontend -serialize-debugging-options -profile-coverage-mapping -profile-generate -enable-testing -index-store-path /Users/zibuyu/Library/Developer/Xcode/DerivedData/LangoTrace-hdfadqhothdwgbahopjjqiwrxhky/Index.noindex/DataStore -Xcc -D_LIBCPP_HARDENING_MODE\=_LIBCPP_HARDENING_MODE_DEBUG -swift-version 6 -I /Users/zibuyu/Library/Developer/Xcode/DerivedData/LangoTrace-hdfadqhothdwgbahopjjqiwrxhky/Build/Products/Debug-iphonesimulator -Isystem /Applications/Xcode.app/Contents/Developer/Platforms/iPhoneSimulator.platform/Developer/usr/lib -F /Users/zibuyu/Library/Developer/Xcode/DerivedData/LangoTrace-hdfadqhothdwgbahopjjqiwrxhky/Build/Products/Debug-iphonesimulator/PackageFrameworks -F /Users/zibuyu/Library/Developer/Xcode/DerivedData/LangoTrace-hdfadqhothdwgbahopjjqiwrxhky/Build/Products/Debug-iphonesimulator -F /Applications/Xcode.app/Contents/Developer/Platforms/iPhoneSimulator.platform/Developer/Library/Frameworks -F /Applications/Xcode.app/Contents/Developer/Platforms/iPhoneSimulator.platform/Developer/SDKs/iPhoneSimulator26.5.sdk/Developer/Library/Frameworks -parse-as-library -c -j10 -enable-batch-mode -incremental -Xcc -ivfsstatcache -Xcc /Users/zibuyu/Library/Developer/Xcode/DerivedData/SDKStatCaches.noindex/iphonesimulator26.5-23F73-6cfe768891a92b912361537c460fe42b.sdkstatcache -output-file-map /Users/zibuyu/Library/Developer/Xcode/DerivedData/LangoTrace-hdfadqhothdwgbahopjjqiwrxhky/Build/Intermediates.noindex/LangoTraceSync.build/Debug-iphonesimulator/LangoTraceSync.build/Objects-normal/arm64/LangoTraceSync-OutputFileMap.json -use-frontend-parseable-output -save-temps -no-color-diagnostics -explicit-module-build -module-cache-path /Users/zibuyu/Library/Developer/Xcode/DerivedData/LangoTrace-hdfadqhothdwgbahopjjqiwrxhky/Build/Intermediates.noindex/SwiftExplicitPrecompiledModules -clang-scanner-module-cache-path /Users/zibuyu/Library/Developer/Xcode/DerivedData/ModuleCache.noindex -sdk-module-cache-path /Users/zibuyu/Library/Developer/Xcode/DerivedData/ModuleCache.noindex -serialize-diagnostics -emit-dependencies -emit-module -emit-module-path /Users/zibuyu/Library/Developer/Xcode/DerivedData/LangoTrace-hdfadqhothdwgbahopjjqiwrxhky/Build/Intermediates.noindex/LangoTraceSync.build/Debug-iphonesimulator/LangoTraceSync.build/Objects-normal/arm64/LangoTraceSync.swiftmodule -validate-clang-modules-once -clang-build-session-file /Users/zibuyu/Library/Developer/Xcode/DerivedData/ModuleCache.noindex/Session.modulevalidation -package-name langotracesync -Xcc -I/Users/zibuyu/Library/Developer/Xcode/DerivedData/LangoTrace-hdfadqhothdwgbahopjjqiwrxhky/Build/Intermediates.noindex/LangoTraceSync.build/Debug-iphonesimulator/LangoTraceSync.build/swift-overrides.hmap -emit-const-values -Xfrontend -const-gather-protocols-file -Xfrontend /Users/zibuyu/Library/Developer/Xcode/DerivedData/LangoTrace-hdfadqhothdwgbahopjjqiwrxhky/Build/Intermediates.noindex/LangoTraceSync.build/Debug-iphonesimulator/LangoTraceSync.build/Objects-normal/arm64/LangoTraceSync_const_extract_protocols.json -Xcc -I/Users/zibuyu/Library/Developer/Xcode/DerivedData/LangoTrace-hdfadqhothdwgbahopjjqiwrxhky/Build/Products/Debug-iphonesimulator/include -Xcc -I/Users/zibuyu/Library/Developer/Xcode/DerivedData/LangoTrace-hdfadqhothdwgbahopjjqiwrxhky/Build/Intermediates.noindex/LangoTraceSync.build/Debug-iphonesimulator/LangoTraceSync.build/DerivedSources-normal/arm64 -Xcc -I/Users/zibuyu/Library/Developer/Xcode/DerivedData/LangoTrace-hdfadqhothdwgbahopjjqiwrxhky/Build/Intermediates.noindex/LangoTraceSync.build/Debug-iphonesimulator/LangoTraceSync.build/DerivedSources/arm64 -Xcc -I/Users/zibuyu/Library/Developer/Xcode/DerivedData/LangoTrace-hdfadqhothdwgbahopjjqiwrxhky/Build/Intermediates.noindex/LangoTraceSync.build/Debug-iphonesimulator/LangoTraceSync.build/DerivedSources -Xcc -DSWIFT_PACKAGE -Xcc -DDEBUG\=1 -emit-objc-header -emit-objc-header-path /Users/zibuyu/Library/Developer/Xcode/DerivedData/LangoTrace-hdfadqhothdwgbahopjjqiwrxhky/Build/Intermediates.noindex/LangoTraceSync.build/Debug-iphonesimulator/LangoTraceSync.build/Objects-normal/arm64/LangoTraceSync-Swift.h -working-directory /Users/zibuyu/code/zibuyu/LangoTrace/LangoTrace.xcodeproj -experimental-emit-module-separately -disable-cmo

SwiftEmitModule normal arm64 Emitting\ module\ for\ LangoTraceSync (in target 'LangoTraceSync' from project 'LangoTraceSync')

SwiftCompile normal arm64 /Users/zibuyu/code/zibuyu/LangoTrace/Packages/LangoTraceSync/Sources/LangoTraceSync/SyncBoundary.swift (in target 'LangoTraceSync' from project 'LangoTraceSync')
    cd /Users/zibuyu/code/zibuyu/LangoTrace/LangoTrace.xcodeproj
    

SwiftCompile normal arm64 Compiling\ SyncBoundary.swift /Users/zibuyu/code/zibuyu/LangoTrace/Packages/LangoTraceSync/Sources/LangoTraceSync/SyncBoundary.swift (in target 'LangoTraceSync' from project 'LangoTraceSync')

SwiftCompile normal arm64 /Users/zibuyu/code/zibuyu/LangoTrace/Packages/LangoTraceSync/Sources/LangoTraceSync/SyncBoundary.swift (in target 'LangoTraceSync' from project 'LangoTraceSync')
    cd /Users/zibuyu/code/zibuyu/LangoTrace/LangoTrace.xcodeproj
    

SwiftDriverJobDiscovery normal arm64 Emitting module for LangoTraceSync (in target 'LangoTraceSync' from project 'LangoTraceSync')

SwiftDriver\ Compilation\ Requirements LangoTraceSync normal arm64 com.apple.xcode.tools.swift.compiler (in target 'LangoTraceSync' from project 'LangoTraceSync')
    cd /Users/zibuyu/code/zibuyu/LangoTrace/LangoTrace.xcodeproj
    builtin-Swift-Compilation-Requirements -- /Applications/Xcode.app/Contents/Developer/Toolchains/XcodeDefault.xctoolchain/usr/bin/swiftc -module-name LangoTraceSync -Onone @/Users/zibuyu/Library/Developer/Xcode/DerivedData/LangoTrace-hdfadqhothdwgbahopjjqiwrxhky/Build/Intermediates.noindex/LangoTraceSync.build/Debug-iphonesimulator/LangoTraceSync.build/Objects-normal/arm64/LangoTraceSync.SwiftFileList -DSWIFT_PACKAGE -DDEBUG -DSWIFT_MODULE_RESOURCE_BUNDLE_UNAVAILABLE -DXcode -plugin-path /Applications/Xcode.app/Contents/Developer/Toolchains/XcodeDefault.xctoolchain/usr/lib/swift/host/plugins/testing -enable-experimental-feature DebugDescriptionMacro -sdk /Applications/Xcode.app/Contents/Developer/Platforms/iPhoneSimulator.platform/Developer/SDKs/iPhoneSimulator26.5.sdk -target arm64-apple-ios18.0-simulator -g -module-cache-path /Users/zibuyu/Library/Developer/Xcode/DerivedData/ModuleCache.noindex -Xfrontend -serialize-debugging-options -profile-coverage-mapping -profile-generate -enable-testing -index-store-path /Users/zibuyu/Library/Developer/Xcode/DerivedData/LangoTrace-hdfadqhothdwgbahopjjqiwrxhky/Index.noindex/DataStore -Xcc -D_LIBCPP_HARDENING_MODE\=_LIBCPP_HARDENING_MODE_DEBUG -swift-version 6 -I /Users/zibuyu/Library/Developer/Xcode/DerivedData/LangoTrace-hdfadqhothdwgbahopjjqiwrxhky/Build/Products/Debug-iphonesimulator -Isystem /Applications/Xcode.app/Contents/Developer/Platforms/iPhoneSimulator.platform/Developer/usr/lib -F /Users/zibuyu/Library/Developer/Xcode/DerivedData/LangoTrace-hdfadqhothdwgbahopjjqiwrxhky/Build/Products/Debug-iphonesimulator/PackageFrameworks -F /Users/zibuyu/Library/Developer/Xcode/DerivedData/LangoTrace-hdfadqhothdwgbahopjjqiwrxhky/Build/Products/Debug-iphonesimulator -F /Applications/Xcode.app/Contents/Developer/Platforms/iPhoneSimulator.platform/Developer/Library/Frameworks -F /Applications/Xcode.app/Contents/Developer/Platforms/iPhoneSimulator.platform/Developer/SDKs/iPhoneSimulator26.5.sdk/Developer/Library/Frameworks -parse-as-library -c -j10 -enable-batch-mode -incremental -Xcc -ivfsstatcache -Xcc /Users/zibuyu/Library/Developer/Xcode/DerivedData/SDKStatCaches.noindex/iphonesimulator26.5-23F73-6cfe768891a92b912361537c460fe42b.sdkstatcache -output-file-map /Users/zibuyu/Library/Developer/Xcode/DerivedData/LangoTrace-hdfadqhothdwgbahopjjqiwrxhky/Build/Intermediates.noindex/LangoTraceSync.build/Debug-iphonesimulator/LangoTraceSync.build/Objects-normal/arm64/LangoTraceSync-OutputFileMap.json -use-frontend-parseable-output -save-temps -no-color-diagnostics -explicit-module-build -module-cache-path /Users/zibuyu/Library/Developer/Xcode/DerivedData/LangoTrace-hdfadqhothdwgbahopjjqiwrxhky/Build/Intermediates.noindex/SwiftExplicitPrecompiledModules -clang-scanner-module-cache-path /Users/zibuyu/Library/Developer/Xcode/DerivedData/ModuleCache.noindex -sdk-module-cache-path /Users/zibuyu/Library/Developer/Xcode/DerivedData/ModuleCache.noindex -serialize-diagnostics -emit-dependencies -emit-module -emit-module-path /Users/zibuyu/Library/Developer/Xcode/DerivedData/LangoTrace-hdfadqhothdwgbahopjjqiwrxhky/Build/Intermediates.noindex/LangoTraceSync.build/Debug-iphonesimulator/LangoTraceSync.build/Objects-normal/arm64/LangoTraceSync.swiftmodule -validate-clang-modules-once -clang-build-session-file /Users/zibuyu/Library/Developer/Xcode/DerivedData/ModuleCache.noindex/Session.modulevalidation -package-name langotracesync -Xcc -I/Users/zibuyu/Library/Developer/Xcode/DerivedData/LangoTrace-hdfadqhothdwgbahopjjqiwrxhky/Build/Intermediates.noindex/LangoTraceSync.build/Debug-iphonesimulator/LangoTraceSync.build/swift-overrides.hmap -emit-const-values -Xfrontend -const-gather-protocols-file -Xfrontend /Users/zibuyu/Library/Developer/Xcode/DerivedData/LangoTrace-hdfadqhothdwgbahopjjqiwrxhky/Build/Intermediates.noindex/LangoTraceSync.build/Debug-iphonesimulator/LangoTraceSync.build/Objects-normal/arm64/LangoTraceSync_const_extract_protocols.json -Xcc -I/Users/zibuyu/Library/Developer/Xcode/DerivedData/LangoTrace-hdfadqhothdwgbahopjjqiwrxhky/Build/Products/Debug-iphonesimulator/include -Xcc -I/Users/zibuyu/Library/Developer/Xcode/DerivedData/LangoTrace-hdfadqhothdwgbahopjjqiwrxhky/Build/Intermediates.noindex/LangoTraceSync.build/Debug-iphonesimulator/LangoTraceSync.build/DerivedSources-normal/arm64 -Xcc -I/Users/zibuyu/Library/Developer/Xcode/DerivedData/LangoTrace-hdfadqhothdwgbahopjjqiwrxhky/Build/Intermediates.noindex/LangoTraceSync.build/Debug-iphonesimulator/LangoTraceSync.build/DerivedSources/arm64 -Xcc -I/Users/zibuyu/Library/Developer/Xcode/DerivedData/LangoTrace-hdfadqhothdwgbahopjjqiwrxhky/Build/Intermediates.noindex/LangoTraceSync.build/Debug-iphonesimulator/LangoTraceSync.build/DerivedSources -Xcc -DSWIFT_PACKAGE -Xcc -DDEBUG\=1 -emit-objc-header -emit-objc-header-path /Users/zibuyu/Library/Developer/Xcode/DerivedData/LangoTrace-hdfadqhothdwgbahopjjqiwrxhky/Build/Intermediates.noindex/LangoTraceSync.build/Debug-iphonesimulator/LangoTraceSync.build/Objects-normal/arm64/LangoTraceSync-Swift.h -working-directory /Users/zibuyu/code/zibuyu/LangoTrace/LangoTrace.xcodeproj -experimental-emit-module-separately -disable-cmo

SwiftMergeGeneratedHeaders /Users/zibuyu/Library/Developer/Xcode/DerivedData/LangoTrace-hdfadqhothdwgbahopjjqiwrxhky/Build/Intermediates.noindex/GeneratedModuleMaps-iphonesimulator/LangoTraceSync-Swift.h /Users/zibuyu/Library/Developer/Xcode/DerivedData/LangoTrace-hdfadqhothdwgbahopjjqiwrxhky/Build/Intermediates.noindex/LangoTraceSync.build/Debug-iphonesimulator/LangoTraceSync.build/Objects-normal/arm64/LangoTraceSync-Swift.h (in target 'LangoTraceSync' from project 'LangoTraceSync')
    cd /Users/zibuyu/code/zibuyu/LangoTrace/Packages/LangoTraceSync
    builtin-swiftHeaderTool -arch arm64 /Users/zibuyu/Library/Developer/Xcode/DerivedData/LangoTrace-hdfadqhothdwgbahopjjqiwrxhky/Build/Intermediates.noindex/LangoTraceSync.build/Debug-iphonesimulator/LangoTraceSync.build/Objects-normal/arm64/LangoTraceSync-Swift.h -o /Users/zibuyu/Library/Developer/Xcode/DerivedData/LangoTrace-hdfadqhothdwgbahopjjqiwrxhky/Build/Intermediates.noindex/GeneratedModuleMaps-iphonesimulator/LangoTraceSync-Swift.h

Copy /Users/zibuyu/Library/Developer/Xcode/DerivedData/LangoTrace-hdfadqhothdwgbahopjjqiwrxhky/Build/Products/Debug-iphonesimulator/LangoTraceSync.swiftmodule/arm64-apple-ios-simulator.swiftmodule /Users/zibuyu/Library/Developer/Xcode/DerivedData/LangoTrace-hdfadqhothdwgbahopjjqiwrxhky/Build/Intermediates.noindex/LangoTraceSync.build/Debug-iphonesimulator/LangoTraceSync.build/Objects-normal/arm64/LangoTraceSync.swiftmodule (in target 'LangoTraceSync' from project 'LangoTraceSync')
    cd /Users/zibuyu/code/zibuyu/LangoTrace/Packages/LangoTraceSync
    builtin-copy -exclude .DS_Store -exclude CVS -exclude .svn -exclude .git -exclude .hg -resolve-src-symlinks -rename /Users/zibuyu/Library/Developer/Xcode/DerivedData/LangoTrace-hdfadqhothdwgbahopjjqiwrxhky/Build/Intermediates.noindex/LangoTraceSync.build/Debug-iphonesimulator/LangoTraceSync.build/Objects-normal/arm64/LangoTraceSync.swiftmodule /Users/zibuyu/Library/Developer/Xcode/DerivedData/LangoTrace-hdfadqhothdwgbahopjjqiwrxhky/Build/Products/Debug-iphonesimulator/LangoTraceSync.swiftmodule/arm64-apple-ios-simulator.swiftmodule

Copy /Users/zibuyu/Library/Developer/Xcode/DerivedData/LangoTrace-hdfadqhothdwgbahopjjqiwrxhky/Build/Products/Debug-iphonesimulator/LangoTraceSync.swiftmodule/arm64-apple-ios-simulator.swiftdoc /Users/zibuyu/Library/Developer/Xcode/DerivedData/LangoTrace-hdfadqhothdwgbahopjjqiwrxhky/Build/Intermediates.noindex/LangoTraceSync.build/Debug-iphonesimulator/LangoTraceSync.build/Objects-normal/arm64/LangoTraceSync.swiftdoc (in target 'LangoTraceSync' from project 'LangoTraceSync')
    cd /Users/zibuyu/code/zibuyu/LangoTrace/Packages/LangoTraceSync
    builtin-copy -exclude .DS_Store -exclude CVS -exclude .svn -exclude .git -exclude .hg -resolve-src-symlinks -rename /Users/zibuyu/Library/Developer/Xcode/DerivedData/LangoTrace-hdfadqhothdwgbahopjjqiwrxhky/Build/Intermediates.noindex/LangoTraceSync.build/Debug-iphonesimulator/LangoTraceSync.build/Objects-normal/arm64/LangoTraceSync.swiftdoc /Users/zibuyu/Library/Developer/Xcode/DerivedData/LangoTrace-hdfadqhothdwgbahopjjqiwrxhky/Build/Products/Debug-iphonesimulator/LangoTraceSync.swiftmodule/arm64-apple-ios-simulator.swiftdoc

SwiftDriverJobDiscovery normal arm64 Compiling SyncBoundary.swift (in target 'LangoTraceSync' from project 'LangoTraceSync')

Copy /Users/zibuyu/Library/Developer/Xcode/DerivedData/LangoTrace-hdfadqhothdwgbahopjjqiwrxhky/Build/Products/Debug-iphonesimulator/LangoTraceSync.swiftmodule/arm64-apple-ios-simulator.abi.json /Users/zibuyu/Library/Developer/Xcode/DerivedData/LangoTrace-hdfadqhothdwgbahopjjqiwrxhky/Build/Intermediates.noindex/LangoTraceSync.build/Debug-iphonesimulator/LangoTraceSync.build/Objects-normal/arm64/LangoTraceSync.abi.json (in target 'LangoTraceSync' from project 'LangoTraceSync')
    cd /Users/zibuyu/code/zibuyu/LangoTrace/Packages/LangoTraceSync
    builtin-copy -exclude .DS_Store -exclude CVS -exclude .svn -exclude .git -exclude .hg -resolve-src-symlinks -rename /Users/zibuyu/Library/Developer/Xcode/DerivedData/LangoTrace-hdfadqhothdwgbahopjjqiwrxhky/Build/Intermediates.noindex/LangoTraceSync.build/Debug-iphonesimulator/LangoTraceSync.build/Objects-normal/arm64/LangoTraceSync.abi.json /Users/zibuyu/Library/Developer/Xcode/DerivedData/LangoTrace-hdfadqhothdwgbahopjjqiwrxhky/Build/Products/Debug-iphonesimulator/LangoTraceSync.swiftmodule/arm64-apple-ios-simulator.abi.json

Copy /Users/zibuyu/Library/Developer/Xcode/DerivedData/LangoTrace-hdfadqhothdwgbahopjjqiwrxhky/Build/Products/Debug-iphonesimulator/LangoTraceSync.swiftmodule/Project/arm64-apple-ios-simulator.swiftsourceinfo /Users/zibuyu/Library/Developer/Xcode/DerivedData/LangoTrace-hdfadqhothdwgbahopjjqiwrxhky/Build/Intermediates.noindex/LangoTraceSync.build/Debug-iphonesimulator/LangoTraceSync.build/Objects-normal/arm64/LangoTraceSync.swiftsourceinfo (in target 'LangoTraceSync' from project 'LangoTraceSync')
    cd /Users/zibuyu/code/zibuyu/LangoTrace/Packages/LangoTraceSync
    builtin-copy -exclude .DS_Store -exclude CVS -exclude .svn -exclude .git -exclude .hg -resolve-src-symlinks -rename /Users/zibuyu/Library/Developer/Xcode/DerivedData/LangoTrace-hdfadqhothdwgbahopjjqiwrxhky/Build/Intermediates.noindex/LangoTraceSync.build/Debug-iphonesimulator/LangoTraceSync.build/Objects-normal/arm64/LangoTraceSync.swiftsourceinfo /Users/zibuyu/Library/Developer/Xcode/DerivedData/LangoTrace-hdfadqhothdwgbahopjjqiwrxhky/Build/Products/Debug-iphonesimulator/LangoTraceSync.swiftmodule/Project/arm64-apple-ios-simulator.swiftsourceinfo

SwiftDriver LangoTraceSpeech normal arm64 com.apple.xcode.tools.swift.compiler (in target 'LangoTraceSpeech' from project 'LangoTraceSpeech')
    cd /Users/zibuyu/code/zibuyu/LangoTrace/LangoTrace.xcodeproj
    builtin-SwiftDriver -- /Applications/Xcode.app/Contents/Developer/Toolchains/XcodeDefault.xctoolchain/usr/bin/swiftc -module-name LangoTraceSpeech -Onone @/Users/zibuyu/Library/Developer/Xcode/DerivedData/LangoTrace-hdfadqhothdwgbahopjjqiwrxhky/Build/Intermediates.noindex/LangoTraceSpeech.build/Debug-iphonesimulator/LangoTraceSpeech.build/Objects-normal/arm64/LangoTraceSpeech.SwiftFileList -DSWIFT_PACKAGE -DDEBUG -DSWIFT_MODULE_RESOURCE_BUNDLE_UNAVAILABLE -DXcode -plugin-path /Applications/Xcode.app/Contents/Developer/Toolchains/XcodeDefault.xctoolchain/usr/lib/swift/host/plugins/testing -enable-experimental-feature DebugDescriptionMacro -sdk /Applications/Xcode.app/Contents/Developer/Platforms/iPhoneSimulator.platform/Developer/SDKs/iPhoneSimulator26.5.sdk -target arm64-apple-ios18.0-simulator -g -module-cache-path /Users/zibuyu/Library/Developer/Xcode/DerivedData/ModuleCache.noindex -Xfrontend -serialize-debugging-options -profile-coverage-mapping -profile-generate -enable-testing -index-store-path /Users/zibuyu/Library/Developer/Xcode/DerivedData/LangoTrace-hdfadqhothdwgbahopjjqiwrxhky/Index.noindex/DataStore -Xcc -D_LIBCPP_HARDENING_MODE\=_LIBCPP_HARDENING_MODE_DEBUG -swift-version 6 -I /Users/zibuyu/Library/Developer/Xcode/DerivedData/LangoTrace-hdfadqhothdwgbahopjjqiwrxhky/Build/Products/Debug-iphonesimulator -Isystem /Applications/Xcode.app/Contents/Developer/Platforms/iPhoneSimulator.platform/Developer/usr/lib -F /Users/zibuyu/Library/Developer/Xcode/DerivedData/LangoTrace-hdfadqhothdwgbahopjjqiwrxhky/Build/Products/Debug-iphonesimulator/PackageFrameworks -F /Users/zibuyu/Library/Developer/Xcode/DerivedData/LangoTrace-hdfadqhothdwgbahopjjqiwrxhky/Build/Products/Debug-iphonesimulator -F /Applications/Xcode.app/Contents/Developer/Platforms/iPhoneSimulator.platform/Developer/Library/Frameworks -F /Applications/Xcode.app/Contents/Developer/Platforms/iPhoneSimulator.platform/Developer/SDKs/iPhoneSimulator26.5.sdk/Developer/Library/Frameworks -c -j10 -enable-batch-mode -incremental -Xcc -ivfsstatcache -Xcc /Users/zibuyu/Library/Developer/Xcode/DerivedData/SDKStatCaches.noindex/iphonesimulator26.5-23F73-6cfe768891a92b912361537c460fe42b.sdkstatcache -output-file-map /Users/zibuyu/Library/Developer/Xcode/DerivedData/LangoTrace-hdfadqhothdwgbahopjjqiwrxhky/Build/Intermediates.noindex/LangoTraceSpeech.build/Debug-iphonesimulator/LangoTraceSpeech.build/Objects-normal/arm64/LangoTraceSpeech-OutputFileMap.json -use-frontend-parseable-output -save-temps -no-color-diagnostics -explicit-module-build -module-cache-path /Users/zibuyu/Library/Developer/Xcode/DerivedData/LangoTrace-hdfadqhothdwgbahopjjqiwrxhky/Build/Intermediates.noindex/SwiftExplicitPrecompiledModules -clang-scanner-module-cache-path /Users/zibuyu/Library/Developer/Xcode/DerivedData/ModuleCache.noindex -sdk-module-cache-path /Users/zibuyu/Library/Developer/Xcode/DerivedData/ModuleCache.noindex -serialize-diagnostics -emit-dependencies -emit-module -emit-module-path /Users/zibuyu/Library/Developer/Xcode/DerivedData/LangoTrace-hdfadqhothdwgbahopjjqiwrxhky/Build/Intermediates.noindex/LangoTraceSpeech.build/Debug-iphonesimulator/LangoTraceSpeech.build/Objects-normal/arm64/LangoTraceSpeech.swiftmodule -validate-clang-modules-once -clang-build-session-file /Users/zibuyu/Library/Developer/Xcode/DerivedData/ModuleCache.noindex/Session.modulevalidation -package-name langotracespeech -Xcc -I/Users/zibuyu/Library/Developer/Xcode/DerivedData/LangoTrace-hdfadqhothdwgbahopjjqiwrxhky/Build/Intermediates.noindex/LangoTraceSpeech.build/Debug-iphonesimulator/LangoTraceSpeech.build/swift-overrides.hmap -emit-const-values -Xfrontend -const-gather-protocols-file -Xfrontend /Users/zibuyu/Library/Developer/Xcode/DerivedData/LangoTrace-hdfadqhothdwgbahopjjqiwrxhky/Build/Intermediates.noindex/LangoTraceSpeech.build/Debug-iphonesimulator/LangoTraceSpeech.build/Objects-normal/arm64/LangoTraceSpeech_const_extract_protocols.json -Xcc -I/Users/zibuyu/Library/Developer/Xcode/DerivedData/LangoTrace-hdfadqhothdwgbahopjjqiwrxhky/Build/Products/Debug-iphonesimulator/include -Xcc -I/Users/zibuyu/Library/Developer/Xcode/DerivedData/LangoTrace-hdfadqhothdwgbahopjjqiwrxhky/Build/Intermediates.noindex/LangoTraceSpeech.build/Debug-iphonesimulator/LangoTraceSpeech.build/DerivedSources-normal/arm64 -Xcc -I/Users/zibuyu/Library/Developer/Xcode/DerivedData/LangoTrace-hdfadqhothdwgbahopjjqiwrxhky/Build/Intermediates.noindex/LangoTraceSpeech.build/Debug-iphonesimulator/LangoTraceSpeech.build/DerivedSources/arm64 -Xcc -I/Users/zibuyu/Library/Developer/Xcode/DerivedData/LangoTrace-hdfadqhothdwgbahopjjqiwrxhky/Build/Intermediates.noindex/LangoTraceSpeech.build/Debug-iphonesimulator/LangoTraceSpeech.build/DerivedSources -Xcc -DSWIFT_PACKAGE -Xcc -DDEBUG\=1 -emit-objc-header -emit-objc-header-path /Users/zibuyu/Library/Developer/Xcode/DerivedData/LangoTrace-hdfadqhothdwgbahopjjqiwrxhky/Build/Intermediates.noindex/LangoTraceSpeech.build/Debug-iphonesimulator/LangoTraceSpeech.build/Objects-normal/arm64/LangoTraceSpeech-Swift.h -working-directory /Users/zibuyu/code/zibuyu/LangoTrace/LangoTrace.xcodeproj -experimental-emit-module-separately -disable-cmo

SwiftDriver\ Compilation LangoTraceSync normal arm64 com.apple.xcode.tools.swift.compiler (in target 'LangoTraceSync' from project 'LangoTraceSync')
    cd /Users/zibuyu/code/zibuyu/LangoTrace/LangoTrace.xcodeproj
    builtin-Swift-Compilation -- /Applications/Xcode.app/Contents/Developer/Toolchains/XcodeDefault.xctoolchain/usr/bin/swiftc -module-name LangoTraceSync -Onone @/Users/zibuyu/Library/Developer/Xcode/DerivedData/LangoTrace-hdfadqhothdwgbahopjjqiwrxhky/Build/Intermediates.noindex/LangoTraceSync.build/Debug-iphonesimulator/LangoTraceSync.build/Objects-normal/arm64/LangoTraceSync.SwiftFileList -DSWIFT_PACKAGE -DDEBUG -DSWIFT_MODULE_RESOURCE_BUNDLE_UNAVAILABLE -DXcode -plugin-path /Applications/Xcode.app/Contents/Developer/Toolchains/XcodeDefault.xctoolchain/usr/lib/swift/host/plugins/testing -enable-experimental-feature DebugDescriptionMacro -sdk /Applications/Xcode.app/Contents/Developer/Platforms/iPhoneSimulator.platform/Developer/SDKs/iPhoneSimulator26.5.sdk -target arm64-apple-ios18.0-simulator -g -module-cache-path /Users/zibuyu/Library/Developer/Xcode/DerivedData/ModuleCache.noindex -Xfrontend -serialize-debugging-options -profile-coverage-mapping -profile-generate -enable-testing -index-store-path /Users/zibuyu/Library/Developer/Xcode/DerivedData/LangoTrace-hdfadqhothdwgbahopjjqiwrxhky/Index.noindex/DataStore -Xcc -D_LIBCPP_HARDENING_MODE\=_LIBCPP_HARDENING_MODE_DEBUG -swift-version 6 -I /Users/zibuyu/Library/Developer/Xcode/DerivedData/LangoTrace-hdfadqhothdwgbahopjjqiwrxhky/Build/Products/Debug-iphonesimulator -Isystem /Applications/Xcode.app/Contents/Developer/Platforms/iPhoneSimulator.platform/Developer/usr/lib -F /Users/zibuyu/Library/Developer/Xcode/DerivedData/LangoTrace-hdfadqhothdwgbahopjjqiwrxhky/Build/Products/Debug-iphonesimulator/PackageFrameworks -F /Users/zibuyu/Library/Developer/Xcode/DerivedData/LangoTrace-hdfadqhothdwgbahopjjqiwrxhky/Build/Products/Debug-iphonesimulator -F /Applications/Xcode.app/Contents/Developer/Platforms/iPhoneSimulator.platform/Developer/Library/Frameworks -F /Applications/Xcode.app/Contents/Developer/Platforms/iPhoneSimulator.platform/Developer/SDKs/iPhoneSimulator26.5.sdk/Developer/Library/Frameworks -parse-as-library -c -j10 -enable-batch-mode -incremental -Xcc -ivfsstatcache -Xcc /Users/zibuyu/Library/Developer/Xcode/DerivedData/SDKStatCaches.noindex/iphonesimulator26.5-23F73-6cfe768891a92b912361537c460fe42b.sdkstatcache -output-file-map /Users/zibuyu/Library/Developer/Xcode/DerivedData/LangoTrace-hdfadqhothdwgbahopjjqiwrxhky/Build/Intermediates.noindex/LangoTraceSync.build/Debug-iphonesimulator/LangoTraceSync.build/Objects-normal/arm64/LangoTraceSync-OutputFileMap.json -use-frontend-parseable-output -save-temps -no-color-diagnostics -explicit-module-build -module-cache-path /Users/zibuyu/Library/Developer/Xcode/DerivedData/LangoTrace-hdfadqhothdwgbahopjjqiwrxhky/Build/Intermediates.noindex/SwiftExplicitPrecompiledModules -clang-scanner-module-cache-path /Users/zibuyu/Library/Developer/Xcode/DerivedData/ModuleCache.noindex -sdk-module-cache-path /Users/zibuyu/Library/Developer/Xcode/DerivedData/ModuleCache.noindex -serialize-diagnostics -emit-dependencies -emit-module -emit-module-path /Users/zibuyu/Library/Developer/Xcode/DerivedData/LangoTrace-hdfadqhothdwgbahopjjqiwrxhky/Build/Intermediates.noindex/LangoTraceSync.build/Debug-iphonesimulator/LangoTraceSync.build/Objects-normal/arm64/LangoTraceSync.swiftmodule -validate-clang-modules-once -clang-build-session-file /Users/zibuyu/Library/Developer/Xcode/DerivedData/ModuleCache.noindex/Session.modulevalidation -package-name langotracesync -Xcc -I/Users/zibuyu/Library/Developer/Xcode/DerivedData/LangoTrace-hdfadqhothdwgbahopjjqiwrxhky/Build/Intermediates.noindex/LangoTraceSync.build/Debug-iphonesimulator/LangoTraceSync.build/swift-overrides.hmap -emit-const-values -Xfrontend -const-gather-protocols-file -Xfrontend /Users/zibuyu/Library/Developer/Xcode/DerivedData/LangoTrace-hdfadqhothdwgbahopjjqiwrxhky/Build/Intermediates.noindex/LangoTraceSync.build/Debug-iphonesimulator/LangoTraceSync.build/Objects-normal/arm64/LangoTraceSync_const_extract_protocols.json -Xcc -I/Users/zibuyu/Library/Developer/Xcode/DerivedData/LangoTrace-hdfadqhothdwgbahopjjqiwrxhky/Build/Products/Debug-iphonesimulator/include -Xcc -I/Users/zibuyu/Library/Developer/Xcode/DerivedData/LangoTrace-hdfadqhothdwgbahopjjqiwrxhky/Build/Intermediates.noindex/LangoTraceSync.build/Debug-iphonesimulator/LangoTraceSync.build/DerivedSources-normal/arm64 -Xcc -I/Users/zibuyu/Library/Developer/Xcode/DerivedData/LangoTrace-hdfadqhothdwgbahopjjqiwrxhky/Build/Intermediates.noindex/LangoTraceSync.build/Debug-iphonesimulator/LangoTraceSync.build/DerivedSources/arm64 -Xcc -I/Users/zibuyu/Library/Developer/Xcode/DerivedData/LangoTrace-hdfadqhothdwgbahopjjqiwrxhky/Build/Intermediates.noindex/LangoTraceSync.build/Debug-iphonesimulator/LangoTraceSync.build/DerivedSources -Xcc -DSWIFT_PACKAGE -Xcc -DDEBUG\=1 -emit-objc-header -emit-objc-header-path /Users/zibuyu/Library/Developer/Xcode/DerivedData/LangoTrace-hdfadqhothdwgbahopjjqiwrxhky/Build/Intermediates.noindex/LangoTraceSync.build/Debug-iphonesimulator/LangoTraceSync.build/Objects-normal/arm64/LangoTraceSync-Swift.h -working-directory /Users/zibuyu/code/zibuyu/LangoTrace/LangoTrace.xcodeproj -experimental-emit-module-separately -disable-cmo

ExtractAppIntentsMetadata (in target 'LangoTraceCore' from project 'LangoTraceCore')
    cd /Users/zibuyu/code/zibuyu/LangoTrace/Packages/LangoTraceCore
    /Applications/Xcode.app/Contents/Developer/Toolchains/XcodeDefault.xctoolchain/usr/bin/appintentsmetadataprocessor --toolchain-dir /Applications/Xcode.app/Contents/Developer/Toolchains/XcodeDefault.xctoolchain --module-name LangoTraceCore --sdk-root /Applications/Xcode.app/Contents/Developer/Platforms/iPhoneSimulator.platform/Developer/SDKs/iPhoneSimulator26.5.sdk --xcode-version 17F42 --platform-family iOS --deployment-target 18.0 --bundle-identifier langotracecore.LangoTraceCore --output /Users/zibuyu/Library/Developer/Xcode/DerivedData/LangoTrace-hdfadqhothdwgbahopjjqiwrxhky/Build/Products/Debug-iphonesimulator/LangoTraceCore.appintents --target-triple arm64-apple-ios18.0-simulator --binary-file /Users/zibuyu/Library/Developer/Xcode/DerivedData/LangoTrace-hdfadqhothdwgbahopjjqiwrxhky/Build/Products/Debug-iphonesimulator/LangoTraceCore.o --dependency-file /Users/zibuyu/Library/Developer/Xcode/DerivedData/LangoTrace-hdfadqhothdwgbahopjjqiwrxhky/Build/Intermediates.noindex/LangoTraceCore.build/Debug-iphonesimulator/LangoTraceCore.build/Objects-normal/arm64/LangoTraceCore_dependency_info.dat --stringsdata-file /Users/zibuyu/Library/Developer/Xcode/DerivedData/LangoTrace-hdfadqhothdwgbahopjjqiwrxhky/Build/Intermediates.noindex/LangoTraceCore.build/Debug-iphonesimulator/LangoTraceCore.build/Objects-normal/arm64/ExtractedAppShortcutsMetadata.stringsdata --source-file-list /Users/zibuyu/Library/Developer/Xcode/DerivedData/LangoTrace-hdfadqhothdwgbahopjjqiwrxhky/Build/Intermediates.noindex/LangoTraceCore.build/Debug-iphonesimulator/LangoTraceCore.build/Objects-normal/arm64/LangoTraceCore.SwiftFileList --metadata-file-list /Users/zibuyu/Library/Developer/Xcode/DerivedData/LangoTrace-hdfadqhothdwgbahopjjqiwrxhky/Build/Intermediates.noindex/LangoTraceCore.build/Debug-iphonesimulator/LangoTraceCore.build/LangoTraceCore.DependencyMetadataFileList --static-metadata-file-list /Users/zibuyu/Library/Developer/Xcode/DerivedData/LangoTrace-hdfadqhothdwgbahopjjqiwrxhky/Build/Intermediates.noindex/LangoTraceCore.build/Debug-iphonesimulator/LangoTraceCore.build/LangoTraceCore.DependencyStaticMetadataFileList --swift-const-vals-list /Users/zibuyu/Library/Developer/Xcode/DerivedData/LangoTrace-hdfadqhothdwgbahopjjqiwrxhky/Build/Intermediates.noindex/LangoTraceCore.build/Debug-iphonesimulator/LangoTraceCore.build/Objects-normal/arm64/LangoTraceCore.SwiftConstValuesFileList --force --compile-time-extraction --deployment-aware-processing --validate-assistant-intents --no-app-shortcuts-localization
2026-06-07 15:24:40.522 appintentsmetadataprocessor[82372:43181489] Starting appintentsmetadataprocessor export
2026-06-07 15:24:40.542 appintentsmetadataprocessor[82372:43181489] Extracted no relevant App Intents symbols, skipping writing output

SwiftDriverJobDiscovery normal arm64 Compiling FTS5+QueryInterface.swift, ForeignKey.swift, Association.swift, AssociationAggregate.swift, BelongsToAssociation.swift, HasManyAssociation.swift, HasManyThroughAssociation.swift, HasOneAssociation.swift, HasOneThroughAssociation.swift, JoinAssociation.swift, CommonTableExpression.swift, QueryInterfaceRequest.swift, RequestProtocols.swift, Column.swift, DatabasePromise.swift, SQLAssociation.swift, SQLCollection.swift (in target 'GRDB' from project 'GRDB')

SwiftDriver LangoTraceAI normal arm64 com.apple.xcode.tools.swift.compiler (in target 'LangoTraceAI' from project 'LangoTraceAI')
    cd /Users/zibuyu/code/zibuyu/LangoTrace/LangoTrace.xcodeproj
    builtin-SwiftDriver -- /Applications/Xcode.app/Contents/Developer/Toolchains/XcodeDefault.xctoolchain/usr/bin/swiftc -module-name LangoTraceAI -Onone @/Users/zibuyu/Library/Developer/Xcode/DerivedData/LangoTrace-hdfadqhothdwgbahopjjqiwrxhky/Build/Intermediates.noindex/LangoTraceAI.build/Debug-iphonesimulator/LangoTraceAI.build/Objects-normal/arm64/LangoTraceAI.SwiftFileList -DSWIFT_PACKAGE -DDEBUG -DSWIFT_MODULE_RESOURCE_BUNDLE_AVAILABLE -DXcode -plugin-path /Applications/Xcode.app/Contents/Developer/Toolchains/XcodeDefault.xctoolchain/usr/lib/swift/host/plugins/testing -enable-experimental-feature DebugDescriptionMacro -sdk /Applications/Xcode.app/Contents/Developer/Platforms/iPhoneSimulator.platform/Developer/SDKs/iPhoneSimulator26.5.sdk -target arm64-apple-ios18.0-simulator -g -module-cache-path /Users/zibuyu/Library/Developer/Xcode/DerivedData/ModuleCache.noindex -Xfrontend -serialize-debugging-options -profile-coverage-mapping -profile-generate -enable-testing -index-store-path /Users/zibuyu/Library/Developer/Xcode/DerivedData/LangoTrace-hdfadqhothdwgbahopjjqiwrxhky/Index.noindex/DataStore -Xcc -D_LIBCPP_HARDENING_MODE\=_LIBCPP_HARDENING_MODE_DEBUG -swift-version 6 -I /Users/zibuyu/Library/Developer/Xcode/DerivedData/LangoTrace-hdfadqhothdwgbahopjjqiwrxhky/Build/Products/Debug-iphonesimulator -Isystem /Applications/Xcode.app/Contents/Developer/Platforms/iPhoneSimulator.platform/Developer/usr/lib -F /Users/zibuyu/Library/Developer/Xcode/DerivedData/LangoTrace-hdfadqhothdwgbahopjjqiwrxhky/Build/Products/Debug-iphonesimulator/PackageFrameworks -F /Users/zibuyu/Library/Developer/Xcode/DerivedData/LangoTrace-hdfadqhothdwgbahopjjqiwrxhky/Build/Products/Debug-iphonesimulator -F /Applications/Xcode.app/Contents/Developer/Platforms/iPhoneSimulator.platform/Developer/Library/Frameworks -F /Applications/Xcode.app/Contents/Developer/Platforms/iPhoneSimulator.platform/Developer/SDKs/iPhoneSimulator26.5.sdk/Developer/Library/Frameworks -c -j10 -enable-batch-mode -incremental -Xcc -ivfsstatcache -Xcc /Users/zibuyu/Library/Developer/Xcode/DerivedData/SDKStatCaches.noindex/iphonesimulator26.5-23F73-6cfe768891a92b912361537c460fe42b.sdkstatcache -output-file-map /Users/zibuyu/Library/Developer/Xcode/DerivedData/LangoTrace-hdfadqhothdwgbahopjjqiwrxhky/Build/Intermediates.noindex/LangoTraceAI.build/Debug-iphonesimulator/LangoTraceAI.build/Objects-normal/arm64/LangoTraceAI-OutputFileMap.json -use-frontend-parseable-output -save-temps -no-color-diagnostics -explicit-module-build -module-cache-path /Users/zibuyu/Library/Developer/Xcode/DerivedData/LangoTrace-hdfadqhothdwgbahopjjqiwrxhky/Build/Intermediates.noindex/SwiftExplicitPrecompiledModules -clang-scanner-module-cache-path /Users/zibuyu/Library/Developer/Xcode/DerivedData/ModuleCache.noindex -sdk-module-cache-path /Users/zibuyu/Library/Developer/Xcode/DerivedData/ModuleCache.noindex -serialize-diagnostics -emit-dependencies -emit-module -emit-module-path /Users/zibuyu/Library/Developer/Xcode/DerivedData/LangoTrace-hdfadqhothdwgbahopjjqiwrxhky/Build/Intermediates.noindex/LangoTraceAI.build/Debug-iphonesimulator/LangoTraceAI.build/Objects-normal/arm64/LangoTraceAI.swiftmodule -validate-clang-modules-once -clang-build-session-file /Users/zibuyu/Library/Developer/Xcode/DerivedData/ModuleCache.noindex/Session.modulevalidation -package-name langotraceai -Xcc -I/Users/zibuyu/Library/Developer/Xcode/DerivedData/LangoTrace-hdfadqhothdwgbahopjjqiwrxhky/Build/Intermediates.noindex/LangoTraceAI.build/Debug-iphonesimulator/LangoTraceAI.build/swift-overrides.hmap -emit-const-values -Xfrontend -const-gather-protocols-file -Xfrontend /Users/zibuyu/Library/Developer/Xcode/DerivedData/LangoTrace-hdfadqhothdwgbahopjjqiwrxhky/Build/Intermediates.noindex/LangoTraceAI.build/Debug-iphonesimulator/LangoTraceAI.build/Objects-normal/arm64/LangoTraceAI_const_extract_protocols.json -Xcc -I/Users/zibuyu/Library/Developer/Xcode/DerivedData/LangoTrace-hdfadqhothdwgbahopjjqiwrxhky/Build/Products/Debug-iphonesimulator/include -Xcc -I/Users/zibuyu/Library/Developer/Xcode/DerivedData/LangoTrace-hdfadqhothdwgbahopjjqiwrxhky/Build/Intermediates.noindex/LangoTraceAI.build/Debug-iphonesimulator/LangoTraceAI.build/DerivedSources-normal/arm64 -Xcc -I/Users/zibuyu/Library/Developer/Xcode/DerivedData/LangoTrace-hdfadqhothdwgbahopjjqiwrxhky/Build/Intermediates.noindex/LangoTraceAI.build/Debug-iphonesimulator/LangoTraceAI.build/DerivedSources/arm64 -Xcc -I/Users/zibuyu/Library/Developer/Xcode/DerivedData/LangoTrace-hdfadqhothdwgbahopjjqiwrxhky/Build/Intermediates.noindex/LangoTraceAI.build/Debug-iphonesimulator/LangoTraceAI.build/DerivedSources -Xcc -DSWIFT_PACKAGE -Xcc -DDEBUG\=1 -emit-objc-header -emit-objc-header-path /Users/zibuyu/Library/Developer/Xcode/DerivedData/LangoTrace-hdfadqhothdwgbahopjjqiwrxhky/Build/Intermediates.noindex/LangoTraceAI.build/Debug-iphonesimulator/LangoTraceAI.build/Objects-normal/arm64/LangoTraceAI-Swift.h -working-directory /Users/zibuyu/code/zibuyu/LangoTrace/LangoTrace.xcodeproj -experimental-emit-module-separately -disable-cmo

RegisterExecutionPolicyException /Users/zibuyu/Library/Developer/Xcode/DerivedData/LangoTrace-hdfadqhothdwgbahopjjqiwrxhky/Build/Products/Debug-iphonesimulator/LangoTraceCore.o (in target 'LangoTraceCore' from project 'LangoTraceCore')
    cd /Users/zibuyu/code/zibuyu/LangoTrace/Packages/LangoTraceCore
    builtin-RegisterExecutionPolicyException /Users/zibuyu/Library/Developer/Xcode/DerivedData/LangoTrace-hdfadqhothdwgbahopjjqiwrxhky/Build/Products/Debug-iphonesimulator/LangoTraceCore.o

Ld /Users/zibuyu/Library/Developer/Xcode/DerivedData/LangoTrace-hdfadqhothdwgbahopjjqiwrxhky/Build/Products/Debug-iphonesimulator/LangoTraceSync.o normal (in target 'LangoTraceSync' from project 'LangoTraceSync')
    cd /Users/zibuyu/code/zibuyu/LangoTrace/Packages/LangoTraceSync
    /Applications/Xcode.app/Contents/Developer/Toolchains/XcodeDefault.xctoolchain/usr/bin/clang -Xlinker -reproducible -target arm64-apple-ios18.0-simulator -r -isysroot /Applications/Xcode.app/Contents/Developer/Platforms/iPhoneSimulator.platform/Developer/SDKs/iPhoneSimulator26.5.sdk -O0 -F/Users/zibuyu/Library/Developer/Xcode/DerivedData/LangoTrace-hdfadqhothdwgbahopjjqiwrxhky/Build/Intermediates.noindex/EagerLinkingTBDs/Debug-iphonesimulator -F/Users/zibuyu/Library/Developer/Xcode/DerivedData/LangoTrace-hdfadqhothdwgbahopjjqiwrxhky/Build/Products/Debug-iphonesimulator/PackageFrameworks -F/Users/zibuyu/Library/Developer/Xcode/DerivedData/LangoTrace-hdfadqhothdwgbahopjjqiwrxhky/Build/Products/Debug-iphonesimulator -iframework /Applications/Xcode.app/Contents/Developer/Platforms/iPhoneSimulator.platform/Developer/Library/Frameworks -iframework /Applications/Xcode.app/Contents/Developer/Platforms/iPhoneSimulator.platform/Developer/SDKs/iPhoneSimulator26.5.sdk/Developer/Library/Frameworks -filelist /Users/zibuyu/Library/Developer/Xcode/DerivedData/LangoTrace-hdfadqhothdwgbahopjjqiwrxhky/Build/Intermediates.noindex/LangoTraceSync.build/Debug-iphonesimulator/LangoTraceSync.build/Objects-normal/arm64/LangoTraceSync.LinkFileList -nostdlib -Xlinker -object_path_lto -Xlinker /Users/zibuyu/Library/Developer/Xcode/DerivedData/LangoTrace-hdfadqhothdwgbahopjjqiwrxhky/Build/Intermediates.noindex/LangoTraceSync.build/Debug-iphonesimulator/LangoTraceSync.build/Objects-normal/arm64/LangoTraceSync_lto.o -Xlinker -no_deduplicate -Xlinker -objc_abi_version -Xlinker 2 -Xlinker -debug_variant -Xlinker -dependency_info -Xlinker /Users/zibuyu/Library/Developer/Xcode/DerivedData/LangoTrace-hdfadqhothdwgbahopjjqiwrxhky/Build/Intermediates.noindex/LangoTraceSync.build/Debug-iphonesimulator/LangoTraceSync.build/Objects-normal/arm64/LangoTraceSync_dependency_info.dat -fobjc-link-runtime -L/Applications/Xcode.app/Contents/Developer/Toolchains/XcodeDefault.xctoolchain/usr/lib/swift/iphonesimulator -L/usr/lib/swift -Xlinker -add_ast_path -Xlinker /Users/zibuyu/Library/Developer/Xcode/DerivedData/LangoTrace-hdfadqhothdwgbahopjjqiwrxhky/Build/Intermediates.noindex/LangoTraceSync.build/Debug-iphonesimulator/LangoTraceSync.build/Objects-normal/arm64/LangoTraceSync.swiftmodule @/Users/zibuyu/Library/Developer/Xcode/DerivedData/LangoTrace-hdfadqhothdwgbahopjjqiwrxhky/Build/Intermediates.noindex/LangoTraceSync.build/Debug-iphonesimulator/LangoTraceSync.build/Objects-normal/arm64/LangoTraceSync-linker-args.resp -o /Users/zibuyu/Library/Developer/Xcode/DerivedData/LangoTrace-hdfadqhothdwgbahopjjqiwrxhky/Build/Products/Debug-iphonesimulator/LangoTraceSync.o

ExtractAppIntentsMetadata (in target 'LangoTraceSync' from project 'LangoTraceSync')
    cd /Users/zibuyu/code/zibuyu/LangoTrace/Packages/LangoTraceSync
    /Applications/Xcode.app/Contents/Developer/Toolchains/XcodeDefault.xctoolchain/usr/bin/appintentsmetadataprocessor --toolchain-dir /Applications/Xcode.app/Contents/Developer/Toolchains/XcodeDefault.xctoolchain --module-name LangoTraceSync --sdk-root /Applications/Xcode.app/Contents/Developer/Platforms/iPhoneSimulator.platform/Developer/SDKs/iPhoneSimulator26.5.sdk --xcode-version 17F42 --platform-family iOS --deployment-target 18.0 --bundle-identifier langotracesync.LangoTraceSync --output /Users/zibuyu/Library/Developer/Xcode/DerivedData/LangoTrace-hdfadqhothdwgbahopjjqiwrxhky/Build/Products/Debug-iphonesimulator/LangoTraceSync.appintents --target-triple arm64-apple-ios18.0-simulator --binary-file /Users/zibuyu/Library/Developer/Xcode/DerivedData/LangoTrace-hdfadqhothdwgbahopjjqiwrxhky/Build/Products/Debug-iphonesimulator/LangoTraceSync.o --dependency-file /Users/zibuyu/Library/Developer/Xcode/DerivedData/LangoTrace-hdfadqhothdwgbahopjjqiwrxhky/Build/Intermediates.noindex/LangoTraceSync.build/Debug-iphonesimulator/LangoTraceSync.build/Objects-normal/arm64/LangoTraceSync_dependency_info.dat --stringsdata-file /Users/zibuyu/Library/Developer/Xcode/DerivedData/LangoTrace-hdfadqhothdwgbahopjjqiwrxhky/Build/Intermediates.noindex/LangoTraceSync.build/Debug-iphonesimulator/LangoTraceSync.build/Objects-normal/arm64/ExtractedAppShortcutsMetadata.stringsdata --source-file-list /Users/zibuyu/Library/Developer/Xcode/DerivedData/LangoTrace-hdfadqhothdwgbahopjjqiwrxhky/Build/Intermediates.noindex/LangoTraceSync.build/Debug-iphonesimulator/LangoTraceSync.build/Objects-normal/arm64/LangoTraceSync.SwiftFileList --metadata-file-list /Users/zibuyu/Library/Developer/Xcode/DerivedData/LangoTrace-hdfadqhothdwgbahopjjqiwrxhky/Build/Intermediates.noindex/LangoTraceSync.build/Debug-iphonesimulator/LangoTraceSync.build/LangoTraceSync.DependencyMetadataFileList --static-metadata-file-list /Users/zibuyu/Library/Developer/Xcode/DerivedData/LangoTrace-hdfadqhothdwgbahopjjqiwrxhky/Build/Intermediates.noindex/LangoTraceSync.build/Debug-iphonesimulator/LangoTraceSync.build/LangoTraceSync.DependencyStaticMetadataFileList --swift-const-vals-list /Users/zibuyu/Library/Developer/Xcode/DerivedData/LangoTrace-hdfadqhothdwgbahopjjqiwrxhky/Build/Intermediates.noindex/LangoTraceSync.build/Debug-iphonesimulator/LangoTraceSync.build/Objects-normal/arm64/LangoTraceSync.SwiftConstValuesFileList --force --compile-time-extraction --deployment-aware-processing --validate-assistant-intents --no-app-shortcuts-localization
2026-06-07 15:24:40.629 appintentsmetadataprocessor[82375:43181526] Starting appintentsmetadataprocessor export
2026-06-07 15:24:40.636 appintentsmetadataprocessor[82375:43181526] Extracted no relevant App Intents symbols, skipping writing output

RegisterExecutionPolicyException /Users/zibuyu/Library/Developer/Xcode/DerivedData/LangoTrace-hdfadqhothdwgbahopjjqiwrxhky/Build/Products/Debug-iphonesimulator/LangoTraceSync.o (in target 'LangoTraceSync' from project 'LangoTraceSync')
    cd /Users/zibuyu/code/zibuyu/LangoTrace/Packages/LangoTraceSync
    builtin-RegisterExecutionPolicyException /Users/zibuyu/Library/Developer/Xcode/DerivedData/LangoTrace-hdfadqhothdwgbahopjjqiwrxhky/Build/Products/Debug-iphonesimulator/LangoTraceSync.o

SwiftEmitModule normal arm64 Emitting\ module\ for\ LangoTraceAI (in target 'LangoTraceAI' from project 'LangoTraceAI')

EmitSwiftModule normal arm64 (in target 'LangoTraceAI' from project 'LangoTraceAI')
    cd /Users/zibuyu/code/zibuyu/LangoTrace/LangoTrace.xcodeproj
    

SwiftCompile normal arm64 Compiling\ AIProviderProbeImageFixture.swift,\ EmbeddingConfigurationProbeService.swift /Users/zibuyu/code/zibuyu/LangoTrace/Packages/LangoTraceAI/Sources/LangoTraceAI/AIProviderProbeImageFixture.swift /Users/zibuyu/code/zibuyu/LangoTrace/Packages/LangoTraceAI/Sources/LangoTraceAI/EmbeddingConfigurationProbeService.swift (in target 'LangoTraceAI' from project 'LangoTraceAI')

SwiftCompile normal arm64 /Users/zibuyu/code/zibuyu/LangoTrace/Packages/LangoTraceAI/Sources/LangoTraceAI/AIProviderProbeImageFixture.swift (in target 'LangoTraceAI' from project 'LangoTraceAI')
    cd /Users/zibuyu/code/zibuyu/LangoTrace/LangoTrace.xcodeproj
    

SwiftCompile normal arm64 /Users/zibuyu/code/zibuyu/LangoTrace/Packages/LangoTraceAI/Sources/LangoTraceAI/EmbeddingConfigurationProbeService.swift (in target 'LangoTraceAI' from project 'LangoTraceAI')
    cd /Users/zibuyu/code/zibuyu/LangoTrace/LangoTrace.xcodeproj
    

SwiftCompile normal arm64 Compiling\ resource_bundle_accessor.swift,\ AIBoundary.swift /Users/zibuyu/Library/Developer/Xcode/DerivedData/LangoTrace-hdfadqhothdwgbahopjjqiwrxhky/Build/Intermediates.noindex/LangoTraceAI.build/Debug-iphonesimulator/LangoTraceAI.build/DerivedSources/resource_bundle_accessor.swift /Users/zibuyu/code/zibuyu/LangoTrace/Packages/LangoTraceAI/Sources/LangoTraceAI/AIBoundary.swift (in target 'LangoTraceAI' from project 'LangoTraceAI')

SwiftCompile normal arm64 /Users/zibuyu/Library/Developer/Xcode/DerivedData/LangoTrace-hdfadqhothdwgbahopjjqiwrxhky/Build/Intermediates.noindex/LangoTraceAI.build/Debug-iphonesimulator/LangoTraceAI.build/DerivedSources/resource_bundle_accessor.swift (in target 'LangoTraceAI' from project 'LangoTraceAI')
    cd /Users/zibuyu/code/zibuyu/LangoTrace/LangoTrace.xcodeproj
    

SwiftCompile normal arm64 /Users/zibuyu/code/zibuyu/LangoTrace/Packages/LangoTraceAI/Sources/LangoTraceAI/AIBoundary.swift (in target 'LangoTraceAI' from project 'LangoTraceAI')
    cd /Users/zibuyu/code/zibuyu/LangoTrace/LangoTrace.xcodeproj
    

SwiftDriverJobDiscovery normal arm64 Emitting module for GRDB (in target 'GRDB' from project 'GRDB')

SwiftDriver\ Compilation\ Requirements GRDB normal arm64 com.apple.xcode.tools.swift.compiler (in target 'GRDB' from project 'GRDB')
    cd /Users/zibuyu/code/zibuyu/LangoTrace/LangoTrace.xcodeproj
    builtin-Swift-Compilation-Requirements -- /Applications/Xcode.app/Contents/Developer/Toolchains/XcodeDefault.xctoolchain/usr/bin/swiftc -module-name GRDB -Onone @/Users/zibuyu/Library/Developer/Xcode/DerivedData/LangoTrace-hdfadqhothdwgbahopjjqiwrxhky/Build/Intermediates.noindex/GRDB.build/Debug-iphonesimulator/GRDB.build/Objects-normal/arm64/GRDB.SwiftFileList -DSWIFT_PACKAGE -DDEBUG -DSWIFT_MODULE_RESOURCE_BUNDLE_AVAILABLE -DSQLITE_ENABLE_FTS5 -DSQLITE_ENABLE_SNAPSHOT -Xcc -fmodule-map-file\=/Users/zibuyu/Library/Developer/Xcode/DerivedData/LangoTrace-hdfadqhothdwgbahopjjqiwrxhky/SourcePackages/checkouts/GRDB.swift/Sources/GRDBSQLite/module.modulemap -DXcode -plugin-path /Applications/Xcode.app/Contents/Developer/Toolchains/XcodeDefault.xctoolchain/usr/lib/swift/host/plugins/testing -enable-experimental-feature DebugDescriptionMacro -sdk /Applications/Xcode.app/Contents/Developer/Platforms/iPhoneSimulator.platform/Developer/SDKs/iPhoneSimulator26.5.sdk -target arm64-apple-ios13.0-simulator -g -module-cache-path /Users/zibuyu/Library/Developer/Xcode/DerivedData/ModuleCache.noindex -Xfrontend -serialize-debugging-options -profile-coverage-mapping -profile-generate -enable-testing -suppress-warnings -index-store-path /Users/zibuyu/Library/Developer/Xcode/DerivedData/LangoTrace-hdfadqhothdwgbahopjjqiwrxhky/Index.noindex/DataStore -Xcc -D_LIBCPP_HARDENING_MODE\=_LIBCPP_HARDENING_MODE_DEBUG -swift-version 6 -I /Users/zibuyu/Library/Developer/Xcode/DerivedData/LangoTrace-hdfadqhothdwgbahopjjqiwrxhky/Build/Products/Debug-iphonesimulator -Isystem /Applications/Xcode.app/Contents/Developer/Platforms/iPhoneSimulator.platform/Developer/usr/lib -F /Users/zibuyu/Library/Developer/Xcode/DerivedData/LangoTrace-hdfadqhothdwgbahopjjqiwrxhky/Build/Products/Debug-iphonesimulator -F /Applications/Xcode.app/Contents/Developer/Platforms/iPhoneSimulator.platform/Developer/Library/Frameworks -F /Applications/Xcode.app/Contents/Developer/Platforms/iPhoneSimulator.platform/Developer/SDKs/iPhoneSimulator26.5.sdk/Developer/Library/Frameworks -emit-localized-strings -emit-localized-strings-path /Users/zibuyu/Library/Developer/Xcode/DerivedData/LangoTrace-hdfadqhothdwgbahopjjqiwrxhky/Build/Intermediates.noindex/GRDB.build/Debug-iphonesimulator/GRDB.build/Objects-normal/arm64 -c -j10 -enable-batch-mode -incremental -Xcc -ivfsstatcache -Xcc /Users/zibuyu/Library/Developer/Xcode/DerivedData/SDKStatCaches.noindex/iphonesimulator26.5-23F73-6cfe768891a92b912361537c460fe42b.sdkstatcache -output-file-map /Users/zibuyu/Library/Developer/Xcode/DerivedData/LangoTrace-hdfadqhothdwgbahopjjqiwrxhky/Build/Intermediates.noindex/GRDB.build/Debug-iphonesimulator/GRDB.build/Objects-normal/arm64/GRDB-OutputFileMap.json -use-frontend-parseable-output -save-temps -no-color-diagnostics -explicit-module-build -module-cache-path /Users/zibuyu/Library/Developer/Xcode/DerivedData/LangoTrace-hdfadqhothdwgbahopjjqiwrxhky/Build/Intermediates.noindex/SwiftExplicitPrecompiledModules -clang-scanner-module-cache-path /Users/zibuyu/Library/Developer/Xcode/DerivedData/ModuleCache.noindex -sdk-module-cache-path /Users/zibuyu/Library/Developer/Xcode/DerivedData/ModuleCache.noindex -serialize-diagnostics -emit-dependencies -emit-module -emit-module-path /Users/zibuyu/Library/Developer/Xcode/DerivedData/LangoTrace-hdfadqhothdwgbahopjjqiwrxhky/Build/Intermediates.noindex/GRDB.build/Debug-iphonesimulator/GRDB.build/Objects-normal/arm64/GRDB.swiftmodule -user-module-version 7.10.0 -validate-clang-modules-once -clang-build-session-file /Users/zibuyu/Library/Developer/Xcode/DerivedData/ModuleCache.noindex/Session.modulevalidation -package-name grdb_swift -Xcc -I/Users/zibuyu/Library/Developer/Xcode/DerivedData/LangoTrace-hdfadqhothdwgbahopjjqiwrxhky/Build/Intermediates.noindex/GRDB.build/Debug-iphonesimulator/GRDB.build/swift-overrides.hmap -emit-const-values -Xfrontend -const-gather-protocols-file -Xfrontend /Users/zibuyu/Library/Developer/Xcode/DerivedData/LangoTrace-hdfadqhothdwgbahopjjqiwrxhky/Build/Intermediates.noindex/GRDB.build/Debug-iphonesimulator/GRDB.build/Objects-normal/arm64/GRDB_const_extract_protocols.json -Xcc -I/Users/zibuyu/Library/Developer/Xcode/DerivedData/LangoTrace-hdfadqhothdwgbahopjjqiwrxhky/Build/Products/Debug-iphonesimulator/include -Xcc -I/Users/zibuyu/Library/Developer/Xcode/DerivedData/LangoTrace-hdfadqhothdwgbahopjjqiwrxhky/Build/Intermediates.noindex/GRDB.build/Debug-iphonesimulator/GRDB.build/DerivedSources-normal/arm64 -Xcc -I/Users/zibuyu/Library/Developer/Xcode/DerivedData/LangoTrace-hdfadqhothdwgbahopjjqiwrxhky/Build/Intermediates.noindex/GRDB.build/Debug-iphonesimulator/GRDB.build/DerivedSources/arm64 -Xcc -I/Users/zibuyu/Library/Developer/Xcode/DerivedData/LangoTrace-hdfadqhothdwgbahopjjqiwrxhky/Build/Intermediates.noindex/GRDB.build/Debug-iphonesimulator/GRDB.build/DerivedSources -Xcc -DSWIFT_PACKAGE -Xcc -DDEBUG\=1 -emit-objc-header -emit-objc-header-path /Users/zibuyu/Library/Developer/Xcode/DerivedData/LangoTrace-hdfadqhothdwgbahopjjqiwrxhky/Build/Intermediates.noindex/GRDB.build/Debug-iphonesimulator/GRDB.build/Objects-normal/arm64/GRDB-Swift.h -working-directory /Users/zibuyu/code/zibuyu/LangoTrace/LangoTrace.xcodeproj -experimental-emit-module-separately -disable-cmo

SwiftCompile normal arm64 Compiling\ AIProviderCredentialStore.swift,\ AIProviderHTTPClient.swift /Users/zibuyu/code/zibuyu/LangoTrace/Packages/LangoTraceAI/Sources/LangoTraceAI/AIProviderCredentialStore.swift /Users/zibuyu/code/zibuyu/LangoTrace/Packages/LangoTraceAI/Sources/LangoTraceAI/AIProviderHTTPClient.swift (in target 'LangoTraceAI' from project 'LangoTraceAI')

SwiftCompile normal arm64 /Users/zibuyu/code/zibuyu/LangoTrace/Packages/LangoTraceAI/Sources/LangoTraceAI/AIProviderCredentialStore.swift (in target 'LangoTraceAI' from project 'LangoTraceAI')
    cd /Users/zibuyu/code/zibuyu/LangoTrace/LangoTrace.xcodeproj
    

SwiftCompile normal arm64 /Users/zibuyu/code/zibuyu/LangoTrace/Packages/LangoTraceAI/Sources/LangoTraceAI/AIProviderHTTPClient.swift (in target 'LangoTraceAI' from project 'LangoTraceAI')
    cd /Users/zibuyu/code/zibuyu/LangoTrace/LangoTrace.xcodeproj
    

SwiftEmitModule normal arm64 Emitting\ module\ for\ LangoTraceSpeech (in target 'LangoTraceSpeech' from project 'LangoTraceSpeech')

EmitSwiftModule normal arm64 (in target 'LangoTraceSpeech' from project 'LangoTraceSpeech')
    cd /Users/zibuyu/code/zibuyu/LangoTrace/LangoTrace.xcodeproj
    

SwiftDriverJobDiscovery normal arm64 Compiling resource_bundle_accessor.swift, AIBoundary.swift (in target 'LangoTraceAI' from project 'LangoTraceAI')

SwiftMergeGeneratedHeaders /Users/zibuyu/Library/Developer/Xcode/DerivedData/LangoTrace-hdfadqhothdwgbahopjjqiwrxhky/Build/Intermediates.noindex/GeneratedModuleMaps-iphonesimulator/GRDB-Swift.h /Users/zibuyu/Library/Developer/Xcode/DerivedData/LangoTrace-hdfadqhothdwgbahopjjqiwrxhky/Build/Intermediates.noindex/GRDB.build/Debug-iphonesimulator/GRDB.build/Objects-normal/arm64/GRDB-Swift.h (in target 'GRDB' from project 'GRDB')
    cd /Users/zibuyu/Library/Developer/Xcode/DerivedData/LangoTrace-hdfadqhothdwgbahopjjqiwrxhky/SourcePackages/checkouts/GRDB.swift
    builtin-swiftHeaderTool -arch arm64 /Users/zibuyu/Library/Developer/Xcode/DerivedData/LangoTrace-hdfadqhothdwgbahopjjqiwrxhky/Build/Intermediates.noindex/GRDB.build/Debug-iphonesimulator/GRDB.build/Objects-normal/arm64/GRDB-Swift.h -o /Users/zibuyu/Library/Developer/Xcode/DerivedData/LangoTrace-hdfadqhothdwgbahopjjqiwrxhky/Build/Intermediates.noindex/GeneratedModuleMaps-iphonesimulator/GRDB-Swift.h

Copy /Users/zibuyu/Library/Developer/Xcode/DerivedData/LangoTrace-hdfadqhothdwgbahopjjqiwrxhky/Build/Products/Debug-iphonesimulator/GRDB.swiftmodule/arm64-apple-ios-simulator.swiftmodule /Users/zibuyu/Library/Developer/Xcode/DerivedData/LangoTrace-hdfadqhothdwgbahopjjqiwrxhky/Build/Intermediates.noindex/GRDB.build/Debug-iphonesimulator/GRDB.build/Objects-normal/arm64/GRDB.swiftmodule (in target 'GRDB' from project 'GRDB')
    cd /Users/zibuyu/Library/Developer/Xcode/DerivedData/LangoTrace-hdfadqhothdwgbahopjjqiwrxhky/SourcePackages/checkouts/GRDB.swift
    builtin-copy -exclude .DS_Store -exclude CVS -exclude .svn -exclude .git -exclude .hg -resolve-src-symlinks -rename /Users/zibuyu/Library/Developer/Xcode/DerivedData/LangoTrace-hdfadqhothdwgbahopjjqiwrxhky/Build/Intermediates.noindex/GRDB.build/Debug-iphonesimulator/GRDB.build/Objects-normal/arm64/GRDB.swiftmodule /Users/zibuyu/Library/Developer/Xcode/DerivedData/LangoTrace-hdfadqhothdwgbahopjjqiwrxhky/Build/Products/Debug-iphonesimulator/GRDB.swiftmodule/arm64-apple-ios-simulator.swiftmodule

SwiftDriverJobDiscovery normal arm64 Emitting module for LangoTraceAI (in target 'LangoTraceAI' from project 'LangoTraceAI')

Copy /Users/zibuyu/Library/Developer/Xcode/DerivedData/LangoTrace-hdfadqhothdwgbahopjjqiwrxhky/Build/Products/Debug-iphonesimulator/GRDB.swiftmodule/arm64-apple-ios-simulator.swiftdoc /Users/zibuyu/Library/Developer/Xcode/DerivedData/LangoTrace-hdfadqhothdwgbahopjjqiwrxhky/Build/Intermediates.noindex/GRDB.build/Debug-iphonesimulator/GRDB.build/Objects-normal/arm64/GRDB.swiftdoc (in target 'GRDB' from project 'GRDB')
    cd /Users/zibuyu/Library/Developer/Xcode/DerivedData/LangoTrace-hdfadqhothdwgbahopjjqiwrxhky/SourcePackages/checkouts/GRDB.swift
    builtin-copy -exclude .DS_Store -exclude CVS -exclude .svn -exclude .git -exclude .hg -resolve-src-symlinks -rename /Users/zibuyu/Library/Developer/Xcode/DerivedData/LangoTrace-hdfadqhothdwgbahopjjqiwrxhky/Build/Intermediates.noindex/GRDB.build/Debug-iphonesimulator/GRDB.build/Objects-normal/arm64/GRDB.swiftdoc /Users/zibuyu/Library/Developer/Xcode/DerivedData/LangoTrace-hdfadqhothdwgbahopjjqiwrxhky/Build/Products/Debug-iphonesimulator/GRDB.swiftmodule/arm64-apple-ios-simulator.swiftdoc

SwiftDriver\ Compilation\ Requirements LangoTraceAI normal arm64 com.apple.xcode.tools.swift.compiler (in target 'LangoTraceAI' from project 'LangoTraceAI')
    cd /Users/zibuyu/code/zibuyu/LangoTrace/LangoTrace.xcodeproj
    builtin-Swift-Compilation-Requirements -- /Applications/Xcode.app/Contents/Developer/Toolchains/XcodeDefault.xctoolchain/usr/bin/swiftc -module-name LangoTraceAI -Onone @/Users/zibuyu/Library/Developer/Xcode/DerivedData/LangoTrace-hdfadqhothdwgbahopjjqiwrxhky/Build/Intermediates.noindex/LangoTraceAI.build/Debug-iphonesimulator/LangoTraceAI.build/Objects-normal/arm64/LangoTraceAI.SwiftFileList -DSWIFT_PACKAGE -DDEBUG -DSWIFT_MODULE_RESOURCE_BUNDLE_AVAILABLE -DXcode -plugin-path /Applications/Xcode.app/Contents/Developer/Toolchains/XcodeDefault.xctoolchain/usr/lib/swift/host/plugins/testing -enable-experimental-feature DebugDescriptionMacro -sdk /Applications/Xcode.app/Contents/Developer/Platforms/iPhoneSimulator.platform/Developer/SDKs/iPhoneSimulator26.5.sdk -target arm64-apple-ios18.0-simulator -g -module-cache-path /Users/zibuyu/Library/Developer/Xcode/DerivedData/ModuleCache.noindex -Xfrontend -serialize-debugging-options -profile-coverage-mapping -profile-generate -enable-testing -index-store-path /Users/zibuyu/Library/Developer/Xcode/DerivedData/LangoTrace-hdfadqhothdwgbahopjjqiwrxhky/Index.noindex/DataStore -Xcc -D_LIBCPP_HARDENING_MODE\=_LIBCPP_HARDENING_MODE_DEBUG -swift-version 6 -I /Users/zibuyu/Library/Developer/Xcode/DerivedData/LangoTrace-hdfadqhothdwgbahopjjqiwrxhky/Build/Products/Debug-iphonesimulator -Isystem /Applications/Xcode.app/Contents/Developer/Platforms/iPhoneSimulator.platform/Developer/usr/lib -F /Users/zibuyu/Library/Developer/Xcode/DerivedData/LangoTrace-hdfadqhothdwgbahopjjqiwrxhky/Build/Products/Debug-iphonesimulator/PackageFrameworks -F /Users/zibuyu/Library/Developer/Xcode/DerivedData/LangoTrace-hdfadqhothdwgbahopjjqiwrxhky/Build/Products/Debug-iphonesimulator -F /Applications/Xcode.app/Contents/Developer/Platforms/iPhoneSimulator.platform/Developer/Library/Frameworks -F /Applications/Xcode.app/Contents/Developer/Platforms/iPhoneSimulator.platform/Developer/SDKs/iPhoneSimulator26.5.sdk/Developer/Library/Frameworks -c -j10 -enable-batch-mode -incremental -Xcc -ivfsstatcache -Xcc /Users/zibuyu/Library/Developer/Xcode/DerivedData/SDKStatCaches.noindex/iphonesimulator26.5-23F73-6cfe768891a92b912361537c460fe42b.sdkstatcache -output-file-map /Users/zibuyu/Library/Developer/Xcode/DerivedData/LangoTrace-hdfadqhothdwgbahopjjqiwrxhky/Build/Intermediates.noindex/LangoTraceAI.build/Debug-iphonesimulator/LangoTraceAI.build/Objects-normal/arm64/LangoTraceAI-OutputFileMap.json -use-frontend-parseable-output -save-temps -no-color-diagnostics -explicit-module-build -module-cache-path /Users/zibuyu/Library/Developer/Xcode/DerivedData/LangoTrace-hdfadqhothdwgbahopjjqiwrxhky/Build/Intermediates.noindex/SwiftExplicitPrecompiledModules -clang-scanner-module-cache-path /Users/zibuyu/Library/Developer/Xcode/DerivedData/ModuleCache.noindex -sdk-module-cache-path /Users/zibuyu/Library/Developer/Xcode/DerivedData/ModuleCache.noindex -serialize-diagnostics -emit-dependencies -emit-module -emit-module-path /Users/zibuyu/Library/Developer/Xcode/DerivedData/LangoTrace-hdfadqhothdwgbahopjjqiwrxhky/Build/Intermediates.noindex/LangoTraceAI.build/Debug-iphonesimulator/LangoTraceAI.build/Objects-normal/arm64/LangoTraceAI.swiftmodule -validate-clang-modules-once -clang-build-session-file /Users/zibuyu/Library/Developer/Xcode/DerivedData/ModuleCache.noindex/Session.modulevalidation -package-name langotraceai -Xcc -I/Users/zibuyu/Library/Developer/Xcode/DerivedData/LangoTrace-hdfadqhothdwgbahopjjqiwrxhky/Build/Intermediates.noindex/LangoTraceAI.build/Debug-iphonesimulator/LangoTraceAI.build/swift-overrides.hmap -emit-const-values -Xfrontend -const-gather-protocols-file -Xfrontend /Users/zibuyu/Library/Developer/Xcode/DerivedData/LangoTrace-hdfadqhothdwgbahopjjqiwrxhky/Build/Intermediates.noindex/LangoTraceAI.build/Debug-iphonesimulator/LangoTraceAI.build/Objects-normal/arm64/LangoTraceAI_const_extract_protocols.json -Xcc -I/Users/zibuyu/Library/Developer/Xcode/DerivedData/LangoTrace-hdfadqhothdwgbahopjjqiwrxhky/Build/Products/Debug-iphonesimulator/include -Xcc -I/Users/zibuyu/Library/Developer/Xcode/DerivedData/LangoTrace-hdfadqhothdwgbahopjjqiwrxhky/Build/Intermediates.noindex/LangoTraceAI.build/Debug-iphonesimulator/LangoTraceAI.build/DerivedSources-normal/arm64 -Xcc -I/Users/zibuyu/Library/Developer/Xcode/DerivedData/LangoTrace-hdfadqhothdwgbahopjjqiwrxhky/Build/Intermediates.noindex/LangoTraceAI.build/Debug-iphonesimulator/LangoTraceAI.build/DerivedSources/arm64 -Xcc -I/Users/zibuyu/Library/Developer/Xcode/DerivedData/LangoTrace-hdfadqhothdwgbahopjjqiwrxhky/Build/Intermediates.noindex/LangoTraceAI.build/Debug-iphonesimulator/LangoTraceAI.build/DerivedSources -Xcc -DSWIFT_PACKAGE -Xcc -DDEBUG\=1 -emit-objc-header -emit-objc-header-path /Users/zibuyu/Library/Developer/Xcode/DerivedData/LangoTrace-hdfadqhothdwgbahopjjqiwrxhky/Build/Intermediates.noindex/LangoTraceAI.build/Debug-iphonesimulator/LangoTraceAI.build/Objects-normal/arm64/LangoTraceAI-Swift.h -working-directory /Users/zibuyu/code/zibuyu/LangoTrace/LangoTrace.xcodeproj -experimental-emit-module-separately -disable-cmo

Copy /Users/zibuyu/Library/Developer/Xcode/DerivedData/LangoTrace-hdfadqhothdwgbahopjjqiwrxhky/Build/Products/Debug-iphonesimulator/GRDB.swiftmodule/arm64-apple-ios-simulator.abi.json /Users/zibuyu/Library/Developer/Xcode/DerivedData/LangoTrace-hdfadqhothdwgbahopjjqiwrxhky/Build/Intermediates.noindex/GRDB.build/Debug-iphonesimulator/GRDB.build/Objects-normal/arm64/GRDB.abi.json (in target 'GRDB' from project 'GRDB')
    cd /Users/zibuyu/Library/Developer/Xcode/DerivedData/LangoTrace-hdfadqhothdwgbahopjjqiwrxhky/SourcePackages/checkouts/GRDB.swift
    builtin-copy -exclude .DS_Store -exclude CVS -exclude .svn -exclude .git -exclude .hg -resolve-src-symlinks -rename /Users/zibuyu/Library/Developer/Xcode/DerivedData/LangoTrace-hdfadqhothdwgbahopjjqiwrxhky/Build/Intermediates.noindex/GRDB.build/Debug-iphonesimulator/GRDB.build/Objects-normal/arm64/GRDB.abi.json /Users/zibuyu/Library/Developer/Xcode/DerivedData/LangoTrace-hdfadqhothdwgbahopjjqiwrxhky/Build/Products/Debug-iphonesimulator/GRDB.swiftmodule/arm64-apple-ios-simulator.abi.json

SwiftMergeGeneratedHeaders /Users/zibuyu/Library/Developer/Xcode/DerivedData/LangoTrace-hdfadqhothdwgbahopjjqiwrxhky/Build/Intermediates.noindex/GeneratedModuleMaps-iphonesimulator/LangoTraceAI-Swift.h /Users/zibuyu/Library/Developer/Xcode/DerivedData/LangoTrace-hdfadqhothdwgbahopjjqiwrxhky/Build/Intermediates.noindex/LangoTraceAI.build/Debug-iphonesimulator/LangoTraceAI.build/Objects-normal/arm64/LangoTraceAI-Swift.h (in target 'LangoTraceAI' from project 'LangoTraceAI')
    cd /Users/zibuyu/code/zibuyu/LangoTrace/Packages/LangoTraceAI
    builtin-swiftHeaderTool -arch arm64 /Users/zibuyu/Library/Developer/Xcode/DerivedData/LangoTrace-hdfadqhothdwgbahopjjqiwrxhky/Build/Intermediates.noindex/LangoTraceAI.build/Debug-iphonesimulator/LangoTraceAI.build/Objects-normal/arm64/LangoTraceAI-Swift.h -o /Users/zibuyu/Library/Developer/Xcode/DerivedData/LangoTrace-hdfadqhothdwgbahopjjqiwrxhky/Build/Intermediates.noindex/GeneratedModuleMaps-iphonesimulator/LangoTraceAI-Swift.h

Copy /Users/zibuyu/Library/Developer/Xcode/DerivedData/LangoTrace-hdfadqhothdwgbahopjjqiwrxhky/Build/Products/Debug-iphonesimulator/LangoTraceAI.swiftmodule/arm64-apple-ios-simulator.swiftmodule /Users/zibuyu/Library/Developer/Xcode/DerivedData/LangoTrace-hdfadqhothdwgbahopjjqiwrxhky/Build/Intermediates.noindex/LangoTraceAI.build/Debug-iphonesimulator/LangoTraceAI.build/Objects-normal/arm64/LangoTraceAI.swiftmodule (in target 'LangoTraceAI' from project 'LangoTraceAI')
    cd /Users/zibuyu/code/zibuyu/LangoTrace/Packages/LangoTraceAI
    builtin-copy -exclude .DS_Store -exclude CVS -exclude .svn -exclude .git -exclude .hg -resolve-src-symlinks -rename /Users/zibuyu/Library/Developer/Xcode/DerivedData/LangoTrace-hdfadqhothdwgbahopjjqiwrxhky/Build/Intermediates.noindex/LangoTraceAI.build/Debug-iphonesimulator/LangoTraceAI.build/Objects-normal/arm64/LangoTraceAI.swiftmodule /Users/zibuyu/Library/Developer/Xcode/DerivedData/LangoTrace-hdfadqhothdwgbahopjjqiwrxhky/Build/Products/Debug-iphonesimulator/LangoTraceAI.swiftmodule/arm64-apple-ios-simulator.swiftmodule

Copy /Users/zibuyu/Library/Developer/Xcode/DerivedData/LangoTrace-hdfadqhothdwgbahopjjqiwrxhky/Build/Products/Debug-iphonesimulator/LangoTraceAI.swiftmodule/arm64-apple-ios-simulator.swiftdoc /Users/zibuyu/Library/Developer/Xcode/DerivedData/LangoTrace-hdfadqhothdwgbahopjjqiwrxhky/Build/Intermediates.noindex/LangoTraceAI.build/Debug-iphonesimulator/LangoTraceAI.build/Objects-normal/arm64/LangoTraceAI.swiftdoc (in target 'LangoTraceAI' from project 'LangoTraceAI')
    cd /Users/zibuyu/code/zibuyu/LangoTrace/Packages/LangoTraceAI
    builtin-copy -exclude .DS_Store -exclude CVS -exclude .svn -exclude .git -exclude .hg -resolve-src-symlinks -rename /Users/zibuyu/Library/Developer/Xcode/DerivedData/LangoTrace-hdfadqhothdwgbahopjjqiwrxhky/Build/Intermediates.noindex/LangoTraceAI.build/Debug-iphonesimulator/LangoTraceAI.build/Objects-normal/arm64/LangoTraceAI.swiftdoc /Users/zibuyu/Library/Developer/Xcode/DerivedData/LangoTrace-hdfadqhothdwgbahopjjqiwrxhky/Build/Products/Debug-iphonesimulator/LangoTraceAI.swiftmodule/arm64-apple-ios-simulator.swiftdoc

Copy /Users/zibuyu/Library/Developer/Xcode/DerivedData/LangoTrace-hdfadqhothdwgbahopjjqiwrxhky/Build/Products/Debug-iphonesimulator/LangoTraceAI.swiftmodule/arm64-apple-ios-simulator.abi.json /Users/zibuyu/Library/Developer/Xcode/DerivedData/LangoTrace-hdfadqhothdwgbahopjjqiwrxhky/Build/Intermediates.noindex/LangoTraceAI.build/Debug-iphonesimulator/LangoTraceAI.build/Objects-normal/arm64/LangoTraceAI.abi.json (in target 'LangoTraceAI' from project 'LangoTraceAI')
    cd /Users/zibuyu/code/zibuyu/LangoTrace/Packages/LangoTraceAI
    builtin-copy -exclude .DS_Store -exclude CVS -exclude .svn -exclude .git -exclude .hg -resolve-src-symlinks -rename /Users/zibuyu/Library/Developer/Xcode/DerivedData/LangoTrace-hdfadqhothdwgbahopjjqiwrxhky/Build/Intermediates.noindex/LangoTraceAI.build/Debug-iphonesimulator/LangoTraceAI.build/Objects-normal/arm64/LangoTraceAI.abi.json /Users/zibuyu/Library/Developer/Xcode/DerivedData/LangoTrace-hdfadqhothdwgbahopjjqiwrxhky/Build/Products/Debug-iphonesimulator/LangoTraceAI.swiftmodule/arm64-apple-ios-simulator.abi.json

Copy /Users/zibuyu/Library/Developer/Xcode/DerivedData/LangoTrace-hdfadqhothdwgbahopjjqiwrxhky/Build/Products/Debug-iphonesimulator/LangoTraceAI.swiftmodule/Project/arm64-apple-ios-simulator.swiftsourceinfo /Users/zibuyu/Library/Developer/Xcode/DerivedData/LangoTrace-hdfadqhothdwgbahopjjqiwrxhky/Build/Intermediates.noindex/LangoTraceAI.build/Debug-iphonesimulator/LangoTraceAI.build/Objects-normal/arm64/LangoTraceAI.swiftsourceinfo (in target 'LangoTraceAI' from project 'LangoTraceAI')
    cd /Users/zibuyu/code/zibuyu/LangoTrace/Packages/LangoTraceAI
    builtin-copy -exclude .DS_Store -exclude CVS -exclude .svn -exclude .git -exclude .hg -resolve-src-symlinks -rename /Users/zibuyu/Library/Developer/Xcode/DerivedData/LangoTrace-hdfadqhothdwgbahopjjqiwrxhky/Build/Intermediates.noindex/LangoTraceAI.build/Debug-iphonesimulator/LangoTraceAI.build/Objects-normal/arm64/LangoTraceAI.swiftsourceinfo /Users/zibuyu/Library/Developer/Xcode/DerivedData/LangoTrace-hdfadqhothdwgbahopjjqiwrxhky/Build/Products/Debug-iphonesimulator/LangoTraceAI.swiftmodule/Project/arm64-apple-ios-simulator.swiftsourceinfo

Copy /Users/zibuyu/Library/Developer/Xcode/DerivedData/LangoTrace-hdfadqhothdwgbahopjjqiwrxhky/Build/Products/Debug-iphonesimulator/GRDB.swiftmodule/Project/arm64-apple-ios-simulator.swiftsourceinfo /Users/zibuyu/Library/Developer/Xcode/DerivedData/LangoTrace-hdfadqhothdwgbahopjjqiwrxhky/Build/Intermediates.noindex/GRDB.build/Debug-iphonesimulator/GRDB.build/Objects-normal/arm64/GRDB.swiftsourceinfo (in target 'GRDB' from project 'GRDB')
    cd /Users/zibuyu/Library/Developer/Xcode/DerivedData/LangoTrace-hdfadqhothdwgbahopjjqiwrxhky/SourcePackages/checkouts/GRDB.swift
    builtin-copy -exclude .DS_Store -exclude CVS -exclude .svn -exclude .git -exclude .hg -resolve-src-symlinks -rename /Users/zibuyu/Library/Developer/Xcode/DerivedData/LangoTrace-hdfadqhothdwgbahopjjqiwrxhky/Build/Intermediates.noindex/GRDB.build/Debug-iphonesimulator/GRDB.build/Objects-normal/arm64/GRDB.swiftsourceinfo /Users/zibuyu/Library/Developer/Xcode/DerivedData/LangoTrace-hdfadqhothdwgbahopjjqiwrxhky/Build/Products/Debug-iphonesimulator/GRDB.swiftmodule/Project/arm64-apple-ios-simulator.swiftsourceinfo

SwiftCompile normal arm64 Compiling\ TTSAudioFileValidator.swift /Users/zibuyu/code/zibuyu/LangoTrace/Packages/LangoTraceSpeech/Sources/LangoTraceSpeech/TTSAudioFileValidator.swift (in target 'LangoTraceSpeech' from project 'LangoTraceSpeech')

SwiftCompile normal arm64 /Users/zibuyu/code/zibuyu/LangoTrace/Packages/LangoTraceSpeech/Sources/LangoTraceSpeech/TTSAudioFileValidator.swift (in target 'LangoTraceSpeech' from project 'LangoTraceSpeech')
    cd /Users/zibuyu/code/zibuyu/LangoTrace/LangoTrace.xcodeproj
    

SwiftCompile normal arm64 Compiling\ PracticeRecordingService.swift /Users/zibuyu/code/zibuyu/LangoTrace/Packages/LangoTraceSpeech/Sources/LangoTraceSpeech/PracticeRecordingService.swift (in target 'LangoTraceSpeech' from project 'LangoTraceSpeech')

SwiftCompile normal arm64 /Users/zibuyu/code/zibuyu/LangoTrace/Packages/LangoTraceSpeech/Sources/LangoTraceSpeech/PracticeRecordingService.swift (in target 'LangoTraceSpeech' from project 'LangoTraceSpeech')
    cd /Users/zibuyu/code/zibuyu/LangoTrace/LangoTrace.xcodeproj
    

SwiftDriverJobDiscovery normal arm64 Compiling AIProviderProbeImageFixture.swift, EmbeddingConfigurationProbeService.swift (in target 'LangoTraceAI' from project 'LangoTraceAI')

SwiftCompile normal arm64 Compiling\ SpeechBoundary.swift /Users/zibuyu/code/zibuyu/LangoTrace/Packages/LangoTraceSpeech/Sources/LangoTraceSpeech/SpeechBoundary.swift (in target 'LangoTraceSpeech' from project 'LangoTraceSpeech')

SwiftCompile normal arm64 /Users/zibuyu/code/zibuyu/LangoTrace/Packages/LangoTraceSpeech/Sources/LangoTraceSpeech/SpeechBoundary.swift (in target 'LangoTraceSpeech' from project 'LangoTraceSpeech')
    cd /Users/zibuyu/code/zibuyu/LangoTrace/LangoTrace.xcodeproj
    

SwiftDriverJobDiscovery normal arm64 Compiling ColumnDefinition.swift, Database+SchemaDefinition.swift, ForeignKeyDefinition.swift, IndexDefinition.swift, TableAlteration.swift, TableDefinition.swift, VirtualTableModule.swift, TableRecord+Association.swift, TableRecord+QueryInterfaceRequest.swift, EncodableRecord+Encodable.swift, EncodableRecord.swift, FetchableRecord+Decodable.swift, FetchableRecord+TableRecord.swift, FetchableRecord.swift, MutablePersistableRecord+DAO.swift, MutablePersistableRecord+Delete.swift, MutablePersistableRecord+Insert.swift (in target 'GRDB' from project 'GRDB')

SwiftCompile normal arm64 Compiling\ TTSAudioValidationService.swift /Users/zibuyu/code/zibuyu/LangoTrace/Packages/LangoTraceSpeech/Sources/LangoTraceSpeech/TTSAudioValidationService.swift (in target 'LangoTraceSpeech' from project 'LangoTraceSpeech')

SwiftCompile normal arm64 /Users/zibuyu/code/zibuyu/LangoTrace/Packages/LangoTraceSpeech/Sources/LangoTraceSpeech/TTSAudioValidationService.swift (in target 'LangoTraceSpeech' from project 'LangoTraceSpeech')
    cd /Users/zibuyu/code/zibuyu/LangoTrace/LangoTrace.xcodeproj
    

SwiftDriverJobDiscovery normal arm64 Emitting module for LangoTraceSpeech (in target 'LangoTraceSpeech' from project 'LangoTraceSpeech')

SwiftDriver\ Compilation\ Requirements LangoTraceSpeech normal arm64 com.apple.xcode.tools.swift.compiler (in target 'LangoTraceSpeech' from project 'LangoTraceSpeech')
    cd /Users/zibuyu/code/zibuyu/LangoTrace/LangoTrace.xcodeproj
    builtin-Swift-Compilation-Requirements -- /Applications/Xcode.app/Contents/Developer/Toolchains/XcodeDefault.xctoolchain/usr/bin/swiftc -module-name LangoTraceSpeech -Onone @/Users/zibuyu/Library/Developer/Xcode/DerivedData/LangoTrace-hdfadqhothdwgbahopjjqiwrxhky/Build/Intermediates.noindex/LangoTraceSpeech.build/Debug-iphonesimulator/LangoTraceSpeech.build/Objects-normal/arm64/LangoTraceSpeech.SwiftFileList -DSWIFT_PACKAGE -DDEBUG -DSWIFT_MODULE_RESOURCE_BUNDLE_UNAVAILABLE -DXcode -plugin-path /Applications/Xcode.app/Contents/Developer/Toolchains/XcodeDefault.xctoolchain/usr/lib/swift/host/plugins/testing -enable-experimental-feature DebugDescriptionMacro -sdk /Applications/Xcode.app/Contents/Developer/Platforms/iPhoneSimulator.platform/Developer/SDKs/iPhoneSimulator26.5.sdk -target arm64-apple-ios18.0-simulator -g -module-cache-path /Users/zibuyu/Library/Developer/Xcode/DerivedData/ModuleCache.noindex -Xfrontend -serialize-debugging-options -profile-coverage-mapping -profile-generate -enable-testing -index-store-path /Users/zibuyu/Library/Developer/Xcode/DerivedData/LangoTrace-hdfadqhothdwgbahopjjqiwrxhky/Index.noindex/DataStore -Xcc -D_LIBCPP_HARDENING_MODE\=_LIBCPP_HARDENING_MODE_DEBUG -swift-version 6 -I /Users/zibuyu/Library/Developer/Xcode/DerivedData/LangoTrace-hdfadqhothdwgbahopjjqiwrxhky/Build/Products/Debug-iphonesimulator -Isystem /Applications/Xcode.app/Contents/Developer/Platforms/iPhoneSimulator.platform/Developer/usr/lib -F /Users/zibuyu/Library/Developer/Xcode/DerivedData/LangoTrace-hdfadqhothdwgbahopjjqiwrxhky/Build/Products/Debug-iphonesimulator/PackageFrameworks -F /Users/zibuyu/Library/Developer/Xcode/DerivedData/LangoTrace-hdfadqhothdwgbahopjjqiwrxhky/Build/Products/Debug-iphonesimulator -F /Applications/Xcode.app/Contents/Developer/Platforms/iPhoneSimulator.platform/Developer/Library/Frameworks -F /Applications/Xcode.app/Contents/Developer/Platforms/iPhoneSimulator.platform/Developer/SDKs/iPhoneSimulator26.5.sdk/Developer/Library/Frameworks -c -j10 -enable-batch-mode -incremental -Xcc -ivfsstatcache -Xcc /Users/zibuyu/Library/Developer/Xcode/DerivedData/SDKStatCaches.noindex/iphonesimulator26.5-23F73-6cfe768891a92b912361537c460fe42b.sdkstatcache -output-file-map /Users/zibuyu/Library/Developer/Xcode/DerivedData/LangoTrace-hdfadqhothdwgbahopjjqiwrxhky/Build/Intermediates.noindex/LangoTraceSpeech.build/Debug-iphonesimulator/LangoTraceSpeech.build/Objects-normal/arm64/LangoTraceSpeech-OutputFileMap.json -use-frontend-parseable-output -save-temps -no-color-diagnostics -explicit-module-build -module-cache-path /Users/zibuyu/Library/Developer/Xcode/DerivedData/LangoTrace-hdfadqhothdwgbahopjjqiwrxhky/Build/Intermediates.noindex/SwiftExplicitPrecompiledModules -clang-scanner-module-cache-path /Users/zibuyu/Library/Developer/Xcode/DerivedData/ModuleCache.noindex -sdk-module-cache-path /Users/zibuyu/Library/Developer/Xcode/DerivedData/ModuleCache.noindex -serialize-diagnostics -emit-dependencies -emit-module -emit-module-path /Users/zibuyu/Library/Developer/Xcode/DerivedData/LangoTrace-hdfadqhothdwgbahopjjqiwrxhky/Build/Intermediates.noindex/LangoTraceSpeech.build/Debug-iphonesimulator/LangoTraceSpeech.build/Objects-normal/arm64/LangoTraceSpeech.swiftmodule -validate-clang-modules-once -clang-build-session-file /Users/zibuyu/Library/Developer/Xcode/DerivedData/ModuleCache.noindex/Session.modulevalidation -package-name langotracespeech -Xcc -I/Users/zibuyu/Library/Developer/Xcode/DerivedData/LangoTrace-hdfadqhothdwgbahopjjqiwrxhky/Build/Intermediates.noindex/LangoTraceSpeech.build/Debug-iphonesimulator/LangoTraceSpeech.build/swift-overrides.hmap -emit-const-values -Xfrontend -const-gather-protocols-file -Xfrontend /Users/zibuyu/Library/Developer/Xcode/DerivedData/LangoTrace-hdfadqhothdwgbahopjjqiwrxhky/Build/Intermediates.noindex/LangoTraceSpeech.build/Debug-iphonesimulator/LangoTraceSpeech.build/Objects-normal/arm64/LangoTraceSpeech_const_extract_protocols.json -Xcc -I/Users/zibuyu/Library/Developer/Xcode/DerivedData/LangoTrace-hdfadqhothdwgbahopjjqiwrxhky/Build/Products/Debug-iphonesimulator/include -Xcc -I/Users/zibuyu/Library/Developer/Xcode/DerivedData/LangoTrace-hdfadqhothdwgbahopjjqiwrxhky/Build/Intermediates.noindex/LangoTraceSpeech.build/Debug-iphonesimulator/LangoTraceSpeech.build/DerivedSources-normal/arm64 -Xcc -I/Users/zibuyu/Library/Developer/Xcode/DerivedData/LangoTrace-hdfadqhothdwgbahopjjqiwrxhky/Build/Intermediates.noindex/LangoTraceSpeech.build/Debug-iphonesimulator/LangoTraceSpeech.build/DerivedSources/arm64 -Xcc -I/Users/zibuyu/Library/Developer/Xcode/DerivedData/LangoTrace-hdfadqhothdwgbahopjjqiwrxhky/Build/Intermediates.noindex/LangoTraceSpeech.build/Debug-iphonesimulator/LangoTraceSpeech.build/DerivedSources -Xcc -DSWIFT_PACKAGE -Xcc -DDEBUG\=1 -emit-objc-header -emit-objc-header-path /Users/zibuyu/Library/Developer/Xcode/DerivedData/LangoTrace-hdfadqhothdwgbahopjjqiwrxhky/Build/Intermediates.noindex/LangoTraceSpeech.build/Debug-iphonesimulator/LangoTraceSpeech.build/Objects-normal/arm64/LangoTraceSpeech-Swift.h -working-directory /Users/zibuyu/code/zibuyu/LangoTrace/LangoTrace.xcodeproj -experimental-emit-module-separately -disable-cmo

SwiftDriverJobDiscovery normal arm64 Compiling TTSAudioFileValidator.swift (in target 'LangoTraceSpeech' from project 'LangoTraceSpeech')

SwiftCompile normal arm64 Compiling\ TTSAudioPlaybackService.swift /Users/zibuyu/code/zibuyu/LangoTrace/Packages/LangoTraceSpeech/Sources/LangoTraceSpeech/TTSAudioPlaybackService.swift (in target 'LangoTraceSpeech' from project 'LangoTraceSpeech')

SwiftCompile normal arm64 /Users/zibuyu/code/zibuyu/LangoTrace/Packages/LangoTraceSpeech/Sources/LangoTraceSpeech/TTSAudioPlaybackService.swift (in target 'LangoTraceSpeech' from project 'LangoTraceSpeech')
    cd /Users/zibuyu/code/zibuyu/LangoTrace/LangoTrace.xcodeproj
    

SwiftMergeGeneratedHeaders /Users/zibuyu/Library/Developer/Xcode/DerivedData/LangoTrace-hdfadqhothdwgbahopjjqiwrxhky/Build/Intermediates.noindex/GeneratedModuleMaps-iphonesimulator/LangoTraceSpeech-Swift.h /Users/zibuyu/Library/Developer/Xcode/DerivedData/LangoTrace-hdfadqhothdwgbahopjjqiwrxhky/Build/Intermediates.noindex/LangoTraceSpeech.build/Debug-iphonesimulator/LangoTraceSpeech.build/Objects-normal/arm64/LangoTraceSpeech-Swift.h (in target 'LangoTraceSpeech' from project 'LangoTraceSpeech')
    cd /Users/zibuyu/code/zibuyu/LangoTrace/Packages/LangoTraceSpeech
    builtin-swiftHeaderTool -arch arm64 /Users/zibuyu/Library/Developer/Xcode/DerivedData/LangoTrace-hdfadqhothdwgbahopjjqiwrxhky/Build/Intermediates.noindex/LangoTraceSpeech.build/Debug-iphonesimulator/LangoTraceSpeech.build/Objects-normal/arm64/LangoTraceSpeech-Swift.h -o /Users/zibuyu/Library/Developer/Xcode/DerivedData/LangoTrace-hdfadqhothdwgbahopjjqiwrxhky/Build/Intermediates.noindex/GeneratedModuleMaps-iphonesimulator/LangoTraceSpeech-Swift.h

SwiftDriverJobDiscovery normal arm64 Compiling SpeechBoundary.swift (in target 'LangoTraceSpeech' from project 'LangoTraceSpeech')

Copy /Users/zibuyu/Library/Developer/Xcode/DerivedData/LangoTrace-hdfadqhothdwgbahopjjqiwrxhky/Build/Products/Debug-iphonesimulator/LangoTraceSpeech.swiftmodule/arm64-apple-ios-simulator.swiftmodule /Users/zibuyu/Library/Developer/Xcode/DerivedData/LangoTrace-hdfadqhothdwgbahopjjqiwrxhky/Build/Intermediates.noindex/LangoTraceSpeech.build/Debug-iphonesimulator/LangoTraceSpeech.build/Objects-normal/arm64/LangoTraceSpeech.swiftmodule (in target 'LangoTraceSpeech' from project 'LangoTraceSpeech')
    cd /Users/zibuyu/code/zibuyu/LangoTrace/Packages/LangoTraceSpeech
    builtin-copy -exclude .DS_Store -exclude CVS -exclude .svn -exclude .git -exclude .hg -resolve-src-symlinks -rename /Users/zibuyu/Library/Developer/Xcode/DerivedData/LangoTrace-hdfadqhothdwgbahopjjqiwrxhky/Build/Intermediates.noindex/LangoTraceSpeech.build/Debug-iphonesimulator/LangoTraceSpeech.build/Objects-normal/arm64/LangoTraceSpeech.swiftmodule /Users/zibuyu/Library/Developer/Xcode/DerivedData/LangoTrace-hdfadqhothdwgbahopjjqiwrxhky/Build/Products/Debug-iphonesimulator/LangoTraceSpeech.swiftmodule/arm64-apple-ios-simulator.swiftmodule

Copy /Users/zibuyu/Library/Developer/Xcode/DerivedData/LangoTrace-hdfadqhothdwgbahopjjqiwrxhky/Build/Products/Debug-iphonesimulator/LangoTraceSpeech.swiftmodule/arm64-apple-ios-simulator.swiftdoc /Users/zibuyu/Library/Developer/Xcode/DerivedData/LangoTrace-hdfadqhothdwgbahopjjqiwrxhky/Build/Intermediates.noindex/LangoTraceSpeech.build/Debug-iphonesimulator/LangoTraceSpeech.build/Objects-normal/arm64/LangoTraceSpeech.swiftdoc (in target 'LangoTraceSpeech' from project 'LangoTraceSpeech')
    cd /Users/zibuyu/code/zibuyu/LangoTrace/Packages/LangoTraceSpeech
    builtin-copy -exclude .DS_Store -exclude CVS -exclude .svn -exclude .git -exclude .hg -resolve-src-symlinks -rename /Users/zibuyu/Library/Developer/Xcode/DerivedData/LangoTrace-hdfadqhothdwgbahopjjqiwrxhky/Build/Intermediates.noindex/LangoTraceSpeech.build/Debug-iphonesimulator/LangoTraceSpeech.build/Objects-normal/arm64/LangoTraceSpeech.swiftdoc /Users/zibuyu/Library/Developer/Xcode/DerivedData/LangoTrace-hdfadqhothdwgbahopjjqiwrxhky/Build/Products/Debug-iphonesimulator/LangoTraceSpeech.swiftmodule/arm64-apple-ios-simulator.swiftdoc

Copy /Users/zibuyu/Library/Developer/Xcode/DerivedData/LangoTrace-hdfadqhothdwgbahopjjqiwrxhky/Build/Products/Debug-iphonesimulator/LangoTraceSpeech.swiftmodule/arm64-apple-ios-simulator.abi.json /Users/zibuyu/Library/Developer/Xcode/DerivedData/LangoTrace-hdfadqhothdwgbahopjjqiwrxhky/Build/Intermediates.noindex/LangoTraceSpeech.build/Debug-iphonesimulator/LangoTraceSpeech.build/Objects-normal/arm64/LangoTraceSpeech.abi.json (in target 'LangoTraceSpeech' from project 'LangoTraceSpeech')
    cd /Users/zibuyu/code/zibuyu/LangoTrace/Packages/LangoTraceSpeech
    builtin-copy -exclude .DS_Store -exclude CVS -exclude .svn -exclude .git -exclude .hg -resolve-src-symlinks -rename /Users/zibuyu/Library/Developer/Xcode/DerivedData/LangoTrace-hdfadqhothdwgbahopjjqiwrxhky/Build/Intermediates.noindex/LangoTraceSpeech.build/Debug-iphonesimulator/LangoTraceSpeech.build/Objects-normal/arm64/LangoTraceSpeech.abi.json /Users/zibuyu/Library/Developer/Xcode/DerivedData/LangoTrace-hdfadqhothdwgbahopjjqiwrxhky/Build/Products/Debug-iphonesimulator/LangoTraceSpeech.swiftmodule/arm64-apple-ios-simulator.abi.json

Copy /Users/zibuyu/Library/Developer/Xcode/DerivedData/LangoTrace-hdfadqhothdwgbahopjjqiwrxhky/Build/Products/Debug-iphonesimulator/LangoTraceSpeech.swiftmodule/Project/arm64-apple-ios-simulator.swiftsourceinfo /Users/zibuyu/Library/Developer/Xcode/DerivedData/LangoTrace-hdfadqhothdwgbahopjjqiwrxhky/Build/Intermediates.noindex/LangoTraceSpeech.build/Debug-iphonesimulator/LangoTraceSpeech.build/Objects-normal/arm64/LangoTraceSpeech.swiftsourceinfo (in target 'LangoTraceSpeech' from project 'LangoTraceSpeech')
    cd /Users/zibuyu/code/zibuyu/LangoTrace/Packages/LangoTraceSpeech
    builtin-copy -exclude .DS_Store -exclude CVS -exclude .svn -exclude .git -exclude .hg -resolve-src-symlinks -rename /Users/zibuyu/Library/Developer/Xcode/DerivedData/LangoTrace-hdfadqhothdwgbahopjjqiwrxhky/Build/Intermediates.noindex/LangoTraceSpeech.build/Debug-iphonesimulator/LangoTraceSpeech.build/Objects-normal/arm64/LangoTraceSpeech.swiftsourceinfo /Users/zibuyu/Library/Developer/Xcode/DerivedData/LangoTrace-hdfadqhothdwgbahopjjqiwrxhky/Build/Products/Debug-iphonesimulator/LangoTraceSpeech.swiftmodule/Project/arm64-apple-ios-simulator.swiftsourceinfo

SwiftCompile normal arm64 Compiling\ TTSProviderAdapter.swift /Users/zibuyu/code/zibuyu/LangoTrace/Packages/LangoTraceAI/Sources/LangoTraceAI/TTSProviderAdapter.swift (in target 'LangoTraceAI' from project 'LangoTraceAI')

SwiftCompile normal arm64 /Users/zibuyu/code/zibuyu/LangoTrace/Packages/LangoTraceAI/Sources/LangoTraceAI/TTSProviderAdapter.swift (in target 'LangoTraceAI' from project 'LangoTraceAI')
    cd /Users/zibuyu/code/zibuyu/LangoTrace/LangoTrace.xcodeproj
    

SwiftDriverJobDiscovery normal arm64 Compiling AIProviderCredentialStore.swift, AIProviderHTTPClient.swift (in target 'LangoTraceAI' from project 'LangoTraceAI')

SwiftCompile normal arm64 Compiling\ TTSConfigurationProbeService.swift /Users/zibuyu/code/zibuyu/LangoTrace/Packages/LangoTraceAI/Sources/LangoTraceAI/TTSConfigurationProbeService.swift (in target 'LangoTraceAI' from project 'LangoTraceAI')

SwiftCompile normal arm64 /Users/zibuyu/code/zibuyu/LangoTrace/Packages/LangoTraceAI/Sources/LangoTraceAI/TTSConfigurationProbeService.swift (in target 'LangoTraceAI' from project 'LangoTraceAI')
    cd /Users/zibuyu/code/zibuyu/LangoTrace/LangoTrace.xcodeproj
    

SwiftDriverJobDiscovery normal arm64 Compiling PracticeRecordingService.swift (in target 'LangoTraceSpeech' from project 'LangoTraceSpeech')

SwiftCompile normal arm64 Compiling\ KeychainAIProviderCredentialStore.swift,\ LearningMaterialGenerationService.swift /Users/zibuyu/code/zibuyu/LangoTrace/Packages/LangoTraceAI/Sources/LangoTraceAI/KeychainAIProviderCredentialStore.swift /Users/zibuyu/code/zibuyu/LangoTrace/Packages/LangoTraceAI/Sources/LangoTraceAI/LearningMaterialGenerationService.swift (in target 'LangoTraceAI' from project 'LangoTraceAI')

SwiftCompile normal arm64 /Users/zibuyu/code/zibuyu/LangoTrace/Packages/LangoTraceAI/Sources/LangoTraceAI/KeychainAIProviderCredentialStore.swift (in target 'LangoTraceAI' from project 'LangoTraceAI')
    cd /Users/zibuyu/code/zibuyu/LangoTrace/LangoTrace.xcodeproj
    

SwiftCompile normal arm64 /Users/zibuyu/code/zibuyu/LangoTrace/Packages/LangoTraceAI/Sources/LangoTraceAI/LearningMaterialGenerationService.swift (in target 'LangoTraceAI' from project 'LangoTraceAI')
    cd /Users/zibuyu/code/zibuyu/LangoTrace/LangoTrace.xcodeproj
    

SwiftDriverJobDiscovery normal arm64 Compiling TTSProviderAdapter.swift (in target 'LangoTraceAI' from project 'LangoTraceAI')

SwiftCompile normal arm64 Compiling\ LearningMaterialPromptRegistry.swift,\ ReadingSelectionExplanationService.swift /Users/zibuyu/code/zibuyu/LangoTrace/Packages/LangoTraceAI/Sources/LangoTraceAI/LearningMaterialPromptRegistry.swift /Users/zibuyu/code/zibuyu/LangoTrace/Packages/LangoTraceAI/Sources/LangoTraceAI/ReadingSelectionExplanationService.swift (in target 'LangoTraceAI' from project 'LangoTraceAI')

SwiftCompile normal arm64 /Users/zibuyu/code/zibuyu/LangoTrace/Packages/LangoTraceAI/Sources/LangoTraceAI/LearningMaterialPromptRegistry.swift (in target 'LangoTraceAI' from project 'LangoTraceAI')
    cd /Users/zibuyu/code/zibuyu/LangoTrace/LangoTrace.xcodeproj
    

SwiftCompile normal arm64 /Users/zibuyu/code/zibuyu/LangoTrace/Packages/LangoTraceAI/Sources/LangoTraceAI/ReadingSelectionExplanationService.swift (in target 'LangoTraceAI' from project 'LangoTraceAI')
    cd /Users/zibuyu/code/zibuyu/LangoTrace/LangoTrace.xcodeproj
    

SwiftDriverJobDiscovery normal arm64 Compiling TTSConfigurationProbeService.swift (in target 'LangoTraceAI' from project 'LangoTraceAI')

SwiftCompile normal arm64 Compiling\ SentenceTTSGenerationService.swift,\ TTSAudioResponseValidator.swift /Users/zibuyu/code/zibuyu/LangoTrace/Packages/LangoTraceAI/Sources/LangoTraceAI/SentenceTTSGenerationService.swift /Users/zibuyu/code/zibuyu/LangoTrace/Packages/LangoTraceAI/Sources/LangoTraceAI/TTSAudioResponseValidator.swift (in target 'LangoTraceAI' from project 'LangoTraceAI')

SwiftCompile normal arm64 /Users/zibuyu/code/zibuyu/LangoTrace/Packages/LangoTraceAI/Sources/LangoTraceAI/SentenceTTSGenerationService.swift (in target 'LangoTraceAI' from project 'LangoTraceAI')
    cd /Users/zibuyu/code/zibuyu/LangoTrace/LangoTrace.xcodeproj
    

SwiftCompile normal arm64 /Users/zibuyu/code/zibuyu/LangoTrace/Packages/LangoTraceAI/Sources/LangoTraceAI/TTSAudioResponseValidator.swift (in target 'LangoTraceAI' from project 'LangoTraceAI')
    cd /Users/zibuyu/code/zibuyu/LangoTrace/LangoTrace.xcodeproj
    

SwiftCompile normal arm64 Compiling\ AIProviderConfigurationProbeService.swift,\ AIProviderConfigurationService.swift /Users/zibuyu/code/zibuyu/LangoTrace/Packages/LangoTraceAI/Sources/LangoTraceAI/AIProviderConfigurationProbeService.swift /Users/zibuyu/code/zibuyu/LangoTrace/Packages/LangoTraceAI/Sources/LangoTraceAI/AIProviderConfigurationService.swift (in target 'LangoTraceAI' from project 'LangoTraceAI')

SwiftCompile normal arm64 /Users/zibuyu/code/zibuyu/LangoTrace/Packages/LangoTraceAI/Sources/LangoTraceAI/AIProviderConfigurationProbeService.swift (in target 'LangoTraceAI' from project 'LangoTraceAI')
    cd /Users/zibuyu/code/zibuyu/LangoTrace/LangoTrace.xcodeproj
    

SwiftCompile normal arm64 /Users/zibuyu/code/zibuyu/LangoTrace/Packages/LangoTraceAI/Sources/LangoTraceAI/AIProviderConfigurationService.swift (in target 'LangoTraceAI' from project 'LangoTraceAI')
    cd /Users/zibuyu/code/zibuyu/LangoTrace/LangoTrace.xcodeproj
    

SwiftDriverJobDiscovery normal arm64 Compiling DatabaseSchemaCache.swift, DatabaseSchemaSource.swift, DatabaseSnapshot.swift, DatabaseSnapshotPool.swift, DatabaseValue.swift, DatabaseValueConvertible.swift, DatabaseWriter.swift, DispatchQueueActor.swift, FetchRequest.swift, Row.swift, RowAdapter.swift, RowDecodingError.swift, SQL.swift, SQLInterpolation.swift, SQLRequest.swift, SchedulingWatchdog.swift, SerializedDatabase.swift (in target 'GRDB' from project 'GRDB')

SwiftCompile normal arm64 Compiling\ AIProviderLanguageSupportValidator.swift,\ AIProviderProbeHTTPClient.swift /Users/zibuyu/code/zibuyu/LangoTrace/Packages/LangoTraceAI/Sources/LangoTraceAI/AIProviderLanguageSupportValidator.swift /Users/zibuyu/code/zibuyu/LangoTrace/Packages/LangoTraceAI/Sources/LangoTraceAI/AIProviderProbeHTTPClient.swift (in target 'LangoTraceAI' from project 'LangoTraceAI')

SwiftCompile normal arm64 /Users/zibuyu/code/zibuyu/LangoTrace/Packages/LangoTraceAI/Sources/LangoTraceAI/AIProviderLanguageSupportValidator.swift (in target 'LangoTraceAI' from project 'LangoTraceAI')
    cd /Users/zibuyu/code/zibuyu/LangoTrace/LangoTrace.xcodeproj
    

SwiftCompile normal arm64 /Users/zibuyu/code/zibuyu/LangoTrace/Packages/LangoTraceAI/Sources/LangoTraceAI/AIProviderProbeHTTPClient.swift (in target 'LangoTraceAI' from project 'LangoTraceAI')
    cd /Users/zibuyu/code/zibuyu/LangoTrace/LangoTrace.xcodeproj
    

SwiftDriverJobDiscovery normal arm64 Compiling TTSAudioPlaybackService.swift (in target 'LangoTraceSpeech' from project 'LangoTraceSpeech')

SwiftDriverJobDiscovery normal arm64 Compiling DatabaseValueConvertible+Encodable.swift, DatabaseValueConvertible+RawRepresentable.swift, JSONRequiredEncoder.swift, Optional.swift, StandardLibrary.swift, TransactionClock.swift, TransactionObserver.swift, WALSnapshot.swift, WALSnapshotTransaction.swift, Database+Dump.swift, DatabaseReader+dump.swift, DumpFormat.swift, DebugDumpFormat.swift, JSONDumpFormat.swift, LineDumpFormat.swift, ListDumpFormat.swift, QuoteDumpFormat.swift (in target 'GRDB' from project 'GRDB')

SwiftDriver LangoTraceData normal arm64 com.apple.xcode.tools.swift.compiler (in target 'LangoTraceData' from project 'LangoTraceData')
    cd /Users/zibuyu/code/zibuyu/LangoTrace/LangoTrace.xcodeproj
    builtin-SwiftDriver -- /Applications/Xcode.app/Contents/Developer/Toolchains/XcodeDefault.xctoolchain/usr/bin/swiftc -module-name LangoTraceData -Onone @/Users/zibuyu/Library/Developer/Xcode/DerivedData/LangoTrace-hdfadqhothdwgbahopjjqiwrxhky/Build/Intermediates.noindex/LangoTraceData.build/Debug-iphonesimulator/LangoTraceData.build/Objects-normal/arm64/LangoTraceData.SwiftFileList -DSWIFT_PACKAGE -DDEBUG -DSWIFT_MODULE_RESOURCE_BUNDLE_UNAVAILABLE -Xcc -fmodule-map-file\=/Users/zibuyu/Library/Developer/Xcode/DerivedData/LangoTrace-hdfadqhothdwgbahopjjqiwrxhky/SourcePackages/checkouts/GRDB.swift/Sources/GRDBSQLite/module.modulemap -DXcode -plugin-path /Applications/Xcode.app/Contents/Developer/Toolchains/XcodeDefault.xctoolchain/usr/lib/swift/host/plugins/testing -enable-experimental-feature DebugDescriptionMacro -sdk /Applications/Xcode.app/Contents/Developer/Platforms/iPhoneSimulator.platform/Developer/SDKs/iPhoneSimulator26.5.sdk -target arm64-apple-ios18.0-simulator -g -module-cache-path /Users/zibuyu/Library/Developer/Xcode/DerivedData/ModuleCache.noindex -Xfrontend -serialize-debugging-options -profile-coverage-mapping -profile-generate -enable-testing -index-store-path /Users/zibuyu/Library/Developer/Xcode/DerivedData/LangoTrace-hdfadqhothdwgbahopjjqiwrxhky/Index.noindex/DataStore -Xcc -D_LIBCPP_HARDENING_MODE\=_LIBCPP_HARDENING_MODE_DEBUG -swift-version 6 -I /Users/zibuyu/Library/Developer/Xcode/DerivedData/LangoTrace-hdfadqhothdwgbahopjjqiwrxhky/Build/Products/Debug-iphonesimulator -Isystem /Applications/Xcode.app/Contents/Developer/Platforms/iPhoneSimulator.platform/Developer/usr/lib -F /Users/zibuyu/Library/Developer/Xcode/DerivedData/LangoTrace-hdfadqhothdwgbahopjjqiwrxhky/Build/Products/Debug-iphonesimulator/PackageFrameworks -F /Users/zibuyu/Library/Developer/Xcode/DerivedData/LangoTrace-hdfadqhothdwgbahopjjqiwrxhky/Build/Products/Debug-iphonesimulator/PackageFrameworks -F /Users/zibuyu/Library/Developer/Xcode/DerivedData/LangoTrace-hdfadqhothdwgbahopjjqiwrxhky/Build/Products/Debug-iphonesimulator -F /Applications/Xcode.app/Contents/Developer/Platforms/iPhoneSimulator.platform/Developer/Library/Frameworks -F /Applications/Xcode.app/Contents/Developer/Platforms/iPhoneSimulator.platform/Developer/SDKs/iPhoneSimulator26.5.sdk/Developer/Library/Frameworks -c -j10 -enable-batch-mode -incremental -Xcc -ivfsstatcache -Xcc /Users/zibuyu/Library/Developer/Xcode/DerivedData/SDKStatCaches.noindex/iphonesimulator26.5-23F73-6cfe768891a92b912361537c460fe42b.sdkstatcache -output-file-map /Users/zibuyu/Library/Developer/Xcode/DerivedData/LangoTrace-hdfadqhothdwgbahopjjqiwrxhky/Build/Intermediates.noindex/LangoTraceData.build/Debug-iphonesimulator/LangoTraceData.build/Objects-normal/arm64/LangoTraceData-OutputFileMap.json -use-frontend-parseable-output -save-temps -no-color-diagnostics -explicit-module-build -module-cache-path /Users/zibuyu/Library/Developer/Xcode/DerivedData/LangoTrace-hdfadqhothdwgbahopjjqiwrxhky/Build/Intermediates.noindex/SwiftExplicitPrecompiledModules -clang-scanner-module-cache-path /Users/zibuyu/Library/Developer/Xcode/DerivedData/ModuleCache.noindex -sdk-module-cache-path /Users/zibuyu/Library/Developer/Xcode/DerivedData/ModuleCache.noindex -serialize-diagnostics -emit-dependencies -emit-module -emit-module-path /Users/zibuyu/Library/Developer/Xcode/DerivedData/LangoTrace-hdfadqhothdwgbahopjjqiwrxhky/Build/Intermediates.noindex/LangoTraceData.build/Debug-iphonesimulator/LangoTraceData.build/Objects-normal/arm64/LangoTraceData.swiftmodule -validate-clang-modules-once -clang-build-session-file /Users/zibuyu/Library/Developer/Xcode/DerivedData/ModuleCache.noindex/Session.modulevalidation -package-name langotracedata -Xcc -I/Users/zibuyu/Library/Developer/Xcode/DerivedData/LangoTrace-hdfadqhothdwgbahopjjqiwrxhky/Build/Intermediates.noindex/LangoTraceData.build/Debug-iphonesimulator/LangoTraceData.build/swift-overrides.hmap -emit-const-values -Xfrontend -const-gather-protocols-file -Xfrontend /Users/zibuyu/Library/Developer/Xcode/DerivedData/LangoTrace-hdfadqhothdwgbahopjjqiwrxhky/Build/Intermediates.noindex/LangoTraceData.build/Debug-iphonesimulator/LangoTraceData.build/Objects-normal/arm64/LangoTraceData_const_extract_protocols.json -Xcc -I/Users/zibuyu/Library/Developer/Xcode/DerivedData/LangoTrace-hdfadqhothdwgbahopjjqiwrxhky/Build/Products/Debug-iphonesimulator/include -Xcc -I/Users/zibuyu/Library/Developer/Xcode/DerivedData/LangoTrace-hdfadqhothdwgbahopjjqiwrxhky/Build/Intermediates.noindex/LangoTraceData.build/Debug-iphonesimulator/LangoTraceData.build/DerivedSources-normal/arm64 -Xcc -I/Users/zibuyu/Library/Developer/Xcode/DerivedData/LangoTrace-hdfadqhothdwgbahopjjqiwrxhky/Build/Intermediates.noindex/LangoTraceData.build/Debug-iphonesimulator/LangoTraceData.build/DerivedSources/arm64 -Xcc -I/Users/zibuyu/Library/Developer/Xcode/DerivedData/LangoTrace-hdfadqhothdwgbahopjjqiwrxhky/Build/Intermediates.noindex/LangoTraceData.build/Debug-iphonesimulator/LangoTraceData.build/DerivedSources -Xcc -DSWIFT_PACKAGE -Xcc -DDEBUG\=1 -emit-objc-header -emit-objc-header-path /Users/zibuyu/Library/Developer/Xcode/DerivedData/LangoTrace-hdfadqhothdwgbahopjjqiwrxhky/Build/Intermediates.noindex/LangoTraceData.build/Debug-iphonesimulator/LangoTraceData.build/Objects-normal/arm64/LangoTraceData-Swift.h -working-directory /Users/zibuyu/code/zibuyu/LangoTrace/LangoTrace.xcodeproj -experimental-emit-module-separately -disable-cmo

SwiftDriverJobDiscovery normal arm64 Compiling TTSAudioValidationService.swift (in target 'LangoTraceSpeech' from project 'LangoTraceSpeech')

SwiftDriver\ Compilation LangoTraceSpeech normal arm64 com.apple.xcode.tools.swift.compiler (in target 'LangoTraceSpeech' from project 'LangoTraceSpeech')
    cd /Users/zibuyu/code/zibuyu/LangoTrace/LangoTrace.xcodeproj
    builtin-Swift-Compilation -- /Applications/Xcode.app/Contents/Developer/Toolchains/XcodeDefault.xctoolchain/usr/bin/swiftc -module-name LangoTraceSpeech -Onone @/Users/zibuyu/Library/Developer/Xcode/DerivedData/LangoTrace-hdfadqhothdwgbahopjjqiwrxhky/Build/Intermediates.noindex/LangoTraceSpeech.build/Debug-iphonesimulator/LangoTraceSpeech.build/Objects-normal/arm64/LangoTraceSpeech.SwiftFileList -DSWIFT_PACKAGE -DDEBUG -DSWIFT_MODULE_RESOURCE_BUNDLE_UNAVAILABLE -DXcode -plugin-path /Applications/Xcode.app/Contents/Developer/Toolchains/XcodeDefault.xctoolchain/usr/lib/swift/host/plugins/testing -enable-experimental-feature DebugDescriptionMacro -sdk /Applications/Xcode.app/Contents/Developer/Platforms/iPhoneSimulator.platform/Developer/SDKs/iPhoneSimulator26.5.sdk -target arm64-apple-ios18.0-simulator -g -module-cache-path /Users/zibuyu/Library/Developer/Xcode/DerivedData/ModuleCache.noindex -Xfrontend -serialize-debugging-options -profile-coverage-mapping -profile-generate -enable-testing -index-store-path /Users/zibuyu/Library/Developer/Xcode/DerivedData/LangoTrace-hdfadqhothdwgbahopjjqiwrxhky/Index.noindex/DataStore -Xcc -D_LIBCPP_HARDENING_MODE\=_LIBCPP_HARDENING_MODE_DEBUG -swift-version 6 -I /Users/zibuyu/Library/Developer/Xcode/DerivedData/LangoTrace-hdfadqhothdwgbahopjjqiwrxhky/Build/Products/Debug-iphonesimulator -Isystem /Applications/Xcode.app/Contents/Developer/Platforms/iPhoneSimulator.platform/Developer/usr/lib -F /Users/zibuyu/Library/Developer/Xcode/DerivedData/LangoTrace-hdfadqhothdwgbahopjjqiwrxhky/Build/Products/Debug-iphonesimulator/PackageFrameworks -F /Users/zibuyu/Library/Developer/Xcode/DerivedData/LangoTrace-hdfadqhothdwgbahopjjqiwrxhky/Build/Products/Debug-iphonesimulator -F /Applications/Xcode.app/Contents/Developer/Platforms/iPhoneSimulator.platform/Developer/Library/Frameworks -F /Applications/Xcode.app/Contents/Developer/Platforms/iPhoneSimulator.platform/Developer/SDKs/iPhoneSimulator26.5.sdk/Developer/Library/Frameworks -c -j10 -enable-batch-mode -incremental -Xcc -ivfsstatcache -Xcc /Users/zibuyu/Library/Developer/Xcode/DerivedData/SDKStatCaches.noindex/iphonesimulator26.5-23F73-6cfe768891a92b912361537c460fe42b.sdkstatcache -output-file-map /Users/zibuyu/Library/Developer/Xcode/DerivedData/LangoTrace-hdfadqhothdwgbahopjjqiwrxhky/Build/Intermediates.noindex/LangoTraceSpeech.build/Debug-iphonesimulator/LangoTraceSpeech.build/Objects-normal/arm64/LangoTraceSpeech-OutputFileMap.json -use-frontend-parseable-output -save-temps -no-color-diagnostics -explicit-module-build -module-cache-path /Users/zibuyu/Library/Developer/Xcode/DerivedData/LangoTrace-hdfadqhothdwgbahopjjqiwrxhky/Build/Intermediates.noindex/SwiftExplicitPrecompiledModules -clang-scanner-module-cache-path /Users/zibuyu/Library/Developer/Xcode/DerivedData/ModuleCache.noindex -sdk-module-cache-path /Users/zibuyu/Library/Developer/Xcode/DerivedData/ModuleCache.noindex -serialize-diagnostics -emit-dependencies -emit-module -emit-module-path /Users/zibuyu/Library/Developer/Xcode/DerivedData/LangoTrace-hdfadqhothdwgbahopjjqiwrxhky/Build/Intermediates.noindex/LangoTraceSpeech.build/Debug-iphonesimulator/LangoTraceSpeech.build/Objects-normal/arm64/LangoTraceSpeech.swiftmodule -validate-clang-modules-once -clang-build-session-file /Users/zibuyu/Library/Developer/Xcode/DerivedData/ModuleCache.noindex/Session.modulevalidation -package-name langotracespeech -Xcc -I/Users/zibuyu/Library/Developer/Xcode/DerivedData/LangoTrace-hdfadqhothdwgbahopjjqiwrxhky/Build/Intermediates.noindex/LangoTraceSpeech.build/Debug-iphonesimulator/LangoTraceSpeech.build/swift-overrides.hmap -emit-const-values -Xfrontend -const-gather-protocols-file -Xfrontend /Users/zibuyu/Library/Developer/Xcode/DerivedData/LangoTrace-hdfadqhothdwgbahopjjqiwrxhky/Build/Intermediates.noindex/LangoTraceSpeech.build/Debug-iphonesimulator/LangoTraceSpeech.build/Objects-normal/arm64/LangoTraceSpeech_const_extract_protocols.json -Xcc -I/Users/zibuyu/Library/Developer/Xcode/DerivedData/LangoTrace-hdfadqhothdwgbahopjjqiwrxhky/Build/Products/Debug-iphonesimulator/include -Xcc -I/Users/zibuyu/Library/Developer/Xcode/DerivedData/LangoTrace-hdfadqhothdwgbahopjjqiwrxhky/Build/Intermediates.noindex/LangoTraceSpeech.build/Debug-iphonesimulator/LangoTraceSpeech.build/DerivedSources-normal/arm64 -Xcc -I/Users/zibuyu/Library/Developer/Xcode/DerivedData/LangoTrace-hdfadqhothdwgbahopjjqiwrxhky/Build/Intermediates.noindex/LangoTraceSpeech.build/Debug-iphonesimulator/LangoTraceSpeech.build/DerivedSources/arm64 -Xcc -I/Users/zibuyu/Library/Developer/Xcode/DerivedData/LangoTrace-hdfadqhothdwgbahopjjqiwrxhky/Build/Intermediates.noindex/LangoTraceSpeech.build/Debug-iphonesimulator/LangoTraceSpeech.build/DerivedSources -Xcc -DSWIFT_PACKAGE -Xcc -DDEBUG\=1 -emit-objc-header -emit-objc-header-path /Users/zibuyu/Library/Developer/Xcode/DerivedData/LangoTrace-hdfadqhothdwgbahopjjqiwrxhky/Build/Intermediates.noindex/LangoTraceSpeech.build/Debug-iphonesimulator/LangoTraceSpeech.build/Objects-normal/arm64/LangoTraceSpeech-Swift.h -working-directory /Users/zibuyu/code/zibuyu/LangoTrace/LangoTrace.xcodeproj -experimental-emit-module-separately -disable-cmo

Ld /Users/zibuyu/Library/Developer/Xcode/DerivedData/LangoTrace-hdfadqhothdwgbahopjjqiwrxhky/Build/Products/Debug-iphonesimulator/LangoTraceSpeech.o normal (in target 'LangoTraceSpeech' from project 'LangoTraceSpeech')
    cd /Users/zibuyu/code/zibuyu/LangoTrace/Packages/LangoTraceSpeech
    /Applications/Xcode.app/Contents/Developer/Toolchains/XcodeDefault.xctoolchain/usr/bin/clang -Xlinker -reproducible -target arm64-apple-ios18.0-simulator -r -isysroot /Applications/Xcode.app/Contents/Developer/Platforms/iPhoneSimulator.platform/Developer/SDKs/iPhoneSimulator26.5.sdk -O0 -F/Users/zibuyu/Library/Developer/Xcode/DerivedData/LangoTrace-hdfadqhothdwgbahopjjqiwrxhky/Build/Intermediates.noindex/EagerLinkingTBDs/Debug-iphonesimulator -F/Users/zibuyu/Library/Developer/Xcode/DerivedData/LangoTrace-hdfadqhothdwgbahopjjqiwrxhky/Build/Products/Debug-iphonesimulator/PackageFrameworks -F/Users/zibuyu/Library/Developer/Xcode/DerivedData/LangoTrace-hdfadqhothdwgbahopjjqiwrxhky/Build/Products/Debug-iphonesimulator -iframework /Applications/Xcode.app/Contents/Developer/Platforms/iPhoneSimulator.platform/Developer/Library/Frameworks -iframework /Applications/Xcode.app/Contents/Developer/Platforms/iPhoneSimulator.platform/Developer/SDKs/iPhoneSimulator26.5.sdk/Developer/Library/Frameworks -filelist /Users/zibuyu/Library/Developer/Xcode/DerivedData/LangoTrace-hdfadqhothdwgbahopjjqiwrxhky/Build/Intermediates.noindex/LangoTraceSpeech.build/Debug-iphonesimulator/LangoTraceSpeech.build/Objects-normal/arm64/LangoTraceSpeech.LinkFileList -nostdlib -Xlinker -object_path_lto -Xlinker /Users/zibuyu/Library/Developer/Xcode/DerivedData/LangoTrace-hdfadqhothdwgbahopjjqiwrxhky/Build/Intermediates.noindex/LangoTraceSpeech.build/Debug-iphonesimulator/LangoTraceSpeech.build/Objects-normal/arm64/LangoTraceSpeech_lto.o -Xlinker -no_deduplicate -Xlinker -objc_abi_version -Xlinker 2 -Xlinker -debug_variant -Xlinker -dependency_info -Xlinker /Users/zibuyu/Library/Developer/Xcode/DerivedData/LangoTrace-hdfadqhothdwgbahopjjqiwrxhky/Build/Intermediates.noindex/LangoTraceSpeech.build/Debug-iphonesimulator/LangoTraceSpeech.build/Objects-normal/arm64/LangoTraceSpeech_dependency_info.dat -fobjc-link-runtime -L/Applications/Xcode.app/Contents/Developer/Toolchains/XcodeDefault.xctoolchain/usr/lib/swift/iphonesimulator -L/usr/lib/swift -Xlinker -add_ast_path -Xlinker /Users/zibuyu/Library/Developer/Xcode/DerivedData/LangoTrace-hdfadqhothdwgbahopjjqiwrxhky/Build/Intermediates.noindex/LangoTraceSpeech.build/Debug-iphonesimulator/LangoTraceSpeech.build/Objects-normal/arm64/LangoTraceSpeech.swiftmodule @/Users/zibuyu/Library/Developer/Xcode/DerivedData/LangoTrace-hdfadqhothdwgbahopjjqiwrxhky/Build/Intermediates.noindex/LangoTraceSpeech.build/Debug-iphonesimulator/LangoTraceSpeech.build/Objects-normal/arm64/LangoTraceSpeech-linker-args.resp -o /Users/zibuyu/Library/Developer/Xcode/DerivedData/LangoTrace-hdfadqhothdwgbahopjjqiwrxhky/Build/Products/Debug-iphonesimulator/LangoTraceSpeech.o

ExtractAppIntentsMetadata (in target 'LangoTraceSpeech' from project 'LangoTraceSpeech')
    cd /Users/zibuyu/code/zibuyu/LangoTrace/Packages/LangoTraceSpeech
    /Applications/Xcode.app/Contents/Developer/Toolchains/XcodeDefault.xctoolchain/usr/bin/appintentsmetadataprocessor --toolchain-dir /Applications/Xcode.app/Contents/Developer/Toolchains/XcodeDefault.xctoolchain --module-name LangoTraceSpeech --sdk-root /Applications/Xcode.app/Contents/Developer/Platforms/iPhoneSimulator.platform/Developer/SDKs/iPhoneSimulator26.5.sdk --xcode-version 17F42 --platform-family iOS --deployment-target 18.0 --bundle-identifier langotracespeech.LangoTraceSpeech --output /Users/zibuyu/Library/Developer/Xcode/DerivedData/LangoTrace-hdfadqhothdwgbahopjjqiwrxhky/Build/Products/Debug-iphonesimulator/LangoTraceSpeech.appintents --target-triple arm64-apple-ios18.0-simulator --binary-file /Users/zibuyu/Library/Developer/Xcode/DerivedData/LangoTrace-hdfadqhothdwgbahopjjqiwrxhky/Build/Products/Debug-iphonesimulator/LangoTraceSpeech.o --dependency-file /Users/zibuyu/Library/Developer/Xcode/DerivedData/LangoTrace-hdfadqhothdwgbahopjjqiwrxhky/Build/Intermediates.noindex/LangoTraceSpeech.build/Debug-iphonesimulator/LangoTraceSpeech.build/Objects-normal/arm64/LangoTraceSpeech_dependency_info.dat --stringsdata-file /Users/zibuyu/Library/Developer/Xcode/DerivedData/LangoTrace-hdfadqhothdwgbahopjjqiwrxhky/Build/Intermediates.noindex/LangoTraceSpeech.build/Debug-iphonesimulator/LangoTraceSpeech.build/Objects-normal/arm64/ExtractedAppShortcutsMetadata.stringsdata --source-file-list /Users/zibuyu/Library/Developer/Xcode/DerivedData/LangoTrace-hdfadqhothdwgbahopjjqiwrxhky/Build/Intermediates.noindex/LangoTraceSpeech.build/Debug-iphonesimulator/LangoTraceSpeech.build/Objects-normal/arm64/LangoTraceSpeech.SwiftFileList --metadata-file-list /Users/zibuyu/Library/Developer/Xcode/DerivedData/LangoTrace-hdfadqhothdwgbahopjjqiwrxhky/Build/Intermediates.noindex/LangoTraceSpeech.build/Debug-iphonesimulator/LangoTraceSpeech.build/LangoTraceSpeech.DependencyMetadataFileList --static-metadata-file-list /Users/zibuyu/Library/Developer/Xcode/DerivedData/LangoTrace-hdfadqhothdwgbahopjjqiwrxhky/Build/Intermediates.noindex/LangoTraceSpeech.build/Debug-iphonesimulator/LangoTraceSpeech.build/LangoTraceSpeech.DependencyStaticMetadataFileList --swift-const-vals-list /Users/zibuyu/Library/Developer/Xcode/DerivedData/LangoTrace-hdfadqhothdwgbahopjjqiwrxhky/Build/Intermediates.noindex/LangoTraceSpeech.build/Debug-iphonesimulator/LangoTraceSpeech.build/Objects-normal/arm64/LangoTraceSpeech.SwiftConstValuesFileList --force --compile-time-extraction --deployment-aware-processing --validate-assistant-intents --no-app-shortcuts-localization
2026-06-07 15:24:41.564 appintentsmetadataprocessor[82398:43181659] Starting appintentsmetadataprocessor export
2026-06-07 15:24:41.573 appintentsmetadataprocessor[82398:43181659] Extracted no relevant App Intents symbols, skipping writing output

RegisterExecutionPolicyException /Users/zibuyu/Library/Developer/Xcode/DerivedData/LangoTrace-hdfadqhothdwgbahopjjqiwrxhky/Build/Products/Debug-iphonesimulator/LangoTraceSpeech.o (in target 'LangoTraceSpeech' from project 'LangoTraceSpeech')
    cd /Users/zibuyu/code/zibuyu/LangoTrace/Packages/LangoTraceSpeech
    builtin-RegisterExecutionPolicyException /Users/zibuyu/Library/Developer/Xcode/DerivedData/LangoTrace-hdfadqhothdwgbahopjjqiwrxhky/Build/Products/Debug-iphonesimulator/LangoTraceSpeech.o

SwiftDriverJobDiscovery normal arm64 Compiling SQLExpression.swift, SQLForeignKeyRequest.swift, SQLFunctions.swift, SQLOperators.swift, SQLOrdering.swift, SQLRelation.swift, SQLSelection.swift, SQLSubquery.swift, Table.swift, SQLColumnGenerator.swift, SQLGenerationContext.swift, SQLIndexGenerator.swift, SQLQueryGenerator.swift, SQLTableAlterationGenerator.swift, SQLTableGenerator.swift, TableAlias.swift, SQLInterpolation+QueryInterface.swift (in target 'GRDB' from project 'GRDB')

SwiftDriverJobDiscovery normal arm64 Compiling SentenceTTSGenerationService.swift, TTSAudioResponseValidator.swift (in target 'LangoTraceAI' from project 'LangoTraceAI')

SwiftCompile normal arm64 Compiling\ GRDBMediaArtifactRepository.swift,\ GRDBPracticeRepository.swift,\ GRDBReadingExplanationCacheRepository.swift /Users/zibuyu/code/zibuyu/LangoTrace/Packages/LangoTraceData/Sources/LangoTraceData/GRDBMediaArtifactRepository.swift /Users/zibuyu/code/zibuyu/LangoTrace/Packages/LangoTraceData/Sources/LangoTraceData/GRDBPracticeRepository.swift /Users/zibuyu/code/zibuyu/LangoTrace/Packages/LangoTraceData/Sources/LangoTraceData/GRDBReadingExplanationCacheRepository.swift (in target 'LangoTraceData' from project 'LangoTraceData')

SwiftCompile normal arm64 /Users/zibuyu/code/zibuyu/LangoTrace/Packages/LangoTraceData/Sources/LangoTraceData/GRDBMediaArtifactRepository.swift (in target 'LangoTraceData' from project 'LangoTraceData')
    cd /Users/zibuyu/code/zibuyu/LangoTrace/LangoTrace.xcodeproj
    

SwiftCompile normal arm64 /Users/zibuyu/code/zibuyu/LangoTrace/Packages/LangoTraceData/Sources/LangoTraceData/GRDBPracticeRepository.swift (in target 'LangoTraceData' from project 'LangoTraceData')
    cd /Users/zibuyu/code/zibuyu/LangoTrace/LangoTrace.xcodeproj
    

SwiftCompile normal arm64 /Users/zibuyu/code/zibuyu/LangoTrace/Packages/LangoTraceData/Sources/LangoTraceData/GRDBReadingExplanationCacheRepository.swift (in target 'LangoTraceData' from project 'LangoTraceData')
    cd /Users/zibuyu/code/zibuyu/LangoTrace/LangoTrace.xcodeproj
    

SwiftCompile normal arm64 Compiling\ GRDBReadingLibraryRepository.swift,\ GRDBTTSProviderSettingsRepository.swift,\ InMemoryDiagnosticEventRepository.swift /Users/zibuyu/code/zibuyu/LangoTrace/Packages/LangoTraceData/Sources/LangoTraceData/GRDBReadingLibraryRepository.swift /Users/zibuyu/code/zibuyu/LangoTrace/Packages/LangoTraceData/Sources/LangoTraceData/GRDBTTSProviderSettingsRepository.swift /Users/zibuyu/code/zibuyu/LangoTrace/Packages/LangoTraceData/Sources/LangoTraceData/InMemoryDiagnosticEventRepository.swift (in target 'LangoTraceData' from project 'LangoTraceData')

SwiftCompile normal arm64 /Users/zibuyu/code/zibuyu/LangoTrace/Packages/LangoTraceData/Sources/LangoTraceData/GRDBReadingLibraryRepository.swift (in target 'LangoTraceData' from project 'LangoTraceData')
    cd /Users/zibuyu/code/zibuyu/LangoTrace/LangoTrace.xcodeproj
    

SwiftCompile normal arm64 /Users/zibuyu/code/zibuyu/LangoTrace/Packages/LangoTraceData/Sources/LangoTraceData/GRDBTTSProviderSettingsRepository.swift (in target 'LangoTraceData' from project 'LangoTraceData')
    cd /Users/zibuyu/code/zibuyu/LangoTrace/LangoTrace.xcodeproj
    

SwiftCompile normal arm64 /Users/zibuyu/code/zibuyu/LangoTrace/Packages/LangoTraceData/Sources/LangoTraceData/InMemoryDiagnosticEventRepository.swift (in target 'LangoTraceData' from project 'LangoTraceData')
    cd /Users/zibuyu/code/zibuyu/LangoTrace/LangoTrace.xcodeproj
    

SwiftEmitModule normal arm64 Emitting\ module\ for\ LangoTraceData (in target 'LangoTraceData' from project 'LangoTraceData')

EmitSwiftModule normal arm64 (in target 'LangoTraceData' from project 'LangoTraceData')
    cd /Users/zibuyu/code/zibuyu/LangoTrace/LangoTrace.xcodeproj
    

SwiftCompile normal arm64 Compiling\ DiagnosticRetentionPolicy.swift,\ GRDBAIProviderConfigurationRepository.swift,\ GRDBDiagnosticEventRepository.swift /Users/zibuyu/code/zibuyu/LangoTrace/Packages/LangoTraceData/Sources/LangoTraceData/DiagnosticRetentionPolicy.swift /Users/zibuyu/code/zibuyu/LangoTrace/Packages/LangoTraceData/Sources/LangoTraceData/GRDBAIProviderConfigurationRepository.swift /Users/zibuyu/code/zibuyu/LangoTrace/Packages/LangoTraceData/Sources/LangoTraceData/GRDBDiagnosticEventRepository.swift (in target 'LangoTraceData' from project 'LangoTraceData')

SwiftCompile normal arm64 /Users/zibuyu/code/zibuyu/LangoTrace/Packages/LangoTraceData/Sources/LangoTraceData/DiagnosticRetentionPolicy.swift (in target 'LangoTraceData' from project 'LangoTraceData')
    cd /Users/zibuyu/code/zibuyu/LangoTrace/LangoTrace.xcodeproj
    

SwiftCompile normal arm64 /Users/zibuyu/code/zibuyu/LangoTrace/Packages/LangoTraceData/Sources/LangoTraceData/GRDBAIProviderConfigurationRepository.swift (in target 'LangoTraceData' from project 'LangoTraceData')
    cd /Users/zibuyu/code/zibuyu/LangoTrace/LangoTrace.xcodeproj
    

SwiftCompile normal arm64 /Users/zibuyu/code/zibuyu/LangoTrace/Packages/LangoTraceData/Sources/LangoTraceData/GRDBDiagnosticEventRepository.swift (in target 'LangoTraceData' from project 'LangoTraceData')
    cd /Users/zibuyu/code/zibuyu/LangoTrace/LangoTrace.xcodeproj
    

SwiftCompile normal arm64 Compiling\ LanguageSpaceDatabaseLocation.swift,\ LearningContent.swift /Users/zibuyu/code/zibuyu/LangoTrace/Packages/LangoTraceData/Sources/LangoTraceData/LanguageSpaceDatabaseLocation.swift /Users/zibuyu/code/zibuyu/LangoTrace/Packages/LangoTraceData/Sources/LangoTraceData/LearningContent.swift (in target 'LangoTraceData' from project 'LangoTraceData')

SwiftCompile normal arm64 /Users/zibuyu/code/zibuyu/LangoTrace/Packages/LangoTraceData/Sources/LangoTraceData/LanguageSpaceDatabaseLocation.swift (in target 'LangoTraceData' from project 'LangoTraceData')
    cd /Users/zibuyu/code/zibuyu/LangoTrace/LangoTrace.xcodeproj
    

SwiftCompile normal arm64 /Users/zibuyu/code/zibuyu/LangoTrace/Packages/LangoTraceData/Sources/LangoTraceData/LearningContent.swift (in target 'LangoTraceData' from project 'LangoTraceData')
    cd /Users/zibuyu/code/zibuyu/LangoTrace/LangoTrace.xcodeproj
    

SwiftDriverJobDiscovery normal arm64 Compiling AIProviderLanguageSupportValidator.swift, AIProviderProbeHTTPClient.swift (in target 'LangoTraceAI' from project 'LangoTraceAI')

SwiftCompile normal arm64 Compiling\ LearningContentModels.swift,\ LocalMediaArtifactFileStore.swift /Users/zibuyu/code/zibuyu/LangoTrace/Packages/LangoTraceData/Sources/LangoTraceData/LearningContentModels.swift /Users/zibuyu/code/zibuyu/LangoTrace/Packages/LangoTraceData/Sources/LangoTraceData/LocalMediaArtifactFileStore.swift (in target 'LangoTraceData' from project 'LangoTraceData')

SwiftCompile normal arm64 /Users/zibuyu/code/zibuyu/LangoTrace/Packages/LangoTraceData/Sources/LangoTraceData/LearningContentModels.swift (in target 'LangoTraceData' from project 'LangoTraceData')
    cd /Users/zibuyu/code/zibuyu/LangoTrace/LangoTrace.xcodeproj
    

SwiftCompile normal arm64 /Users/zibuyu/code/zibuyu/LangoTrace/Packages/LangoTraceData/Sources/LangoTraceData/LocalMediaArtifactFileStore.swift (in target 'LangoTraceData' from project 'LangoTraceData')
    cd /Users/zibuyu/code/zibuyu/LangoTrace/LangoTrace.xcodeproj
    

SwiftDriverJobDiscovery normal arm64 Compiling LearningMaterialPromptRegistry.swift, ReadingSelectionExplanationService.swift (in target 'LangoTraceAI' from project 'LangoTraceAI')

SwiftCompile normal arm64 Compiling\ LocalMediaArtifactPlaybackSourceResolver.swift,\ LocalMediaArtifactStore.swift /Users/zibuyu/code/zibuyu/LangoTrace/Packages/LangoTraceData/Sources/LangoTraceData/LocalMediaArtifactPlaybackSourceResolver.swift /Users/zibuyu/code/zibuyu/LangoTrace/Packages/LangoTraceData/Sources/LangoTraceData/LocalMediaArtifactStore.swift (in target 'LangoTraceData' from project 'LangoTraceData')

SwiftCompile normal arm64 /Users/zibuyu/code/zibuyu/LangoTrace/Packages/LangoTraceData/Sources/LangoTraceData/LocalMediaArtifactPlaybackSourceResolver.swift (in target 'LangoTraceData' from project 'LangoTraceData')
    cd /Users/zibuyu/code/zibuyu/LangoTrace/LangoTrace.xcodeproj
    

SwiftCompile normal arm64 /Users/zibuyu/code/zibuyu/LangoTrace/Packages/LangoTraceData/Sources/LangoTraceData/LocalMediaArtifactStore.swift (in target 'LangoTraceData' from project 'LangoTraceData')
    cd /Users/zibuyu/code/zibuyu/LangoTrace/LangoTrace.xcodeproj
    

SwiftDriverJobDiscovery normal arm64 Emitting module for LangoTraceData (in target 'LangoTraceData' from project 'LangoTraceData')

SwiftDriver\ Compilation\ Requirements LangoTraceData normal arm64 com.apple.xcode.tools.swift.compiler (in target 'LangoTraceData' from project 'LangoTraceData')
    cd /Users/zibuyu/code/zibuyu/LangoTrace/LangoTrace.xcodeproj
    builtin-Swift-Compilation-Requirements -- /Applications/Xcode.app/Contents/Developer/Toolchains/XcodeDefault.xctoolchain/usr/bin/swiftc -module-name LangoTraceData -Onone @/Users/zibuyu/Library/Developer/Xcode/DerivedData/LangoTrace-hdfadqhothdwgbahopjjqiwrxhky/Build/Intermediates.noindex/LangoTraceData.build/Debug-iphonesimulator/LangoTraceData.build/Objects-normal/arm64/LangoTraceData.SwiftFileList -DSWIFT_PACKAGE -DDEBUG -DSWIFT_MODULE_RESOURCE_BUNDLE_UNAVAILABLE -Xcc -fmodule-map-file\=/Users/zibuyu/Library/Developer/Xcode/DerivedData/LangoTrace-hdfadqhothdwgbahopjjqiwrxhky/SourcePackages/checkouts/GRDB.swift/Sources/GRDBSQLite/module.modulemap -DXcode -plugin-path /Applications/Xcode.app/Contents/Developer/Toolchains/XcodeDefault.xctoolchain/usr/lib/swift/host/plugins/testing -enable-experimental-feature DebugDescriptionMacro -sdk /Applications/Xcode.app/Contents/Developer/Platforms/iPhoneSimulator.platform/Developer/SDKs/iPhoneSimulator26.5.sdk -target arm64-apple-ios18.0-simulator -g -module-cache-path /Users/zibuyu/Library/Developer/Xcode/DerivedData/ModuleCache.noindex -Xfrontend -serialize-debugging-options -profile-coverage-mapping -profile-generate -enable-testing -index-store-path /Users/zibuyu/Library/Developer/Xcode/DerivedData/LangoTrace-hdfadqhothdwgbahopjjqiwrxhky/Index.noindex/DataStore -Xcc -D_LIBCPP_HARDENING_MODE\=_LIBCPP_HARDENING_MODE_DEBUG -swift-version 6 -I /Users/zibuyu/Library/Developer/Xcode/DerivedData/LangoTrace-hdfadqhothdwgbahopjjqiwrxhky/Build/Products/Debug-iphonesimulator -Isystem /Applications/Xcode.app/Contents/Developer/Platforms/iPhoneSimulator.platform/Developer/usr/lib -F /Users/zibuyu/Library/Developer/Xcode/DerivedData/LangoTrace-hdfadqhothdwgbahopjjqiwrxhky/Build/Products/Debug-iphonesimulator/PackageFrameworks -F /Users/zibuyu/Library/Developer/Xcode/DerivedData/LangoTrace-hdfadqhothdwgbahopjjqiwrxhky/Build/Products/Debug-iphonesimulator/PackageFrameworks -F /Users/zibuyu/Library/Developer/Xcode/DerivedData/LangoTrace-hdfadqhothdwgbahopjjqiwrxhky/Build/Products/Debug-iphonesimulator -F /Applications/Xcode.app/Contents/Developer/Platforms/iPhoneSimulator.platform/Developer/Library/Frameworks -F /Applications/Xcode.app/Contents/Developer/Platforms/iPhoneSimulator.platform/Developer/SDKs/iPhoneSimulator26.5.sdk/Developer/Library/Frameworks -c -j10 -enable-batch-mode -incremental -Xcc -ivfsstatcache -Xcc /Users/zibuyu/Library/Developer/Xcode/DerivedData/SDKStatCaches.noindex/iphonesimulator26.5-23F73-6cfe768891a92b912361537c460fe42b.sdkstatcache -output-file-map /Users/zibuyu/Library/Developer/Xcode/DerivedData/LangoTrace-hdfadqhothdwgbahopjjqiwrxhky/Build/Intermediates.noindex/LangoTraceData.build/Debug-iphonesimulator/LangoTraceData.build/Objects-normal/arm64/LangoTraceData-OutputFileMap.json -use-frontend-parseable-output -save-temps -no-color-diagnostics -explicit-module-build -module-cache-path /Users/zibuyu/Library/Developer/Xcode/DerivedData/LangoTrace-hdfadqhothdwgbahopjjqiwrxhky/Build/Intermediates.noindex/SwiftExplicitPrecompiledModules -clang-scanner-module-cache-path /Users/zibuyu/Library/Developer/Xcode/DerivedData/ModuleCache.noindex -sdk-module-cache-path /Users/zibuyu/Library/Developer/Xcode/DerivedData/ModuleCache.noindex -serialize-diagnostics -emit-dependencies -emit-module -emit-module-path /Users/zibuyu/Library/Developer/Xcode/DerivedData/LangoTrace-hdfadqhothdwgbahopjjqiwrxhky/Build/Intermediates.noindex/LangoTraceData.build/Debug-iphonesimulator/LangoTraceData.build/Objects-normal/arm64/LangoTraceData.swiftmodule -validate-clang-modules-once -clang-build-session-file /Users/zibuyu/Library/Developer/Xcode/DerivedData/ModuleCache.noindex/Session.modulevalidation -package-name langotracedata -Xcc -I/Users/zibuyu/Library/Developer/Xcode/DerivedData/LangoTrace-hdfadqhothdwgbahopjjqiwrxhky/Build/Intermediates.noindex/LangoTraceData.build/Debug-iphonesimulator/LangoTraceData.build/swift-overrides.hmap -emit-const-values -Xfrontend -const-gather-protocols-file -Xfrontend /Users/zibuyu/Library/Developer/Xcode/DerivedData/LangoTrace-hdfadqhothdwgbahopjjqiwrxhky/Build/Intermediates.noindex/LangoTraceData.build/Debug-iphonesimulator/LangoTraceData.build/Objects-normal/arm64/LangoTraceData_const_extract_protocols.json -Xcc -I/Users/zibuyu/Library/Developer/Xcode/DerivedData/LangoTrace-hdfadqhothdwgbahopjjqiwrxhky/Build/Products/Debug-iphonesimulator/include -Xcc -I/Users/zibuyu/Library/Developer/Xcode/DerivedData/LangoTrace-hdfadqhothdwgbahopjjqiwrxhky/Build/Intermediates.noindex/LangoTraceData.build/Debug-iphonesimulator/LangoTraceData.build/DerivedSources-normal/arm64 -Xcc -I/Users/zibuyu/Library/Developer/Xcode/DerivedData/LangoTrace-hdfadqhothdwgbahopjjqiwrxhky/Build/Intermediates.noindex/LangoTraceData.build/Debug-iphonesimulator/LangoTraceData.build/DerivedSources/arm64 -Xcc -I/Users/zibuyu/Library/Developer/Xcode/DerivedData/LangoTrace-hdfadqhothdwgbahopjjqiwrxhky/Build/Intermediates.noindex/LangoTraceData.build/Debug-iphonesimulator/LangoTraceData.build/DerivedSources -Xcc -DSWIFT_PACKAGE -Xcc -DDEBUG\=1 -emit-objc-header -emit-objc-header-path /Users/zibuyu/Library/Developer/Xcode/DerivedData/LangoTrace-hdfadqhothdwgbahopjjqiwrxhky/Build/Intermediates.noindex/LangoTraceData.build/Debug-iphonesimulator/LangoTraceData.build/Objects-normal/arm64/LangoTraceData-Swift.h -working-directory /Users/zibuyu/code/zibuyu/LangoTrace/LangoTrace.xcodeproj -experimental-emit-module-separately -disable-cmo

SwiftDriverJobDiscovery normal arm64 Compiling LanguageSpaceDatabaseLocation.swift, LearningContent.swift (in target 'LangoTraceData' from project 'LangoTraceData')

SwiftCompile normal arm64 Compiling\ AppDatabase.swift,\ AppDatabaseReadingMigration.swift,\ DataBoundary.swift /Users/zibuyu/code/zibuyu/LangoTrace/Packages/LangoTraceData/Sources/LangoTraceData/AppDatabase.swift /Users/zibuyu/code/zibuyu/LangoTrace/Packages/LangoTraceData/Sources/LangoTraceData/AppDatabaseReadingMigration.swift /Users/zibuyu/code/zibuyu/LangoTrace/Packages/LangoTraceData/Sources/LangoTraceData/DataBoundary.swift (in target 'LangoTraceData' from project 'LangoTraceData')

SwiftCompile normal arm64 /Users/zibuyu/code/zibuyu/LangoTrace/Packages/LangoTraceData/Sources/LangoTraceData/AppDatabase.swift (in target 'LangoTraceData' from project 'LangoTraceData')
    cd /Users/zibuyu/code/zibuyu/LangoTrace/LangoTrace.xcodeproj
    

SwiftCompile normal arm64 /Users/zibuyu/code/zibuyu/LangoTrace/Packages/LangoTraceData/Sources/LangoTraceData/AppDatabaseReadingMigration.swift (in target 'LangoTraceData' from project 'LangoTraceData')
    cd /Users/zibuyu/code/zibuyu/LangoTrace/LangoTrace.xcodeproj
    

SwiftCompile normal arm64 /Users/zibuyu/code/zibuyu/LangoTrace/Packages/LangoTraceData/Sources/LangoTraceData/DataBoundary.swift (in target 'LangoTraceData' from project 'LangoTraceData')
    cd /Users/zibuyu/code/zibuyu/LangoTrace/LangoTrace.xcodeproj
    

SwiftMergeGeneratedHeaders /Users/zibuyu/Library/Developer/Xcode/DerivedData/LangoTrace-hdfadqhothdwgbahopjjqiwrxhky/Build/Intermediates.noindex/GeneratedModuleMaps-iphonesimulator/LangoTraceData-Swift.h /Users/zibuyu/Library/Developer/Xcode/DerivedData/LangoTrace-hdfadqhothdwgbahopjjqiwrxhky/Build/Intermediates.noindex/LangoTraceData.build/Debug-iphonesimulator/LangoTraceData.build/Objects-normal/arm64/LangoTraceData-Swift.h (in target 'LangoTraceData' from project 'LangoTraceData')
    cd /Users/zibuyu/code/zibuyu/LangoTrace/Packages/LangoTraceData
    builtin-swiftHeaderTool -arch arm64 /Users/zibuyu/Library/Developer/Xcode/DerivedData/LangoTrace-hdfadqhothdwgbahopjjqiwrxhky/Build/Intermediates.noindex/LangoTraceData.build/Debug-iphonesimulator/LangoTraceData.build/Objects-normal/arm64/LangoTraceData-Swift.h -o /Users/zibuyu/Library/Developer/Xcode/DerivedData/LangoTrace-hdfadqhothdwgbahopjjqiwrxhky/Build/Intermediates.noindex/GeneratedModuleMaps-iphonesimulator/LangoTraceData-Swift.h

SwiftDriverJobDiscovery normal arm64 Compiling KeychainAIProviderCredentialStore.swift, LearningMaterialGenerationService.swift (in target 'LangoTraceAI' from project 'LangoTraceAI')

Copy /Users/zibuyu/Library/Developer/Xcode/DerivedData/LangoTrace-hdfadqhothdwgbahopjjqiwrxhky/Build/Products/Debug-iphonesimulator/LangoTraceData.swiftmodule/arm64-apple-ios-simulator.swiftmodule /Users/zibuyu/Library/Developer/Xcode/DerivedData/LangoTrace-hdfadqhothdwgbahopjjqiwrxhky/Build/Intermediates.noindex/LangoTraceData.build/Debug-iphonesimulator/LangoTraceData.build/Objects-normal/arm64/LangoTraceData.swiftmodule (in target 'LangoTraceData' from project 'LangoTraceData')
    cd /Users/zibuyu/code/zibuyu/LangoTrace/Packages/LangoTraceData
    builtin-copy -exclude .DS_Store -exclude CVS -exclude .svn -exclude .git -exclude .hg -resolve-src-symlinks -rename /Users/zibuyu/Library/Developer/Xcode/DerivedData/LangoTrace-hdfadqhothdwgbahopjjqiwrxhky/Build/Intermediates.noindex/LangoTraceData.build/Debug-iphonesimulator/LangoTraceData.build/Objects-normal/arm64/LangoTraceData.swiftmodule /Users/zibuyu/Library/Developer/Xcode/DerivedData/LangoTrace-hdfadqhothdwgbahopjjqiwrxhky/Build/Products/Debug-iphonesimulator/LangoTraceData.swiftmodule/arm64-apple-ios-simulator.swiftmodule

Copy /Users/zibuyu/Library/Developer/Xcode/DerivedData/LangoTrace-hdfadqhothdwgbahopjjqiwrxhky/Build/Products/Debug-iphonesimulator/LangoTraceData.swiftmodule/arm64-apple-ios-simulator.swiftdoc /Users/zibuyu/Library/Developer/Xcode/DerivedData/LangoTrace-hdfadqhothdwgbahopjjqiwrxhky/Build/Intermediates.noindex/LangoTraceData.build/Debug-iphonesimulator/LangoTraceData.build/Objects-normal/arm64/LangoTraceData.swiftdoc (in target 'LangoTraceData' from project 'LangoTraceData')
    cd /Users/zibuyu/code/zibuyu/LangoTrace/Packages/LangoTraceData
    builtin-copy -exclude .DS_Store -exclude CVS -exclude .svn -exclude .git -exclude .hg -resolve-src-symlinks -rename /Users/zibuyu/Library/Developer/Xcode/DerivedData/LangoTrace-hdfadqhothdwgbahopjjqiwrxhky/Build/Intermediates.noindex/LangoTraceData.build/Debug-iphonesimulator/LangoTraceData.build/Objects-normal/arm64/LangoTraceData.swiftdoc /Users/zibuyu/Library/Developer/Xcode/DerivedData/LangoTrace-hdfadqhothdwgbahopjjqiwrxhky/Build/Products/Debug-iphonesimulator/LangoTraceData.swiftmodule/arm64-apple-ios-simulator.swiftdoc

Copy /Users/zibuyu/Library/Developer/Xcode/DerivedData/LangoTrace-hdfadqhothdwgbahopjjqiwrxhky/Build/Products/Debug-iphonesimulator/LangoTraceData.swiftmodule/arm64-apple-ios-simulator.abi.json /Users/zibuyu/Library/Developer/Xcode/DerivedData/LangoTrace-hdfadqhothdwgbahopjjqiwrxhky/Build/Intermediates.noindex/LangoTraceData.build/Debug-iphonesimulator/LangoTraceData.build/Objects-normal/arm64/LangoTraceData.abi.json (in target 'LangoTraceData' from project 'LangoTraceData')
    cd /Users/zibuyu/code/zibuyu/LangoTrace/Packages/LangoTraceData
    builtin-copy -exclude .DS_Store -exclude CVS -exclude .svn -exclude .git -exclude .hg -resolve-src-symlinks -rename /Users/zibuyu/Library/Developer/Xcode/DerivedData/LangoTrace-hdfadqhothdwgbahopjjqiwrxhky/Build/Intermediates.noindex/LangoTraceData.build/Debug-iphonesimulator/LangoTraceData.build/Objects-normal/arm64/LangoTraceData.abi.json /Users/zibuyu/Library/Developer/Xcode/DerivedData/LangoTrace-hdfadqhothdwgbahopjjqiwrxhky/Build/Products/Debug-iphonesimulator/LangoTraceData.swiftmodule/arm64-apple-ios-simulator.abi.json

Copy /Users/zibuyu/Library/Developer/Xcode/DerivedData/LangoTrace-hdfadqhothdwgbahopjjqiwrxhky/Build/Products/Debug-iphonesimulator/LangoTraceData.swiftmodule/Project/arm64-apple-ios-simulator.swiftsourceinfo /Users/zibuyu/Library/Developer/Xcode/DerivedData/LangoTrace-hdfadqhothdwgbahopjjqiwrxhky/Build/Intermediates.noindex/LangoTraceData.build/Debug-iphonesimulator/LangoTraceData.build/Objects-normal/arm64/LangoTraceData.swiftsourceinfo (in target 'LangoTraceData' from project 'LangoTraceData')
    cd /Users/zibuyu/code/zibuyu/LangoTrace/Packages/LangoTraceData
    builtin-copy -exclude .DS_Store -exclude CVS -exclude .svn -exclude .git -exclude .hg -resolve-src-symlinks -rename /Users/zibuyu/Library/Developer/Xcode/DerivedData/LangoTrace-hdfadqhothdwgbahopjjqiwrxhky/Build/Intermediates.noindex/LangoTraceData.build/Debug-iphonesimulator/LangoTraceData.build/Objects-normal/arm64/LangoTraceData.swiftsourceinfo /Users/zibuyu/Library/Developer/Xcode/DerivedData/LangoTrace-hdfadqhothdwgbahopjjqiwrxhky/Build/Products/Debug-iphonesimulator/LangoTraceData.swiftmodule/Project/arm64-apple-ios-simulator.swiftsourceinfo

SwiftCompile normal arm64 Compiling\ PracticeRepository.swift,\ PracticeSessionState.swift /Users/zibuyu/code/zibuyu/LangoTrace/Packages/LangoTraceData/Sources/LangoTraceData/PracticeRepository.swift /Users/zibuyu/code/zibuyu/LangoTrace/Packages/LangoTraceData/Sources/LangoTraceData/PracticeSessionState.swift (in target 'LangoTraceData' from project 'LangoTraceData')

SwiftCompile normal arm64 /Users/zibuyu/code/zibuyu/LangoTrace/Packages/LangoTraceData/Sources/LangoTraceData/PracticeRepository.swift (in target 'LangoTraceData' from project 'LangoTraceData')
    cd /Users/zibuyu/code/zibuyu/LangoTrace/LangoTrace.xcodeproj
    

SwiftCompile normal arm64 /Users/zibuyu/code/zibuyu/LangoTrace/Packages/LangoTraceData/Sources/LangoTraceData/PracticeSessionState.swift (in target 'LangoTraceData' from project 'LangoTraceData')
    cd /Users/zibuyu/code/zibuyu/LangoTrace/LangoTrace.xcodeproj
    

SwiftDriverJobDiscovery normal arm64 Compiling FTS3.swift, FTS3Pattern.swift, FTS3TokenizerDescriptor.swift, FTS4.swift, FTS5.swift, FTS5CustomTokenizer.swift, FTS5Pattern.swift, FTS5Tokenizer.swift, FTS5TokenizerDescriptor.swift, FTS5WrapperTokenizer.swift, Fixits.swift, JSONColumn.swift, SQLJSONExpressible.swift, SQLJSONFunctions.swift, DatabaseMigrator.swift, Migration.swift, FTS3+QueryInterface.swift (in target 'GRDB' from project 'GRDB')

SwiftCompile normal arm64 Compiling\ GRDBLanguageSpaceRepository.swift,\ GRDBLearningContentRepository.swift,\ GRDBLearningContentRepositoryBridge.swift /Users/zibuyu/code/zibuyu/LangoTrace/Packages/LangoTraceData/Sources/LangoTraceData/GRDBLanguageSpaceRepository.swift /Users/zibuyu/code/zibuyu/LangoTrace/Packages/LangoTraceData/Sources/LangoTraceData/GRDBLearningContentRepository.swift /Users/zibuyu/code/zibuyu/LangoTrace/Packages/LangoTraceData/Sources/LangoTraceData/GRDBLearningContentRepositoryBridge.swift (in target 'LangoTraceData' from project 'LangoTraceData')

SwiftCompile normal arm64 /Users/zibuyu/code/zibuyu/LangoTrace/Packages/LangoTraceData/Sources/LangoTraceData/GRDBLanguageSpaceRepository.swift (in target 'LangoTraceData' from project 'LangoTraceData')
    cd /Users/zibuyu/code/zibuyu/LangoTrace/LangoTrace.xcodeproj
    

SwiftCompile normal arm64 /Users/zibuyu/code/zibuyu/LangoTrace/Packages/LangoTraceData/Sources/LangoTraceData/GRDBLearningContentRepository.swift (in target 'LangoTraceData' from project 'LangoTraceData')
    cd /Users/zibuyu/code/zibuyu/LangoTrace/LangoTrace.xcodeproj
    

SwiftCompile normal arm64 /Users/zibuyu/code/zibuyu/LangoTrace/Packages/LangoTraceData/Sources/LangoTraceData/GRDBLearningContentRepositoryBridge.swift (in target 'LangoTraceData' from project 'LangoTraceData')
    cd /Users/zibuyu/code/zibuyu/LangoTrace/LangoTrace.xcodeproj
    

SwiftCompile normal arm64 Compiling\ SeedLearningContent.swift,\ SettingsCapability.swift /Users/zibuyu/code/zibuyu/LangoTrace/Packages/LangoTraceData/Sources/LangoTraceData/SeedLearningContent.swift /Users/zibuyu/code/zibuyu/LangoTrace/Packages/LangoTraceData/Sources/LangoTraceData/SettingsCapability.swift (in target 'LangoTraceData' from project 'LangoTraceData')

SwiftCompile normal arm64 /Users/zibuyu/code/zibuyu/LangoTrace/Packages/LangoTraceData/Sources/LangoTraceData/SeedLearningContent.swift (in target 'LangoTraceData' from project 'LangoTraceData')
    cd /Users/zibuyu/code/zibuyu/LangoTrace/LangoTrace.xcodeproj
    

SwiftCompile normal arm64 /Users/zibuyu/code/zibuyu/LangoTrace/Packages/LangoTraceData/Sources/LangoTraceData/SettingsCapability.swift (in target 'LangoTraceData' from project 'LangoTraceData')
    cd /Users/zibuyu/code/zibuyu/LangoTrace/LangoTrace.xcodeproj
    

SwiftDriverJobDiscovery normal arm64 Compiling DiagnosticRetentionPolicy.swift, GRDBAIProviderConfigurationRepository.swift, GRDBDiagnosticEventRepository.swift (in target 'LangoTraceData' from project 'LangoTraceData')

SwiftDriverJobDiscovery normal arm64 Compiling PracticeRepository.swift, PracticeSessionState.swift (in target 'LangoTraceData' from project 'LangoTraceData')

SwiftDriver LangoTraceUI normal arm64 com.apple.xcode.tools.swift.compiler (in target 'LangoTraceUI' from project 'LangoTraceUI')
    cd /Users/zibuyu/code/zibuyu/LangoTrace/LangoTrace.xcodeproj
    builtin-SwiftDriver -- /Applications/Xcode.app/Contents/Developer/Toolchains/XcodeDefault.xctoolchain/usr/bin/swiftc -module-name LangoTraceUI -Onone @/Users/zibuyu/Library/Developer/Xcode/DerivedData/LangoTrace-hdfadqhothdwgbahopjjqiwrxhky/Build/Intermediates.noindex/LangoTraceUI.build/Debug-iphonesimulator/LangoTraceUI.build/Objects-normal/arm64/LangoTraceUI.SwiftFileList -DSWIFT_PACKAGE -DDEBUG -DSWIFT_MODULE_RESOURCE_BUNDLE_AVAILABLE -Xcc -fmodule-map-file\=/Users/zibuyu/Library/Developer/Xcode/DerivedData/LangoTrace-hdfadqhothdwgbahopjjqiwrxhky/SourcePackages/checkouts/GRDB.swift/Sources/GRDBSQLite/module.modulemap -DXcode -plugin-path /Applications/Xcode.app/Contents/Developer/Toolchains/XcodeDefault.xctoolchain/usr/lib/swift/host/plugins/testing -enable-experimental-feature DebugDescriptionMacro -sdk /Applications/Xcode.app/Contents/Developer/Platforms/iPhoneSimulator.platform/Developer/SDKs/iPhoneSimulator26.5.sdk -target arm64-apple-ios18.0-simulator -g -module-cache-path /Users/zibuyu/Library/Developer/Xcode/DerivedData/ModuleCache.noindex -Xfrontend -serialize-debugging-options -profile-coverage-mapping -profile-generate -enable-testing -index-store-path /Users/zibuyu/Library/Developer/Xcode/DerivedData/LangoTrace-hdfadqhothdwgbahopjjqiwrxhky/Index.noindex/DataStore -Xcc -D_LIBCPP_HARDENING_MODE\=_LIBCPP_HARDENING_MODE_DEBUG -swift-version 6 -I /Users/zibuyu/Library/Developer/Xcode/DerivedData/LangoTrace-hdfadqhothdwgbahopjjqiwrxhky/Build/Products/Debug-iphonesimulator -Isystem /Applications/Xcode.app/Contents/Developer/Platforms/iPhoneSimulator.platform/Developer/usr/lib -F /Users/zibuyu/Library/Developer/Xcode/DerivedData/LangoTrace-hdfadqhothdwgbahopjjqiwrxhky/Build/Products/Debug-iphonesimulator/PackageFrameworks -F /Users/zibuyu/Library/Developer/Xcode/DerivedData/LangoTrace-hdfadqhothdwgbahopjjqiwrxhky/Build/Products/Debug-iphonesimulator/PackageFrameworks -F /Users/zibuyu/Library/Developer/Xcode/DerivedData/LangoTrace-hdfadqhothdwgbahopjjqiwrxhky/Build/Products/Debug-iphonesimulator/PackageFrameworks -F /Users/zibuyu/Library/Developer/Xcode/DerivedData/LangoTrace-hdfadqhothdwgbahopjjqiwrxhky/Build/Products/Debug-iphonesimulator -F /Applications/Xcode.app/Contents/Developer/Platforms/iPhoneSimulator.platform/Developer/Library/Frameworks -F /Applications/Xcode.app/Contents/Developer/Platforms/iPhoneSimulator.platform/Developer/SDKs/iPhoneSimulator26.5.sdk/Developer/Library/Frameworks -c -j10 -enable-batch-mode -incremental -Xcc -ivfsstatcache -Xcc /Users/zibuyu/Library/Developer/Xcode/DerivedData/SDKStatCaches.noindex/iphonesimulator26.5-23F73-6cfe768891a92b912361537c460fe42b.sdkstatcache -output-file-map /Users/zibuyu/Library/Developer/Xcode/DerivedData/LangoTrace-hdfadqhothdwgbahopjjqiwrxhky/Build/Intermediates.noindex/LangoTraceUI.build/Debug-iphonesimulator/LangoTraceUI.build/Objects-normal/arm64/LangoTraceUI-OutputFileMap.json -use-frontend-parseable-output -save-temps -no-color-diagnostics -explicit-module-build -module-cache-path /Users/zibuyu/Library/Developer/Xcode/DerivedData/LangoTrace-hdfadqhothdwgbahopjjqiwrxhky/Build/Intermediates.noindex/SwiftExplicitPrecompiledModules -clang-scanner-module-cache-path /Users/zibuyu/Library/Developer/Xcode/DerivedData/ModuleCache.noindex -sdk-module-cache-path /Users/zibuyu/Library/Developer/Xcode/DerivedData/ModuleCache.noindex -serialize-diagnostics -emit-dependencies -emit-module -emit-module-path /Users/zibuyu/Library/Developer/Xcode/DerivedData/LangoTrace-hdfadqhothdwgbahopjjqiwrxhky/Build/Intermediates.noindex/LangoTraceUI.build/Debug-iphonesimulator/LangoTraceUI.build/Objects-normal/arm64/LangoTraceUI.swiftmodule -validate-clang-modules-once -clang-build-session-file /Users/zibuyu/Library/Developer/Xcode/DerivedData/ModuleCache.noindex/Session.modulevalidation -package-name langotraceui -Xcc -I/Users/zibuyu/Library/Developer/Xcode/DerivedData/LangoTrace-hdfadqhothdwgbahopjjqiwrxhky/Build/Intermediates.noindex/LangoTraceUI.build/Debug-iphonesimulator/LangoTraceUI.build/swift-overrides.hmap -emit-const-values -Xfrontend -const-gather-protocols-file -Xfrontend /Users/zibuyu/Library/Developer/Xcode/DerivedData/LangoTrace-hdfadqhothdwgbahopjjqiwrxhky/Build/Intermediates.noindex/LangoTraceUI.build/Debug-iphonesimulator/LangoTraceUI.build/Objects-normal/arm64/LangoTraceUI_const_extract_protocols.json -Xcc -I/Users/zibuyu/Library/Developer/Xcode/DerivedData/LangoTrace-hdfadqhothdwgbahopjjqiwrxhky/Build/Products/Debug-iphonesimulator/include -Xcc -I/Users/zibuyu/Library/Developer/Xcode/DerivedData/LangoTrace-hdfadqhothdwgbahopjjqiwrxhky/Build/Intermediates.noindex/LangoTraceUI.build/Debug-iphonesimulator/LangoTraceUI.build/DerivedSources-normal/arm64 -Xcc -I/Users/zibuyu/Library/Developer/Xcode/DerivedData/LangoTrace-hdfadqhothdwgbahopjjqiwrxhky/Build/Intermediates.noindex/LangoTraceUI.build/Debug-iphonesimulator/LangoTraceUI.build/DerivedSources/arm64 -Xcc -I/Users/zibuyu/Library/Developer/Xcode/DerivedData/LangoTrace-hdfadqhothdwgbahopjjqiwrxhky/Build/Intermediates.noindex/LangoTraceUI.build/Debug-iphonesimulator/LangoTraceUI.build/DerivedSources -Xcc -DSWIFT_PACKAGE -Xcc -DDEBUG\=1 -emit-objc-header -emit-objc-header-path /Users/zibuyu/Library/Developer/Xcode/DerivedData/LangoTrace-hdfadqhothdwgbahopjjqiwrxhky/Build/Intermediates.noindex/LangoTraceUI.build/Debug-iphonesimulator/LangoTraceUI.build/Objects-normal/arm64/LangoTraceUI-Swift.h -working-directory /Users/zibuyu/code/zibuyu/LangoTrace/LangoTrace.xcodeproj -experimental-emit-module-separately -disable-cmo

SwiftDriverJobDiscovery normal arm64 Compiling LearningContentModels.swift, LocalMediaArtifactFileStore.swift (in target 'LangoTraceData' from project 'LangoTraceData')

SwiftDriverJobDiscovery normal arm64 Compiling LocalMediaArtifactPlaybackSourceResolver.swift, LocalMediaArtifactStore.swift (in target 'LangoTraceData' from project 'LangoTraceData')

SwiftDriverJobDiscovery normal arm64 Compiling GRDBReadingLibraryRepository.swift, GRDBTTSProviderSettingsRepository.swift, InMemoryDiagnosticEventRepository.swift (in target 'LangoTraceData' from project 'LangoTraceData')

SwiftDriverJobDiscovery normal arm64 Compiling SeedLearningContent.swift, SettingsCapability.swift (in target 'LangoTraceData' from project 'LangoTraceData')

SwiftDriverJobDiscovery normal arm64 Compiling AppDatabase.swift, AppDatabaseReadingMigration.swift, DataBoundary.swift (in target 'LangoTraceData' from project 'LangoTraceData')

SwiftDriverJobDiscovery normal arm64 Compiling GRDBMediaArtifactRepository.swift, GRDBPracticeRepository.swift, GRDBReadingExplanationCacheRepository.swift (in target 'LangoTraceData' from project 'LangoTraceData')

SwiftCompile normal arm64 Compiling\ LangoTraceSettingsSceneView.swift,\ LanguageSpaceEditorView.swift,\ LanguageSpaceFooter.swift,\ LanguageSpaceManagementView.swift,\ LanguageSpaceSwitcherSheet.swift,\ LearningContentComponents.swift,\ LearningContentStore.swift,\ LearningMaterialGenerationActions.swift /Users/zibuyu/code/zibuyu/LangoTrace/Packages/LangoTraceUI/Sources/LangoTraceUI/LangoTraceSettingsSceneView.swift /Users/zibuyu/code/zibuyu/LangoTrace/Packages/LangoTraceUI/Sources/LangoTraceUI/LanguageSpaceEditorView.swift /Users/zibuyu/code/zibuyu/LangoTrace/Packages/LangoTraceUI/Sources/LangoTraceUI/LanguageSpaceFooter.swift /Users/zibuyu/code/zibuyu/LangoTrace/Packages/LangoTraceUI/Sources/LangoTraceUI/LanguageSpaceManagementView.swift /Users/zibuyu/code/zibuyu/LangoTrace/Packages/LangoTraceUI/Sources/LangoTraceUI/LanguageSpaceSwitcherSheet.swift /Users/zibuyu/code/zibuyu/LangoTrace/Packages/LangoTraceUI/Sources/LangoTraceUI/LearningContentComponents.swift /Users/zibuyu/code/zibuyu/LangoTrace/Packages/LangoTraceUI/Sources/LangoTraceUI/LearningContentStore.swift /Users/zibuyu/code/zibuyu/LangoTrace/Packages/LangoTraceUI/Sources/LangoTraceUI/LearningMaterialGenerationActions.swift (in target 'LangoTraceUI' from project 'LangoTraceUI')
SwiftCompile normal arm64 /Users/zibuyu/code/zibuyu/LangoTrace/Packages/LangoTraceUI/Sources/LangoTraceUI/LangoTraceSettingsSceneView.swift (in target 'LangoTraceUI' from project 'LangoTraceUI')
    cd /Users/zibuyu/code/zibuyu/LangoTrace/LangoTrace.xcodeproj
    

SwiftCompile normal arm64 /Users/zibuyu/code/zibuyu/LangoTrace/Packages/LangoTraceUI/Sources/LangoTraceUI/LanguageSpaceEditorView.swift (in target 'LangoTraceUI' from project 'LangoTraceUI')
    cd /Users/zibuyu/code/zibuyu/LangoTrace/LangoTrace.xcodeproj
    

SwiftCompile normal arm64 /Users/zibuyu/code/zibuyu/LangoTrace/Packages/LangoTraceUI/Sources/LangoTraceUI/LanguageSpaceFooter.swift (in target 'LangoTraceUI' from project 'LangoTraceUI')
    cd /Users/zibuyu/code/zibuyu/LangoTrace/LangoTrace.xcodeproj
    

SwiftCompile normal arm64 /Users/zibuyu/code/zibuyu/LangoTrace/Packages/LangoTraceUI/Sources/LangoTraceUI/LanguageSpaceManagementView.swift (in target 'LangoTraceUI' from project 'LangoTraceUI')
    cd /Users/zibuyu/code/zibuyu/LangoTrace/LangoTrace.xcodeproj
    

SwiftCompile normal arm64 /Users/zibuyu/code/zibuyu/LangoTrace/Packages/LangoTraceUI/Sources/LangoTraceUI/LanguageSpaceSwitcherSheet.swift (in target 'LangoTraceUI' from project 'LangoTraceUI')
    cd /Users/zibuyu/code/zibuyu/LangoTrace/LangoTrace.xcodeproj
    

SwiftCompile normal arm64 /Users/zibuyu/code/zibuyu/LangoTrace/Packages/LangoTraceUI/Sources/LangoTraceUI/LearningContentComponents.swift (in target 'LangoTraceUI' from project 'LangoTraceUI')
    cd /Users/zibuyu/code/zibuyu/LangoTrace/LangoTrace.xcodeproj
    

SwiftCompile normal arm64 /Users/zibuyu/code/zibuyu/LangoTrace/Packages/LangoTraceUI/Sources/LangoTraceUI/LearningContentStore.swift (in target 'LangoTraceUI' from project 'LangoTraceUI')
    cd /Users/zibuyu/code/zibuyu/LangoTrace/LangoTrace.xcodeproj
    

SwiftCompile normal arm64 /Users/zibuyu/code/zibuyu/LangoTrace/Packages/LangoTraceUI/Sources/LangoTraceUI/LearningMaterialGenerationActions.swift (in target 'LangoTraceUI' from project 'LangoTraceUI')
    cd /Users/zibuyu/code/zibuyu/LangoTrace/LangoTrace.xcodeproj
    

SwiftCompile normal arm64 Compiling\ CapabilityStatusBadge.swift,\ ContentUtilityComponents.swift,\ EntryDetailHeader.swift,\ InterfaceLocalization.swift,\ LangoPanelToggleButton.swift,\ LangoTraceAppCommand.swift,\ LangoTraceDesign.swift,\ LangoTraceRootView.swift /Users/zibuyu/code/zibuyu/LangoTrace/Packages/LangoTraceUI/Sources/LangoTraceUI/CapabilityStatusBadge.swift /Users/zibuyu/code/zibuyu/LangoTrace/Packages/LangoTraceUI/Sources/LangoTraceUI/ContentUtilityComponents.swift /Users/zibuyu/code/zibuyu/LangoTrace/Packages/LangoTraceUI/Sources/LangoTraceUI/EntryDetailHeader.swift /Users/zibuyu/code/zibuyu/LangoTrace/Packages/LangoTraceUI/Sources/LangoTraceUI/InterfaceLocalization.swift /Users/zibuyu/code/zibuyu/LangoTrace/Packages/LangoTraceUI/Sources/LangoTraceUI/LangoPanelToggleButton.swift /Users/zibuyu/code/zibuyu/LangoTrace/Packages/LangoTraceUI/Sources/LangoTraceUI/LangoTraceAppCommand.swift /Users/zibuyu/code/zibuyu/LangoTrace/Packages/LangoTraceUI/Sources/LangoTraceUI/LangoTraceDesign.swift /Users/zibuyu/code/zibuyu/LangoTrace/Packages/LangoTraceUI/Sources/LangoTraceUI/LangoTraceRootView.swift (in target 'LangoTraceUI' from project 'LangoTraceUI')

SwiftCompile normal arm64 /Users/zibuyu/code/zibuyu/LangoTrace/Packages/LangoTraceUI/Sources/LangoTraceUI/CapabilityStatusBadge.swift (in target 'LangoTraceUI' from project 'LangoTraceUI')
    cd /Users/zibuyu/code/zibuyu/LangoTrace/LangoTrace.xcodeproj
    

SwiftCompile normal arm64 /Users/zibuyu/code/zibuyu/LangoTrace/Packages/LangoTraceUI/Sources/LangoTraceUI/ContentUtilityComponents.swift (in target 'LangoTraceUI' from project 'LangoTraceUI')
    cd /Users/zibuyu/code/zibuyu/LangoTrace/LangoTrace.xcodeproj
    

SwiftCompile normal arm64 /Users/zibuyu/code/zibuyu/LangoTrace/Packages/LangoTraceUI/Sources/LangoTraceUI/EntryDetailHeader.swift (in target 'LangoTraceUI' from project 'LangoTraceUI')
    cd /Users/zibuyu/code/zibuyu/LangoTrace/LangoTrace.xcodeproj
    

SwiftCompile normal arm64 /Users/zibuyu/code/zibuyu/LangoTrace/Packages/LangoTraceUI/Sources/LangoTraceUI/InterfaceLocalization.swift (in target 'LangoTraceUI' from project 'LangoTraceUI')
    cd /Users/zibuyu/code/zibuyu/LangoTrace/LangoTrace.xcodeproj
    

SwiftCompile normal arm64 /Users/zibuyu/code/zibuyu/LangoTrace/Packages/LangoTraceUI/Sources/LangoTraceUI/LangoPanelToggleButton.swift (in target 'LangoTraceUI' from project 'LangoTraceUI')
    cd /Users/zibuyu/code/zibuyu/LangoTrace/LangoTrace.xcodeproj
    

SwiftCompile normal arm64 /Users/zibuyu/code/zibuyu/LangoTrace/Packages/LangoTraceUI/Sources/LangoTraceUI/LangoTraceAppCommand.swift (in target 'LangoTraceUI' from project 'LangoTraceUI')
    cd /Users/zibuyu/code/zibuyu/LangoTrace/LangoTrace.xcodeproj
    

SwiftCompile normal arm64 /Users/zibuyu/code/zibuyu/LangoTrace/Packages/LangoTraceUI/Sources/LangoTraceUI/LangoTraceDesign.swift (in target 'LangoTraceUI' from project 'LangoTraceUI')
    cd /Users/zibuyu/code/zibuyu/LangoTrace/LangoTrace.xcodeproj
    

SwiftCompile normal arm64 /Users/zibuyu/code/zibuyu/LangoTrace/Packages/LangoTraceUI/Sources/LangoTraceUI/LangoTraceRootView.swift (in target 'LangoTraceUI' from project 'LangoTraceUI')
    cd /Users/zibuyu/code/zibuyu/LangoTrace/LangoTrace.xcodeproj
    

SwiftCompile normal arm64 Compiling\ resource_bundle_accessor.swift,\ AIProviderAPIKeyField.swift,\ AIProviderCredentialRevealState.swift,\ AIProviderDraftConfiguration.swift,\ AIProviderSettingsActions.swift,\ AIProviderSettingsComponents.swift,\ AIProviderSettingsModels.swift,\ AIProviderSettingsView.swift /Users/zibuyu/Library/Developer/Xcode/DerivedData/LangoTrace-hdfadqhothdwgbahopjjqiwrxhky/Build/Intermediates.noindex/LangoTraceUI.build/Debug-iphonesimulator/LangoTraceUI.build/DerivedSources/resource_bundle_accessor.swift /Users/zibuyu/code/zibuyu/LangoTrace/Packages/LangoTraceUI/Sources/LangoTraceUI/AIProviderAPIKeyField.swift /Users/zibuyu/code/zibuyu/LangoTrace/Packages/LangoTraceUI/Sources/LangoTraceUI/AIProviderCredentialRevealState.swift /Users/zibuyu/code/zibuyu/LangoTrace/Packages/LangoTraceUI/Sources/LangoTraceUI/AIProviderDraftConfiguration.swift /Users/zibuyu/code/zibuyu/LangoTrace/Packages/LangoTraceUI/Sources/LangoTraceUI/AIProviderSettingsActions.swift /Users/zibuyu/code/zibuyu/LangoTrace/Packages/LangoTraceUI/Sources/LangoTraceUI/AIProviderSettingsComponents.swift /Users/zibuyu/code/zibuyu/LangoTrace/Packages/LangoTraceUI/Sources/LangoTraceUI/AIProviderSettingsModels.swift /Users/zibuyu/code/zibuyu/LangoTrace/Packages/LangoTraceUI/Sources/LangoTraceUI/AIProviderSettingsView.swift (in target 'LangoTraceUI' from project 'LangoTraceUI')
SwiftCompile normal arm64 /Users/zibuyu/Library/Developer/Xcode/DerivedData/LangoTrace-hdfadqhothdwgbahopjjqiwrxhky/Build/Intermediates.noindex/LangoTraceUI.build/Debug-iphonesimulator/LangoTraceUI.build/DerivedSources/resource_bundle_accessor.swift (in target 'LangoTraceUI' from project 'LangoTraceUI')
    cd /Users/zibuyu/code/zibuyu/LangoTrace/LangoTrace.xcodeproj
    

SwiftCompile normal arm64 /Users/zibuyu/code/zibuyu/LangoTrace/Packages/LangoTraceUI/Sources/LangoTraceUI/AIProviderAPIKeyField.swift (in target 'LangoTraceUI' from project 'LangoTraceUI')
    cd /Users/zibuyu/code/zibuyu/LangoTrace/LangoTrace.xcodeproj
    

SwiftCompile normal arm64 /Users/zibuyu/code/zibuyu/LangoTrace/Packages/LangoTraceUI/Sources/LangoTraceUI/AIProviderCredentialRevealState.swift (in target 'LangoTraceUI' from project 'LangoTraceUI')
    cd /Users/zibuyu/code/zibuyu/LangoTrace/LangoTrace.xcodeproj
    

SwiftCompile normal arm64 /Users/zibuyu/code/zibuyu/LangoTrace/Packages/LangoTraceUI/Sources/LangoTraceUI/AIProviderDraftConfiguration.swift (in target 'LangoTraceUI' from project 'LangoTraceUI')
    cd /Users/zibuyu/code/zibuyu/LangoTrace/LangoTrace.xcodeproj
    

SwiftCompile normal arm64 /Users/zibuyu/code/zibuyu/LangoTrace/Packages/LangoTraceUI/Sources/LangoTraceUI/AIProviderSettingsActions.swift (in target 'LangoTraceUI' from project 'LangoTraceUI')
    cd /Users/zibuyu/code/zibuyu/LangoTrace/LangoTrace.xcodeproj
    

SwiftCompile normal arm64 /Users/zibuyu/code/zibuyu/LangoTrace/Packages/LangoTraceUI/Sources/LangoTraceUI/AIProviderSettingsComponents.swift (in target 'LangoTraceUI' from project 'LangoTraceUI')
    cd /Users/zibuyu/code/zibuyu/LangoTrace/LangoTrace.xcodeproj
    

SwiftCompile normal arm64 /Users/zibuyu/code/zibuyu/LangoTrace/Packages/LangoTraceUI/Sources/LangoTraceUI/AIProviderSettingsModels.swift (in target 'LangoTraceUI' from project 'LangoTraceUI')
    cd /Users/zibuyu/code/zibuyu/LangoTrace/LangoTrace.xcodeproj
    

SwiftCompile normal arm64 /Users/zibuyu/code/zibuyu/LangoTrace/Packages/LangoTraceUI/Sources/LangoTraceUI/AIProviderSettingsView.swift (in target 'LangoTraceUI' from project 'LangoTraceUI')
    cd /Users/zibuyu/code/zibuyu/LangoTrace/LangoTrace.xcodeproj
    

SwiftCompile normal arm64 Compiling\ LocalizedChrome.swift,\ LocalizedTextPanel.swift,\ MacEntryEditorSheet.swift,\ MacInspectorContent.swift,\ MacMainModels.swift,\ MacMainView.swift,\ MacWorkspaceContentView.swift,\ OnboardingCompactLevelSelector.swift /Users/zibuyu/code/zibuyu/LangoTrace/Packages/LangoTraceUI/Sources/LangoTraceUI/LocalizedChrome.swift /Users/zibuyu/code/zibuyu/LangoTrace/Packages/LangoTraceUI/Sources/LangoTraceUI/LocalizedTextPanel.swift /Users/zibuyu/code/zibuyu/LangoTrace/Packages/LangoTraceUI/Sources/LangoTraceUI/MacEntryEditorSheet.swift /Users/zibuyu/code/zibuyu/LangoTrace/Packages/LangoTraceUI/Sources/LangoTraceUI/MacInspectorContent.swift /Users/zibuyu/code/zibuyu/LangoTrace/Packages/LangoTraceUI/Sources/LangoTraceUI/MacMainModels.swift /Users/zibuyu/code/zibuyu/LangoTrace/Packages/LangoTraceUI/Sources/LangoTraceUI/MacMainView.swift /Users/zibuyu/code/zibuyu/LangoTrace/Packages/LangoTraceUI/Sources/LangoTraceUI/MacWorkspaceContentView.swift /Users/zibuyu/code/zibuyu/LangoTrace/Packages/LangoTraceUI/Sources/LangoTraceUI/OnboardingCompactLevelSelector.swift (in target 'LangoTraceUI' from project 'LangoTraceUI')

SwiftCompile normal arm64 /Users/zibuyu/code/zibuyu/LangoTrace/Packages/LangoTraceUI/Sources/LangoTraceUI/LocalizedChrome.swift (in target 'LangoTraceUI' from project 'LangoTraceUI')
    cd /Users/zibuyu/code/zibuyu/LangoTrace/LangoTrace.xcodeproj
    

SwiftCompile normal arm64 /Users/zibuyu/code/zibuyu/LangoTrace/Packages/LangoTraceUI/Sources/LangoTraceUI/LocalizedTextPanel.swift (in target 'LangoTraceUI' from project 'LangoTraceUI')
    cd /Users/zibuyu/code/zibuyu/LangoTrace/LangoTrace.xcodeproj
    

SwiftCompile normal arm64 /Users/zibuyu/code/zibuyu/LangoTrace/Packages/LangoTraceUI/Sources/LangoTraceUI/MacEntryEditorSheet.swift (in target 'LangoTraceUI' from project 'LangoTraceUI')
    cd /Users/zibuyu/code/zibuyu/LangoTrace/LangoTrace.xcodeproj
    

SwiftCompile normal arm64 /Users/zibuyu/code/zibuyu/LangoTrace/Packages/LangoTraceUI/Sources/LangoTraceUI/MacInspectorContent.swift (in target 'LangoTraceUI' from project 'LangoTraceUI')
    cd /Users/zibuyu/code/zibuyu/LangoTrace/LangoTrace.xcodeproj
    

SwiftCompile normal arm64 /Users/zibuyu/code/zibuyu/LangoTrace/Packages/LangoTraceUI/Sources/LangoTraceUI/MacMainModels.swift (in target 'LangoTraceUI' from project 'LangoTraceUI')
    cd /Users/zibuyu/code/zibuyu/LangoTrace/LangoTrace.xcodeproj
    

SwiftCompile normal arm64 /Users/zibuyu/code/zibuyu/LangoTrace/Packages/LangoTraceUI/Sources/LangoTraceUI/MacMainView.swift (in target 'LangoTraceUI' from project 'LangoTraceUI')
    cd /Users/zibuyu/code/zibuyu/LangoTrace/LangoTrace.xcodeproj
    

SwiftCompile normal arm64 /Users/zibuyu/code/zibuyu/LangoTrace/Packages/LangoTraceUI/Sources/LangoTraceUI/MacWorkspaceContentView.swift (in target 'LangoTraceUI' from project 'LangoTraceUI')
    cd /Users/zibuyu/code/zibuyu/LangoTrace/LangoTrace.xcodeproj
    

SwiftCompile normal arm64 /Users/zibuyu/code/zibuyu/LangoTrace/Packages/LangoTraceUI/Sources/LangoTraceUI/OnboardingCompactLevelSelector.swift (in target 'LangoTraceUI' from project 'LangoTraceUI')
    cd /Users/zibuyu/code/zibuyu/LangoTrace/LangoTrace.xcodeproj
    

SwiftCompile normal arm64 Compiling\ OnboardingFormControls.swift,\ OnboardingValueSummary.swift,\ OnboardingView.swift,\ PadLearningPanelView.swift,\ PadMainModels.swift,\ PadMainSections.swift,\ PadMainView.swift,\ PadPanelGestureAction.swift /Users/zibuyu/code/zibuyu/LangoTrace/Packages/LangoTraceUI/Sources/LangoTraceUI/OnboardingFormControls.swift /Users/zibuyu/code/zibuyu/LangoTrace/Packages/LangoTraceUI/Sources/LangoTraceUI/OnboardingValueSummary.swift /Users/zibuyu/code/zibuyu/LangoTrace/Packages/LangoTraceUI/Sources/LangoTraceUI/OnboardingView.swift /Users/zibuyu/code/zibuyu/LangoTrace/Packages/LangoTraceUI/Sources/LangoTraceUI/PadLearningPanelView.swift /Users/zibuyu/code/zibuyu/LangoTrace/Packages/LangoTraceUI/Sources/LangoTraceUI/PadMainModels.swift /Users/zibuyu/code/zibuyu/LangoTrace/Packages/LangoTraceUI/Sources/LangoTraceUI/PadMainSections.swift /Users/zibuyu/code/zibuyu/LangoTrace/Packages/LangoTraceUI/Sources/LangoTraceUI/PadMainView.swift /Users/zibuyu/code/zibuyu/LangoTrace/Packages/LangoTraceUI/Sources/LangoTraceUI/PadPanelGestureAction.swift (in target 'LangoTraceUI' from project 'LangoTraceUI')

SwiftCompile normal arm64 /Users/zibuyu/code/zibuyu/LangoTrace/Packages/LangoTraceUI/Sources/LangoTraceUI/OnboardingFormControls.swift (in target 'LangoTraceUI' from project 'LangoTraceUI')
    cd /Users/zibuyu/code/zibuyu/LangoTrace/LangoTrace.xcodeproj
    

SwiftCompile normal arm64 /Users/zibuyu/code/zibuyu/LangoTrace/Packages/LangoTraceUI/Sources/LangoTraceUI/OnboardingValueSummary.swift (in target 'LangoTraceUI' from project 'LangoTraceUI')
    cd /Users/zibuyu/code/zibuyu/LangoTrace/LangoTrace.xcodeproj
    

SwiftCompile normal arm64 /Users/zibuyu/code/zibuyu/LangoTrace/Packages/LangoTraceUI/Sources/LangoTraceUI/OnboardingView.swift (in target 'LangoTraceUI' from project 'LangoTraceUI')
    cd /Users/zibuyu/code/zibuyu/LangoTrace/LangoTrace.xcodeproj
    

SwiftCompile normal arm64 /Users/zibuyu/code/zibuyu/LangoTrace/Packages/LangoTraceUI/Sources/LangoTraceUI/PadLearningPanelView.swift (in target 'LangoTraceUI' from project 'LangoTraceUI')
    cd /Users/zibuyu/code/zibuyu/LangoTrace/LangoTrace.xcodeproj
    

SwiftCompile normal arm64 /Users/zibuyu/code/zibuyu/LangoTrace/Packages/LangoTraceUI/Sources/LangoTraceUI/PadMainModels.swift (in target 'LangoTraceUI' from project 'LangoTraceUI')
    cd /Users/zibuyu/code/zibuyu/LangoTrace/LangoTrace.xcodeproj
    

SwiftCompile normal arm64 /Users/zibuyu/code/zibuyu/LangoTrace/Packages/LangoTraceUI/Sources/LangoTraceUI/PadMainSections.swift (in target 'LangoTraceUI' from project 'LangoTraceUI')
    cd /Users/zibuyu/code/zibuyu/LangoTrace/LangoTrace.xcodeproj
    

SwiftCompile normal arm64 /Users/zibuyu/code/zibuyu/LangoTrace/Packages/LangoTraceUI/Sources/LangoTraceUI/PadMainView.swift (in target 'LangoTraceUI' from project 'LangoTraceUI')
    cd /Users/zibuyu/code/zibuyu/LangoTrace/LangoTrace.xcodeproj
    

SwiftCompile normal arm64 /Users/zibuyu/code/zibuyu/LangoTrace/Packages/LangoTraceUI/Sources/LangoTraceUI/PadPanelGestureAction.swift (in target 'LangoTraceUI' from project 'LangoTraceUI')
    cd /Users/zibuyu/code/zibuyu/LangoTrace/LangoTrace.xcodeproj
    

SwiftEmitModule normal arm64 Emitting\ module\ for\ LangoTraceUI (in target 'LangoTraceUI' from project 'LangoTraceUI')

EmitSwiftModule normal arm64 (in target 'LangoTraceUI' from project 'LangoTraceUI')
    cd /Users/zibuyu/code/zibuyu/LangoTrace/LangoTrace.xcodeproj
    

SwiftCompile normal arm64 Compiling\ ReadingPresentationModels.swift,\ ReadingSelectableTextView.swift,\ ReadingSourceFormatDisplay.swift,\ ReadingViewComponents.swift,\ ReadingViews.swift,\ SentenceAudioPlaybackActions.swift,\ SentencePairActionControls.swift,\ SettingsCapabilityDetailView.swift /Users/zibuyu/code/zibuyu/LangoTrace/Packages/LangoTraceUI/Sources/LangoTraceUI/ReadingPresentationModels.swift /Users/zibuyu/code/zibuyu/LangoTrace/Packages/LangoTraceUI/Sources/LangoTraceUI/ReadingSelectableTextView.swift /Users/zibuyu/code/zibuyu/LangoTrace/Packages/LangoTraceUI/Sources/LangoTraceUI/ReadingSourceFormatDisplay.swift /Users/zibuyu/code/zibuyu/LangoTrace/Packages/LangoTraceUI/Sources/LangoTraceUI/ReadingViewComponents.swift /Users/zibuyu/code/zibuyu/LangoTrace/Packages/LangoTraceUI/Sources/LangoTraceUI/ReadingViews.swift /Users/zibuyu/code/zibuyu/LangoTrace/Packages/LangoTraceUI/Sources/LangoTraceUI/SentenceAudioPlaybackActions.swift /Users/zibuyu/code/zibuyu/LangoTrace/Packages/LangoTraceUI/Sources/LangoTraceUI/SentencePairActionControls.swift /Users/zibuyu/code/zibuyu/LangoTrace/Packages/LangoTraceUI/Sources/LangoTraceUI/SettingsCapabilityDetailView.swift (in target 'LangoTraceUI' from project 'LangoTraceUI')
SwiftCompile normal arm64 /Users/zibuyu/code/zibuyu/LangoTrace/Packages/LangoTraceUI/Sources/LangoTraceUI/ReadingPresentationModels.swift (in target 'LangoTraceUI' from project 'LangoTraceUI')
    cd /Users/zibuyu/code/zibuyu/LangoTrace/LangoTrace.xcodeproj
    

SwiftCompile normal arm64 /Users/zibuyu/code/zibuyu/LangoTrace/Packages/LangoTraceUI/Sources/LangoTraceUI/ReadingSelectableTextView.swift (in target 'LangoTraceUI' from project 'LangoTraceUI')
    cd /Users/zibuyu/code/zibuyu/LangoTrace/LangoTrace.xcodeproj
    

SwiftCompile normal arm64 /Users/zibuyu/code/zibuyu/LangoTrace/Packages/LangoTraceUI/Sources/LangoTraceUI/ReadingSourceFormatDisplay.swift (in target 'LangoTraceUI' from project 'LangoTraceUI')
    cd /Users/zibuyu/code/zibuyu/LangoTrace/LangoTrace.xcodeproj
    

SwiftCompile normal arm64 /Users/zibuyu/code/zibuyu/LangoTrace/Packages/LangoTraceUI/Sources/LangoTraceUI/ReadingViewComponents.swift (in target 'LangoTraceUI' from project 'LangoTraceUI')
    cd /Users/zibuyu/code/zibuyu/LangoTrace/LangoTrace.xcodeproj
    

SwiftCompile normal arm64 /Users/zibuyu/code/zibuyu/LangoTrace/Packages/LangoTraceUI/Sources/LangoTraceUI/ReadingViews.swift (in target 'LangoTraceUI' from project 'LangoTraceUI')
    cd /Users/zibuyu/code/zibuyu/LangoTrace/LangoTrace.xcodeproj
    

SwiftCompile normal arm64 /Users/zibuyu/code/zibuyu/LangoTrace/Packages/LangoTraceUI/Sources/LangoTraceUI/SentenceAudioPlaybackActions.swift (in target 'LangoTraceUI' from project 'LangoTraceUI')
    cd /Users/zibuyu/code/zibuyu/LangoTrace/LangoTrace.xcodeproj
    

SwiftCompile normal arm64 /Users/zibuyu/code/zibuyu/LangoTrace/Packages/LangoTraceUI/Sources/LangoTraceUI/SentencePairActionControls.swift (in target 'LangoTraceUI' from project 'LangoTraceUI')
    cd /Users/zibuyu/code/zibuyu/LangoTrace/LangoTrace.xcodeproj
    

SwiftCompile normal arm64 /Users/zibuyu/code/zibuyu/LangoTrace/Packages/LangoTraceUI/Sources/LangoTraceUI/SettingsCapabilityDetailView.swift (in target 'LangoTraceUI' from project 'LangoTraceUI')
    cd /Users/zibuyu/code/zibuyu/LangoTrace/LangoTrace.xcodeproj
    

SwiftCompile normal arm64 Compiling\ PhonePracticeRows.swift,\ PracticeActions.swift,\ PracticeControlBar.swift,\ PracticePromptCard.swift,\ PracticeRouting.swift,\ PracticeSessionViewModel.swift,\ PracticeSessionViews.swift,\ PremiumUILayoutRules.swift /Users/zibuyu/code/zibuyu/LangoTrace/Packages/LangoTraceUI/Sources/LangoTraceUI/PhonePracticeRows.swift /Users/zibuyu/code/zibuyu/LangoTrace/Packages/LangoTraceUI/Sources/LangoTraceUI/PracticeActions.swift /Users/zibuyu/code/zibuyu/LangoTrace/Packages/LangoTraceUI/Sources/LangoTraceUI/PracticeControlBar.swift /Users/zibuyu/code/zibuyu/LangoTrace/Packages/LangoTraceUI/Sources/LangoTraceUI/PracticePromptCard.swift /Users/zibuyu/code/zibuyu/LangoTrace/Packages/LangoTraceUI/Sources/LangoTraceUI/PracticeRouting.swift /Users/zibuyu/code/zibuyu/LangoTrace/Packages/LangoTraceUI/Sources/LangoTraceUI/PracticeSessionViewModel.swift /Users/zibuyu/code/zibuyu/LangoTrace/Packages/LangoTraceUI/Sources/LangoTraceUI/PracticeSessionViews.swift /Users/zibuyu/code/zibuyu/LangoTrace/Packages/LangoTraceUI/Sources/LangoTraceUI/PremiumUILayoutRules.swift (in target 'LangoTraceUI' from project 'LangoTraceUI')

SwiftCompile normal arm64 /Users/zibuyu/code/zibuyu/LangoTrace/Packages/LangoTraceUI/Sources/LangoTraceUI/PhonePracticeRows.swift (in target 'LangoTraceUI' from project 'LangoTraceUI')
    cd /Users/zibuyu/code/zibuyu/LangoTrace/LangoTrace.xcodeproj
    

SwiftCompile normal arm64 /Users/zibuyu/code/zibuyu/LangoTrace/Packages/LangoTraceUI/Sources/LangoTraceUI/PracticeActions.swift (in target 'LangoTraceUI' from project 'LangoTraceUI')
    cd /Users/zibuyu/code/zibuyu/LangoTrace/LangoTrace.xcodeproj
    

SwiftCompile normal arm64 /Users/zibuyu/code/zibuyu/LangoTrace/Packages/LangoTraceUI/Sources/LangoTraceUI/PracticeControlBar.swift (in target 'LangoTraceUI' from project 'LangoTraceUI')
    cd /Users/zibuyu/code/zibuyu/LangoTrace/LangoTrace.xcodeproj
    

SwiftCompile normal arm64 /Users/zibuyu/code/zibuyu/LangoTrace/Packages/LangoTraceUI/Sources/LangoTraceUI/PracticePromptCard.swift (in target 'LangoTraceUI' from project 'LangoTraceUI')
    cd /Users/zibuyu/code/zibuyu/LangoTrace/LangoTrace.xcodeproj
    

SwiftCompile normal arm64 /Users/zibuyu/code/zibuyu/LangoTrace/Packages/LangoTraceUI/Sources/LangoTraceUI/PracticeRouting.swift (in target 'LangoTraceUI' from project 'LangoTraceUI')
    cd /Users/zibuyu/code/zibuyu/LangoTrace/LangoTrace.xcodeproj
    

SwiftCompile normal arm64 /Users/zibuyu/code/zibuyu/LangoTrace/Packages/LangoTraceUI/Sources/LangoTraceUI/PracticeSessionViewModel.swift (in target 'LangoTraceUI' from project 'LangoTraceUI')
    cd /Users/zibuyu/code/zibuyu/LangoTrace/LangoTrace.xcodeproj
    

SwiftCompile normal arm64 /Users/zibuyu/code/zibuyu/LangoTrace/Packages/LangoTraceUI/Sources/LangoTraceUI/PracticeSessionViews.swift (in target 'LangoTraceUI' from project 'LangoTraceUI')
    cd /Users/zibuyu/code/zibuyu/LangoTrace/LangoTrace.xcodeproj
    

SwiftCompile normal arm64 /Users/zibuyu/code/zibuyu/LangoTrace/Packages/LangoTraceUI/Sources/LangoTraceUI/PremiumUILayoutRules.swift (in target 'LangoTraceUI' from project 'LangoTraceUI')
    cd /Users/zibuyu/code/zibuyu/LangoTrace/LangoTrace.xcodeproj
    

SwiftDriverJobDiscovery normal arm64 Compiling AIProviderConfigurationProbeService.swift, AIProviderConfigurationService.swift (in target 'LangoTraceAI' from project 'LangoTraceAI')

SwiftCompile normal arm64 Compiling\ PadSidebarControls.swift,\ PadWorkspaceBar.swift,\ PhoneContextHeader.swift,\ PhoneMainModels.swift,\ PhoneMainSections.swift,\ PhoneMainSupportingViews.swift,\ PhoneMainView.swift,\ PhonePhotoWritingPreviewView.swift /Users/zibuyu/code/zibuyu/LangoTrace/Packages/LangoTraceUI/Sources/LangoTraceUI/PadSidebarControls.swift /Users/zibuyu/code/zibuyu/LangoTrace/Packages/LangoTraceUI/Sources/LangoTraceUI/PadWorkspaceBar.swift /Users/zibuyu/code/zibuyu/LangoTrace/Packages/LangoTraceUI/Sources/LangoTraceUI/PhoneContextHeader.swift /Users/zibuyu/code/zibuyu/LangoTrace/Packages/LangoTraceUI/Sources/LangoTraceUI/PhoneMainModels.swift /Users/zibuyu/code/zibuyu/LangoTrace/Packages/LangoTraceUI/Sources/LangoTraceUI/PhoneMainSections.swift /Users/zibuyu/code/zibuyu/LangoTrace/Packages/LangoTraceUI/Sources/LangoTraceUI/PhoneMainSupportingViews.swift /Users/zibuyu/code/zibuyu/LangoTrace/Packages/LangoTraceUI/Sources/LangoTraceUI/PhoneMainView.swift /Users/zibuyu/code/zibuyu/LangoTrace/Packages/LangoTraceUI/Sources/LangoTraceUI/PhonePhotoWritingPreviewView.swift (in target 'LangoTraceUI' from project 'LangoTraceUI')

SwiftCompile normal arm64 /Users/zibuyu/code/zibuyu/LangoTrace/Packages/LangoTraceUI/Sources/LangoTraceUI/PadSidebarControls.swift (in target 'LangoTraceUI' from project 'LangoTraceUI')
    cd /Users/zibuyu/code/zibuyu/LangoTrace/LangoTrace.xcodeproj
    

SwiftCompile normal arm64 /Users/zibuyu/code/zibuyu/LangoTrace/Packages/LangoTraceUI/Sources/LangoTraceUI/PadWorkspaceBar.swift (in target 'LangoTraceUI' from project 'LangoTraceUI')
    cd /Users/zibuyu/code/zibuyu/LangoTrace/LangoTrace.xcodeproj
    

SwiftCompile normal arm64 /Users/zibuyu/code/zibuyu/LangoTrace/Packages/LangoTraceUI/Sources/LangoTraceUI/PhoneContextHeader.swift (in target 'LangoTraceUI' from project 'LangoTraceUI')
    cd /Users/zibuyu/code/zibuyu/LangoTrace/LangoTrace.xcodeproj
    

SwiftCompile normal arm64 /Users/zibuyu/code/zibuyu/LangoTrace/Packages/LangoTraceUI/Sources/LangoTraceUI/PhoneMainModels.swift (in target 'LangoTraceUI' from project 'LangoTraceUI')
    cd /Users/zibuyu/code/zibuyu/LangoTrace/LangoTrace.xcodeproj
    

SwiftCompile normal arm64 /Users/zibuyu/code/zibuyu/LangoTrace/Packages/LangoTraceUI/Sources/LangoTraceUI/PhoneMainSections.swift (in target 'LangoTraceUI' from project 'LangoTraceUI')
    cd /Users/zibuyu/code/zibuyu/LangoTrace/LangoTrace.xcodeproj
    

SwiftCompile normal arm64 /Users/zibuyu/code/zibuyu/LangoTrace/Packages/LangoTraceUI/Sources/LangoTraceUI/PhoneMainSupportingViews.swift (in target 'LangoTraceUI' from project 'LangoTraceUI')
    cd /Users/zibuyu/code/zibuyu/LangoTrace/LangoTrace.xcodeproj
    

SwiftCompile normal arm64 /Users/zibuyu/code/zibuyu/LangoTrace/Packages/LangoTraceUI/Sources/LangoTraceUI/PhoneMainView.swift (in target 'LangoTraceUI' from project 'LangoTraceUI')
    cd /Users/zibuyu/code/zibuyu/LangoTrace/LangoTrace.xcodeproj
    

SwiftCompile normal arm64 /Users/zibuyu/code/zibuyu/LangoTrace/Packages/LangoTraceUI/Sources/LangoTraceUI/PhonePhotoWritingPreviewView.swift (in target 'LangoTraceUI' from project 'LangoTraceUI')
    cd /Users/zibuyu/code/zibuyu/LangoTrace/LangoTrace.xcodeproj
    

SwiftDriverJobDiscovery normal arm64 Compiling GRDBLanguageSpaceRepository.swift, GRDBLearningContentRepository.swift, GRDBLearningContentRepositoryBridge.swift (in target 'LangoTraceData' from project 'LangoTraceData')

SwiftCompile normal arm64 Compiling\ SyncS3DraftView.swift,\ SyncSettingsModels.swift,\ SyncSettingsView.swift,\ UnavailableCapabilityView.swift,\ WelcomeCapsuleLabel.swift,\ WelcomeTracePreviewCarousel.swift,\ WelcomeView+Layout.swift,\ WelcomeView.swift /Users/zibuyu/code/zibuyu/LangoTrace/Packages/LangoTraceUI/Sources/LangoTraceUI/SyncS3DraftView.swift /Users/zibuyu/code/zibuyu/LangoTrace/Packages/LangoTraceUI/Sources/LangoTraceUI/SyncSettingsModels.swift /Users/zibuyu/code/zibuyu/LangoTrace/Packages/LangoTraceUI/Sources/LangoTraceUI/SyncSettingsView.swift /Users/zibuyu/code/zibuyu/LangoTrace/Packages/LangoTraceUI/Sources/LangoTraceUI/UnavailableCapabilityView.swift /Users/zibuyu/code/zibuyu/LangoTrace/Packages/LangoTraceUI/Sources/LangoTraceUI/WelcomeCapsuleLabel.swift /Users/zibuyu/code/zibuyu/LangoTrace/Packages/LangoTraceUI/Sources/LangoTraceUI/WelcomeTracePreviewCarousel.swift /Users/zibuyu/code/zibuyu/LangoTrace/Packages/LangoTraceUI/Sources/LangoTraceUI/WelcomeView+Layout.swift /Users/zibuyu/code/zibuyu/LangoTrace/Packages/LangoTraceUI/Sources/LangoTraceUI/WelcomeView.swift (in target 'LangoTraceUI' from project 'LangoTraceUI')

SwiftCompile normal arm64 /Users/zibuyu/code/zibuyu/LangoTrace/Packages/LangoTraceUI/Sources/LangoTraceUI/SyncS3DraftView.swift (in target 'LangoTraceUI' from project 'LangoTraceUI')
    cd /Users/zibuyu/code/zibuyu/LangoTrace/LangoTrace.xcodeproj
    

SwiftCompile normal arm64 /Users/zibuyu/code/zibuyu/LangoTrace/Packages/LangoTraceUI/Sources/LangoTraceUI/SyncSettingsModels.swift (in target 'LangoTraceUI' from project 'LangoTraceUI')
    cd /Users/zibuyu/code/zibuyu/LangoTrace/LangoTrace.xcodeproj
    

SwiftCompile normal arm64 /Users/zibuyu/code/zibuyu/LangoTrace/Packages/LangoTraceUI/Sources/LangoTraceUI/SyncSettingsView.swift (in target 'LangoTraceUI' from project 'LangoTraceUI')
    cd /Users/zibuyu/code/zibuyu/LangoTrace/LangoTrace.xcodeproj
    

SwiftCompile normal arm64 /Users/zibuyu/code/zibuyu/LangoTrace/Packages/LangoTraceUI/Sources/LangoTraceUI/UnavailableCapabilityView.swift (in target 'LangoTraceUI' from project 'LangoTraceUI')
    cd /Users/zibuyu/code/zibuyu/LangoTrace/LangoTrace.xcodeproj
    

SwiftCompile normal arm64 /Users/zibuyu/code/zibuyu/LangoTrace/Packages/LangoTraceUI/Sources/LangoTraceUI/WelcomeCapsuleLabel.swift (in target 'LangoTraceUI' from project 'LangoTraceUI')
    cd /Users/zibuyu/code/zibuyu/LangoTrace/LangoTrace.xcodeproj
    

SwiftCompile normal arm64 /Users/zibuyu/code/zibuyu/LangoTrace/Packages/LangoTraceUI/Sources/LangoTraceUI/WelcomeTracePreviewCarousel.swift (in target 'LangoTraceUI' from project 'LangoTraceUI')
    cd /Users/zibuyu/code/zibuyu/LangoTrace/LangoTrace.xcodeproj
    

SwiftCompile normal arm64 /Users/zibuyu/code/zibuyu/LangoTrace/Packages/LangoTraceUI/Sources/LangoTraceUI/WelcomeView+Layout.swift (in target 'LangoTraceUI' from project 'LangoTraceUI')
    cd /Users/zibuyu/code/zibuyu/LangoTrace/LangoTrace.xcodeproj
    

SwiftCompile normal arm64 /Users/zibuyu/code/zibuyu/LangoTrace/Packages/LangoTraceUI/Sources/LangoTraceUI/WelcomeView.swift (in target 'LangoTraceUI' from project 'LangoTraceUI')
    cd /Users/zibuyu/code/zibuyu/LangoTrace/LangoTrace.xcodeproj
    

SwiftDriverJobDiscovery normal arm64 Compiling resource_bundle_accessor.swift, Configuration.swift, Cursor.swift, Database+SQLCipher.swift, Database+Schema.swift, Database+Statements.swift, Database.swift, DatabaseBackupProgress.swift, DatabaseCollation.swift, DatabaseError.swift, DatabaseFunction.swift, DatabasePool.swift, DatabasePublishers.swift, DatabaseQueue.swift, DatabaseReader.swift, DatabaseRegion.swift, DatabaseRegionObservation.swift (in target 'GRDB' from project 'GRDB')

SwiftCompile normal arm64 Compiling\ ReadingActions.swift,\ ReadingDocumentModels.swift,\ ReadingDocumentStore+Cache.swift,\ ReadingDocumentStore+Editor.swift,\ ReadingDocumentStore+Selection.swift,\ ReadingDocumentStore.swift,\ ReadingLibraryStore.swift,\ ReadingMarkdownBlockRenderer.swift /Users/zibuyu/code/zibuyu/LangoTrace/Packages/LangoTraceUI/Sources/LangoTraceUI/ReadingActions.swift /Users/zibuyu/code/zibuyu/LangoTrace/Packages/LangoTraceUI/Sources/LangoTraceUI/ReadingDocumentModels.swift /Users/zibuyu/code/zibuyu/LangoTrace/Packages/LangoTraceUI/Sources/LangoTraceUI/ReadingDocumentStore+Cache.swift /Users/zibuyu/code/zibuyu/LangoTrace/Packages/LangoTraceUI/Sources/LangoTraceUI/ReadingDocumentStore+Editor.swift /Users/zibuyu/code/zibuyu/LangoTrace/Packages/LangoTraceUI/Sources/LangoTraceUI/ReadingDocumentStore+Selection.swift /Users/zibuyu/code/zibuyu/LangoTrace/Packages/LangoTraceUI/Sources/LangoTraceUI/ReadingDocumentStore.swift /Users/zibuyu/code/zibuyu/LangoTrace/Packages/LangoTraceUI/Sources/LangoTraceUI/ReadingLibraryStore.swift /Users/zibuyu/code/zibuyu/LangoTrace/Packages/LangoTraceUI/Sources/LangoTraceUI/ReadingMarkdownBlockRenderer.swift (in target 'LangoTraceUI' from project 'LangoTraceUI')

SwiftCompile normal arm64 /Users/zibuyu/code/zibuyu/LangoTrace/Packages/LangoTraceUI/Sources/LangoTraceUI/ReadingActions.swift (in target 'LangoTraceUI' from project 'LangoTraceUI')
    cd /Users/zibuyu/code/zibuyu/LangoTrace/LangoTrace.xcodeproj
    

SwiftCompile normal arm64 /Users/zibuyu/code/zibuyu/LangoTrace/Packages/LangoTraceUI/Sources/LangoTraceUI/ReadingDocumentModels.swift (in target 'LangoTraceUI' from project 'LangoTraceUI')
    cd /Users/zibuyu/code/zibuyu/LangoTrace/LangoTrace.xcodeproj
    

SwiftCompile normal arm64 /Users/zibuyu/code/zibuyu/LangoTrace/Packages/LangoTraceUI/Sources/LangoTraceUI/ReadingDocumentStore+Cache.swift (in target 'LangoTraceUI' from project 'LangoTraceUI')
    cd /Users/zibuyu/code/zibuyu/LangoTrace/LangoTrace.xcodeproj
    

SwiftCompile normal arm64 /Users/zibuyu/code/zibuyu/LangoTrace/Packages/LangoTraceUI/Sources/LangoTraceUI/ReadingDocumentStore+Editor.swift (in target 'LangoTraceUI' from project 'LangoTraceUI')
    cd /Users/zibuyu/code/zibuyu/LangoTrace/LangoTrace.xcodeproj
    

SwiftCompile normal arm64 /Users/zibuyu/code/zibuyu/LangoTrace/Packages/LangoTraceUI/Sources/LangoTraceUI/ReadingDocumentStore+Selection.swift (in target 'LangoTraceUI' from project 'LangoTraceUI')
    cd /Users/zibuyu/code/zibuyu/LangoTrace/LangoTrace.xcodeproj
    

SwiftCompile normal arm64 /Users/zibuyu/code/zibuyu/LangoTrace/Packages/LangoTraceUI/Sources/LangoTraceUI/ReadingDocumentStore.swift (in target 'LangoTraceUI' from project 'LangoTraceUI')
    cd /Users/zibuyu/code/zibuyu/LangoTrace/LangoTrace.xcodeproj
    

SwiftCompile normal arm64 /Users/zibuyu/code/zibuyu/LangoTrace/Packages/LangoTraceUI/Sources/LangoTraceUI/ReadingLibraryStore.swift (in target 'LangoTraceUI' from project 'LangoTraceUI')
    cd /Users/zibuyu/code/zibuyu/LangoTrace/LangoTrace.xcodeproj
    

SwiftCompile normal arm64 /Users/zibuyu/code/zibuyu/LangoTrace/Packages/LangoTraceUI/Sources/LangoTraceUI/ReadingMarkdownBlockRenderer.swift (in target 'LangoTraceUI' from project 'LangoTraceUI')
    cd /Users/zibuyu/code/zibuyu/LangoTrace/LangoTrace.xcodeproj
    

SwiftDriverJobDiscovery normal arm64 Emitting module for LangoTraceUI (in target 'LangoTraceUI' from project 'LangoTraceUI')

SwiftDriver\ Compilation\ Requirements LangoTraceUI normal arm64 com.apple.xcode.tools.swift.compiler (in target 'LangoTraceUI' from project 'LangoTraceUI')
    cd /Users/zibuyu/code/zibuyu/LangoTrace/LangoTrace.xcodeproj
    builtin-Swift-Compilation-Requirements -- /Applications/Xcode.app/Contents/Developer/Toolchains/XcodeDefault.xctoolchain/usr/bin/swiftc -module-name LangoTraceUI -Onone @/Users/zibuyu/Library/Developer/Xcode/DerivedData/LangoTrace-hdfadqhothdwgbahopjjqiwrxhky/Build/Intermediates.noindex/LangoTraceUI.build/Debug-iphonesimulator/LangoTraceUI.build/Objects-normal/arm64/LangoTraceUI.SwiftFileList -DSWIFT_PACKAGE -DDEBUG -DSWIFT_MODULE_RESOURCE_BUNDLE_AVAILABLE -Xcc -fmodule-map-file\=/Users/zibuyu/Library/Developer/Xcode/DerivedData/LangoTrace-hdfadqhothdwgbahopjjqiwrxhky/SourcePackages/checkouts/GRDB.swift/Sources/GRDBSQLite/module.modulemap -DXcode -plugin-path /Applications/Xcode.app/Contents/Developer/Toolchains/XcodeDefault.xctoolchain/usr/lib/swift/host/plugins/testing -enable-experimental-feature DebugDescriptionMacro -sdk /Applications/Xcode.app/Contents/Developer/Platforms/iPhoneSimulator.platform/Developer/SDKs/iPhoneSimulator26.5.sdk -target arm64-apple-ios18.0-simulator -g -module-cache-path /Users/zibuyu/Library/Developer/Xcode/DerivedData/ModuleCache.noindex -Xfrontend -serialize-debugging-options -profile-coverage-mapping -profile-generate -enable-testing -index-store-path /Users/zibuyu/Library/Developer/Xcode/DerivedData/LangoTrace-hdfadqhothdwgbahopjjqiwrxhky/Index.noindex/DataStore -Xcc -D_LIBCPP_HARDENING_MODE\=_LIBCPP_HARDENING_MODE_DEBUG -swift-version 6 -I /Users/zibuyu/Library/Developer/Xcode/DerivedData/LangoTrace-hdfadqhothdwgbahopjjqiwrxhky/Build/Products/Debug-iphonesimulator -Isystem /Applications/Xcode.app/Contents/Developer/Platforms/iPhoneSimulator.platform/Developer/usr/lib -F /Users/zibuyu/Library/Developer/Xcode/DerivedData/LangoTrace-hdfadqhothdwgbahopjjqiwrxhky/Build/Products/Debug-iphonesimulator/PackageFrameworks -F /Users/zibuyu/Library/Developer/Xcode/DerivedData/LangoTrace-hdfadqhothdwgbahopjjqiwrxhky/Build/Products/Debug-iphonesimulator/PackageFrameworks -F /Users/zibuyu/Library/Developer/Xcode/DerivedData/LangoTrace-hdfadqhothdwgbahopjjqiwrxhky/Build/Products/Debug-iphonesimulator/PackageFrameworks -F /Users/zibuyu/Library/Developer/Xcode/DerivedData/LangoTrace-hdfadqhothdwgbahopjjqiwrxhky/Build/Products/Debug-iphonesimulator -F /Applications/Xcode.app/Contents/Developer/Platforms/iPhoneSimulator.platform/Developer/Library/Frameworks -F /Applications/Xcode.app/Contents/Developer/Platforms/iPhoneSimulator.platform/Developer/SDKs/iPhoneSimulator26.5.sdk/Developer/Library/Frameworks -c -j10 -enable-batch-mode -incremental -Xcc -ivfsstatcache -Xcc /Users/zibuyu/Library/Developer/Xcode/DerivedData/SDKStatCaches.noindex/iphonesimulator26.5-23F73-6cfe768891a92b912361537c460fe42b.sdkstatcache -output-file-map /Users/zibuyu/Library/Developer/Xcode/DerivedData/LangoTrace-hdfadqhothdwgbahopjjqiwrxhky/Build/Intermediates.noindex/LangoTraceUI.build/Debug-iphonesimulator/LangoTraceUI.build/Objects-normal/arm64/LangoTraceUI-OutputFileMap.json -use-frontend-parseable-output -save-temps -no-color-diagnostics -explicit-module-build -module-cache-path /Users/zibuyu/Library/Developer/Xcode/DerivedData/LangoTrace-hdfadqhothdwgbahopjjqiwrxhky/Build/Intermediates.noindex/SwiftExplicitPrecompiledModules -clang-scanner-module-cache-path /Users/zibuyu/Library/Developer/Xcode/DerivedData/ModuleCache.noindex -sdk-module-cache-path /Users/zibuyu/Library/Developer/Xcode/DerivedData/ModuleCache.noindex -serialize-diagnostics -emit-dependencies -emit-module -emit-module-path /Users/zibuyu/Library/Developer/Xcode/DerivedData/LangoTrace-hdfadqhothdwgbahopjjqiwrxhky/Build/Intermediates.noindex/LangoTraceUI.build/Debug-iphonesimulator/LangoTraceUI.build/Objects-normal/arm64/LangoTraceUI.swiftmodule -validate-clang-modules-once -clang-build-session-file /Users/zibuyu/Library/Developer/Xcode/DerivedData/ModuleCache.noindex/Session.modulevalidation -package-name langotraceui -Xcc -I/Users/zibuyu/Library/Developer/Xcode/DerivedData/LangoTrace-hdfadqhothdwgbahopjjqiwrxhky/Build/Intermediates.noindex/LangoTraceUI.build/Debug-iphonesimulator/LangoTraceUI.build/swift-overrides.hmap -emit-const-values -Xfrontend -const-gather-protocols-file -Xfrontend /Users/zibuyu/Library/Developer/Xcode/DerivedData/LangoTrace-hdfadqhothdwgbahopjjqiwrxhky/Build/Intermediates.noindex/LangoTraceUI.build/Debug-iphonesimulator/LangoTraceUI.build/Objects-normal/arm64/LangoTraceUI_const_extract_protocols.json -Xcc -I/Users/zibuyu/Library/Developer/Xcode/DerivedData/LangoTrace-hdfadqhothdwgbahopjjqiwrxhky/Build/Products/Debug-iphonesimulator/include -Xcc -I/Users/zibuyu/Library/Developer/Xcode/DerivedData/LangoTrace-hdfadqhothdwgbahopjjqiwrxhky/Build/Intermediates.noindex/LangoTraceUI.build/Debug-iphonesimulator/LangoTraceUI.build/DerivedSources-normal/arm64 -Xcc -I/Users/zibuyu/Library/Developer/Xcode/DerivedData/LangoTrace-hdfadqhothdwgbahopjjqiwrxhky/Build/Intermediates.noindex/LangoTraceUI.build/Debug-iphonesimulator/LangoTraceUI.build/DerivedSources/arm64 -Xcc -I/Users/zibuyu/Library/Developer/Xcode/DerivedData/LangoTrace-hdfadqhothdwgbahopjjqiwrxhky/Build/Intermediates.noindex/LangoTraceUI.build/Debug-iphonesimulator/LangoTraceUI.build/DerivedSources -Xcc -DSWIFT_PACKAGE -Xcc -DDEBUG\=1 -emit-objc-header -emit-objc-header-path /Users/zibuyu/Library/Developer/Xcode/DerivedData/LangoTrace-hdfadqhothdwgbahopjjqiwrxhky/Build/Intermediates.noindex/LangoTraceUI.build/Debug-iphonesimulator/LangoTraceUI.build/Objects-normal/arm64/LangoTraceUI-Swift.h -working-directory /Users/zibuyu/code/zibuyu/LangoTrace/LangoTrace.xcodeproj -experimental-emit-module-separately -disable-cmo

SwiftDriverJobDiscovery normal arm64 Compiling CapabilityStatusBadge.swift, ContentUtilityComponents.swift, EntryDetailHeader.swift, InterfaceLocalization.swift, LangoPanelToggleButton.swift, LangoTraceAppCommand.swift, LangoTraceDesign.swift, LangoTraceRootView.swift (in target 'LangoTraceUI' from project 'LangoTraceUI')

SwiftDriver\ Compilation LangoTraceData normal arm64 com.apple.xcode.tools.swift.compiler (in target 'LangoTraceData' from project 'LangoTraceData')
    cd /Users/zibuyu/code/zibuyu/LangoTrace/LangoTrace.xcodeproj
    builtin-Swift-Compilation -- /Applications/Xcode.app/Contents/Developer/Toolchains/XcodeDefault.xctoolchain/usr/bin/swiftc -module-name LangoTraceData -Onone @/Users/zibuyu/Library/Developer/Xcode/DerivedData/LangoTrace-hdfadqhothdwgbahopjjqiwrxhky/Build/Intermediates.noindex/LangoTraceData.build/Debug-iphonesimulator/LangoTraceData.build/Objects-normal/arm64/LangoTraceData.SwiftFileList -DSWIFT_PACKAGE -DDEBUG -DSWIFT_MODULE_RESOURCE_BUNDLE_UNAVAILABLE -Xcc -fmodule-map-file\=/Users/zibuyu/Library/Developer/Xcode/DerivedData/LangoTrace-hdfadqhothdwgbahopjjqiwrxhky/SourcePackages/checkouts/GRDB.swift/Sources/GRDBSQLite/module.modulemap -DXcode -plugin-path /Applications/Xcode.app/Contents/Developer/Toolchains/XcodeDefault.xctoolchain/usr/lib/swift/host/plugins/testing -enable-experimental-feature DebugDescriptionMacro -sdk /Applications/Xcode.app/Contents/Developer/Platforms/iPhoneSimulator.platform/Developer/SDKs/iPhoneSimulator26.5.sdk -target arm64-apple-ios18.0-simulator -g -module-cache-path /Users/zibuyu/Library/Developer/Xcode/DerivedData/ModuleCache.noindex -Xfrontend -serialize-debugging-options -profile-coverage-mapping -profile-generate -enable-testing -index-store-path /Users/zibuyu/Library/Developer/Xcode/DerivedData/LangoTrace-hdfadqhothdwgbahopjjqiwrxhky/Index.noindex/DataStore -Xcc -D_LIBCPP_HARDENING_MODE\=_LIBCPP_HARDENING_MODE_DEBUG -swift-version 6 -I /Users/zibuyu/Library/Developer/Xcode/DerivedData/LangoTrace-hdfadqhothdwgbahopjjqiwrxhky/Build/Products/Debug-iphonesimulator -Isystem /Applications/Xcode.app/Contents/Developer/Platforms/iPhoneSimulator.platform/Developer/usr/lib -F /Users/zibuyu/Library/Developer/Xcode/DerivedData/LangoTrace-hdfadqhothdwgbahopjjqiwrxhky/Build/Products/Debug-iphonesimulator/PackageFrameworks -F /Users/zibuyu/Library/Developer/Xcode/DerivedData/LangoTrace-hdfadqhothdwgbahopjjqiwrxhky/Build/Products/Debug-iphonesimulator/PackageFrameworks -F /Users/zibuyu/Library/Developer/Xcode/DerivedData/LangoTrace-hdfadqhothdwgbahopjjqiwrxhky/Build/Products/Debug-iphonesimulator -F /Applications/Xcode.app/Contents/Developer/Platforms/iPhoneSimulator.platform/Developer/Library/Frameworks -F /Applications/Xcode.app/Contents/Developer/Platforms/iPhoneSimulator.platform/Developer/SDKs/iPhoneSimulator26.5.sdk/Developer/Library/Frameworks -c -j10 -enable-batch-mode -incremental -Xcc -ivfsstatcache -Xcc /Users/zibuyu/Library/Developer/Xcode/DerivedData/SDKStatCaches.noindex/iphonesimulator26.5-23F73-6cfe768891a92b912361537c460fe42b.sdkstatcache -output-file-map /Users/zibuyu/Library/Developer/Xcode/DerivedData/LangoTrace-hdfadqhothdwgbahopjjqiwrxhky/Build/Intermediates.noindex/LangoTraceData.build/Debug-iphonesimulator/LangoTraceData.build/Objects-normal/arm64/LangoTraceData-OutputFileMap.json -use-frontend-parseable-output -save-temps -no-color-diagnostics -explicit-module-build -module-cache-path /Users/zibuyu/Library/Developer/Xcode/DerivedData/LangoTrace-hdfadqhothdwgbahopjjqiwrxhky/Build/Intermediates.noindex/SwiftExplicitPrecompiledModules -clang-scanner-module-cache-path /Users/zibuyu/Library/Developer/Xcode/DerivedData/ModuleCache.noindex -sdk-module-cache-path /Users/zibuyu/Library/Developer/Xcode/DerivedData/ModuleCache.noindex -serialize-diagnostics -emit-dependencies -emit-module -emit-module-path /Users/zibuyu/Library/Developer/Xcode/DerivedData/LangoTrace-hdfadqhothdwgbahopjjqiwrxhky/Build/Intermediates.noindex/LangoTraceData.build/Debug-iphonesimulator/LangoTraceData.build/Objects-normal/arm64/LangoTraceData.swiftmodule -validate-clang-modules-once -clang-build-session-file /Users/zibuyu/Library/Developer/Xcode/DerivedData/ModuleCache.noindex/Session.modulevalidation -package-name langotracedata -Xcc -I/Users/zibuyu/Library/Developer/Xcode/DerivedData/LangoTrace-hdfadqhothdwgbahopjjqiwrxhky/Build/Intermediates.noindex/LangoTraceData.build/Debug-iphonesimulator/LangoTraceData.build/swift-overrides.hmap -emit-const-values -Xfrontend -const-gather-protocols-file -Xfrontend /Users/zibuyu/Library/Developer/Xcode/DerivedData/LangoTrace-hdfadqhothdwgbahopjjqiwrxhky/Build/Intermediates.noindex/LangoTraceData.build/Debug-iphonesimulator/LangoTraceData.build/Objects-normal/arm64/LangoTraceData_const_extract_protocols.json -Xcc -I/Users/zibuyu/Library/Developer/Xcode/DerivedData/LangoTrace-hdfadqhothdwgbahopjjqiwrxhky/Build/Products/Debug-iphonesimulator/include -Xcc -I/Users/zibuyu/Library/Developer/Xcode/DerivedData/LangoTrace-hdfadqhothdwgbahopjjqiwrxhky/Build/Intermediates.noindex/LangoTraceData.build/Debug-iphonesimulator/LangoTraceData.build/DerivedSources-normal/arm64 -Xcc -I/Users/zibuyu/Library/Developer/Xcode/DerivedData/LangoTrace-hdfadqhothdwgbahopjjqiwrxhky/Build/Intermediates.noindex/LangoTraceData.build/Debug-iphonesimulator/LangoTraceData.build/DerivedSources/arm64 -Xcc -I/Users/zibuyu/Library/Developer/Xcode/DerivedData/LangoTrace-hdfadqhothdwgbahopjjqiwrxhky/Build/Intermediates.noindex/LangoTraceData.build/Debug-iphonesimulator/LangoTraceData.build/DerivedSources -Xcc -DSWIFT_PACKAGE -Xcc -DDEBUG\=1 -emit-objc-header -emit-objc-header-path /Users/zibuyu/Library/Developer/Xcode/DerivedData/LangoTrace-hdfadqhothdwgbahopjjqiwrxhky/Build/Intermediates.noindex/LangoTraceData.build/Debug-iphonesimulator/LangoTraceData.build/Objects-normal/arm64/LangoTraceData-Swift.h -working-directory /Users/zibuyu/code/zibuyu/LangoTrace/LangoTrace.xcodeproj -experimental-emit-module-separately -disable-cmo

SwiftDriver\ Compilation LangoTraceAI normal arm64 com.apple.xcode.tools.swift.compiler (in target 'LangoTraceAI' from project 'LangoTraceAI')
    cd /Users/zibuyu/code/zibuyu/LangoTrace/LangoTrace.xcodeproj
    builtin-Swift-Compilation -- /Applications/Xcode.app/Contents/Developer/Toolchains/XcodeDefault.xctoolchain/usr/bin/swiftc -module-name LangoTraceAI -Onone @/Users/zibuyu/Library/Developer/Xcode/DerivedData/LangoTrace-hdfadqhothdwgbahopjjqiwrxhky/Build/Intermediates.noindex/LangoTraceAI.build/Debug-iphonesimulator/LangoTraceAI.build/Objects-normal/arm64/LangoTraceAI.SwiftFileList -DSWIFT_PACKAGE -DDEBUG -DSWIFT_MODULE_RESOURCE_BUNDLE_AVAILABLE -DXcode -plugin-path /Applications/Xcode.app/Contents/Developer/Toolchains/XcodeDefault.xctoolchain/usr/lib/swift/host/plugins/testing -enable-experimental-feature DebugDescriptionMacro -sdk /Applications/Xcode.app/Contents/Developer/Platforms/iPhoneSimulator.platform/Developer/SDKs/iPhoneSimulator26.5.sdk -target arm64-apple-ios18.0-simulator -g -module-cache-path /Users/zibuyu/Library/Developer/Xcode/DerivedData/ModuleCache.noindex -Xfrontend -serialize-debugging-options -profile-coverage-mapping -profile-generate -enable-testing -index-store-path /Users/zibuyu/Library/Developer/Xcode/DerivedData/LangoTrace-hdfadqhothdwgbahopjjqiwrxhky/Index.noindex/DataStore -Xcc -D_LIBCPP_HARDENING_MODE\=_LIBCPP_HARDENING_MODE_DEBUG -swift-version 6 -I /Users/zibuyu/Library/Developer/Xcode/DerivedData/LangoTrace-hdfadqhothdwgbahopjjqiwrxhky/Build/Products/Debug-iphonesimulator -Isystem /Applications/Xcode.app/Contents/Developer/Platforms/iPhoneSimulator.platform/Developer/usr/lib -F /Users/zibuyu/Library/Developer/Xcode/DerivedData/LangoTrace-hdfadqhothdwgbahopjjqiwrxhky/Build/Products/Debug-iphonesimulator/PackageFrameworks -F /Users/zibuyu/Library/Developer/Xcode/DerivedData/LangoTrace-hdfadqhothdwgbahopjjqiwrxhky/Build/Products/Debug-iphonesimulator -F /Applications/Xcode.app/Contents/Developer/Platforms/iPhoneSimulator.platform/Developer/Library/Frameworks -F /Applications/Xcode.app/Contents/Developer/Platforms/iPhoneSimulator.platform/Developer/SDKs/iPhoneSimulator26.5.sdk/Developer/Library/Frameworks -c -j10 -enable-batch-mode -incremental -Xcc -ivfsstatcache -Xcc /Users/zibuyu/Library/Developer/Xcode/DerivedData/SDKStatCaches.noindex/iphonesimulator26.5-23F73-6cfe768891a92b912361537c460fe42b.sdkstatcache -output-file-map /Users/zibuyu/Library/Developer/Xcode/DerivedData/LangoTrace-hdfadqhothdwgbahopjjqiwrxhky/Build/Intermediates.noindex/LangoTraceAI.build/Debug-iphonesimulator/LangoTraceAI.build/Objects-normal/arm64/LangoTraceAI-OutputFileMap.json -use-frontend-parseable-output -save-temps -no-color-diagnostics -explicit-module-build -module-cache-path /Users/zibuyu/Library/Developer/Xcode/DerivedData/LangoTrace-hdfadqhothdwgbahopjjqiwrxhky/Build/Intermediates.noindex/SwiftExplicitPrecompiledModules -clang-scanner-module-cache-path /Users/zibuyu/Library/Developer/Xcode/DerivedData/ModuleCache.noindex -sdk-module-cache-path /Users/zibuyu/Library/Developer/Xcode/DerivedData/ModuleCache.noindex -serialize-diagnostics -emit-dependencies -emit-module -emit-module-path /Users/zibuyu/Library/Developer/Xcode/DerivedData/LangoTrace-hdfadqhothdwgbahopjjqiwrxhky/Build/Intermediates.noindex/LangoTraceAI.build/Debug-iphonesimulator/LangoTraceAI.build/Objects-normal/arm64/LangoTraceAI.swiftmodule -validate-clang-modules-once -clang-build-session-file /Users/zibuyu/Library/Developer/Xcode/DerivedData/ModuleCache.noindex/Session.modulevalidation -package-name langotraceai -Xcc -I/Users/zibuyu/Library/Developer/Xcode/DerivedData/LangoTrace-hdfadqhothdwgbahopjjqiwrxhky/Build/Intermediates.noindex/LangoTraceAI.build/Debug-iphonesimulator/LangoTraceAI.build/swift-overrides.hmap -emit-const-values -Xfrontend -const-gather-protocols-file -Xfrontend /Users/zibuyu/Library/Developer/Xcode/DerivedData/LangoTrace-hdfadqhothdwgbahopjjqiwrxhky/Build/Intermediates.noindex/LangoTraceAI.build/Debug-iphonesimulator/LangoTraceAI.build/Objects-normal/arm64/LangoTraceAI_const_extract_protocols.json -Xcc -I/Users/zibuyu/Library/Developer/Xcode/DerivedData/LangoTrace-hdfadqhothdwgbahopjjqiwrxhky/Build/Products/Debug-iphonesimulator/include -Xcc -I/Users/zibuyu/Library/Developer/Xcode/DerivedData/LangoTrace-hdfadqhothdwgbahopjjqiwrxhky/Build/Intermediates.noindex/LangoTraceAI.build/Debug-iphonesimulator/LangoTraceAI.build/DerivedSources-normal/arm64 -Xcc -I/Users/zibuyu/Library/Developer/Xcode/DerivedData/LangoTrace-hdfadqhothdwgbahopjjqiwrxhky/Build/Intermediates.noindex/LangoTraceAI.build/Debug-iphonesimulator/LangoTraceAI.build/DerivedSources/arm64 -Xcc -I/Users/zibuyu/Library/Developer/Xcode/DerivedData/LangoTrace-hdfadqhothdwgbahopjjqiwrxhky/Build/Intermediates.noindex/LangoTraceAI.build/Debug-iphonesimulator/LangoTraceAI.build/DerivedSources -Xcc -DSWIFT_PACKAGE -Xcc -DDEBUG\=1 -emit-objc-header -emit-objc-header-path /Users/zibuyu/Library/Developer/Xcode/DerivedData/LangoTrace-hdfadqhothdwgbahopjjqiwrxhky/Build/Intermediates.noindex/LangoTraceAI.build/Debug-iphonesimulator/LangoTraceAI.build/Objects-normal/arm64/LangoTraceAI-Swift.h -working-directory /Users/zibuyu/code/zibuyu/LangoTrace/LangoTrace.xcodeproj -experimental-emit-module-separately -disable-cmo

SwiftDriver\ Compilation GRDB normal arm64 com.apple.xcode.tools.swift.compiler (in target 'GRDB' from project 'GRDB')
    cd /Users/zibuyu/code/zibuyu/LangoTrace/LangoTrace.xcodeproj
    builtin-Swift-Compilation -- /Applications/Xcode.app/Contents/Developer/Toolchains/XcodeDefault.xctoolchain/usr/bin/swiftc -module-name GRDB -Onone @/Users/zibuyu/Library/Developer/Xcode/DerivedData/LangoTrace-hdfadqhothdwgbahopjjqiwrxhky/Build/Intermediates.noindex/GRDB.build/Debug-iphonesimulator/GRDB.build/Objects-normal/arm64/GRDB.SwiftFileList -DSWIFT_PACKAGE -DDEBUG -DSWIFT_MODULE_RESOURCE_BUNDLE_AVAILABLE -DSQLITE_ENABLE_FTS5 -DSQLITE_ENABLE_SNAPSHOT -Xcc -fmodule-map-file\=/Users/zibuyu/Library/Developer/Xcode/DerivedData/LangoTrace-hdfadqhothdwgbahopjjqiwrxhky/SourcePackages/checkouts/GRDB.swift/Sources/GRDBSQLite/module.modulemap -DXcode -plugin-path /Applications/Xcode.app/Contents/Developer/Toolchains/XcodeDefault.xctoolchain/usr/lib/swift/host/plugins/testing -enable-experimental-feature DebugDescriptionMacro -sdk /Applications/Xcode.app/Contents/Developer/Platforms/iPhoneSimulator.platform/Developer/SDKs/iPhoneSimulator26.5.sdk -target arm64-apple-ios13.0-simulator -g -module-cache-path /Users/zibuyu/Library/Developer/Xcode/DerivedData/ModuleCache.noindex -Xfrontend -serialize-debugging-options -profile-coverage-mapping -profile-generate -enable-testing -suppress-warnings -index-store-path /Users/zibuyu/Library/Developer/Xcode/DerivedData/LangoTrace-hdfadqhothdwgbahopjjqiwrxhky/Index.noindex/DataStore -Xcc -D_LIBCPP_HARDENING_MODE\=_LIBCPP_HARDENING_MODE_DEBUG -swift-version 6 -I /Users/zibuyu/Library/Developer/Xcode/DerivedData/LangoTrace-hdfadqhothdwgbahopjjqiwrxhky/Build/Products/Debug-iphonesimulator -Isystem /Applications/Xcode.app/Contents/Developer/Platforms/iPhoneSimulator.platform/Developer/usr/lib -F /Users/zibuyu/Library/Developer/Xcode/DerivedData/LangoTrace-hdfadqhothdwgbahopjjqiwrxhky/Build/Products/Debug-iphonesimulator -F /Applications/Xcode.app/Contents/Developer/Platforms/iPhoneSimulator.platform/Developer/Library/Frameworks -F /Applications/Xcode.app/Contents/Developer/Platforms/iPhoneSimulator.platform/Developer/SDKs/iPhoneSimulator26.5.sdk/Developer/Library/Frameworks -emit-localized-strings -emit-localized-strings-path /Users/zibuyu/Library/Developer/Xcode/DerivedData/LangoTrace-hdfadqhothdwgbahopjjqiwrxhky/Build/Intermediates.noindex/GRDB.build/Debug-iphonesimulator/GRDB.build/Objects-normal/arm64 -c -j10 -enable-batch-mode -incremental -Xcc -ivfsstatcache -Xcc /Users/zibuyu/Library/Developer/Xcode/DerivedData/SDKStatCaches.noindex/iphonesimulator26.5-23F73-6cfe768891a92b912361537c460fe42b.sdkstatcache -output-file-map /Users/zibuyu/Library/Developer/Xcode/DerivedData/LangoTrace-hdfadqhothdwgbahopjjqiwrxhky/Build/Intermediates.noindex/GRDB.build/Debug-iphonesimulator/GRDB.build/Objects-normal/arm64/GRDB-OutputFileMap.json -use-frontend-parseable-output -save-temps -no-color-diagnostics -explicit-module-build -module-cache-path /Users/zibuyu/Library/Developer/Xcode/DerivedData/LangoTrace-hdfadqhothdwgbahopjjqiwrxhky/Build/Intermediates.noindex/SwiftExplicitPrecompiledModules -clang-scanner-module-cache-path /Users/zibuyu/Library/Developer/Xcode/DerivedData/ModuleCache.noindex -sdk-module-cache-path /Users/zibuyu/Library/Developer/Xcode/DerivedData/ModuleCache.noindex -serialize-diagnostics -emit-dependencies -emit-module -emit-module-path /Users/zibuyu/Library/Developer/Xcode/DerivedData/LangoTrace-hdfadqhothdwgbahopjjqiwrxhky/Build/Intermediates.noindex/GRDB.build/Debug-iphonesimulator/GRDB.build/Objects-normal/arm64/GRDB.swiftmodule -user-module-version 7.10.0 -validate-clang-modules-once -clang-build-session-file /Users/zibuyu/Library/Developer/Xcode/DerivedData/ModuleCache.noindex/Session.modulevalidation -package-name grdb_swift -Xcc -I/Users/zibuyu/Library/Developer/Xcode/DerivedData/LangoTrace-hdfadqhothdwgbahopjjqiwrxhky/Build/Intermediates.noindex/GRDB.build/Debug-iphonesimulator/GRDB.build/swift-overrides.hmap -emit-const-values -Xfrontend -const-gather-protocols-file -Xfrontend /Users/zibuyu/Library/Developer/Xcode/DerivedData/LangoTrace-hdfadqhothdwgbahopjjqiwrxhky/Build/Intermediates.noindex/GRDB.build/Debug-iphonesimulator/GRDB.build/Objects-normal/arm64/GRDB_const_extract_protocols.json -Xcc -I/Users/zibuyu/Library/Developer/Xcode/DerivedData/LangoTrace-hdfadqhothdwgbahopjjqiwrxhky/Build/Products/Debug-iphonesimulator/include -Xcc -I/Users/zibuyu/Library/Developer/Xcode/DerivedData/LangoTrace-hdfadqhothdwgbahopjjqiwrxhky/Build/Intermediates.noindex/GRDB.build/Debug-iphonesimulator/GRDB.build/DerivedSources-normal/arm64 -Xcc -I/Users/zibuyu/Library/Developer/Xcode/DerivedData/LangoTrace-hdfadqhothdwgbahopjjqiwrxhky/Build/Intermediates.noindex/GRDB.build/Debug-iphonesimulator/GRDB.build/DerivedSources/arm64 -Xcc -I/Users/zibuyu/Library/Developer/Xcode/DerivedData/LangoTrace-hdfadqhothdwgbahopjjqiwrxhky/Build/Intermediates.noindex/GRDB.build/Debug-iphonesimulator/GRDB.build/DerivedSources -Xcc -DSWIFT_PACKAGE -Xcc -DDEBUG\=1 -emit-objc-header -emit-objc-header-path /Users/zibuyu/Library/Developer/Xcode/DerivedData/LangoTrace-hdfadqhothdwgbahopjjqiwrxhky/Build/Intermediates.noindex/GRDB.build/Debug-iphonesimulator/GRDB.build/Objects-normal/arm64/GRDB-Swift.h -working-directory /Users/zibuyu/code/zibuyu/LangoTrace/LangoTrace.xcodeproj -experimental-emit-module-separately -disable-cmo

SwiftMergeGeneratedHeaders /Users/zibuyu/Library/Developer/Xcode/DerivedData/LangoTrace-hdfadqhothdwgbahopjjqiwrxhky/Build/Intermediates.noindex/GeneratedModuleMaps-iphonesimulator/LangoTraceUI-Swift.h /Users/zibuyu/Library/Developer/Xcode/DerivedData/LangoTrace-hdfadqhothdwgbahopjjqiwrxhky/Build/Intermediates.noindex/LangoTraceUI.build/Debug-iphonesimulator/LangoTraceUI.build/Objects-normal/arm64/LangoTraceUI-Swift.h (in target 'LangoTraceUI' from project 'LangoTraceUI')
    cd /Users/zibuyu/code/zibuyu/LangoTrace/Packages/LangoTraceUI
    builtin-swiftHeaderTool -arch arm64 /Users/zibuyu/Library/Developer/Xcode/DerivedData/LangoTrace-hdfadqhothdwgbahopjjqiwrxhky/Build/Intermediates.noindex/LangoTraceUI.build/Debug-iphonesimulator/LangoTraceUI.build/Objects-normal/arm64/LangoTraceUI-Swift.h -o /Users/zibuyu/Library/Developer/Xcode/DerivedData/LangoTrace-hdfadqhothdwgbahopjjqiwrxhky/Build/Intermediates.noindex/GeneratedModuleMaps-iphonesimulator/LangoTraceUI-Swift.h

Copy /Users/zibuyu/Library/Developer/Xcode/DerivedData/LangoTrace-hdfadqhothdwgbahopjjqiwrxhky/Build/Products/Debug-iphonesimulator/LangoTraceUI.swiftmodule/arm64-apple-ios-simulator.swiftmodule /Users/zibuyu/Library/Developer/Xcode/DerivedData/LangoTrace-hdfadqhothdwgbahopjjqiwrxhky/Build/Intermediates.noindex/LangoTraceUI.build/Debug-iphonesimulator/LangoTraceUI.build/Objects-normal/arm64/LangoTraceUI.swiftmodule (in target 'LangoTraceUI' from project 'LangoTraceUI')
    cd /Users/zibuyu/code/zibuyu/LangoTrace/Packages/LangoTraceUI
    builtin-copy -exclude .DS_Store -exclude CVS -exclude .svn -exclude .git -exclude .hg -resolve-src-symlinks -rename /Users/zibuyu/Library/Developer/Xcode/DerivedData/LangoTrace-hdfadqhothdwgbahopjjqiwrxhky/Build/Intermediates.noindex/LangoTraceUI.build/Debug-iphonesimulator/LangoTraceUI.build/Objects-normal/arm64/LangoTraceUI.swiftmodule /Users/zibuyu/Library/Developer/Xcode/DerivedData/LangoTrace-hdfadqhothdwgbahopjjqiwrxhky/Build/Products/Debug-iphonesimulator/LangoTraceUI.swiftmodule/arm64-apple-ios-simulator.swiftmodule

Copy /Users/zibuyu/Library/Developer/Xcode/DerivedData/LangoTrace-hdfadqhothdwgbahopjjqiwrxhky/Build/Products/Debug-iphonesimulator/LangoTraceUI.swiftmodule/arm64-apple-ios-simulator.swiftdoc /Users/zibuyu/Library/Developer/Xcode/DerivedData/LangoTrace-hdfadqhothdwgbahopjjqiwrxhky/Build/Intermediates.noindex/LangoTraceUI.build/Debug-iphonesimulator/LangoTraceUI.build/Objects-normal/arm64/LangoTraceUI.swiftdoc (in target 'LangoTraceUI' from project 'LangoTraceUI')
    cd /Users/zibuyu/code/zibuyu/LangoTrace/Packages/LangoTraceUI
    builtin-copy -exclude .DS_Store -exclude CVS -exclude .svn -exclude .git -exclude .hg -resolve-src-symlinks -rename /Users/zibuyu/Library/Developer/Xcode/DerivedData/LangoTrace-hdfadqhothdwgbahopjjqiwrxhky/Build/Intermediates.noindex/LangoTraceUI.build/Debug-iphonesimulator/LangoTraceUI.build/Objects-normal/arm64/LangoTraceUI.swiftdoc /Users/zibuyu/Library/Developer/Xcode/DerivedData/LangoTrace-hdfadqhothdwgbahopjjqiwrxhky/Build/Products/Debug-iphonesimulator/LangoTraceUI.swiftmodule/arm64-apple-ios-simulator.swiftdoc

Copy /Users/zibuyu/Library/Developer/Xcode/DerivedData/LangoTrace-hdfadqhothdwgbahopjjqiwrxhky/Build/Products/Debug-iphonesimulator/LangoTraceUI.swiftmodule/arm64-apple-ios-simulator.abi.json /Users/zibuyu/Library/Developer/Xcode/DerivedData/LangoTrace-hdfadqhothdwgbahopjjqiwrxhky/Build/Intermediates.noindex/LangoTraceUI.build/Debug-iphonesimulator/LangoTraceUI.build/Objects-normal/arm64/LangoTraceUI.abi.json (in target 'LangoTraceUI' from project 'LangoTraceUI')
    cd /Users/zibuyu/code/zibuyu/LangoTrace/Packages/LangoTraceUI
    builtin-copy -exclude .DS_Store -exclude CVS -exclude .svn -exclude .git -exclude .hg -resolve-src-symlinks -rename /Users/zibuyu/Library/Developer/Xcode/DerivedData/LangoTrace-hdfadqhothdwgbahopjjqiwrxhky/Build/Intermediates.noindex/LangoTraceUI.build/Debug-iphonesimulator/LangoTraceUI.build/Objects-normal/arm64/LangoTraceUI.abi.json /Users/zibuyu/Library/Developer/Xcode/DerivedData/LangoTrace-hdfadqhothdwgbahopjjqiwrxhky/Build/Products/Debug-iphonesimulator/LangoTraceUI.swiftmodule/arm64-apple-ios-simulator.abi.json

Copy /Users/zibuyu/Library/Developer/Xcode/DerivedData/LangoTrace-hdfadqhothdwgbahopjjqiwrxhky/Build/Products/Debug-iphonesimulator/LangoTraceUI.swiftmodule/Project/arm64-apple-ios-simulator.swiftsourceinfo /Users/zibuyu/Library/Developer/Xcode/DerivedData/LangoTrace-hdfadqhothdwgbahopjjqiwrxhky/Build/Intermediates.noindex/LangoTraceUI.build/Debug-iphonesimulator/LangoTraceUI.build/Objects-normal/arm64/LangoTraceUI.swiftsourceinfo (in target 'LangoTraceUI' from project 'LangoTraceUI')
    cd /Users/zibuyu/code/zibuyu/LangoTrace/Packages/LangoTraceUI
    builtin-copy -exclude .DS_Store -exclude CVS -exclude .svn -exclude .git -exclude .hg -resolve-src-symlinks -rename /Users/zibuyu/Library/Developer/Xcode/DerivedData/LangoTrace-hdfadqhothdwgbahopjjqiwrxhky/Build/Intermediates.noindex/LangoTraceUI.build/Debug-iphonesimulator/LangoTraceUI.build/Objects-normal/arm64/LangoTraceUI.swiftsourceinfo /Users/zibuyu/Library/Developer/Xcode/DerivedData/LangoTrace-hdfadqhothdwgbahopjjqiwrxhky/Build/Products/Debug-iphonesimulator/LangoTraceUI.swiftmodule/Project/arm64-apple-ios-simulator.swiftsourceinfo

Ld /Users/zibuyu/Library/Developer/Xcode/DerivedData/LangoTrace-hdfadqhothdwgbahopjjqiwrxhky/Build/Products/Debug-iphonesimulator/LangoTraceAI.o normal (in target 'LangoTraceAI' from project 'LangoTraceAI')
    cd /Users/zibuyu/code/zibuyu/LangoTrace/Packages/LangoTraceAI
    /Applications/Xcode.app/Contents/Developer/Toolchains/XcodeDefault.xctoolchain/usr/bin/clang -Xlinker -reproducible -target arm64-apple-ios18.0-simulator -r -isysroot /Applications/Xcode.app/Contents/Developer/Platforms/iPhoneSimulator.platform/Developer/SDKs/iPhoneSimulator26.5.sdk -O0 -F/Users/zibuyu/Library/Developer/Xcode/DerivedData/LangoTrace-hdfadqhothdwgbahopjjqiwrxhky/Build/Intermediates.noindex/EagerLinkingTBDs/Debug-iphonesimulator -F/Users/zibuyu/Library/Developer/Xcode/DerivedData/LangoTrace-hdfadqhothdwgbahopjjqiwrxhky/Build/Products/Debug-iphonesimulator/PackageFrameworks -F/Users/zibuyu/Library/Developer/Xcode/DerivedData/LangoTrace-hdfadqhothdwgbahopjjqiwrxhky/Build/Products/Debug-iphonesimulator -iframework /Applications/Xcode.app/Contents/Developer/Platforms/iPhoneSimulator.platform/Developer/Library/Frameworks -iframework /Applications/Xcode.app/Contents/Developer/Platforms/iPhoneSimulator.platform/Developer/SDKs/iPhoneSimulator26.5.sdk/Developer/Library/Frameworks -filelist /Users/zibuyu/Library/Developer/Xcode/DerivedData/LangoTrace-hdfadqhothdwgbahopjjqiwrxhky/Build/Intermediates.noindex/LangoTraceAI.build/Debug-iphonesimulator/LangoTraceAI.build/Objects-normal/arm64/LangoTraceAI.LinkFileList -nostdlib -Xlinker -object_path_lto -Xlinker /Users/zibuyu/Library/Developer/Xcode/DerivedData/LangoTrace-hdfadqhothdwgbahopjjqiwrxhky/Build/Intermediates.noindex/LangoTraceAI.build/Debug-iphonesimulator/LangoTraceAI.build/Objects-normal/arm64/LangoTraceAI_lto.o -Xlinker -no_deduplicate -Xlinker -objc_abi_version -Xlinker 2 -Xlinker -debug_variant -Xlinker -dependency_info -Xlinker /Users/zibuyu/Library/Developer/Xcode/DerivedData/LangoTrace-hdfadqhothdwgbahopjjqiwrxhky/Build/Intermediates.noindex/LangoTraceAI.build/Debug-iphonesimulator/LangoTraceAI.build/Objects-normal/arm64/LangoTraceAI_dependency_info.dat -fobjc-link-runtime -L/Applications/Xcode.app/Contents/Developer/Toolchains/XcodeDefault.xctoolchain/usr/lib/swift/iphonesimulator -L/usr/lib/swift -Xlinker -add_ast_path -Xlinker /Users/zibuyu/Library/Developer/Xcode/DerivedData/LangoTrace-hdfadqhothdwgbahopjjqiwrxhky/Build/Intermediates.noindex/LangoTraceAI.build/Debug-iphonesimulator/LangoTraceAI.build/Objects-normal/arm64/LangoTraceAI.swiftmodule @/Users/zibuyu/Library/Developer/Xcode/DerivedData/LangoTrace-hdfadqhothdwgbahopjjqiwrxhky/Build/Intermediates.noindex/LangoTraceAI.build/Debug-iphonesimulator/LangoTraceAI.build/Objects-normal/arm64/LangoTraceAI-linker-args.resp -o /Users/zibuyu/Library/Developer/Xcode/DerivedData/LangoTrace-hdfadqhothdwgbahopjjqiwrxhky/Build/Products/Debug-iphonesimulator/LangoTraceAI.o

Ld /Users/zibuyu/Library/Developer/Xcode/DerivedData/LangoTrace-hdfadqhothdwgbahopjjqiwrxhky/Build/Products/Debug-iphonesimulator/GRDB.o normal (in target 'GRDB' from project 'GRDB')
    cd /Users/zibuyu/Library/Developer/Xcode/DerivedData/LangoTrace-hdfadqhothdwgbahopjjqiwrxhky/SourcePackages/checkouts/GRDB.swift
    /Applications/Xcode.app/Contents/Developer/Toolchains/XcodeDefault.xctoolchain/usr/bin/clang -Xlinker -reproducible -target arm64-apple-ios13.0-simulator -r -isysroot /Applications/Xcode.app/Contents/Developer/Platforms/iPhoneSimulator.platform/Developer/SDKs/iPhoneSimulator26.5.sdk -O0 -w -F/Users/zibuyu/Library/Developer/Xcode/DerivedData/LangoTrace-hdfadqhothdwgbahopjjqiwrxhky/Build/Intermediates.noindex/EagerLinkingTBDs/Debug-iphonesimulator -F/Users/zibuyu/Library/Developer/Xcode/DerivedData/LangoTrace-hdfadqhothdwgbahopjjqiwrxhky/Build/Products/Debug-iphonesimulator -iframework /Applications/Xcode.app/Contents/Developer/Platforms/iPhoneSimulator.platform/Developer/Library/Frameworks -iframework /Applications/Xcode.app/Contents/Developer/Platforms/iPhoneSimulator.platform/Developer/SDKs/iPhoneSimulator26.5.sdk/Developer/Library/Frameworks -filelist /Users/zibuyu/Library/Developer/Xcode/DerivedData/LangoTrace-hdfadqhothdwgbahopjjqiwrxhky/Build/Intermediates.noindex/GRDB.build/Debug-iphonesimulator/GRDB.build/Objects-normal/arm64/GRDB.LinkFileList -nostdlib -Xlinker -object_path_lto -Xlinker /Users/zibuyu/Library/Developer/Xcode/DerivedData/LangoTrace-hdfadqhothdwgbahopjjqiwrxhky/Build/Intermediates.noindex/GRDB.build/Debug-iphonesimulator/GRDB.build/Objects-normal/arm64/GRDB_lto.o -Xlinker -no_deduplicate -Xlinker -objc_abi_version -Xlinker 2 -Xlinker -debug_variant -Xlinker -dependency_info -Xlinker /Users/zibuyu/Library/Developer/Xcode/DerivedData/LangoTrace-hdfadqhothdwgbahopjjqiwrxhky/Build/Intermediates.noindex/GRDB.build/Debug-iphonesimulator/GRDB.build/Objects-normal/arm64/GRDB_dependency_info.dat -fobjc-link-runtime -L/Applications/Xcode.app/Contents/Developer/Toolchains/XcodeDefault.xctoolchain/usr/lib/swift/iphonesimulator -L/usr/lib/swift -Xlinker -add_ast_path -Xlinker /Users/zibuyu/Library/Developer/Xcode/DerivedData/LangoTrace-hdfadqhothdwgbahopjjqiwrxhky/Build/Intermediates.noindex/GRDB.build/Debug-iphonesimulator/GRDB.build/Objects-normal/arm64/GRDB.swiftmodule @/Users/zibuyu/Library/Developer/Xcode/DerivedData/LangoTrace-hdfadqhothdwgbahopjjqiwrxhky/Build/Intermediates.noindex/GRDB.build/Debug-iphonesimulator/GRDB.build/Objects-normal/arm64/GRDB-linker-args.resp -o /Users/zibuyu/Library/Developer/Xcode/DerivedData/LangoTrace-hdfadqhothdwgbahopjjqiwrxhky/Build/Products/Debug-iphonesimulator/GRDB.o

ExtractAppIntentsMetadata (in target 'LangoTraceAI' from project 'LangoTraceAI')
    cd /Users/zibuyu/code/zibuyu/LangoTrace/Packages/LangoTraceAI
    /Applications/Xcode.app/Contents/Developer/Toolchains/XcodeDefault.xctoolchain/usr/bin/appintentsmetadataprocessor --toolchain-dir /Applications/Xcode.app/Contents/Developer/Toolchains/XcodeDefault.xctoolchain --module-name LangoTraceAI --sdk-root /Applications/Xcode.app/Contents/Developer/Platforms/iPhoneSimulator.platform/Developer/SDKs/iPhoneSimulator26.5.sdk --xcode-version 17F42 --platform-family iOS --deployment-target 18.0 --bundle-identifier langotraceai.LangoTraceAI --output /Users/zibuyu/Library/Developer/Xcode/DerivedData/LangoTrace-hdfadqhothdwgbahopjjqiwrxhky/Build/Products/Debug-iphonesimulator/LangoTraceAI.appintents --target-triple arm64-apple-ios18.0-simulator --binary-file /Users/zibuyu/Library/Developer/Xcode/DerivedData/LangoTrace-hdfadqhothdwgbahopjjqiwrxhky/Build/Products/Debug-iphonesimulator/LangoTraceAI.o --dependency-file /Users/zibuyu/Library/Developer/Xcode/DerivedData/LangoTrace-hdfadqhothdwgbahopjjqiwrxhky/Build/Intermediates.noindex/LangoTraceAI.build/Debug-iphonesimulator/LangoTraceAI.build/Objects-normal/arm64/LangoTraceAI_dependency_info.dat --stringsdata-file /Users/zibuyu/Library/Developer/Xcode/DerivedData/LangoTrace-hdfadqhothdwgbahopjjqiwrxhky/Build/Intermediates.noindex/LangoTraceAI.build/Debug-iphonesimulator/LangoTraceAI.build/Objects-normal/arm64/ExtractedAppShortcutsMetadata.stringsdata --source-file-list /Users/zibuyu/Library/Developer/Xcode/DerivedData/LangoTrace-hdfadqhothdwgbahopjjqiwrxhky/Build/Intermediates.noindex/LangoTraceAI.build/Debug-iphonesimulator/LangoTraceAI.build/Objects-normal/arm64/LangoTraceAI.SwiftFileList --metadata-file-list /Users/zibuyu/Library/Developer/Xcode/DerivedData/LangoTrace-hdfadqhothdwgbahopjjqiwrxhky/Build/Intermediates.noindex/LangoTraceAI.build/Debug-iphonesimulator/LangoTraceAI.build/LangoTraceAI.DependencyMetadataFileList --static-metadata-file-list /Users/zibuyu/Library/Developer/Xcode/DerivedData/LangoTrace-hdfadqhothdwgbahopjjqiwrxhky/Build/Intermediates.noindex/LangoTraceAI.build/Debug-iphonesimulator/LangoTraceAI.build/LangoTraceAI.DependencyStaticMetadataFileList --swift-const-vals-list /Users/zibuyu/Library/Developer/Xcode/DerivedData/LangoTrace-hdfadqhothdwgbahopjjqiwrxhky/Build/Intermediates.noindex/LangoTraceAI.build/Debug-iphonesimulator/LangoTraceAI.build/Objects-normal/arm64/LangoTraceAI.SwiftConstValuesFileList --force --compile-time-extraction --deployment-aware-processing --validate-assistant-intents --no-app-shortcuts-localization
2026-06-07 15:24:43.929 appintentsmetadataprocessor[82432:43181848] Starting appintentsmetadataprocessor export
2026-06-07 15:24:43.942 appintentsmetadataprocessor[82432:43181848] Extracted no relevant App Intents symbols, skipping writing output

ProcessProductPackaging "" /Users/zibuyu/Library/Developer/Xcode/DerivedData/LangoTrace-hdfadqhothdwgbahopjjqiwrxhky/Build/Intermediates.noindex/LangoTrace.build/Debug-iphonesimulator/LangoTrace-iOS.build/LangoTrace.app-Simulated.xcent (in target 'LangoTrace-iOS' from project 'LangoTrace')
    cd /Users/zibuyu/code/zibuyu/LangoTrace
    
    Entitlements:
    
    {
    "application-identifier" = "FAKETEAMID.com.zibuyu.LangoTrace";
}
    
    builtin-productPackagingUtility -entitlements -format xml -o /Users/zibuyu/Library/Developer/Xcode/DerivedData/LangoTrace-hdfadqhothdwgbahopjjqiwrxhky/Build/Intermediates.noindex/LangoTrace.build/Debug-iphonesimulator/LangoTrace-iOS.build/LangoTrace.app-Simulated.xcent

ExtractAppIntentsMetadata (in target 'GRDB' from project 'GRDB')
    cd /Users/zibuyu/Library/Developer/Xcode/DerivedData/LangoTrace-hdfadqhothdwgbahopjjqiwrxhky/SourcePackages/checkouts/GRDB.swift
    /Applications/Xcode.app/Contents/Developer/Toolchains/XcodeDefault.xctoolchain/usr/bin/appintentsmetadataprocessor --toolchain-dir /Applications/Xcode.app/Contents/Developer/Toolchains/XcodeDefault.xctoolchain --module-name GRDB --sdk-root /Applications/Xcode.app/Contents/Developer/Platforms/iPhoneSimulator.platform/Developer/SDKs/iPhoneSimulator26.5.sdk --xcode-version 17F42 --platform-family iOS --deployment-target 13.0 --bundle-identifier grdb.swift.GRDB --output /Users/zibuyu/Library/Developer/Xcode/DerivedData/LangoTrace-hdfadqhothdwgbahopjjqiwrxhky/Build/Products/Debug-iphonesimulator/GRDB.appintents --target-triple arm64-apple-ios13.0-simulator --binary-file /Users/zibuyu/Library/Developer/Xcode/DerivedData/LangoTrace-hdfadqhothdwgbahopjjqiwrxhky/Build/Products/Debug-iphonesimulator/GRDB.o --dependency-file /Users/zibuyu/Library/Developer/Xcode/DerivedData/LangoTrace-hdfadqhothdwgbahopjjqiwrxhky/Build/Intermediates.noindex/GRDB.build/Debug-iphonesimulator/GRDB.build/Objects-normal/arm64/GRDB_dependency_info.dat --stringsdata-file /Users/zibuyu/Library/Developer/Xcode/DerivedData/LangoTrace-hdfadqhothdwgbahopjjqiwrxhky/Build/Intermediates.noindex/GRDB.build/Debug-iphonesimulator/GRDB.build/Objects-normal/arm64/ExtractedAppShortcutsMetadata.stringsdata --source-file-list /Users/zibuyu/Library/Developer/Xcode/DerivedData/LangoTrace-hdfadqhothdwgbahopjjqiwrxhky/Build/Intermediates.noindex/GRDB.build/Debug-iphonesimulator/GRDB.build/Objects-normal/arm64/GRDB.SwiftFileList --metadata-file-list /Users/zibuyu/Library/Developer/Xcode/DerivedData/LangoTrace-hdfadqhothdwgbahopjjqiwrxhky/Build/Intermediates.noindex/GRDB.build/Debug-iphonesimulator/GRDB.build/GRDB.DependencyMetadataFileList --static-metadata-file-list /Users/zibuyu/Library/Developer/Xcode/DerivedData/LangoTrace-hdfadqhothdwgbahopjjqiwrxhky/Build/Intermediates.noindex/GRDB.build/Debug-iphonesimulator/GRDB.build/GRDB.DependencyStaticMetadataFileList --swift-const-vals-list /Users/zibuyu/Library/Developer/Xcode/DerivedData/LangoTrace-hdfadqhothdwgbahopjjqiwrxhky/Build/Intermediates.noindex/GRDB.build/Debug-iphonesimulator/GRDB.build/Objects-normal/arm64/GRDB.SwiftConstValuesFileList --force --compile-time-extraction --deployment-aware-processing --validate-assistant-intents --no-app-shortcuts-localization
2026-06-07 15:24:43.967 appintentsmetadataprocessor[82433:43181853] Starting appintentsmetadataprocessor export
2026-06-07 15:24:43.986 appintentsmetadataprocessor[82433:43181853] Extracted no relevant App Intents symbols, skipping writing output

ProcessProductPackagingDER /Users/zibuyu/Library/Developer/Xcode/DerivedData/LangoTrace-hdfadqhothdwgbahopjjqiwrxhky/Build/Intermediates.noindex/LangoTrace.build/Debug-iphonesimulator/LangoTrace-iOS.build/LangoTrace.app-Simulated.xcent /Users/zibuyu/Library/Developer/Xcode/DerivedData/LangoTrace-hdfadqhothdwgbahopjjqiwrxhky/Build/Intermediates.noindex/LangoTrace.build/Debug-iphonesimulator/LangoTrace-iOS.build/LangoTrace.app-Simulated.xcent.der (in target 'LangoTrace-iOS' from project 'LangoTrace')
    cd /Users/zibuyu/code/zibuyu/LangoTrace
    /usr/bin/derq query -f xml -i /Users/zibuyu/Library/Developer/Xcode/DerivedData/LangoTrace-hdfadqhothdwgbahopjjqiwrxhky/Build/Intermediates.noindex/LangoTrace.build/Debug-iphonesimulator/LangoTrace-iOS.build/LangoTrace.app-Simulated.xcent -o /Users/zibuyu/Library/Developer/Xcode/DerivedData/LangoTrace-hdfadqhothdwgbahopjjqiwrxhky/Build/Intermediates.noindex/LangoTrace.build/Debug-iphonesimulator/LangoTrace-iOS.build/LangoTrace.app-Simulated.xcent.der --raw

MkDir /Users/zibuyu/Library/Developer/Xcode/DerivedData/LangoTrace-hdfadqhothdwgbahopjjqiwrxhky/Build/Intermediates.noindex/LangoTrace.build/Debug-iphonesimulator/LangoTrace-iOS.build/assetcatalog_output/unthinned (in target 'LangoTrace-iOS' from project 'LangoTrace')
    cd /Users/zibuyu/code/zibuyu/LangoTrace
    /bin/mkdir -p /Users/zibuyu/Library/Developer/Xcode/DerivedData/LangoTrace-hdfadqhothdwgbahopjjqiwrxhky/Build/Intermediates.noindex/LangoTrace.build/Debug-iphonesimulator/LangoTrace-iOS.build/assetcatalog_output/unthinned

MkDir /Users/zibuyu/Library/Developer/Xcode/DerivedData/LangoTrace-hdfadqhothdwgbahopjjqiwrxhky/Build/Intermediates.noindex/LangoTrace.build/Debug-iphonesimulator/LangoTrace-iOS.build/assetcatalog_output/thinned (in target 'LangoTrace-iOS' from project 'LangoTrace')
    cd /Users/zibuyu/code/zibuyu/LangoTrace
    /bin/mkdir -p /Users/zibuyu/Library/Developer/Xcode/DerivedData/LangoTrace-hdfadqhothdwgbahopjjqiwrxhky/Build/Intermediates.noindex/LangoTrace.build/Debug-iphonesimulator/LangoTrace-iOS.build/assetcatalog_output/thinned

GenerateAssetSymbols /Users/zibuyu/code/zibuyu/LangoTrace/LangoTraceApp/Resources/Assets.xcassets (in target 'LangoTrace-iOS' from project 'LangoTrace')
    cd /Users/zibuyu/code/zibuyu/LangoTrace
    /Applications/Xcode.app/Contents/Developer/usr/bin/actool /Users/zibuyu/code/zibuyu/LangoTrace/LangoTraceApp/Resources/Assets.xcassets --compile /Users/zibuyu/Library/Developer/Xcode/DerivedData/LangoTrace-hdfadqhothdwgbahopjjqiwrxhky/Build/Products/Debug-iphonesimulator/LangoTrace.app --output-format human-readable-text --notices --warnings --export-dependency-info /Users/zibuyu/Library/Developer/Xcode/DerivedData/LangoTrace-hdfadqhothdwgbahopjjqiwrxhky/Build/Intermediates.noindex/LangoTrace.build/Debug-iphonesimulator/LangoTrace-iOS.build/assetcatalog_dependencies --output-partial-info-plist /Users/zibuyu/Library/Developer/Xcode/DerivedData/LangoTrace-hdfadqhothdwgbahopjjqiwrxhky/Build/Intermediates.noindex/LangoTrace.build/Debug-iphonesimulator/LangoTrace-iOS.build/assetcatalog_generated_info.plist --app-icon AppIcon --compress-pngs --enable-on-demand-resources YES --development-region en --target-device iphone --target-device ipad --minimum-deployment-target 18.0 --platform iphonesimulator --bundle-identifier com.zibuyu.LangoTrace --generate-swift-asset-symbol-extensions NO --generate-swift-asset-symbols /Users/zibuyu/Library/Developer/Xcode/DerivedData/LangoTrace-hdfadqhothdwgbahopjjqiwrxhky/Build/Intermediates.noindex/LangoTrace.build/Debug-iphonesimulator/LangoTrace-iOS.build/DerivedSources/GeneratedAssetSymbols.swift --generate-objc-asset-symbols /Users/zibuyu/Library/Developer/Xcode/DerivedData/LangoTrace-hdfadqhothdwgbahopjjqiwrxhky/Build/Intermediates.noindex/LangoTrace.build/Debug-iphonesimulator/LangoTrace-iOS.build/DerivedSources/GeneratedAssetSymbols.h --generate-asset-symbol-index /Users/zibuyu/Library/Developer/Xcode/DerivedData/LangoTrace-hdfadqhothdwgbahopjjqiwrxhky/Build/Intermediates.noindex/LangoTrace.build/Debug-iphonesimulator/LangoTrace-iOS.build/DerivedSources/GeneratedAssetSymbols-Index.plist
/* com.apple.actool.compilation-results */
/Users/zibuyu/Library/Developer/Xcode/DerivedData/LangoTrace-hdfadqhothdwgbahopjjqiwrxhky/Build/Intermediates.noindex/LangoTrace.build/Debug-iphonesimulator/LangoTrace-iOS.build/DerivedSources/GeneratedAssetSymbols-Index.plist
/Users/zibuyu/Library/Developer/Xcode/DerivedData/LangoTrace-hdfadqhothdwgbahopjjqiwrxhky/Build/Intermediates.noindex/LangoTrace.build/Debug-iphonesimulator/LangoTrace-iOS.build/DerivedSources/GeneratedAssetSymbols.h
/Users/zibuyu/Library/Developer/Xcode/DerivedData/LangoTrace-hdfadqhothdwgbahopjjqiwrxhky/Build/Intermediates.noindex/LangoTrace.build/Debug-iphonesimulator/LangoTrace-iOS.build/DerivedSources/GeneratedAssetSymbols.swift


CompileAssetCatalogVariant thinned /Users/zibuyu/Library/Developer/Xcode/DerivedData/LangoTrace-hdfadqhothdwgbahopjjqiwrxhky/Build/Products/Debug-iphonesimulator/LangoTrace.app /Users/zibuyu/code/zibuyu/LangoTrace/LangoTraceApp/Resources/Assets.xcassets (in target 'LangoTrace-iOS' from project 'LangoTrace')
    cd /Users/zibuyu/code/zibuyu/LangoTrace
    /Applications/Xcode.app/Contents/Developer/usr/bin/actool /Users/zibuyu/code/zibuyu/LangoTrace/LangoTraceApp/Resources/Assets.xcassets --compile /Users/zibuyu/Library/Developer/Xcode/DerivedData/LangoTrace-hdfadqhothdwgbahopjjqiwrxhky/Build/Intermediates.noindex/LangoTrace.build/Debug-iphonesimulator/LangoTrace-iOS.build/assetcatalog_output/thinned --output-format human-readable-text --notices --warnings --export-dependency-info /Users/zibuyu/Library/Developer/Xcode/DerivedData/LangoTrace-hdfadqhothdwgbahopjjqiwrxhky/Build/Intermediates.noindex/LangoTrace.build/Debug-iphonesimulator/LangoTrace-iOS.build/assetcatalog_dependencies_thinned --output-partial-info-plist /Users/zibuyu/Library/Developer/Xcode/DerivedData/LangoTrace-hdfadqhothdwgbahopjjqiwrxhky/Build/Intermediates.noindex/LangoTrace.build/Debug-iphonesimulator/LangoTrace-iOS.build/assetcatalog_generated_info.plist_thinned --app-icon AppIcon --compress-pngs --enable-on-demand-resources YES --filter-for-thinning-device-configuration iPhone18,3 --filter-for-device-os-version 26.5 --development-region en --target-device iphone --target-device ipad --minimum-deployment-target 18.0 --platform iphonesimulator
/* com.apple.actool.document.notices */
/Users/zibuyu/code/zibuyu/LangoTrace/LangoTraceApp/Resources/Assets.xcassets:./AppIcon.appiconset/[][ipad][76x76][][][1x][][][][]: notice: 76x76@1x app icons only apply to iPad apps targeting releases of iOS prior to 10.0.
/* com.apple.actool.compilation-results */
/Users/zibuyu/Library/Developer/Xcode/DerivedData/LangoTrace-hdfadqhothdwgbahopjjqiwrxhky/Build/Intermediates.noindex/LangoTrace.build/Debug-iphonesimulator/LangoTrace-iOS.build/assetcatalog_generated_info.plist_thinned
/Users/zibuyu/Library/Developer/Xcode/DerivedData/LangoTrace-hdfadqhothdwgbahopjjqiwrxhky/Build/Intermediates.noindex/LangoTrace.build/Debug-iphonesimulator/LangoTrace-iOS.build/assetcatalog_output/thinned/AppIcon60x60@2x.png
/Users/zibuyu/Library/Developer/Xcode/DerivedData/LangoTrace-hdfadqhothdwgbahopjjqiwrxhky/Build/Intermediates.noindex/LangoTrace.build/Debug-iphonesimulator/LangoTrace-iOS.build/assetcatalog_output/thinned/AppIcon76x76@2x~ipad.png
/Users/zibuyu/Library/Developer/Xcode/DerivedData/LangoTrace-hdfadqhothdwgbahopjjqiwrxhky/Build/Intermediates.noindex/LangoTrace.build/Debug-iphonesimulator/LangoTrace-iOS.build/assetcatalog_output/thinned/Assets.car


SwiftDriverJobDiscovery normal arm64 Compiling PhonePracticeRows.swift, PracticeActions.swift, PracticeControlBar.swift, PracticePromptCard.swift, PracticeRouting.swift, PracticeSessionViewModel.swift, PracticeSessionViews.swift, PremiumUILayoutRules.swift (in target 'LangoTraceUI' from project 'LangoTraceUI')

RegisterExecutionPolicyException /Users/zibuyu/Library/Developer/Xcode/DerivedData/LangoTrace-hdfadqhothdwgbahopjjqiwrxhky/Build/Products/Debug-iphonesimulator/LangoTraceAI.o (in target 'LangoTraceAI' from project 'LangoTraceAI')
    cd /Users/zibuyu/code/zibuyu/LangoTrace/Packages/LangoTraceAI
    builtin-RegisterExecutionPolicyException /Users/zibuyu/Library/Developer/Xcode/DerivedData/LangoTrace-hdfadqhothdwgbahopjjqiwrxhky/Build/Products/Debug-iphonesimulator/LangoTraceAI.o

SwiftDriver LangoTrace-iOS normal arm64 com.apple.xcode.tools.swift.compiler (in target 'LangoTrace-iOS' from project 'LangoTrace')
    cd /Users/zibuyu/code/zibuyu/LangoTrace
    builtin-SwiftDriver -- /Applications/Xcode.app/Contents/Developer/Toolchains/XcodeDefault.xctoolchain/usr/bin/swiftc -module-name LangoTrace -Onone @/Users/zibuyu/Library/Developer/Xcode/DerivedData/LangoTrace-hdfadqhothdwgbahopjjqiwrxhky/Build/Intermediates.noindex/LangoTrace.build/Debug-iphonesimulator/LangoTrace-iOS.build/Objects-normal/arm64/LangoTrace.SwiftFileList -DDEBUG -Xcc -fmodule-map-file\=/Users/zibuyu/Library/Developer/Xcode/DerivedData/LangoTrace-hdfadqhothdwgbahopjjqiwrxhky/SourcePackages/checkouts/GRDB.swift/Sources/GRDBSQLite/module.modulemap -enable-experimental-feature DebugDescriptionMacro -sdk /Applications/Xcode.app/Contents/Developer/Platforms/iPhoneSimulator.platform/Developer/SDKs/iPhoneSimulator26.5.sdk -target arm64-apple-ios18.0-simulator -g -module-cache-path /Users/zibuyu/Library/Developer/Xcode/DerivedData/ModuleCache.noindex -Xfrontend -serialize-debugging-options -profile-coverage-mapping -profile-generate -enable-testing -index-store-path /Users/zibuyu/Library/Developer/Xcode/DerivedData/LangoTrace-hdfadqhothdwgbahopjjqiwrxhky/Index.noindex/DataStore -Xcc -D_LIBCPP_HARDENING_MODE\=_LIBCPP_HARDENING_MODE_DEBUG -swift-version 6 -I /Users/zibuyu/Library/Developer/Xcode/DerivedData/LangoTrace-hdfadqhothdwgbahopjjqiwrxhky/Build/Products/Debug-iphonesimulator -F /Users/zibuyu/Library/Developer/Xcode/DerivedData/LangoTrace-hdfadqhothdwgbahopjjqiwrxhky/Build/Products/Debug-iphonesimulator/PackageFrameworks -F /Users/zibuyu/Library/Developer/Xcode/DerivedData/LangoTrace-hdfadqhothdwgbahopjjqiwrxhky/Build/Products/Debug-iphonesimulator/PackageFrameworks -F /Users/zibuyu/Library/Developer/Xcode/DerivedData/LangoTrace-hdfadqhothdwgbahopjjqiwrxhky/Build/Products/Debug-iphonesimulator/PackageFrameworks -F /Users/zibuyu/Library/Developer/Xcode/DerivedData/LangoTrace-hdfadqhothdwgbahopjjqiwrxhky/Build/Products/Debug-iphonesimulator/PackageFrameworks -F /Users/zibuyu/Library/Developer/Xcode/DerivedData/LangoTrace-hdfadqhothdwgbahopjjqiwrxhky/Build/Products/Debug-iphonesimulator/PackageFrameworks -F /Users/zibuyu/Library/Developer/Xcode/DerivedData/LangoTrace-hdfadqhothdwgbahopjjqiwrxhky/Build/Products/Debug-iphonesimulator/PackageFrameworks -F /Users/zibuyu/Library/Developer/Xcode/DerivedData/LangoTrace-hdfadqhothdwgbahopjjqiwrxhky/Build/Products/Debug-iphonesimulator/PackageFrameworks -F /Users/zibuyu/Library/Developer/Xcode/DerivedData/LangoTrace-hdfadqhothdwgbahopjjqiwrxhky/Build/Products/Debug-iphonesimulator -c -j10 -enable-batch-mode -incremental -Xcc -ivfsstatcache -Xcc /Users/zibuyu/Library/Developer/Xcode/DerivedData/SDKStatCaches.noindex/iphonesimulator26.5-23F73-6cfe768891a92b912361537c460fe42b.sdkstatcache -output-file-map /Users/zibuyu/Library/Developer/Xcode/DerivedData/LangoTrace-hdfadqhothdwgbahopjjqiwrxhky/Build/Intermediates.noindex/LangoTrace.build/Debug-iphonesimulator/LangoTrace-iOS.build/Objects-normal/arm64/LangoTrace-iOS-OutputFileMap.json -use-frontend-parseable-output -save-temps -no-color-diagnostics -explicit-module-build -module-cache-path /Users/zibuyu/Library/Developer/Xcode/DerivedData/LangoTrace-hdfadqhothdwgbahopjjqiwrxhky/Build/Intermediates.noindex/SwiftExplicitPrecompiledModules -clang-scanner-module-cache-path /Users/zibuyu/Library/Developer/Xcode/DerivedData/ModuleCache.noindex -sdk-module-cache-path /Users/zibuyu/Library/Developer/Xcode/DerivedData/ModuleCache.noindex -serialize-diagnostics -emit-dependencies -emit-module -emit-module-path /Users/zibuyu/Library/Developer/Xcode/DerivedData/LangoTrace-hdfadqhothdwgbahopjjqiwrxhky/Build/Intermediates.noindex/LangoTrace.build/Debug-iphonesimulator/LangoTrace-iOS.build/Objects-normal/arm64/LangoTrace.swiftmodule -validate-clang-modules-once -clang-build-session-file /Users/zibuyu/Library/Developer/Xcode/DerivedData/ModuleCache.noindex/Session.modulevalidation -Xcc -I/Users/zibuyu/Library/Developer/Xcode/DerivedData/LangoTrace-hdfadqhothdwgbahopjjqiwrxhky/Build/Intermediates.noindex/LangoTrace.build/Debug-iphonesimulator/LangoTrace-iOS.build/swift-overrides.hmap -emit-const-values -Xfrontend -const-gather-protocols-file -Xfrontend /Users/zibuyu/Library/Developer/Xcode/DerivedData/LangoTrace-hdfadqhothdwgbahopjjqiwrxhky/Build/Intermediates.noindex/LangoTrace.build/Debug-iphonesimulator/LangoTrace-iOS.build/Objects-normal/arm64/LangoTrace-iOS_const_extract_protocols.json -Xcc -iquote -Xcc /Users/zibuyu/Library/Developer/Xcode/DerivedData/LangoTrace-hdfadqhothdwgbahopjjqiwrxhky/Build/Intermediates.noindex/LangoTrace.build/Debug-iphonesimulator/LangoTrace-iOS.build/LangoTrace-generated-files.hmap -Xcc -I/Users/zibuyu/Library/Developer/Xcode/DerivedData/LangoTrace-hdfadqhothdwgbahopjjqiwrxhky/Build/Intermediates.noindex/LangoTrace.build/Debug-iphonesimulator/LangoTrace-iOS.build/LangoTrace-own-target-headers.hmap -Xcc -I/Users/zibuyu/Library/Developer/Xcode/DerivedData/LangoTrace-hdfadqhothdwgbahopjjqiwrxhky/Build/Intermediates.noindex/LangoTrace.build/Debug-iphonesimulator/LangoTrace-iOS.build/LangoTrace-all-non-framework-target-headers.hmap -Xcc -ivfsoverlay -Xcc /Users/zibuyu/Library/Developer/Xcode/DerivedData/LangoTrace-hdfadqhothdwgbahopjjqiwrxhky/Build/Intermediates.noindex/LangoTrace.build/Debug-iphonesimulator/LangoTrace-5d4ae2051b82347347efd81fc70bc72a-VFS-iphonesimulator/all-product-headers.yaml -Xcc -iquote -Xcc /Users/zibuyu/Library/Developer/Xcode/DerivedData/LangoTrace-hdfadqhothdwgbahopjjqiwrxhky/Build/Intermediates.noindex/LangoTrace.build/Debug-iphonesimulator/LangoTrace-iOS.build/LangoTrace-project-headers.hmap -Xcc -I/Users/zibuyu/Library/Developer/Xcode/DerivedData/LangoTrace-hdfadqhothdwgbahopjjqiwrxhky/Build/Products/Debug-iphonesimulator/include -Xcc -I/Users/zibuyu/Library/Developer/Xcode/DerivedData/LangoTrace-hdfadqhothdwgbahopjjqiwrxhky/Build/Intermediates.noindex/LangoTrace.build/Debug-iphonesimulator/LangoTrace-iOS.build/DerivedSources-normal/arm64 -Xcc -I/Users/zibuyu/Library/Developer/Xcode/DerivedData/LangoTrace-hdfadqhothdwgbahopjjqiwrxhky/Build/Intermediates.noindex/LangoTrace.build/Debug-iphonesimulator/LangoTrace-iOS.build/DerivedSources/arm64 -Xcc -I/Users/zibuyu/Library/Developer/Xcode/DerivedData/LangoTrace-hdfadqhothdwgbahopjjqiwrxhky/Build/Intermediates.noindex/LangoTrace.build/Debug-iphonesimulator/LangoTrace-iOS.build/DerivedSources -Xcc -DDEBUG\=1 -emit-objc-header -emit-objc-header-path /Users/zibuyu/Library/Developer/Xcode/DerivedData/LangoTrace-hdfadqhothdwgbahopjjqiwrxhky/Build/Intermediates.noindex/LangoTrace.build/Debug-iphonesimulator/LangoTrace-iOS.build/Objects-normal/arm64/LangoTrace-Swift.h -working-directory /Users/zibuyu/code/zibuyu/LangoTrace -experimental-emit-module-separately -disable-cmo

SwiftExplicitDependencyGeneratePcm arm64 /Users/zibuyu/Library/Developer/Xcode/DerivedData/LangoTrace-hdfadqhothdwgbahopjjqiwrxhky/Build/Intermediates.noindex/SwiftExplicitPrecompiledModules/GRDBSQLite-8L68EWNBGEGJ49JGEIYTK7SQK.pcm

SwiftDriverJobDiscovery normal arm64 Compiling LocalizedChrome.swift, LocalizedTextPanel.swift, MacEntryEditorSheet.swift, MacInspectorContent.swift, MacMainModels.swift, MacMainView.swift, MacWorkspaceContentView.swift, OnboardingCompactLevelSelector.swift (in target 'LangoTraceUI' from project 'LangoTraceUI')

SwiftDriverJobDiscovery normal arm64 Compiling ReadingActions.swift, ReadingDocumentModels.swift, ReadingDocumentStore+Cache.swift, ReadingDocumentStore+Editor.swift, ReadingDocumentStore+Selection.swift, ReadingDocumentStore.swift, ReadingLibraryStore.swift, ReadingMarkdownBlockRenderer.swift (in target 'LangoTraceUI' from project 'LangoTraceUI')

RegisterExecutionPolicyException /Users/zibuyu/Library/Developer/Xcode/DerivedData/LangoTrace-hdfadqhothdwgbahopjjqiwrxhky/Build/Products/Debug-iphonesimulator/GRDB.o (in target 'GRDB' from project 'GRDB')
    cd /Users/zibuyu/Library/Developer/Xcode/DerivedData/LangoTrace-hdfadqhothdwgbahopjjqiwrxhky/SourcePackages/checkouts/GRDB.swift
    builtin-RegisterExecutionPolicyException /Users/zibuyu/Library/Developer/Xcode/DerivedData/LangoTrace-hdfadqhothdwgbahopjjqiwrxhky/Build/Products/Debug-iphonesimulator/GRDB.o

Ld /Users/zibuyu/Library/Developer/Xcode/DerivedData/LangoTrace-hdfadqhothdwgbahopjjqiwrxhky/Build/Products/Debug-iphonesimulator/LangoTraceData.o normal (in target 'LangoTraceData' from project 'LangoTraceData')
    cd /Users/zibuyu/code/zibuyu/LangoTrace/Packages/LangoTraceData
    /Applications/Xcode.app/Contents/Developer/Toolchains/XcodeDefault.xctoolchain/usr/bin/clang -Xlinker -reproducible -target arm64-apple-ios18.0-simulator -r -isysroot /Applications/Xcode.app/Contents/Developer/Platforms/iPhoneSimulator.platform/Developer/SDKs/iPhoneSimulator26.5.sdk -O0 -F/Users/zibuyu/Library/Developer/Xcode/DerivedData/LangoTrace-hdfadqhothdwgbahopjjqiwrxhky/Build/Intermediates.noindex/EagerLinkingTBDs/Debug-iphonesimulator -F/Users/zibuyu/Library/Developer/Xcode/DerivedData/LangoTrace-hdfadqhothdwgbahopjjqiwrxhky/Build/Products/Debug-iphonesimulator/PackageFrameworks -F/Users/zibuyu/Library/Developer/Xcode/DerivedData/LangoTrace-hdfadqhothdwgbahopjjqiwrxhky/Build/Products/Debug-iphonesimulator/PackageFrameworks -F/Users/zibuyu/Library/Developer/Xcode/DerivedData/LangoTrace-hdfadqhothdwgbahopjjqiwrxhky/Build/Products/Debug-iphonesimulator -iframework /Applications/Xcode.app/Contents/Developer/Platforms/iPhoneSimulator.platform/Developer/Library/Frameworks -iframework /Applications/Xcode.app/Contents/Developer/Platforms/iPhoneSimulator.platform/Developer/SDKs/iPhoneSimulator26.5.sdk/Developer/Library/Frameworks -filelist /Users/zibuyu/Library/Developer/Xcode/DerivedData/LangoTrace-hdfadqhothdwgbahopjjqiwrxhky/Build/Intermediates.noindex/LangoTraceData.build/Debug-iphonesimulator/LangoTraceData.build/Objects-normal/arm64/LangoTraceData.LinkFileList -nostdlib -Xlinker -object_path_lto -Xlinker /Users/zibuyu/Library/Developer/Xcode/DerivedData/LangoTrace-hdfadqhothdwgbahopjjqiwrxhky/Build/Intermediates.noindex/LangoTraceData.build/Debug-iphonesimulator/LangoTraceData.build/Objects-normal/arm64/LangoTraceData_lto.o -Xlinker -no_deduplicate -Xlinker -objc_abi_version -Xlinker 2 -Xlinker -debug_variant -Xlinker -dependency_info -Xlinker /Users/zibuyu/Library/Developer/Xcode/DerivedData/LangoTrace-hdfadqhothdwgbahopjjqiwrxhky/Build/Intermediates.noindex/LangoTraceData.build/Debug-iphonesimulator/LangoTraceData.build/Objects-normal/arm64/LangoTraceData_dependency_info.dat -fobjc-link-runtime -L/Applications/Xcode.app/Contents/Developer/Toolchains/XcodeDefault.xctoolchain/usr/lib/swift/iphonesimulator -L/usr/lib/swift -Xlinker -add_ast_path -Xlinker /Users/zibuyu/Library/Developer/Xcode/DerivedData/LangoTrace-hdfadqhothdwgbahopjjqiwrxhky/Build/Intermediates.noindex/LangoTraceData.build/Debug-iphonesimulator/LangoTraceData.build/Objects-normal/arm64/LangoTraceData.swiftmodule @/Users/zibuyu/Library/Developer/Xcode/DerivedData/LangoTrace-hdfadqhothdwgbahopjjqiwrxhky/Build/Intermediates.noindex/LangoTraceData.build/Debug-iphonesimulator/LangoTraceData.build/Objects-normal/arm64/LangoTraceData-linker-args.resp -o /Users/zibuyu/Library/Developer/Xcode/DerivedData/LangoTrace-hdfadqhothdwgbahopjjqiwrxhky/Build/Products/Debug-iphonesimulator/LangoTraceData.o

SwiftEmitModule normal arm64 Emitting\ module\ for\ LangoTrace (in target 'LangoTrace-iOS' from project 'LangoTrace')

EmitSwiftModule normal arm64 (in target 'LangoTrace-iOS' from project 'LangoTrace')
    cd /Users/zibuyu/code/zibuyu/LangoTrace
    

SwiftCompile normal arm64 Compiling\ SentenceAudioPlaybackAssembly.swift /Users/zibuyu/code/zibuyu/LangoTrace/LangoTraceApp/SentenceAudioPlaybackAssembly.swift (in target 'LangoTrace-iOS' from project 'LangoTrace')

SwiftCompile normal arm64 /Users/zibuyu/code/zibuyu/LangoTrace/LangoTraceApp/SentenceAudioPlaybackAssembly.swift (in target 'LangoTrace-iOS' from project 'LangoTrace')
    cd /Users/zibuyu/code/zibuyu/LangoTrace
    

SwiftCompile normal arm64 Compiling\ LangoTraceApp.swift /Users/zibuyu/code/zibuyu/LangoTrace/LangoTraceApp/LangoTraceApp.swift (in target 'LangoTrace-iOS' from project 'LangoTrace')

SwiftCompile normal arm64 /Users/zibuyu/code/zibuyu/LangoTrace/LangoTraceApp/LangoTraceApp.swift (in target 'LangoTrace-iOS' from project 'LangoTrace')
    cd /Users/zibuyu/code/zibuyu/LangoTrace
    

SwiftDriverJobDiscovery normal arm64 Compiling SentenceAudioPlaybackAssembly.swift (in target 'LangoTrace-iOS' from project 'LangoTrace')

SwiftCompile normal arm64 Compiling\ PracticeActionsAssembly.swift /Users/zibuyu/code/zibuyu/LangoTrace/LangoTraceApp/PracticeActionsAssembly.swift (in target 'LangoTrace-iOS' from project 'LangoTrace')

SwiftCompile normal arm64 /Users/zibuyu/code/zibuyu/LangoTrace/LangoTraceApp/PracticeActionsAssembly.swift (in target 'LangoTrace-iOS' from project 'LangoTrace')
    cd /Users/zibuyu/code/zibuyu/LangoTrace
    

SwiftCompile normal arm64 Compiling\ AppEnvironment.swift /Users/zibuyu/code/zibuyu/LangoTrace/LangoTraceApp/AppEnvironment.swift (in target 'LangoTrace-iOS' from project 'LangoTrace')

SwiftCompile normal arm64 /Users/zibuyu/code/zibuyu/LangoTrace/LangoTraceApp/AppEnvironment.swift (in target 'LangoTrace-iOS' from project 'LangoTrace')
    cd /Users/zibuyu/code/zibuyu/LangoTrace
    

SwiftDriverJobDiscovery normal arm64 Emitting module for LangoTrace (in target 'LangoTrace-iOS' from project 'LangoTrace')

SwiftDriver\ Compilation\ Requirements LangoTrace-iOS normal arm64 com.apple.xcode.tools.swift.compiler (in target 'LangoTrace-iOS' from project 'LangoTrace')
    cd /Users/zibuyu/code/zibuyu/LangoTrace
    builtin-Swift-Compilation-Requirements -- /Applications/Xcode.app/Contents/Developer/Toolchains/XcodeDefault.xctoolchain/usr/bin/swiftc -module-name LangoTrace -Onone @/Users/zibuyu/Library/Developer/Xcode/DerivedData/LangoTrace-hdfadqhothdwgbahopjjqiwrxhky/Build/Intermediates.noindex/LangoTrace.build/Debug-iphonesimulator/LangoTrace-iOS.build/Objects-normal/arm64/LangoTrace.SwiftFileList -DDEBUG -Xcc -fmodule-map-file\=/Users/zibuyu/Library/Developer/Xcode/DerivedData/LangoTrace-hdfadqhothdwgbahopjjqiwrxhky/SourcePackages/checkouts/GRDB.swift/Sources/GRDBSQLite/module.modulemap -enable-experimental-feature DebugDescriptionMacro -sdk /Applications/Xcode.app/Contents/Developer/Platforms/iPhoneSimulator.platform/Developer/SDKs/iPhoneSimulator26.5.sdk -target arm64-apple-ios18.0-simulator -g -module-cache-path /Users/zibuyu/Library/Developer/Xcode/DerivedData/ModuleCache.noindex -Xfrontend -serialize-debugging-options -profile-coverage-mapping -profile-generate -enable-testing -index-store-path /Users/zibuyu/Library/Developer/Xcode/DerivedData/LangoTrace-hdfadqhothdwgbahopjjqiwrxhky/Index.noindex/DataStore -Xcc -D_LIBCPP_HARDENING_MODE\=_LIBCPP_HARDENING_MODE_DEBUG -swift-version 6 -I /Users/zibuyu/Library/Developer/Xcode/DerivedData/LangoTrace-hdfadqhothdwgbahopjjqiwrxhky/Build/Products/Debug-iphonesimulator -F /Users/zibuyu/Library/Developer/Xcode/DerivedData/LangoTrace-hdfadqhothdwgbahopjjqiwrxhky/Build/Products/Debug-iphonesimulator/PackageFrameworks -F /Users/zibuyu/Library/Developer/Xcode/DerivedData/LangoTrace-hdfadqhothdwgbahopjjqiwrxhky/Build/Products/Debug-iphonesimulator/PackageFrameworks -F /Users/zibuyu/Library/Developer/Xcode/DerivedData/LangoTrace-hdfadqhothdwgbahopjjqiwrxhky/Build/Products/Debug-iphonesimulator/PackageFrameworks -F /Users/zibuyu/Library/Developer/Xcode/DerivedData/LangoTrace-hdfadqhothdwgbahopjjqiwrxhky/Build/Products/Debug-iphonesimulator/PackageFrameworks -F /Users/zibuyu/Library/Developer/Xcode/DerivedData/LangoTrace-hdfadqhothdwgbahopjjqiwrxhky/Build/Products/Debug-iphonesimulator/PackageFrameworks -F /Users/zibuyu/Library/Developer/Xcode/DerivedData/LangoTrace-hdfadqhothdwgbahopjjqiwrxhky/Build/Products/Debug-iphonesimulator/PackageFrameworks -F /Users/zibuyu/Library/Developer/Xcode/DerivedData/LangoTrace-hdfadqhothdwgbahopjjqiwrxhky/Build/Products/Debug-iphonesimulator/PackageFrameworks -F /Users/zibuyu/Library/Developer/Xcode/DerivedData/LangoTrace-hdfadqhothdwgbahopjjqiwrxhky/Build/Products/Debug-iphonesimulator -c -j10 -enable-batch-mode -incremental -Xcc -ivfsstatcache -Xcc /Users/zibuyu/Library/Developer/Xcode/DerivedData/SDKStatCaches.noindex/iphonesimulator26.5-23F73-6cfe768891a92b912361537c460fe42b.sdkstatcache -output-file-map /Users/zibuyu/Library/Developer/Xcode/DerivedData/LangoTrace-hdfadqhothdwgbahopjjqiwrxhky/Build/Intermediates.noindex/LangoTrace.build/Debug-iphonesimulator/LangoTrace-iOS.build/Objects-normal/arm64/LangoTrace-iOS-OutputFileMap.json -use-frontend-parseable-output -save-temps -no-color-diagnostics -explicit-module-build -module-cache-path /Users/zibuyu/Library/Developer/Xcode/DerivedData/LangoTrace-hdfadqhothdwgbahopjjqiwrxhky/Build/Intermediates.noindex/SwiftExplicitPrecompiledModules -clang-scanner-module-cache-path /Users/zibuyu/Library/Developer/Xcode/DerivedData/ModuleCache.noindex -sdk-module-cache-path /Users/zibuyu/Library/Developer/Xcode/DerivedData/ModuleCache.noindex -serialize-diagnostics -emit-dependencies -emit-module -emit-module-path /Users/zibuyu/Library/Developer/Xcode/DerivedData/LangoTrace-hdfadqhothdwgbahopjjqiwrxhky/Build/Intermediates.noindex/LangoTrace.build/Debug-iphonesimulator/LangoTrace-iOS.build/Objects-normal/arm64/LangoTrace.swiftmodule -validate-clang-modules-once -clang-build-session-file /Users/zibuyu/Library/Developer/Xcode/DerivedData/ModuleCache.noindex/Session.modulevalidation -Xcc -I/Users/zibuyu/Library/Developer/Xcode/DerivedData/LangoTrace-hdfadqhothdwgbahopjjqiwrxhky/Build/Intermediates.noindex/LangoTrace.build/Debug-iphonesimulator/LangoTrace-iOS.build/swift-overrides.hmap -emit-const-values -Xfrontend -const-gather-protocols-file -Xfrontend /Users/zibuyu/Library/Developer/Xcode/DerivedData/LangoTrace-hdfadqhothdwgbahopjjqiwrxhky/Build/Intermediates.noindex/LangoTrace.build/Debug-iphonesimulator/LangoTrace-iOS.build/Objects-normal/arm64/LangoTrace-iOS_const_extract_protocols.json -Xcc -iquote -Xcc /Users/zibuyu/Library/Developer/Xcode/DerivedData/LangoTrace-hdfadqhothdwgbahopjjqiwrxhky/Build/Intermediates.noindex/LangoTrace.build/Debug-iphonesimulator/LangoTrace-iOS.build/LangoTrace-generated-files.hmap -Xcc -I/Users/zibuyu/Library/Developer/Xcode/DerivedData/LangoTrace-hdfadqhothdwgbahopjjqiwrxhky/Build/Intermediates.noindex/LangoTrace.build/Debug-iphonesimulator/LangoTrace-iOS.build/LangoTrace-own-target-headers.hmap -Xcc -I/Users/zibuyu/Library/Developer/Xcode/DerivedData/LangoTrace-hdfadqhothdwgbahopjjqiwrxhky/Build/Intermediates.noindex/LangoTrace.build/Debug-iphonesimulator/LangoTrace-iOS.build/LangoTrace-all-non-framework-target-headers.hmap -Xcc -ivfsoverlay -Xcc /Users/zibuyu/Library/Developer/Xcode/DerivedData/LangoTrace-hdfadqhothdwgbahopjjqiwrxhky/Build/Intermediates.noindex/LangoTrace.build/Debug-iphonesimulator/LangoTrace-5d4ae2051b82347347efd81fc70bc72a-VFS-iphonesimulator/all-product-headers.yaml -Xcc -iquote -Xcc /Users/zibuyu/Library/Developer/Xcode/DerivedData/LangoTrace-hdfadqhothdwgbahopjjqiwrxhky/Build/Intermediates.noindex/LangoTrace.build/Debug-iphonesimulator/LangoTrace-iOS.build/LangoTrace-project-headers.hmap -Xcc -I/Users/zibuyu/Library/Developer/Xcode/DerivedData/LangoTrace-hdfadqhothdwgbahopjjqiwrxhky/Build/Products/Debug-iphonesimulator/include -Xcc -I/Users/zibuyu/Library/Developer/Xcode/DerivedData/LangoTrace-hdfadqhothdwgbahopjjqiwrxhky/Build/Intermediates.noindex/LangoTrace.build/Debug-iphonesimulator/LangoTrace-iOS.build/DerivedSources-normal/arm64 -Xcc -I/Users/zibuyu/Library/Developer/Xcode/DerivedData/LangoTrace-hdfadqhothdwgbahopjjqiwrxhky/Build/Intermediates.noindex/LangoTrace.build/Debug-iphonesimulator/LangoTrace-iOS.build/DerivedSources/arm64 -Xcc -I/Users/zibuyu/Library/Developer/Xcode/DerivedData/LangoTrace-hdfadqhothdwgbahopjjqiwrxhky/Build/Intermediates.noindex/LangoTrace.build/Debug-iphonesimulator/LangoTrace-iOS.build/DerivedSources -Xcc -DDEBUG\=1 -emit-objc-header -emit-objc-header-path /Users/zibuyu/Library/Developer/Xcode/DerivedData/LangoTrace-hdfadqhothdwgbahopjjqiwrxhky/Build/Intermediates.noindex/LangoTrace.build/Debug-iphonesimulator/LangoTrace-iOS.build/Objects-normal/arm64/LangoTrace-Swift.h -working-directory /Users/zibuyu/code/zibuyu/LangoTrace -experimental-emit-module-separately -disable-cmo

SwiftDriverJobDiscovery normal arm64 Compiling PadSidebarControls.swift, PadWorkspaceBar.swift, PhoneContextHeader.swift, PhoneMainModels.swift, PhoneMainSections.swift, PhoneMainSupportingViews.swift, PhoneMainView.swift, PhonePhotoWritingPreviewView.swift (in target 'LangoTraceUI' from project 'LangoTraceUI')

SwiftCompile normal arm64 Compiling\ AppPracticeRecordingEngine.swift /Users/zibuyu/code/zibuyu/LangoTrace/LangoTraceApp/AppPracticeRecordingEngine.swift (in target 'LangoTrace-iOS' from project 'LangoTrace')

SwiftCompile normal arm64 /Users/zibuyu/code/zibuyu/LangoTrace/LangoTraceApp/AppPracticeRecordingEngine.swift (in target 'LangoTrace-iOS' from project 'LangoTrace')
    cd /Users/zibuyu/code/zibuyu/LangoTrace
    

SwiftMergeGeneratedHeaders /Users/zibuyu/Library/Developer/Xcode/DerivedData/LangoTrace-hdfadqhothdwgbahopjjqiwrxhky/Build/Intermediates.noindex/LangoTrace.build/Debug-iphonesimulator/LangoTrace-iOS.build/DerivedSources/LangoTrace-Swift.h /Users/zibuyu/Library/Developer/Xcode/DerivedData/LangoTrace-hdfadqhothdwgbahopjjqiwrxhky/Build/Intermediates.noindex/LangoTrace.build/Debug-iphonesimulator/LangoTrace-iOS.build/Objects-normal/arm64/LangoTrace-Swift.h (in target 'LangoTrace-iOS' from project 'LangoTrace')
    cd /Users/zibuyu/code/zibuyu/LangoTrace
    builtin-swiftHeaderTool -arch arm64 /Users/zibuyu/Library/Developer/Xcode/DerivedData/LangoTrace-hdfadqhothdwgbahopjjqiwrxhky/Build/Intermediates.noindex/LangoTrace.build/Debug-iphonesimulator/LangoTrace-iOS.build/Objects-normal/arm64/LangoTrace-Swift.h -o /Users/zibuyu/Library/Developer/Xcode/DerivedData/LangoTrace-hdfadqhothdwgbahopjjqiwrxhky/Build/Intermediates.noindex/LangoTrace.build/Debug-iphonesimulator/LangoTrace-iOS.build/DerivedSources/LangoTrace-Swift.h

SwiftDriverJobDiscovery normal arm64 Compiling LangoTraceApp.swift (in target 'LangoTrace-iOS' from project 'LangoTrace')

Copy /Users/zibuyu/Library/Developer/Xcode/DerivedData/LangoTrace-hdfadqhothdwgbahopjjqiwrxhky/Build/Products/Debug-iphonesimulator/LangoTrace.swiftmodule/arm64-apple-ios-simulator.swiftmodule /Users/zibuyu/Library/Developer/Xcode/DerivedData/LangoTrace-hdfadqhothdwgbahopjjqiwrxhky/Build/Intermediates.noindex/LangoTrace.build/Debug-iphonesimulator/LangoTrace-iOS.build/Objects-normal/arm64/LangoTrace.swiftmodule (in target 'LangoTrace-iOS' from project 'LangoTrace')
    cd /Users/zibuyu/code/zibuyu/LangoTrace
    builtin-copy -exclude .DS_Store -exclude CVS -exclude .svn -exclude .git -exclude .hg -resolve-src-symlinks -rename /Users/zibuyu/Library/Developer/Xcode/DerivedData/LangoTrace-hdfadqhothdwgbahopjjqiwrxhky/Build/Intermediates.noindex/LangoTrace.build/Debug-iphonesimulator/LangoTrace-iOS.build/Objects-normal/arm64/LangoTrace.swiftmodule /Users/zibuyu/Library/Developer/Xcode/DerivedData/LangoTrace-hdfadqhothdwgbahopjjqiwrxhky/Build/Products/Debug-iphonesimulator/LangoTrace.swiftmodule/arm64-apple-ios-simulator.swiftmodule

Copy /Users/zibuyu/Library/Developer/Xcode/DerivedData/LangoTrace-hdfadqhothdwgbahopjjqiwrxhky/Build/Products/Debug-iphonesimulator/LangoTrace.swiftmodule/arm64-apple-ios-simulator.swiftdoc /Users/zibuyu/Library/Developer/Xcode/DerivedData/LangoTrace-hdfadqhothdwgbahopjjqiwrxhky/Build/Intermediates.noindex/LangoTrace.build/Debug-iphonesimulator/LangoTrace-iOS.build/Objects-normal/arm64/LangoTrace.swiftdoc (in target 'LangoTrace-iOS' from project 'LangoTrace')
    cd /Users/zibuyu/code/zibuyu/LangoTrace
    builtin-copy -exclude .DS_Store -exclude CVS -exclude .svn -exclude .git -exclude .hg -resolve-src-symlinks -rename /Users/zibuyu/Library/Developer/Xcode/DerivedData/LangoTrace-hdfadqhothdwgbahopjjqiwrxhky/Build/Intermediates.noindex/LangoTrace.build/Debug-iphonesimulator/LangoTrace-iOS.build/Objects-normal/arm64/LangoTrace.swiftdoc /Users/zibuyu/Library/Developer/Xcode/DerivedData/LangoTrace-hdfadqhothdwgbahopjjqiwrxhky/Build/Products/Debug-iphonesimulator/LangoTrace.swiftmodule/arm64-apple-ios-simulator.swiftdoc

Copy /Users/zibuyu/Library/Developer/Xcode/DerivedData/LangoTrace-hdfadqhothdwgbahopjjqiwrxhky/Build/Products/Debug-iphonesimulator/LangoTrace.swiftmodule/arm64-apple-ios-simulator.abi.json /Users/zibuyu/Library/Developer/Xcode/DerivedData/LangoTrace-hdfadqhothdwgbahopjjqiwrxhky/Build/Intermediates.noindex/LangoTrace.build/Debug-iphonesimulator/LangoTrace-iOS.build/Objects-normal/arm64/LangoTrace.abi.json (in target 'LangoTrace-iOS' from project 'LangoTrace')
    cd /Users/zibuyu/code/zibuyu/LangoTrace
    builtin-copy -exclude .DS_Store -exclude CVS -exclude .svn -exclude .git -exclude .hg -resolve-src-symlinks -rename /Users/zibuyu/Library/Developer/Xcode/DerivedData/LangoTrace-hdfadqhothdwgbahopjjqiwrxhky/Build/Intermediates.noindex/LangoTrace.build/Debug-iphonesimulator/LangoTrace-iOS.build/Objects-normal/arm64/LangoTrace.abi.json /Users/zibuyu/Library/Developer/Xcode/DerivedData/LangoTrace-hdfadqhothdwgbahopjjqiwrxhky/Build/Products/Debug-iphonesimulator/LangoTrace.swiftmodule/arm64-apple-ios-simulator.abi.json

Copy /Users/zibuyu/Library/Developer/Xcode/DerivedData/LangoTrace-hdfadqhothdwgbahopjjqiwrxhky/Build/Products/Debug-iphonesimulator/LangoTrace.swiftmodule/Project/arm64-apple-ios-simulator.swiftsourceinfo /Users/zibuyu/Library/Developer/Xcode/DerivedData/LangoTrace-hdfadqhothdwgbahopjjqiwrxhky/Build/Intermediates.noindex/LangoTrace.build/Debug-iphonesimulator/LangoTrace-iOS.build/Objects-normal/arm64/LangoTrace.swiftsourceinfo (in target 'LangoTrace-iOS' from project 'LangoTrace')
    cd /Users/zibuyu/code/zibuyu/LangoTrace
    builtin-copy -exclude .DS_Store -exclude CVS -exclude .svn -exclude .git -exclude .hg -resolve-src-symlinks -rename /Users/zibuyu/Library/Developer/Xcode/DerivedData/LangoTrace-hdfadqhothdwgbahopjjqiwrxhky/Build/Intermediates.noindex/LangoTrace.build/Debug-iphonesimulator/LangoTrace-iOS.build/Objects-normal/arm64/LangoTrace.swiftsourceinfo /Users/zibuyu/Library/Developer/Xcode/DerivedData/LangoTrace-hdfadqhothdwgbahopjjqiwrxhky/Build/Products/Debug-iphonesimulator/LangoTrace.swiftmodule/Project/arm64-apple-ios-simulator.swiftsourceinfo

SwiftCompile normal arm64 Compiling\ GeneratedAssetSymbols.swift /Users/zibuyu/Library/Developer/Xcode/DerivedData/LangoTrace-hdfadqhothdwgbahopjjqiwrxhky/Build/Intermediates.noindex/LangoTrace.build/Debug-iphonesimulator/LangoTrace-iOS.build/DerivedSources/GeneratedAssetSymbols.swift (in target 'LangoTrace-iOS' from project 'LangoTrace')

SwiftCompile normal arm64 /Users/zibuyu/Library/Developer/Xcode/DerivedData/LangoTrace-hdfadqhothdwgbahopjjqiwrxhky/Build/Intermediates.noindex/LangoTrace.build/Debug-iphonesimulator/LangoTrace-iOS.build/DerivedSources/GeneratedAssetSymbols.swift (in target 'LangoTrace-iOS' from project 'LangoTrace')
    cd /Users/zibuyu/code/zibuyu/LangoTrace
    

SwiftDriverJobDiscovery normal arm64 Compiling GeneratedAssetSymbols.swift (in target 'LangoTrace-iOS' from project 'LangoTrace')

ExtractAppIntentsMetadata (in target 'LangoTraceData' from project 'LangoTraceData')
    cd /Users/zibuyu/code/zibuyu/LangoTrace/Packages/LangoTraceData
    /Applications/Xcode.app/Contents/Developer/Toolchains/XcodeDefault.xctoolchain/usr/bin/appintentsmetadataprocessor --toolchain-dir /Applications/Xcode.app/Contents/Developer/Toolchains/XcodeDefault.xctoolchain --module-name LangoTraceData --sdk-root /Applications/Xcode.app/Contents/Developer/Platforms/iPhoneSimulator.platform/Developer/SDKs/iPhoneSimulator26.5.sdk --xcode-version 17F42 --platform-family iOS --deployment-target 18.0 --bundle-identifier langotracedata.LangoTraceData --output /Users/zibuyu/Library/Developer/Xcode/DerivedData/LangoTrace-hdfadqhothdwgbahopjjqiwrxhky/Build/Products/Debug-iphonesimulator/LangoTraceData.appintents --target-triple arm64-apple-ios18.0-simulator --binary-file /Users/zibuyu/Library/Developer/Xcode/DerivedData/LangoTrace-hdfadqhothdwgbahopjjqiwrxhky/Build/Products/Debug-iphonesimulator/LangoTraceData.o --dependency-file /Users/zibuyu/Library/Developer/Xcode/DerivedData/LangoTrace-hdfadqhothdwgbahopjjqiwrxhky/Build/Intermediates.noindex/LangoTraceData.build/Debug-iphonesimulator/LangoTraceData.build/Objects-normal/arm64/LangoTraceData_dependency_info.dat --stringsdata-file /Users/zibuyu/Library/Developer/Xcode/DerivedData/LangoTrace-hdfadqhothdwgbahopjjqiwrxhky/Build/Intermediates.noindex/LangoTraceData.build/Debug-iphonesimulator/LangoTraceData.build/Objects-normal/arm64/ExtractedAppShortcutsMetadata.stringsdata --source-file-list /Users/zibuyu/Library/Developer/Xcode/DerivedData/LangoTrace-hdfadqhothdwgbahopjjqiwrxhky/Build/Intermediates.noindex/LangoTraceData.build/Debug-iphonesimulator/LangoTraceData.build/Objects-normal/arm64/LangoTraceData.SwiftFileList --metadata-file-list /Users/zibuyu/Library/Developer/Xcode/DerivedData/LangoTrace-hdfadqhothdwgbahopjjqiwrxhky/Build/Intermediates.noindex/LangoTraceData.build/Debug-iphonesimulator/LangoTraceData.build/LangoTraceData.DependencyMetadataFileList --static-metadata-file-list /Users/zibuyu/Library/Developer/Xcode/DerivedData/LangoTrace-hdfadqhothdwgbahopjjqiwrxhky/Build/Intermediates.noindex/LangoTraceData.build/Debug-iphonesimulator/LangoTraceData.build/LangoTraceData.DependencyStaticMetadataFileList --swift-const-vals-list /Users/zibuyu/Library/Developer/Xcode/DerivedData/LangoTrace-hdfadqhothdwgbahopjjqiwrxhky/Build/Intermediates.noindex/LangoTraceData.build/Debug-iphonesimulator/LangoTraceData.build/Objects-normal/arm64/LangoTraceData.SwiftConstValuesFileList --force --compile-time-extraction --deployment-aware-processing --validate-assistant-intents --no-app-shortcuts-localization
2026-06-07 15:24:45.575 appintentsmetadataprocessor[82460:43181988] Starting appintentsmetadataprocessor export
2026-06-07 15:24:45.593 appintentsmetadataprocessor[82460:43181988] Extracted no relevant App Intents symbols, skipping writing output

RegisterExecutionPolicyException /Users/zibuyu/Library/Developer/Xcode/DerivedData/LangoTrace-hdfadqhothdwgbahopjjqiwrxhky/Build/Products/Debug-iphonesimulator/LangoTraceData.o (in target 'LangoTraceData' from project 'LangoTraceData')
    cd /Users/zibuyu/code/zibuyu/LangoTrace/Packages/LangoTraceData
    builtin-RegisterExecutionPolicyException /Users/zibuyu/Library/Developer/Xcode/DerivedData/LangoTrace-hdfadqhothdwgbahopjjqiwrxhky/Build/Products/Debug-iphonesimulator/LangoTraceData.o

SwiftDriverJobDiscovery normal arm64 Compiling PracticeActionsAssembly.swift (in target 'LangoTrace-iOS' from project 'LangoTrace')

SwiftDriverJobDiscovery normal arm64 Compiling LangoTraceSettingsSceneView.swift, LanguageSpaceEditorView.swift, LanguageSpaceFooter.swift, LanguageSpaceManagementView.swift, LanguageSpaceSwitcherSheet.swift, LearningContentComponents.swift, LearningContentStore.swift, LearningMaterialGenerationActions.swift (in target 'LangoTraceUI' from project 'LangoTraceUI')

SwiftDriverJobDiscovery normal arm64 Compiling AppPracticeRecordingEngine.swift (in target 'LangoTrace-iOS' from project 'LangoTrace')

SwiftDriverJobDiscovery normal arm64 Compiling OnboardingFormControls.swift, OnboardingValueSummary.swift, OnboardingView.swift, PadLearningPanelView.swift, PadMainModels.swift, PadMainSections.swift, PadMainView.swift, PadPanelGestureAction.swift (in target 'LangoTraceUI' from project 'LangoTraceUI')

SwiftDriverJobDiscovery normal arm64 Compiling SyncS3DraftView.swift, SyncSettingsModels.swift, SyncSettingsView.swift, UnavailableCapabilityView.swift, WelcomeCapsuleLabel.swift, WelcomeTracePreviewCarousel.swift, WelcomeView+Layout.swift, WelcomeView.swift (in target 'LangoTraceUI' from project 'LangoTraceUI')

SwiftDriverJobDiscovery normal arm64 Compiling resource_bundle_accessor.swift, AIProviderAPIKeyField.swift, AIProviderCredentialRevealState.swift, AIProviderDraftConfiguration.swift, AIProviderSettingsActions.swift, AIProviderSettingsComponents.swift, AIProviderSettingsModels.swift, AIProviderSettingsView.swift (in target 'LangoTraceUI' from project 'LangoTraceUI')

SwiftDriverJobDiscovery normal arm64 Compiling AppEnvironment.swift (in target 'LangoTrace-iOS' from project 'LangoTrace')

SwiftDriver\ Compilation LangoTrace-iOS normal arm64 com.apple.xcode.tools.swift.compiler (in target 'LangoTrace-iOS' from project 'LangoTrace')
    cd /Users/zibuyu/code/zibuyu/LangoTrace
    builtin-Swift-Compilation -- /Applications/Xcode.app/Contents/Developer/Toolchains/XcodeDefault.xctoolchain/usr/bin/swiftc -module-name LangoTrace -Onone @/Users/zibuyu/Library/Developer/Xcode/DerivedData/LangoTrace-hdfadqhothdwgbahopjjqiwrxhky/Build/Intermediates.noindex/LangoTrace.build/Debug-iphonesimulator/LangoTrace-iOS.build/Objects-normal/arm64/LangoTrace.SwiftFileList -DDEBUG -Xcc -fmodule-map-file\=/Users/zibuyu/Library/Developer/Xcode/DerivedData/LangoTrace-hdfadqhothdwgbahopjjqiwrxhky/SourcePackages/checkouts/GRDB.swift/Sources/GRDBSQLite/module.modulemap -enable-experimental-feature DebugDescriptionMacro -sdk /Applications/Xcode.app/Contents/Developer/Platforms/iPhoneSimulator.platform/Developer/SDKs/iPhoneSimulator26.5.sdk -target arm64-apple-ios18.0-simulator -g -module-cache-path /Users/zibuyu/Library/Developer/Xcode/DerivedData/ModuleCache.noindex -Xfrontend -serialize-debugging-options -profile-coverage-mapping -profile-generate -enable-testing -index-store-path /Users/zibuyu/Library/Developer/Xcode/DerivedData/LangoTrace-hdfadqhothdwgbahopjjqiwrxhky/Index.noindex/DataStore -Xcc -D_LIBCPP_HARDENING_MODE\=_LIBCPP_HARDENING_MODE_DEBUG -swift-version 6 -I /Users/zibuyu/Library/Developer/Xcode/DerivedData/LangoTrace-hdfadqhothdwgbahopjjqiwrxhky/Build/Products/Debug-iphonesimulator -F /Users/zibuyu/Library/Developer/Xcode/DerivedData/LangoTrace-hdfadqhothdwgbahopjjqiwrxhky/Build/Products/Debug-iphonesimulator/PackageFrameworks -F /Users/zibuyu/Library/Developer/Xcode/DerivedData/LangoTrace-hdfadqhothdwgbahopjjqiwrxhky/Build/Products/Debug-iphonesimulator/PackageFrameworks -F /Users/zibuyu/Library/Developer/Xcode/DerivedData/LangoTrace-hdfadqhothdwgbahopjjqiwrxhky/Build/Products/Debug-iphonesimulator/PackageFrameworks -F /Users/zibuyu/Library/Developer/Xcode/DerivedData/LangoTrace-hdfadqhothdwgbahopjjqiwrxhky/Build/Products/Debug-iphonesimulator/PackageFrameworks -F /Users/zibuyu/Library/Developer/Xcode/DerivedData/LangoTrace-hdfadqhothdwgbahopjjqiwrxhky/Build/Products/Debug-iphonesimulator/PackageFrameworks -F /Users/zibuyu/Library/Developer/Xcode/DerivedData/LangoTrace-hdfadqhothdwgbahopjjqiwrxhky/Build/Products/Debug-iphonesimulator/PackageFrameworks -F /Users/zibuyu/Library/Developer/Xcode/DerivedData/LangoTrace-hdfadqhothdwgbahopjjqiwrxhky/Build/Products/Debug-iphonesimulator/PackageFrameworks -F /Users/zibuyu/Library/Developer/Xcode/DerivedData/LangoTrace-hdfadqhothdwgbahopjjqiwrxhky/Build/Products/Debug-iphonesimulator -c -j10 -enable-batch-mode -incremental -Xcc -ivfsstatcache -Xcc /Users/zibuyu/Library/Developer/Xcode/DerivedData/SDKStatCaches.noindex/iphonesimulator26.5-23F73-6cfe768891a92b912361537c460fe42b.sdkstatcache -output-file-map /Users/zibuyu/Library/Developer/Xcode/DerivedData/LangoTrace-hdfadqhothdwgbahopjjqiwrxhky/Build/Intermediates.noindex/LangoTrace.build/Debug-iphonesimulator/LangoTrace-iOS.build/Objects-normal/arm64/LangoTrace-iOS-OutputFileMap.json -use-frontend-parseable-output -save-temps -no-color-diagnostics -explicit-module-build -module-cache-path /Users/zibuyu/Library/Developer/Xcode/DerivedData/LangoTrace-hdfadqhothdwgbahopjjqiwrxhky/Build/Intermediates.noindex/SwiftExplicitPrecompiledModules -clang-scanner-module-cache-path /Users/zibuyu/Library/Developer/Xcode/DerivedData/ModuleCache.noindex -sdk-module-cache-path /Users/zibuyu/Library/Developer/Xcode/DerivedData/ModuleCache.noindex -serialize-diagnostics -emit-dependencies -emit-module -emit-module-path /Users/zibuyu/Library/Developer/Xcode/DerivedData/LangoTrace-hdfadqhothdwgbahopjjqiwrxhky/Build/Intermediates.noindex/LangoTrace.build/Debug-iphonesimulator/LangoTrace-iOS.build/Objects-normal/arm64/LangoTrace.swiftmodule -validate-clang-modules-once -clang-build-session-file /Users/zibuyu/Library/Developer/Xcode/DerivedData/ModuleCache.noindex/Session.modulevalidation -Xcc -I/Users/zibuyu/Library/Developer/Xcode/DerivedData/LangoTrace-hdfadqhothdwgbahopjjqiwrxhky/Build/Intermediates.noindex/LangoTrace.build/Debug-iphonesimulator/LangoTrace-iOS.build/swift-overrides.hmap -emit-const-values -Xfrontend -const-gather-protocols-file -Xfrontend /Users/zibuyu/Library/Developer/Xcode/DerivedData/LangoTrace-hdfadqhothdwgbahopjjqiwrxhky/Build/Intermediates.noindex/LangoTrace.build/Debug-iphonesimulator/LangoTrace-iOS.build/Objects-normal/arm64/LangoTrace-iOS_const_extract_protocols.json -Xcc -iquote -Xcc /Users/zibuyu/Library/Developer/Xcode/DerivedData/LangoTrace-hdfadqhothdwgbahopjjqiwrxhky/Build/Intermediates.noindex/LangoTrace.build/Debug-iphonesimulator/LangoTrace-iOS.build/LangoTrace-generated-files.hmap -Xcc -I/Users/zibuyu/Library/Developer/Xcode/DerivedData/LangoTrace-hdfadqhothdwgbahopjjqiwrxhky/Build/Intermediates.noindex/LangoTrace.build/Debug-iphonesimulator/LangoTrace-iOS.build/LangoTrace-own-target-headers.hmap -Xcc -I/Users/zibuyu/Library/Developer/Xcode/DerivedData/LangoTrace-hdfadqhothdwgbahopjjqiwrxhky/Build/Intermediates.noindex/LangoTrace.build/Debug-iphonesimulator/LangoTrace-iOS.build/LangoTrace-all-non-framework-target-headers.hmap -Xcc -ivfsoverlay -Xcc /Users/zibuyu/Library/Developer/Xcode/DerivedData/LangoTrace-hdfadqhothdwgbahopjjqiwrxhky/Build/Intermediates.noindex/LangoTrace.build/Debug-iphonesimulator/LangoTrace-5d4ae2051b82347347efd81fc70bc72a-VFS-iphonesimulator/all-product-headers.yaml -Xcc -iquote -Xcc /Users/zibuyu/Library/Developer/Xcode/DerivedData/LangoTrace-hdfadqhothdwgbahopjjqiwrxhky/Build/Intermediates.noindex/LangoTrace.build/Debug-iphonesimulator/LangoTrace-iOS.build/LangoTrace-project-headers.hmap -Xcc -I/Users/zibuyu/Library/Developer/Xcode/DerivedData/LangoTrace-hdfadqhothdwgbahopjjqiwrxhky/Build/Products/Debug-iphonesimulator/include -Xcc -I/Users/zibuyu/Library/Developer/Xcode/DerivedData/LangoTrace-hdfadqhothdwgbahopjjqiwrxhky/Build/Intermediates.noindex/LangoTrace.build/Debug-iphonesimulator/LangoTrace-iOS.build/DerivedSources-normal/arm64 -Xcc -I/Users/zibuyu/Library/Developer/Xcode/DerivedData/LangoTrace-hdfadqhothdwgbahopjjqiwrxhky/Build/Intermediates.noindex/LangoTrace.build/Debug-iphonesimulator/LangoTrace-iOS.build/DerivedSources/arm64 -Xcc -I/Users/zibuyu/Library/Developer/Xcode/DerivedData/LangoTrace-hdfadqhothdwgbahopjjqiwrxhky/Build/Intermediates.noindex/LangoTrace.build/Debug-iphonesimulator/LangoTrace-iOS.build/DerivedSources -Xcc -DDEBUG\=1 -emit-objc-header -emit-objc-header-path /Users/zibuyu/Library/Developer/Xcode/DerivedData/LangoTrace-hdfadqhothdwgbahopjjqiwrxhky/Build/Intermediates.noindex/LangoTrace.build/Debug-iphonesimulator/LangoTrace-iOS.build/Objects-normal/arm64/LangoTrace-Swift.h -working-directory /Users/zibuyu/code/zibuyu/LangoTrace -experimental-emit-module-separately -disable-cmo

SwiftDriverJobDiscovery normal arm64 Compiling ReadingPresentationModels.swift, ReadingSelectableTextView.swift, ReadingSourceFormatDisplay.swift, ReadingViewComponents.swift, ReadingViews.swift, SentenceAudioPlaybackActions.swift, SentencePairActionControls.swift, SettingsCapabilityDetailView.swift (in target 'LangoTraceUI' from project 'LangoTraceUI')

SwiftDriver\ Compilation LangoTraceUI normal arm64 com.apple.xcode.tools.swift.compiler (in target 'LangoTraceUI' from project 'LangoTraceUI')
    cd /Users/zibuyu/code/zibuyu/LangoTrace/LangoTrace.xcodeproj
    builtin-Swift-Compilation -- /Applications/Xcode.app/Contents/Developer/Toolchains/XcodeDefault.xctoolchain/usr/bin/swiftc -module-name LangoTraceUI -Onone @/Users/zibuyu/Library/Developer/Xcode/DerivedData/LangoTrace-hdfadqhothdwgbahopjjqiwrxhky/Build/Intermediates.noindex/LangoTraceUI.build/Debug-iphonesimulator/LangoTraceUI.build/Objects-normal/arm64/LangoTraceUI.SwiftFileList -DSWIFT_PACKAGE -DDEBUG -DSWIFT_MODULE_RESOURCE_BUNDLE_AVAILABLE -Xcc -fmodule-map-file\=/Users/zibuyu/Library/Developer/Xcode/DerivedData/LangoTrace-hdfadqhothdwgbahopjjqiwrxhky/SourcePackages/checkouts/GRDB.swift/Sources/GRDBSQLite/module.modulemap -DXcode -plugin-path /Applications/Xcode.app/Contents/Developer/Toolchains/XcodeDefault.xctoolchain/usr/lib/swift/host/plugins/testing -enable-experimental-feature DebugDescriptionMacro -sdk /Applications/Xcode.app/Contents/Developer/Platforms/iPhoneSimulator.platform/Developer/SDKs/iPhoneSimulator26.5.sdk -target arm64-apple-ios18.0-simulator -g -module-cache-path /Users/zibuyu/Library/Developer/Xcode/DerivedData/ModuleCache.noindex -Xfrontend -serialize-debugging-options -profile-coverage-mapping -profile-generate -enable-testing -index-store-path /Users/zibuyu/Library/Developer/Xcode/DerivedData/LangoTrace-hdfadqhothdwgbahopjjqiwrxhky/Index.noindex/DataStore -Xcc -D_LIBCPP_HARDENING_MODE\=_LIBCPP_HARDENING_MODE_DEBUG -swift-version 6 -I /Users/zibuyu/Library/Developer/Xcode/DerivedData/LangoTrace-hdfadqhothdwgbahopjjqiwrxhky/Build/Products/Debug-iphonesimulator -Isystem /Applications/Xcode.app/Contents/Developer/Platforms/iPhoneSimulator.platform/Developer/usr/lib -F /Users/zibuyu/Library/Developer/Xcode/DerivedData/LangoTrace-hdfadqhothdwgbahopjjqiwrxhky/Build/Products/Debug-iphonesimulator/PackageFrameworks -F /Users/zibuyu/Library/Developer/Xcode/DerivedData/LangoTrace-hdfadqhothdwgbahopjjqiwrxhky/Build/Products/Debug-iphonesimulator/PackageFrameworks -F /Users/zibuyu/Library/Developer/Xcode/DerivedData/LangoTrace-hdfadqhothdwgbahopjjqiwrxhky/Build/Products/Debug-iphonesimulator/PackageFrameworks -F /Users/zibuyu/Library/Developer/Xcode/DerivedData/LangoTrace-hdfadqhothdwgbahopjjqiwrxhky/Build/Products/Debug-iphonesimulator -F /Applications/Xcode.app/Contents/Developer/Platforms/iPhoneSimulator.platform/Developer/Library/Frameworks -F /Applications/Xcode.app/Contents/Developer/Platforms/iPhoneSimulator.platform/Developer/SDKs/iPhoneSimulator26.5.sdk/Developer/Library/Frameworks -c -j10 -enable-batch-mode -incremental -Xcc -ivfsstatcache -Xcc /Users/zibuyu/Library/Developer/Xcode/DerivedData/SDKStatCaches.noindex/iphonesimulator26.5-23F73-6cfe768891a92b912361537c460fe42b.sdkstatcache -output-file-map /Users/zibuyu/Library/Developer/Xcode/DerivedData/LangoTrace-hdfadqhothdwgbahopjjqiwrxhky/Build/Intermediates.noindex/LangoTraceUI.build/Debug-iphonesimulator/LangoTraceUI.build/Objects-normal/arm64/LangoTraceUI-OutputFileMap.json -use-frontend-parseable-output -save-temps -no-color-diagnostics -explicit-module-build -module-cache-path /Users/zibuyu/Library/Developer/Xcode/DerivedData/LangoTrace-hdfadqhothdwgbahopjjqiwrxhky/Build/Intermediates.noindex/SwiftExplicitPrecompiledModules -clang-scanner-module-cache-path /Users/zibuyu/Library/Developer/Xcode/DerivedData/ModuleCache.noindex -sdk-module-cache-path /Users/zibuyu/Library/Developer/Xcode/DerivedData/ModuleCache.noindex -serialize-diagnostics -emit-dependencies -emit-module -emit-module-path /Users/zibuyu/Library/Developer/Xcode/DerivedData/LangoTrace-hdfadqhothdwgbahopjjqiwrxhky/Build/Intermediates.noindex/LangoTraceUI.build/Debug-iphonesimulator/LangoTraceUI.build/Objects-normal/arm64/LangoTraceUI.swiftmodule -validate-clang-modules-once -clang-build-session-file /Users/zibuyu/Library/Developer/Xcode/DerivedData/ModuleCache.noindex/Session.modulevalidation -package-name langotraceui -Xcc -I/Users/zibuyu/Library/Developer/Xcode/DerivedData/LangoTrace-hdfadqhothdwgbahopjjqiwrxhky/Build/Intermediates.noindex/LangoTraceUI.build/Debug-iphonesimulator/LangoTraceUI.build/swift-overrides.hmap -emit-const-values -Xfrontend -const-gather-protocols-file -Xfrontend /Users/zibuyu/Library/Developer/Xcode/DerivedData/LangoTrace-hdfadqhothdwgbahopjjqiwrxhky/Build/Intermediates.noindex/LangoTraceUI.build/Debug-iphonesimulator/LangoTraceUI.build/Objects-normal/arm64/LangoTraceUI_const_extract_protocols.json -Xcc -I/Users/zibuyu/Library/Developer/Xcode/DerivedData/LangoTrace-hdfadqhothdwgbahopjjqiwrxhky/Build/Products/Debug-iphonesimulator/include -Xcc -I/Users/zibuyu/Library/Developer/Xcode/DerivedData/LangoTrace-hdfadqhothdwgbahopjjqiwrxhky/Build/Intermediates.noindex/LangoTraceUI.build/Debug-iphonesimulator/LangoTraceUI.build/DerivedSources-normal/arm64 -Xcc -I/Users/zibuyu/Library/Developer/Xcode/DerivedData/LangoTrace-hdfadqhothdwgbahopjjqiwrxhky/Build/Intermediates.noindex/LangoTraceUI.build/Debug-iphonesimulator/LangoTraceUI.build/DerivedSources/arm64 -Xcc -I/Users/zibuyu/Library/Developer/Xcode/DerivedData/LangoTrace-hdfadqhothdwgbahopjjqiwrxhky/Build/Intermediates.noindex/LangoTraceUI.build/Debug-iphonesimulator/LangoTraceUI.build/DerivedSources -Xcc -DSWIFT_PACKAGE -Xcc -DDEBUG\=1 -emit-objc-header -emit-objc-header-path /Users/zibuyu/Library/Developer/Xcode/DerivedData/LangoTrace-hdfadqhothdwgbahopjjqiwrxhky/Build/Intermediates.noindex/LangoTraceUI.build/Debug-iphonesimulator/LangoTraceUI.build/Objects-normal/arm64/LangoTraceUI-Swift.h -working-directory /Users/zibuyu/code/zibuyu/LangoTrace/LangoTrace.xcodeproj -experimental-emit-module-separately -disable-cmo

Ld /Users/zibuyu/Library/Developer/Xcode/DerivedData/LangoTrace-hdfadqhothdwgbahopjjqiwrxhky/Build/Products/Debug-iphonesimulator/LangoTraceUI.o normal (in target 'LangoTraceUI' from project 'LangoTraceUI')
    cd /Users/zibuyu/code/zibuyu/LangoTrace/Packages/LangoTraceUI
    /Applications/Xcode.app/Contents/Developer/Toolchains/XcodeDefault.xctoolchain/usr/bin/clang -Xlinker -reproducible -target arm64-apple-ios18.0-simulator -r -isysroot /Applications/Xcode.app/Contents/Developer/Platforms/iPhoneSimulator.platform/Developer/SDKs/iPhoneSimulator26.5.sdk -O0 -F/Users/zibuyu/Library/Developer/Xcode/DerivedData/LangoTrace-hdfadqhothdwgbahopjjqiwrxhky/Build/Intermediates.noindex/EagerLinkingTBDs/Debug-iphonesimulator -F/Users/zibuyu/Library/Developer/Xcode/DerivedData/LangoTrace-hdfadqhothdwgbahopjjqiwrxhky/Build/Products/Debug-iphonesimulator/PackageFrameworks -F/Users/zibuyu/Library/Developer/Xcode/DerivedData/LangoTrace-hdfadqhothdwgbahopjjqiwrxhky/Build/Products/Debug-iphonesimulator/PackageFrameworks -F/Users/zibuyu/Library/Developer/Xcode/DerivedData/LangoTrace-hdfadqhothdwgbahopjjqiwrxhky/Build/Products/Debug-iphonesimulator/PackageFrameworks -F/Users/zibuyu/Library/Developer/Xcode/DerivedData/LangoTrace-hdfadqhothdwgbahopjjqiwrxhky/Build/Products/Debug-iphonesimulator -iframework /Applications/Xcode.app/Contents/Developer/Platforms/iPhoneSimulator.platform/Developer/Library/Frameworks -iframework /Applications/Xcode.app/Contents/Developer/Platforms/iPhoneSimulator.platform/Developer/SDKs/iPhoneSimulator26.5.sdk/Developer/Library/Frameworks -filelist /Users/zibuyu/Library/Developer/Xcode/DerivedData/LangoTrace-hdfadqhothdwgbahopjjqiwrxhky/Build/Intermediates.noindex/LangoTraceUI.build/Debug-iphonesimulator/LangoTraceUI.build/Objects-normal/arm64/LangoTraceUI.LinkFileList -nostdlib -Xlinker -object_path_lto -Xlinker /Users/zibuyu/Library/Developer/Xcode/DerivedData/LangoTrace-hdfadqhothdwgbahopjjqiwrxhky/Build/Intermediates.noindex/LangoTraceUI.build/Debug-iphonesimulator/LangoTraceUI.build/Objects-normal/arm64/LangoTraceUI_lto.o -Xlinker -no_deduplicate -Xlinker -objc_abi_version -Xlinker 2 -Xlinker -debug_variant -Xlinker -dependency_info -Xlinker /Users/zibuyu/Library/Developer/Xcode/DerivedData/LangoTrace-hdfadqhothdwgbahopjjqiwrxhky/Build/Intermediates.noindex/LangoTraceUI.build/Debug-iphonesimulator/LangoTraceUI.build/Objects-normal/arm64/LangoTraceUI_dependency_info.dat -fobjc-link-runtime -L/Applications/Xcode.app/Contents/Developer/Toolchains/XcodeDefault.xctoolchain/usr/lib/swift/iphonesimulator -L/usr/lib/swift -Xlinker -add_ast_path -Xlinker /Users/zibuyu/Library/Developer/Xcode/DerivedData/LangoTrace-hdfadqhothdwgbahopjjqiwrxhky/Build/Intermediates.noindex/LangoTraceUI.build/Debug-iphonesimulator/LangoTraceUI.build/Objects-normal/arm64/LangoTraceUI.swiftmodule @/Users/zibuyu/Library/Developer/Xcode/DerivedData/LangoTrace-hdfadqhothdwgbahopjjqiwrxhky/Build/Intermediates.noindex/LangoTraceUI.build/Debug-iphonesimulator/LangoTraceUI.build/Objects-normal/arm64/LangoTraceUI-linker-args.resp -o /Users/zibuyu/Library/Developer/Xcode/DerivedData/LangoTrace-hdfadqhothdwgbahopjjqiwrxhky/Build/Products/Debug-iphonesimulator/LangoTraceUI.o

ExtractAppIntentsMetadata (in target 'LangoTraceUI' from project 'LangoTraceUI')
    cd /Users/zibuyu/code/zibuyu/LangoTrace/Packages/LangoTraceUI
    /Applications/Xcode.app/Contents/Developer/Toolchains/XcodeDefault.xctoolchain/usr/bin/appintentsmetadataprocessor --toolchain-dir /Applications/Xcode.app/Contents/Developer/Toolchains/XcodeDefault.xctoolchain --module-name LangoTraceUI --sdk-root /Applications/Xcode.app/Contents/Developer/Platforms/iPhoneSimulator.platform/Developer/SDKs/iPhoneSimulator26.5.sdk --xcode-version 17F42 --platform-family iOS --deployment-target 18.0 --bundle-identifier langotraceui.LangoTraceUI --output /Users/zibuyu/Library/Developer/Xcode/DerivedData/LangoTrace-hdfadqhothdwgbahopjjqiwrxhky/Build/Products/Debug-iphonesimulator/LangoTraceUI.appintents --target-triple arm64-apple-ios18.0-simulator --binary-file /Users/zibuyu/Library/Developer/Xcode/DerivedData/LangoTrace-hdfadqhothdwgbahopjjqiwrxhky/Build/Products/Debug-iphonesimulator/LangoTraceUI.o --dependency-file /Users/zibuyu/Library/Developer/Xcode/DerivedData/LangoTrace-hdfadqhothdwgbahopjjqiwrxhky/Build/Intermediates.noindex/LangoTraceUI.build/Debug-iphonesimulator/LangoTraceUI.build/Objects-normal/arm64/LangoTraceUI_dependency_info.dat --stringsdata-file /Users/zibuyu/Library/Developer/Xcode/DerivedData/LangoTrace-hdfadqhothdwgbahopjjqiwrxhky/Build/Intermediates.noindex/LangoTraceUI.build/Debug-iphonesimulator/LangoTraceUI.build/Objects-normal/arm64/ExtractedAppShortcutsMetadata.stringsdata --source-file-list /Users/zibuyu/Library/Developer/Xcode/DerivedData/LangoTrace-hdfadqhothdwgbahopjjqiwrxhky/Build/Intermediates.noindex/LangoTraceUI.build/Debug-iphonesimulator/LangoTraceUI.build/Objects-normal/arm64/LangoTraceUI.SwiftFileList --metadata-file-list /Users/zibuyu/Library/Developer/Xcode/DerivedData/LangoTrace-hdfadqhothdwgbahopjjqiwrxhky/Build/Intermediates.noindex/LangoTraceUI.build/Debug-iphonesimulator/LangoTraceUI.build/LangoTraceUI.DependencyMetadataFileList --static-metadata-file-list /Users/zibuyu/Library/Developer/Xcode/DerivedData/LangoTrace-hdfadqhothdwgbahopjjqiwrxhky/Build/Intermediates.noindex/LangoTraceUI.build/Debug-iphonesimulator/LangoTraceUI.build/LangoTraceUI.DependencyStaticMetadataFileList --swift-const-vals-list /Users/zibuyu/Library/Developer/Xcode/DerivedData/LangoTrace-hdfadqhothdwgbahopjjqiwrxhky/Build/Intermediates.noindex/LangoTraceUI.build/Debug-iphonesimulator/LangoTraceUI.build/Objects-normal/arm64/LangoTraceUI.SwiftConstValuesFileList --force --compile-time-extraction --deployment-aware-processing --validate-assistant-intents --no-app-shortcuts-localization
2026-06-07 15:24:46.813 appintentsmetadataprocessor[82464:43182052] Starting appintentsmetadataprocessor export
2026-06-07 15:24:46.820 appintentsmetadataprocessor[82464:43182052] Extracted no relevant App Intents symbols, skipping writing output

RegisterExecutionPolicyException /Users/zibuyu/Library/Developer/Xcode/DerivedData/LangoTrace-hdfadqhothdwgbahopjjqiwrxhky/Build/Products/Debug-iphonesimulator/LangoTraceUI.o (in target 'LangoTraceUI' from project 'LangoTraceUI')
    cd /Users/zibuyu/code/zibuyu/LangoTrace/Packages/LangoTraceUI
    builtin-RegisterExecutionPolicyException /Users/zibuyu/Library/Developer/Xcode/DerivedData/LangoTrace-hdfadqhothdwgbahopjjqiwrxhky/Build/Products/Debug-iphonesimulator/LangoTraceUI.o

Copy /Users/zibuyu/Library/Developer/Xcode/DerivedData/LangoTrace-hdfadqhothdwgbahopjjqiwrxhky/Build/Products/Debug-iphonesimulator/LangoTrace.app/LangoTraceAI_LangoTraceAI.bundle /Users/zibuyu/Library/Developer/Xcode/DerivedData/LangoTrace-hdfadqhothdwgbahopjjqiwrxhky/Build/Products/Debug-iphonesimulator/LangoTraceAI_LangoTraceAI.bundle (in target 'LangoTrace-iOS' from project 'LangoTrace')
    cd /Users/zibuyu/code/zibuyu/LangoTrace
    builtin-copy -exclude .DS_Store -exclude CVS -exclude .svn -exclude .git -exclude .hg -resolve-src-symlinks /Users/zibuyu/Library/Developer/Xcode/DerivedData/LangoTrace-hdfadqhothdwgbahopjjqiwrxhky/Build/Products/Debug-iphonesimulator/LangoTraceAI_LangoTraceAI.bundle /Users/zibuyu/Library/Developer/Xcode/DerivedData/LangoTrace-hdfadqhothdwgbahopjjqiwrxhky/Build/Products/Debug-iphonesimulator/LangoTrace.app

Copy /Users/zibuyu/Library/Developer/Xcode/DerivedData/LangoTrace-hdfadqhothdwgbahopjjqiwrxhky/Build/Products/Debug-iphonesimulator/LangoTrace.app/LangoTraceUI_LangoTraceUI.bundle /Users/zibuyu/Library/Developer/Xcode/DerivedData/LangoTrace-hdfadqhothdwgbahopjjqiwrxhky/Build/Products/Debug-iphonesimulator/LangoTraceUI_LangoTraceUI.bundle (in target 'LangoTrace-iOS' from project 'LangoTrace')
    cd /Users/zibuyu/code/zibuyu/LangoTrace
    builtin-copy -exclude .DS_Store -exclude CVS -exclude .svn -exclude .git -exclude .hg -resolve-src-symlinks /Users/zibuyu/Library/Developer/Xcode/DerivedData/LangoTrace-hdfadqhothdwgbahopjjqiwrxhky/Build/Products/Debug-iphonesimulator/LangoTraceUI_LangoTraceUI.bundle /Users/zibuyu/Library/Developer/Xcode/DerivedData/LangoTrace-hdfadqhothdwgbahopjjqiwrxhky/Build/Products/Debug-iphonesimulator/LangoTrace.app

Ld /Users/zibuyu/Library/Developer/Xcode/DerivedData/LangoTrace-hdfadqhothdwgbahopjjqiwrxhky/Build/Products/Debug-iphonesimulator/LangoTrace.app/__preview.dylib normal (in target 'LangoTrace-iOS' from project 'LangoTrace')
    cd /Users/zibuyu/code/zibuyu/LangoTrace
    /Applications/Xcode.app/Contents/Developer/Toolchains/XcodeDefault.xctoolchain/usr/bin/clang -Xlinker -reproducible -target arm64-apple-ios18.0-simulator -dynamiclib -isysroot /Applications/Xcode.app/Contents/Developer/Platforms/iPhoneSimulator.platform/Developer/SDKs/iPhoneSimulator26.5.sdk -O0 -L/Users/zibuyu/Library/Developer/Xcode/DerivedData/LangoTrace-hdfadqhothdwgbahopjjqiwrxhky/Build/Products/Debug-iphonesimulator -F/Users/zibuyu/Library/Developer/Xcode/DerivedData/LangoTrace-hdfadqhothdwgbahopjjqiwrxhky/Build/Products/Debug-iphonesimulator/PackageFrameworks -F/Users/zibuyu/Library/Developer/Xcode/DerivedData/LangoTrace-hdfadqhothdwgbahopjjqiwrxhky/Build/Products/Debug-iphonesimulator/PackageFrameworks -F/Users/zibuyu/Library/Developer/Xcode/DerivedData/LangoTrace-hdfadqhothdwgbahopjjqiwrxhky/Build/Products/Debug-iphonesimulator/PackageFrameworks -F/Users/zibuyu/Library/Developer/Xcode/DerivedData/LangoTrace-hdfadqhothdwgbahopjjqiwrxhky/Build/Products/Debug-iphonesimulator/PackageFrameworks -F/Users/zibuyu/Library/Developer/Xcode/DerivedData/LangoTrace-hdfadqhothdwgbahopjjqiwrxhky/Build/Products/Debug-iphonesimulator/PackageFrameworks -F/Users/zibuyu/Library/Developer/Xcode/DerivedData/LangoTrace-hdfadqhothdwgbahopjjqiwrxhky/Build/Products/Debug-iphonesimulator/PackageFrameworks -F/Users/zibuyu/Library/Developer/Xcode/DerivedData/LangoTrace-hdfadqhothdwgbahopjjqiwrxhky/Build/Products/Debug-iphonesimulator/PackageFrameworks -F/Users/zibuyu/Library/Developer/Xcode/DerivedData/LangoTrace-hdfadqhothdwgbahopjjqiwrxhky/Build/Products/Debug-iphonesimulator -install_name @rpath/LangoTrace.debug.dylib -Xlinker -dead_strip -rdynamic -Xlinker -no_deduplicate -Xlinker -objc_abi_version -Xlinker 2 -Xlinker -debug_variant -Xlinker -dependency_info -Xlinker /Users/zibuyu/Library/Developer/Xcode/DerivedData/LangoTrace-hdfadqhothdwgbahopjjqiwrxhky/Build/Intermediates.noindex/LangoTrace.build/Debug-iphonesimulator/LangoTrace-iOS.build/Objects-normal/arm64/LangoTrace_dependency_info.dat -Xlinker -sectcreate -Xlinker __TEXT -Xlinker __entitlements -Xlinker /Users/zibuyu/Library/Developer/Xcode/DerivedData/LangoTrace-hdfadqhothdwgbahopjjqiwrxhky/Build/Intermediates.noindex/LangoTrace.build/Debug-iphonesimulator/LangoTrace-iOS.build/LangoTrace.app-Simulated.xcent -Xlinker -sectcreate -Xlinker __TEXT -Xlinker __ents_der -Xlinker /Users/zibuyu/Library/Developer/Xcode/DerivedData/LangoTrace-hdfadqhothdwgbahopjjqiwrxhky/Build/Intermediates.noindex/LangoTrace.build/Debug-iphonesimulator/LangoTrace-iOS.build/LangoTrace.app-Simulated.xcent.der -Xlinker -no_adhoc_codesign -o /Users/zibuyu/Library/Developer/Xcode/DerivedData/LangoTrace-hdfadqhothdwgbahopjjqiwrxhky/Build/Products/Debug-iphonesimulator/LangoTrace.app/__preview.dylib

CompileStoryboard /Users/zibuyu/code/zibuyu/LangoTrace/LangoTraceApp/Resources/LaunchScreen.storyboard (in target 'LangoTrace-iOS' from project 'LangoTrace')
    cd /Users/zibuyu/code/zibuyu/LangoTrace
    /Applications/Xcode.app/Contents/Developer/usr/bin/ibtool --errors --warnings --notices --module LangoTrace --output-partial-info-plist /Users/zibuyu/Library/Developer/Xcode/DerivedData/LangoTrace-hdfadqhothdwgbahopjjqiwrxhky/Build/Intermediates.noindex/LangoTrace.build/Debug-iphonesimulator/LangoTrace-iOS.build/LaunchScreen-SBPartialInfo.plist --auto-activate-custom-fonts --target-device iphone --target-device ipad --minimum-deployment-target 18.0 --output-format human-readable-text /Users/zibuyu/code/zibuyu/LangoTrace/LangoTraceApp/Resources/LaunchScreen.storyboard --compilation-directory /Users/zibuyu/Library/Developer/Xcode/DerivedData/LangoTrace-hdfadqhothdwgbahopjjqiwrxhky/Build/Intermediates.noindex/LangoTrace.build/Debug-iphonesimulator/LangoTrace-iOS.build

Copy /Users/zibuyu/Library/Developer/Xcode/DerivedData/LangoTrace-hdfadqhothdwgbahopjjqiwrxhky/Build/Products/Debug-iphonesimulator/LangoTrace.app/GRDB_GRDB.bundle /Users/zibuyu/Library/Developer/Xcode/DerivedData/LangoTrace-hdfadqhothdwgbahopjjqiwrxhky/Build/Products/Debug-iphonesimulator/GRDB_GRDB.bundle (in target 'LangoTrace-iOS' from project 'LangoTrace')
    cd /Users/zibuyu/code/zibuyu/LangoTrace
    builtin-copy -exclude .DS_Store -exclude CVS -exclude .svn -exclude .git -exclude .hg -resolve-src-symlinks /Users/zibuyu/Library/Developer/Xcode/DerivedData/LangoTrace-hdfadqhothdwgbahopjjqiwrxhky/Build/Products/Debug-iphonesimulator/GRDB_GRDB.bundle /Users/zibuyu/Library/Developer/Xcode/DerivedData/LangoTrace-hdfadqhothdwgbahopjjqiwrxhky/Build/Products/Debug-iphonesimulator/LangoTrace.app

Ld /Users/zibuyu/Library/Developer/Xcode/DerivedData/LangoTrace-hdfadqhothdwgbahopjjqiwrxhky/Build/Products/Debug-iphonesimulator/LangoTrace.app/LangoTrace.debug.dylib normal (in target 'LangoTrace-iOS' from project 'LangoTrace')
    cd /Users/zibuyu/code/zibuyu/LangoTrace
    /Applications/Xcode.app/Contents/Developer/Toolchains/XcodeDefault.xctoolchain/usr/bin/clang -Xlinker -reproducible -target arm64-apple-ios18.0-simulator -dynamiclib -isysroot /Applications/Xcode.app/Contents/Developer/Platforms/iPhoneSimulator.platform/Developer/SDKs/iPhoneSimulator26.5.sdk -O0 -L/Users/zibuyu/Library/Developer/Xcode/DerivedData/LangoTrace-hdfadqhothdwgbahopjjqiwrxhky/Build/Intermediates.noindex/EagerLinkingTBDs/Debug-iphonesimulator -L/Users/zibuyu/Library/Developer/Xcode/DerivedData/LangoTrace-hdfadqhothdwgbahopjjqiwrxhky/Build/Products/Debug-iphonesimulator -F/Users/zibuyu/Library/Developer/Xcode/DerivedData/LangoTrace-hdfadqhothdwgbahopjjqiwrxhky/Build/Intermediates.noindex/EagerLinkingTBDs/Debug-iphonesimulator -F/Users/zibuyu/Library/Developer/Xcode/DerivedData/LangoTrace-hdfadqhothdwgbahopjjqiwrxhky/Build/Products/Debug-iphonesimulator/PackageFrameworks -F/Users/zibuyu/Library/Developer/Xcode/DerivedData/LangoTrace-hdfadqhothdwgbahopjjqiwrxhky/Build/Products/Debug-iphonesimulator/PackageFrameworks -F/Users/zibuyu/Library/Developer/Xcode/DerivedData/LangoTrace-hdfadqhothdwgbahopjjqiwrxhky/Build/Products/Debug-iphonesimulator/PackageFrameworks -F/Users/zibuyu/Library/Developer/Xcode/DerivedData/LangoTrace-hdfadqhothdwgbahopjjqiwrxhky/Build/Products/Debug-iphonesimulator/PackageFrameworks -F/Users/zibuyu/Library/Developer/Xcode/DerivedData/LangoTrace-hdfadqhothdwgbahopjjqiwrxhky/Build/Products/Debug-iphonesimulator/PackageFrameworks -F/Users/zibuyu/Library/Developer/Xcode/DerivedData/LangoTrace-hdfadqhothdwgbahopjjqiwrxhky/Build/Products/Debug-iphonesimulator/PackageFrameworks -F/Users/zibuyu/Library/Developer/Xcode/DerivedData/LangoTrace-hdfadqhothdwgbahopjjqiwrxhky/Build/Products/Debug-iphonesimulator/PackageFrameworks -F/Users/zibuyu/Library/Developer/Xcode/DerivedData/LangoTrace-hdfadqhothdwgbahopjjqiwrxhky/Build/Products/Debug-iphonesimulator -filelist /Users/zibuyu/Library/Developer/Xcode/DerivedData/LangoTrace-hdfadqhothdwgbahopjjqiwrxhky/Build/Intermediates.noindex/LangoTrace.build/Debug-iphonesimulator/LangoTrace-iOS.build/Objects-normal/arm64/LangoTrace.LinkFileList -install_name @rpath/LangoTrace.debug.dylib -Xlinker -rpath -Xlinker /usr/lib/swift -Xlinker -rpath -Xlinker /Users/zibuyu/Library/Developer/Xcode/DerivedData/LangoTrace-hdfadqhothdwgbahopjjqiwrxhky/Build/Products/Debug-iphonesimulator/PackageFrameworks -Xlinker -rpath -Xlinker @executable_path/Frameworks -Xlinker -dead_strip -Xlinker -object_path_lto -Xlinker /Users/zibuyu/Library/Developer/Xcode/DerivedData/LangoTrace-hdfadqhothdwgbahopjjqiwrxhky/Build/Intermediates.noindex/LangoTrace.build/Debug-iphonesimulator/LangoTrace-iOS.build/Objects-normal/arm64/LangoTrace_lto.o -rdynamic -Xlinker -no_deduplicate -Xlinker -objc_abi_version -Xlinker 2 -Xlinker -debug_variant -Xlinker -dependency_info -Xlinker /Users/zibuyu/Library/Developer/Xcode/DerivedData/LangoTrace-hdfadqhothdwgbahopjjqiwrxhky/Build/Intermediates.noindex/LangoTrace.build/Debug-iphonesimulator/LangoTrace-iOS.build/Objects-normal/arm64/LangoTrace_dependency_info.dat -fobjc-link-runtime -fprofile-instr-generate -L/Applications/Xcode.app/Contents/Developer/Toolchains/XcodeDefault.xctoolchain/usr/lib/swift/iphonesimulator -L/usr/lib/swift -Xlinker -add_ast_path -Xlinker /Users/zibuyu/Library/Developer/Xcode/DerivedData/LangoTrace-hdfadqhothdwgbahopjjqiwrxhky/Build/Intermediates.noindex/LangoTrace.build/Debug-iphonesimulator/LangoTrace-iOS.build/Objects-normal/arm64/LangoTrace.swiftmodule @/Users/zibuyu/Library/Developer/Xcode/DerivedData/LangoTrace-hdfadqhothdwgbahopjjqiwrxhky/Build/Intermediates.noindex/LangoTrace.build/Debug-iphonesimulator/LangoTrace-iOS.build/Objects-normal/arm64/LangoTrace-linker-args.resp -Wl,-no_warn_duplicate_libraries -Wl,-no_warn_duplicate_libraries -Wl,-no_warn_duplicate_libraries -Wl,-no_warn_duplicate_libraries -Wl,-no_warn_duplicate_libraries -Wl,-no_warn_duplicate_libraries -Wl,-no_warn_duplicate_libraries -Xlinker -alias -Xlinker _main -Xlinker ___debug_main_executable_dylib_entry_point -framework AppIntents -Xlinker -no_adhoc_codesign -o /Users/zibuyu/Library/Developer/Xcode/DerivedData/LangoTrace-hdfadqhothdwgbahopjjqiwrxhky/Build/Products/Debug-iphonesimulator/LangoTrace.app/LangoTrace.debug.dylib -Xlinker -add_ast_path -Xlinker /Users/zibuyu/Library/Developer/Xcode/DerivedData/LangoTrace-hdfadqhothdwgbahopjjqiwrxhky/Build/Intermediates.noindex/LangoTraceCore.build/Debug-iphonesimulator/LangoTraceCore.build/Objects-normal/arm64/LangoTraceCore.swiftmodule @/Users/zibuyu/Library/Developer/Xcode/DerivedData/LangoTrace-hdfadqhothdwgbahopjjqiwrxhky/Build/Intermediates.noindex/LangoTraceCore.build/Debug-iphonesimulator/LangoTraceCore.build/Objects-normal/arm64/LangoTraceCore-linker-args.resp -Xlinker -add_ast_path -Xlinker /Users/zibuyu/Library/Developer/Xcode/DerivedData/LangoTrace-hdfadqhothdwgbahopjjqiwrxhky/Build/Intermediates.noindex/LangoTraceUI.build/Debug-iphonesimulator/LangoTraceUI.build/Objects-normal/arm64/LangoTraceUI.swiftmodule @/Users/zibuyu/Library/Developer/Xcode/DerivedData/LangoTrace-hdfadqhothdwgbahopjjqiwrxhky/Build/Intermediates.noindex/LangoTraceUI.build/Debug-iphonesimulator/LangoTraceUI.build/Objects-normal/arm64/LangoTraceUI-linker-args.resp -Xlinker -add_ast_path -Xlinker /Users/zibuyu/Library/Developer/Xcode/DerivedData/LangoTrace-hdfadqhothdwgbahopjjqiwrxhky/Build/Intermediates.noindex/LangoTraceData.build/Debug-iphonesimulator/LangoTraceData.build/Objects-normal/arm64/LangoTraceData.swiftmodule @/Users/zibuyu/Library/Developer/Xcode/DerivedData/LangoTrace-hdfadqhothdwgbahopjjqiwrxhky/Build/Intermediates.noindex/LangoTraceData.build/Debug-iphonesimulator/LangoTraceData.build/Objects-normal/arm64/LangoTraceData-linker-args.resp -Xlinker -add_ast_path -Xlinker /Users/zibuyu/Library/Developer/Xcode/DerivedData/LangoTrace-hdfadqhothdwgbahopjjqiwrxhky/Build/Intermediates.noindex/GRDB.build/Debug-iphonesimulator/GRDB.build/Objects-normal/arm64/GRDB.swiftmodule @/Users/zibuyu/Library/Developer/Xcode/DerivedData/LangoTrace-hdfadqhothdwgbahopjjqiwrxhky/Build/Intermediates.noindex/GRDB.build/Debug-iphonesimulator/GRDB.build/Objects-normal/arm64/GRDB-linker-args.resp -Xlinker -add_ast_path -Xlinker /Users/zibuyu/Library/Developer/Xcode/DerivedData/LangoTrace-hdfadqhothdwgbahopjjqiwrxhky/Build/Intermediates.noindex/LangoTraceAI.build/Debug-iphonesimulator/LangoTraceAI.build/Objects-normal/arm64/LangoTraceAI.swiftmodule @/Users/zibuyu/Library/Developer/Xcode/DerivedData/LangoTrace-hdfadqhothdwgbahopjjqiwrxhky/Build/Intermediates.noindex/LangoTraceAI.build/Debug-iphonesimulator/LangoTraceAI.build/Objects-normal/arm64/LangoTraceAI-linker-args.resp -Xlinker -add_ast_path -Xlinker /Users/zibuyu/Library/Developer/Xcode/DerivedData/LangoTrace-hdfadqhothdwgbahopjjqiwrxhky/Build/Intermediates.noindex/LangoTraceSpeech.build/Debug-iphonesimulator/LangoTraceSpeech.build/Objects-normal/arm64/LangoTraceSpeech.swiftmodule @/Users/zibuyu/Library/Developer/Xcode/DerivedData/LangoTrace-hdfadqhothdwgbahopjjqiwrxhky/Build/Intermediates.noindex/LangoTraceSpeech.build/Debug-iphonesimulator/LangoTraceSpeech.build/Objects-normal/arm64/LangoTraceSpeech-linker-args.resp -Xlinker -add_ast_path -Xlinker /Users/zibuyu/Library/Developer/Xcode/DerivedData/LangoTrace-hdfadqhothdwgbahopjjqiwrxhky/Build/Intermediates.noindex/LangoTraceSync.build/Debug-iphonesimulator/LangoTraceSync.build/Objects-normal/arm64/LangoTraceSync.swiftmodule @/Users/zibuyu/Library/Developer/Xcode/DerivedData/LangoTrace-hdfadqhothdwgbahopjjqiwrxhky/Build/Intermediates.noindex/LangoTraceSync.build/Debug-iphonesimulator/LangoTraceSync.build/Objects-normal/arm64/LangoTraceSync-linker-args.resp

ConstructStubExecutorLinkFileList /Users/zibuyu/Library/Developer/Xcode/DerivedData/LangoTrace-hdfadqhothdwgbahopjjqiwrxhky/Build/Intermediates.noindex/LangoTrace.build/Debug-iphonesimulator/LangoTrace-iOS.build/LangoTrace-ExecutorLinkFileList-normal-arm64.txt (in target 'LangoTrace-iOS' from project 'LangoTrace')
    cd /Users/zibuyu/code/zibuyu/LangoTrace
    construct-stub-executor-link-file-list /Users/zibuyu/Library/Developer/Xcode/DerivedData/LangoTrace-hdfadqhothdwgbahopjjqiwrxhky/Build/Products/Debug-iphonesimulator/LangoTrace.app/LangoTrace.debug.dylib /Applications/Xcode.app/Contents/Developer/Platforms/iPhoneSimulator.platform/Developer/usr/lib/libPreviewsJITStubExecutor_no_swift_entry_point.a /Applications/Xcode.app/Contents/Developer/Platforms/iPhoneSimulator.platform/Developer/usr/lib/libPreviewsJITStubExecutor.a --output /Users/zibuyu/Library/Developer/Xcode/DerivedData/LangoTrace-hdfadqhothdwgbahopjjqiwrxhky/Build/Intermediates.noindex/LangoTrace.build/Debug-iphonesimulator/LangoTrace-iOS.build/LangoTrace-ExecutorLinkFileList-normal-arm64.txt
note: Using stub executor library with Swift entry point. (in target 'LangoTrace-iOS' from project 'LangoTrace')

LinkStoryboards (in target 'LangoTrace-iOS' from project 'LangoTrace')
    cd /Users/zibuyu/code/zibuyu/LangoTrace
    /Applications/Xcode.app/Contents/Developer/usr/bin/ibtool --errors --warnings --notices --module LangoTrace --target-device iphone --target-device ipad --minimum-deployment-target 18.0 --output-format human-readable-text --link /Users/zibuyu/Library/Developer/Xcode/DerivedData/LangoTrace-hdfadqhothdwgbahopjjqiwrxhky/Build/Products/Debug-iphonesimulator/LangoTrace.app /Users/zibuyu/Library/Developer/Xcode/DerivedData/LangoTrace-hdfadqhothdwgbahopjjqiwrxhky/Build/Intermediates.noindex/LangoTrace.build/Debug-iphonesimulator/LangoTrace-iOS.build/LaunchScreen.storyboardc

Ld /Users/zibuyu/Library/Developer/Xcode/DerivedData/LangoTrace-hdfadqhothdwgbahopjjqiwrxhky/Build/Products/Debug-iphonesimulator/LangoTrace.app/LangoTrace normal (in target 'LangoTrace-iOS' from project 'LangoTrace')
    cd /Users/zibuyu/code/zibuyu/LangoTrace
    /Applications/Xcode.app/Contents/Developer/Toolchains/XcodeDefault.xctoolchain/usr/bin/clang -Xlinker -reproducible -target arm64-apple-ios18.0-simulator -isysroot /Applications/Xcode.app/Contents/Developer/Platforms/iPhoneSimulator.platform/Developer/SDKs/iPhoneSimulator26.5.sdk -O0 -L/Users/zibuyu/Library/Developer/Xcode/DerivedData/LangoTrace-hdfadqhothdwgbahopjjqiwrxhky/Build/Products/Debug-iphonesimulator -F/Users/zibuyu/Library/Developer/Xcode/DerivedData/LangoTrace-hdfadqhothdwgbahopjjqiwrxhky/Build/Products/Debug-iphonesimulator/PackageFrameworks -F/Users/zibuyu/Library/Developer/Xcode/DerivedData/LangoTrace-hdfadqhothdwgbahopjjqiwrxhky/Build/Products/Debug-iphonesimulator/PackageFrameworks -F/Users/zibuyu/Library/Developer/Xcode/DerivedData/LangoTrace-hdfadqhothdwgbahopjjqiwrxhky/Build/Products/Debug-iphonesimulator/PackageFrameworks -F/Users/zibuyu/Library/Developer/Xcode/DerivedData/LangoTrace-hdfadqhothdwgbahopjjqiwrxhky/Build/Products/Debug-iphonesimulator/PackageFrameworks -F/Users/zibuyu/Library/Developer/Xcode/DerivedData/LangoTrace-hdfadqhothdwgbahopjjqiwrxhky/Build/Products/Debug-iphonesimulator/PackageFrameworks -F/Users/zibuyu/Library/Developer/Xcode/DerivedData/LangoTrace-hdfadqhothdwgbahopjjqiwrxhky/Build/Products/Debug-iphonesimulator/PackageFrameworks -F/Users/zibuyu/Library/Developer/Xcode/DerivedData/LangoTrace-hdfadqhothdwgbahopjjqiwrxhky/Build/Products/Debug-iphonesimulator/PackageFrameworks -F/Users/zibuyu/Library/Developer/Xcode/DerivedData/LangoTrace-hdfadqhothdwgbahopjjqiwrxhky/Build/Products/Debug-iphonesimulator -Xlinker -rpath -Xlinker @executable_path -Xlinker -rpath -Xlinker /Users/zibuyu/Library/Developer/Xcode/DerivedData/LangoTrace-hdfadqhothdwgbahopjjqiwrxhky/Build/Products/Debug-iphonesimulator/PackageFrameworks -Xlinker -rpath -Xlinker @executable_path/Frameworks -rdynamic -Xlinker -no_deduplicate -Xlinker -objc_abi_version -Xlinker 2 -Xlinker -debug_variant -e ___debug_blank_executor_main -Xlinker -sectcreate -Xlinker __TEXT -Xlinker __debug_dylib -Xlinker /Users/zibuyu/Library/Developer/Xcode/DerivedData/LangoTrace-hdfadqhothdwgbahopjjqiwrxhky/Build/Intermediates.noindex/LangoTrace.build/Debug-iphonesimulator/LangoTrace-iOS.build/LangoTrace-DebugDylibPath-normal-arm64.txt -Xlinker -sectcreate -Xlinker __TEXT -Xlinker __debug_instlnm -Xlinker /Users/zibuyu/Library/Developer/Xcode/DerivedData/LangoTrace-hdfadqhothdwgbahopjjqiwrxhky/Build/Intermediates.noindex/LangoTrace.build/Debug-iphonesimulator/LangoTrace-iOS.build/LangoTrace-DebugDylibInstallName-normal-arm64.txt -Xlinker -filelist -Xlinker /Users/zibuyu/Library/Developer/Xcode/DerivedData/LangoTrace-hdfadqhothdwgbahopjjqiwrxhky/Build/Intermediates.noindex/LangoTrace.build/Debug-iphonesimulator/LangoTrace-iOS.build/LangoTrace-ExecutorLinkFileList-normal-arm64.txt -Xlinker -sectcreate -Xlinker __TEXT -Xlinker __entitlements -Xlinker /Users/zibuyu/Library/Developer/Xcode/DerivedData/LangoTrace-hdfadqhothdwgbahopjjqiwrxhky/Build/Intermediates.noindex/LangoTrace.build/Debug-iphonesimulator/LangoTrace-iOS.build/LangoTrace.app-Simulated.xcent -Xlinker -sectcreate -Xlinker __TEXT -Xlinker __ents_der -Xlinker /Users/zibuyu/Library/Developer/Xcode/DerivedData/LangoTrace-hdfadqhothdwgbahopjjqiwrxhky/Build/Intermediates.noindex/LangoTrace.build/Debug-iphonesimulator/LangoTrace-iOS.build/LangoTrace.app-Simulated.xcent.der /Users/zibuyu/Library/Developer/Xcode/DerivedData/LangoTrace-hdfadqhothdwgbahopjjqiwrxhky/Build/Products/Debug-iphonesimulator/LangoTrace.app/LangoTrace.debug.dylib -Xlinker -no_adhoc_codesign -o /Users/zibuyu/Library/Developer/Xcode/DerivedData/LangoTrace-hdfadqhothdwgbahopjjqiwrxhky/Build/Products/Debug-iphonesimulator/LangoTrace.app/LangoTrace

LinkAssetCatalog /Users/zibuyu/code/zibuyu/LangoTrace/LangoTraceApp/Resources/Assets.xcassets (in target 'LangoTrace-iOS' from project 'LangoTrace')
    cd /Users/zibuyu/code/zibuyu/LangoTrace
    builtin-linkAssetCatalog --thinned /Users/zibuyu/Library/Developer/Xcode/DerivedData/LangoTrace-hdfadqhothdwgbahopjjqiwrxhky/Build/Intermediates.noindex/LangoTrace.build/Debug-iphonesimulator/LangoTrace-iOS.build/assetcatalog_output/thinned --thinned-dependencies /Users/zibuyu/Library/Developer/Xcode/DerivedData/LangoTrace-hdfadqhothdwgbahopjjqiwrxhky/Build/Intermediates.noindex/LangoTrace.build/Debug-iphonesimulator/LangoTrace-iOS.build/assetcatalog_dependencies_thinned --thinned-info-plist-content /Users/zibuyu/Library/Developer/Xcode/DerivedData/LangoTrace-hdfadqhothdwgbahopjjqiwrxhky/Build/Intermediates.noindex/LangoTrace.build/Debug-iphonesimulator/LangoTrace-iOS.build/assetcatalog_generated_info.plist_thinned --unthinned /Users/zibuyu/Library/Developer/Xcode/DerivedData/LangoTrace-hdfadqhothdwgbahopjjqiwrxhky/Build/Intermediates.noindex/LangoTrace.build/Debug-iphonesimulator/LangoTrace-iOS.build/assetcatalog_output/unthinned --unthinned-dependencies /Users/zibuyu/Library/Developer/Xcode/DerivedData/LangoTrace-hdfadqhothdwgbahopjjqiwrxhky/Build/Intermediates.noindex/LangoTrace.build/Debug-iphonesimulator/LangoTrace-iOS.build/assetcatalog_dependencies_unthinned --unthinned-info-plist-content /Users/zibuyu/Library/Developer/Xcode/DerivedData/LangoTrace-hdfadqhothdwgbahopjjqiwrxhky/Build/Intermediates.noindex/LangoTrace.build/Debug-iphonesimulator/LangoTrace-iOS.build/assetcatalog_generated_info.plist_unthinned --output /Users/zibuyu/Library/Developer/Xcode/DerivedData/LangoTrace-hdfadqhothdwgbahopjjqiwrxhky/Build/Products/Debug-iphonesimulator/LangoTrace.app --plist-output /Users/zibuyu/Library/Developer/Xcode/DerivedData/LangoTrace-hdfadqhothdwgbahopjjqiwrxhky/Build/Intermediates.noindex/LangoTrace.build/Debug-iphonesimulator/LangoTrace-iOS.build/assetcatalog_generated_info.plist
note: Emplaced /Users/zibuyu/Library/Developer/Xcode/DerivedData/LangoTrace-hdfadqhothdwgbahopjjqiwrxhky/Build/Products/Debug-iphonesimulator/LangoTrace.app/Assets.car (in target 'LangoTrace-iOS' from project 'LangoTrace')
note: Emplaced /Users/zibuyu/Library/Developer/Xcode/DerivedData/LangoTrace-hdfadqhothdwgbahopjjqiwrxhky/Build/Products/Debug-iphonesimulator/LangoTrace.app/AppIcon76x76@2x~ipad.png (in target 'LangoTrace-iOS' from project 'LangoTrace')
note: Emplaced /Users/zibuyu/Library/Developer/Xcode/DerivedData/LangoTrace-hdfadqhothdwgbahopjjqiwrxhky/Build/Products/Debug-iphonesimulator/LangoTrace.app/AppIcon60x60@2x.png (in target 'LangoTrace-iOS' from project 'LangoTrace')

ProcessInfoPlistFile /Users/zibuyu/Library/Developer/Xcode/DerivedData/LangoTrace-hdfadqhothdwgbahopjjqiwrxhky/Build/Products/Debug-iphonesimulator/LangoTrace.app/Info.plist /Users/zibuyu/code/zibuyu/LangoTrace/LangoTraceApp/Supporting/Info-iOS.plist (in target 'LangoTrace-iOS' from project 'LangoTrace')
    cd /Users/zibuyu/code/zibuyu/LangoTrace
    builtin-infoPlistUtility /Users/zibuyu/code/zibuyu/LangoTrace/LangoTraceApp/Supporting/Info-iOS.plist -producttype com.apple.product-type.application -genpkginfo /Users/zibuyu/Library/Developer/Xcode/DerivedData/LangoTrace-hdfadqhothdwgbahopjjqiwrxhky/Build/Products/Debug-iphonesimulator/LangoTrace.app/PkgInfo -expandbuildsettings -format binary -platform iphonesimulator -additionalcontentfile /Users/zibuyu/Library/Developer/Xcode/DerivedData/LangoTrace-hdfadqhothdwgbahopjjqiwrxhky/Build/Intermediates.noindex/LangoTrace.build/Debug-iphonesimulator/LangoTrace-iOS.build/LaunchScreen-SBPartialInfo.plist -additionalcontentfile /Users/zibuyu/Library/Developer/Xcode/DerivedData/LangoTrace-hdfadqhothdwgbahopjjqiwrxhky/Build/Intermediates.noindex/LangoTrace.build/Debug-iphonesimulator/LangoTrace-iOS.build/assetcatalog_generated_info.plist -scanforprivacyfile /Users/zibuyu/Library/Developer/Xcode/DerivedData/LangoTrace-hdfadqhothdwgbahopjjqiwrxhky/Build/Products/Debug-iphonesimulator/LangoTrace.app/GRDB_GRDB.bundle -scanforprivacyfile /Users/zibuyu/Library/Developer/Xcode/DerivedData/LangoTrace-hdfadqhothdwgbahopjjqiwrxhky/Build/Products/Debug-iphonesimulator/LangoTrace.app/LangoTraceAI_LangoTraceAI.bundle -scanforprivacyfile /Users/zibuyu/Library/Developer/Xcode/DerivedData/LangoTrace-hdfadqhothdwgbahopjjqiwrxhky/Build/Products/Debug-iphonesimulator/LangoTrace.app/LangoTraceUI_LangoTraceUI.bundle -o /Users/zibuyu/Library/Developer/Xcode/DerivedData/LangoTrace-hdfadqhothdwgbahopjjqiwrxhky/Build/Products/Debug-iphonesimulator/LangoTrace.app/Info.plist

CopySwiftLibs /Users/zibuyu/Library/Developer/Xcode/DerivedData/LangoTrace-hdfadqhothdwgbahopjjqiwrxhky/Build/Products/Debug-iphonesimulator/LangoTrace.app (in target 'LangoTrace-iOS' from project 'LangoTrace')
    cd /Users/zibuyu/code/zibuyu/LangoTrace
    builtin-swiftStdLibTool --copy --verbose --sign - --scan-executable /Users/zibuyu/Library/Developer/Xcode/DerivedData/LangoTrace-hdfadqhothdwgbahopjjqiwrxhky/Build/Products/Debug-iphonesimulator/LangoTrace.app/LangoTrace.debug.dylib --scan-folder /Users/zibuyu/Library/Developer/Xcode/DerivedData/LangoTrace-hdfadqhothdwgbahopjjqiwrxhky/Build/Products/Debug-iphonesimulator/LangoTrace.app/Frameworks --scan-folder /Users/zibuyu/Library/Developer/Xcode/DerivedData/LangoTrace-hdfadqhothdwgbahopjjqiwrxhky/Build/Products/Debug-iphonesimulator/LangoTrace.app/PlugIns --scan-folder /Users/zibuyu/Library/Developer/Xcode/DerivedData/LangoTrace-hdfadqhothdwgbahopjjqiwrxhky/Build/Products/Debug-iphonesimulator/LangoTrace.app/SystemExtensions --scan-folder /Users/zibuyu/Library/Developer/Xcode/DerivedData/LangoTrace-hdfadqhothdwgbahopjjqiwrxhky/Build/Products/Debug-iphonesimulator/LangoTrace.app/Extensions --scan-folder /Applications/Xcode.app/Contents/Developer/Platforms/iPhoneSimulator.platform/Developer/SDKs/iPhoneSimulator26.5.sdk/System/Library/Frameworks/AppIntents.framework --platform iphonesimulator --toolchain /Applications/Xcode.app/Contents/Developer/Toolchains/XcodeDefault.xctoolchain --destination /Users/zibuyu/Library/Developer/Xcode/DerivedData/LangoTrace-hdfadqhothdwgbahopjjqiwrxhky/Build/Products/Debug-iphonesimulator/LangoTrace.app/Frameworks --strip-bitcode --strip-bitcode-tool /Applications/Xcode.app/Contents/Developer/Toolchains/XcodeDefault.xctoolchain/usr/bin/bitcode_strip --emit-dependency-info /Users/zibuyu/Library/Developer/Xcode/DerivedData/LangoTrace-hdfadqhothdwgbahopjjqiwrxhky/Build/Intermediates.noindex/LangoTrace.build/Debug-iphonesimulator/LangoTrace-iOS.build/SwiftStdLibToolInputDependencies.dep --filter-for-swift-os

ExtractAppIntentsMetadata (in target 'LangoTrace-iOS' from project 'LangoTrace')
    cd /Users/zibuyu/code/zibuyu/LangoTrace
    /Applications/Xcode.app/Contents/Developer/Toolchains/XcodeDefault.xctoolchain/usr/bin/appintentsmetadataprocessor --toolchain-dir /Applications/Xcode.app/Contents/Developer/Toolchains/XcodeDefault.xctoolchain --module-name LangoTrace --sdk-root /Applications/Xcode.app/Contents/Developer/Platforms/iPhoneSimulator.platform/Developer/SDKs/iPhoneSimulator26.5.sdk --xcode-version 17F42 --platform-family iOS --deployment-target 18.0 --bundle-identifier com.zibuyu.LangoTrace --output /Users/zibuyu/Library/Developer/Xcode/DerivedData/LangoTrace-hdfadqhothdwgbahopjjqiwrxhky/Build/Products/Debug-iphonesimulator/LangoTrace.app --target-triple arm64-apple-ios18.0-simulator --binary-file /Users/zibuyu/Library/Developer/Xcode/DerivedData/LangoTrace-hdfadqhothdwgbahopjjqiwrxhky/Build/Products/Debug-iphonesimulator/LangoTrace.app/LangoTrace --dependency-file /Users/zibuyu/Library/Developer/Xcode/DerivedData/LangoTrace-hdfadqhothdwgbahopjjqiwrxhky/Build/Intermediates.noindex/LangoTrace.build/Debug-iphonesimulator/LangoTrace-iOS.build/Objects-normal/arm64/LangoTrace_dependency_info.dat --stringsdata-file /Users/zibuyu/Library/Developer/Xcode/DerivedData/LangoTrace-hdfadqhothdwgbahopjjqiwrxhky/Build/Intermediates.noindex/LangoTrace.build/Debug-iphonesimulator/LangoTrace-iOS.build/Objects-normal/arm64/ExtractedAppShortcutsMetadata.stringsdata --source-file-list /Users/zibuyu/Library/Developer/Xcode/DerivedData/LangoTrace-hdfadqhothdwgbahopjjqiwrxhky/Build/Intermediates.noindex/LangoTrace.build/Debug-iphonesimulator/LangoTrace-iOS.build/Objects-normal/arm64/LangoTrace.SwiftFileList --metadata-file-list /Users/zibuyu/Library/Developer/Xcode/DerivedData/LangoTrace-hdfadqhothdwgbahopjjqiwrxhky/Build/Intermediates.noindex/LangoTrace.build/Debug-iphonesimulator/LangoTrace-iOS.build/LangoTrace.DependencyMetadataFileList --static-metadata-file-list /Users/zibuyu/Library/Developer/Xcode/DerivedData/LangoTrace-hdfadqhothdwgbahopjjqiwrxhky/Build/Intermediates.noindex/LangoTrace.build/Debug-iphonesimulator/LangoTrace-iOS.build/LangoTrace.DependencyStaticMetadataFileList --swift-const-vals-list /Users/zibuyu/Library/Developer/Xcode/DerivedData/LangoTrace-hdfadqhothdwgbahopjjqiwrxhky/Build/Intermediates.noindex/LangoTrace.build/Debug-iphonesimulator/LangoTrace-iOS.build/Objects-normal/arm64/LangoTrace.SwiftConstValuesFileList --compile-time-extraction --deployment-aware-processing --validate-assistant-intents --no-app-shortcuts-localization
2026-06-07 15:24:47.346 appintentsmetadataprocessor[82474:43182149] Starting appintentsmetadataprocessor export
2026-06-07 15:24:47.351 appintentsmetadataprocessor[82474:43182149] Extracted no relevant App Intents symbols, skipping writing output

AppIntentsSSUTraining (in target 'LangoTrace-iOS' from project 'LangoTrace')
    cd /Users/zibuyu/code/zibuyu/LangoTrace
    /Applications/Xcode.app/Contents/Developer/Toolchains/XcodeDefault.xctoolchain/usr/bin/appintentsnltrainingprocessor --infoplist-path /Users/zibuyu/Library/Developer/Xcode/DerivedData/LangoTrace-hdfadqhothdwgbahopjjqiwrxhky/Build/Products/Debug-iphonesimulator/LangoTrace.app/Info.plist --temp-dir-path /Users/zibuyu/Library/Developer/Xcode/DerivedData/LangoTrace-hdfadqhothdwgbahopjjqiwrxhky/Build/Intermediates.noindex/LangoTrace.build/Debug-iphonesimulator/LangoTrace-iOS.build/ssu --bundle-id com.zibuyu.LangoTrace --product-path /Users/zibuyu/Library/Developer/Xcode/DerivedData/LangoTrace-hdfadqhothdwgbahopjjqiwrxhky/Build/Products/Debug-iphonesimulator/LangoTrace.app --extracted-metadata-path /Users/zibuyu/Library/Developer/Xcode/DerivedData/LangoTrace-hdfadqhothdwgbahopjjqiwrxhky/Build/Products/Debug-iphonesimulator/LangoTrace.app/Metadata.appintents --metadata-file-list /Users/zibuyu/Library/Developer/Xcode/DerivedData/LangoTrace-hdfadqhothdwgbahopjjqiwrxhky/Build/Intermediates.noindex/LangoTrace.build/Debug-iphonesimulator/LangoTrace-iOS.build/LangoTrace.DependencyMetadataFileList --source-file /Users/zibuyu/Library/Developer/Xcode/DerivedData/LangoTrace-hdfadqhothdwgbahopjjqiwrxhky/Build/Products/Debug-iphonesimulator/LangoTrace.app/Info.plist --archive-ssu-assets
2026-06-07 15:24:47.367 appintentsnltrainingprocessor[82475:43182152] Parsing options for appintentsnltrainingprocessor
2026-06-07 15:24:47.368 appintentsnltrainingprocessor[82475:43182152] Starting AppIntents SSU YAML Generation
2026-06-07 15:24:47.369 appintentsnltrainingprocessor[82475:43182152] No AppShortcuts found - Skipping.

CodeSign /Users/zibuyu/Library/Developer/Xcode/DerivedData/LangoTrace-hdfadqhothdwgbahopjjqiwrxhky/Build/Products/Debug-iphonesimulator/LangoTrace.app/LangoTrace.debug.dylib (in target 'LangoTrace-iOS' from project 'LangoTrace')
    cd /Users/zibuyu/code/zibuyu/LangoTrace
    
    Signing Identity:     "Sign to Run Locally"
    
    /usr/bin/codesign --force --sign - --timestamp\=none --generate-entitlement-der /Users/zibuyu/Library/Developer/Xcode/DerivedData/LangoTrace-hdfadqhothdwgbahopjjqiwrxhky/Build/Products/Debug-iphonesimulator/LangoTrace.app/LangoTrace.debug.dylib

CodeSign /Users/zibuyu/Library/Developer/Xcode/DerivedData/LangoTrace-hdfadqhothdwgbahopjjqiwrxhky/Build/Products/Debug-iphonesimulator/LangoTrace.app/__preview.dylib (in target 'LangoTrace-iOS' from project 'LangoTrace')
    cd /Users/zibuyu/code/zibuyu/LangoTrace
    
    Signing Identity:     "Sign to Run Locally"
    
    /usr/bin/codesign --force --sign - --timestamp\=none --generate-entitlement-der /Users/zibuyu/Library/Developer/Xcode/DerivedData/LangoTrace-hdfadqhothdwgbahopjjqiwrxhky/Build/Products/Debug-iphonesimulator/LangoTrace.app/__preview.dylib

CodeSign /Users/zibuyu/Library/Developer/Xcode/DerivedData/LangoTrace-hdfadqhothdwgbahopjjqiwrxhky/Build/Products/Debug-iphonesimulator/LangoTrace.app (in target 'LangoTrace-iOS' from project 'LangoTrace')
    cd /Users/zibuyu/code/zibuyu/LangoTrace
    
    Signing Identity:     "Sign to Run Locally"
    
    /usr/bin/codesign --force --sign - --timestamp\=none --generate-entitlement-der /Users/zibuyu/Library/Developer/Xcode/DerivedData/LangoTrace-hdfadqhothdwgbahopjjqiwrxhky/Build/Products/Debug-iphonesimulator/LangoTrace.app

RegisterExecutionPolicyException /Users/zibuyu/Library/Developer/Xcode/DerivedData/LangoTrace-hdfadqhothdwgbahopjjqiwrxhky/Build/Products/Debug-iphonesimulator/LangoTrace.app (in target 'LangoTrace-iOS' from project 'LangoTrace')
    cd /Users/zibuyu/code/zibuyu/LangoTrace
    builtin-RegisterExecutionPolicyException /Users/zibuyu/Library/Developer/Xcode/DerivedData/LangoTrace-hdfadqhothdwgbahopjjqiwrxhky/Build/Products/Debug-iphonesimulator/LangoTrace.app

Validate /Users/zibuyu/Library/Developer/Xcode/DerivedData/LangoTrace-hdfadqhothdwgbahopjjqiwrxhky/Build/Products/Debug-iphonesimulator/LangoTrace.app (in target 'LangoTrace-iOS' from project 'LangoTrace')
    cd /Users/zibuyu/code/zibuyu/LangoTrace
    builtin-validationUtility /Users/zibuyu/Library/Developer/Xcode/DerivedData/LangoTrace-hdfadqhothdwgbahopjjqiwrxhky/Build/Products/Debug-iphonesimulator/LangoTrace.app -shallow-bundle -infoplist-subpath Info.plist

Touch /Users/zibuyu/Library/Developer/Xcode/DerivedData/LangoTrace-hdfadqhothdwgbahopjjqiwrxhky/Build/Products/Debug-iphonesimulator/LangoTrace.app (in target 'LangoTrace-iOS' from project 'LangoTrace')
    cd /Users/zibuyu/code/zibuyu/LangoTrace
    /usr/bin/touch -c /Users/zibuyu/Library/Developer/Xcode/DerivedData/LangoTrace-hdfadqhothdwgbahopjjqiwrxhky/Build/Products/Debug-iphonesimulator/LangoTrace.app

** BUILD SUCCEEDED **

